[64,1] C64: d(M(G))=0 triples=93 dimM_G in [1] r in [1] all_indec=True End/rad in ['M1(F2)']
[64,2] C8 x C8: d(M(G))=1 triples=1 dimM_G in [1] r in [2] all_indec=True End/rad in ['M1(F2)']
[64,3] C8 : C8: d(M(G))=1 triples=3 dimM_G in [1] r in [2] all_indec=True End/rad in ['M1(F2)']
[64,4] ((C8 x C2) : C2) : C2: d(M(G))=2 triples=6 dimM_G in [2, 3] r in [1, 2] all_indec=True End/rad in ['M1(F2)']
[64,5] (C4 x C2) : C8: d(M(G))=2 triples=6 dimM_G in [3] r in [1] all_indec=True End/rad in ['M1(F2)']
[64,6] (C8 x C4) : C2: d(M(G))=2 triples=12 dimM_G in [1, 2] r in [2, 3] all_indec=True End/rad in ['M1(F2)']
[64,7] Q8 : C8: d(M(G))=1 triples=12 dimM_G in [2] r in [1] all_indec=True End/rad in ['M1(F2)']
[64,8] ((C8 x C2) : C2) : C2: d(M(G))=2 triples=12 dimM_G in [1, 2] r in [2, 3] all_indec=True End/rad in ['M1(F2)']
[64,9] (C4 : C4) : C4: d(M(G))=1 triples=12 dimM_G in [2] r in [1] all_indec=True End/rad in ['M1(F2)']
[64,10] (C8 : C4) : C2: d(M(G))=1 triples=6 dimM_G in [1, 2] r in [1, 2] all_indec=True End/rad in ['M1(F2)']
[64,11] (C2 x C2) . ((C4 x C2) : C2) = (C4 x C2) . (C4 x C2): d(M(G))=0 triples=6 dimM_G in [2] r in [0] all_indec=True End/rad in ['M1(F2)']
[64,12] (C4 : C8) : C2: d(M(G))=2 triples=3 dimM_G in [1] r in [3] all_indec=True End/rad in ['M1(F2)']
[64,13] (C2 x C2) . ((C4 x C2) : C2) = (C4 x C2) . (C4 x C2): d(M(G))=1 triples=6 dimM_G in [2] r in [1] all_indec=True End/rad in ['M1(F2)']
[64,14] (C2 x C2) . ((C4 x C2) : C2) = (C4 x C2) . (C4 x C2): d(M(G))=1 triples=3 dimM_G in [2] r in [1] all_indec=True End/rad in ['M1(F2)']
[64,15] C8 : C8: d(M(G))=1 triples=6 dimM_G in [1] r in [2] all_indec=True End/rad in ['M1(F2)']
[64,16] C8 : C8: d(M(G))=1 triples=6 dimM_G in [1] r in [2] all_indec=True End/rad in ['M1(F2)']
[64,17] (C8 x C2) : C4: d(M(G))=3 triples=3 dimM_G in [3] r in [2] all_indec=True End/rad in ['M1(F2)']
[64,18] (C4 x C4) : C4: d(M(G))=2 triples=3 dimM_G in [2] r in [2] all_indec=True End/rad in ['M1(F2)']
[64,19] C4 . (C4 x C4): d(M(G))=2 triples=1 dimM_G in [4] r in [0] all_indec=True End/rad in ['M1(F2)']
[64,20] (C4 : C4) : C4: d(M(G))=2 triples=6 dimM_G in [2] r in [2] all_indec=True End/rad in ['M1(F2)']
[64,21] (C4 : C4) : C4: d(M(G))=3 triples=3 dimM_G in [2] r in [3] all_indec=True End/rad in ['M1(F2)']
[64,22] (C4 x C2) . D8 = C4 . (C4 x C4): d(M(G))=2 triples=3 dimM_G in [4] r in [0] all_indec=True End/rad in ['M1(F2)']
[64,23] ((C4 x C2) : C2) : C4: d(M(G))=3 triples=3 dimM_G in [2] r in [3] all_indec=True End/rad in ['M1(F2)']
[64,24] (C8 : C2) : C4: d(M(G))=2 triples=3 dimM_G in [3] r in [1] all_indec=True End/rad in ['M1(F2)']
[64,25] (C8 x C2) : C4: d(M(G))=2 triples=6 dimM_G in [3] r in [1] all_indec=True End/rad in ['M1(F2)']
[64,26] C16 x C4: d(M(G))=1 triples=6 dimM_G in [1, 2] r in [1, 2] all_indec=True End/rad in ['M1(F2)']
[64,27] C16 : C4: d(M(G))=1 triples=6 dimM_G in [1, 2] r in [1, 2] all_indec=True End/rad in ['M1(F2)']
[64,28] C16 : C4: d(M(G))=0 triples=12 dimM_G in [1, 2] r in [0, 1] all_indec=True End/rad in ['M1(F2)']
[64,29] (C16 x C2) : C2: d(M(G))=2 triples=12 dimM_G in [2, 3] r in [1, 2] all_indec=True End/rad in ['M1(F2)']
[64,30] (C16 : C2) : C2: d(M(G))=1 triples=12 dimM_G in [2, 3] r in [0, 1] all_indec=True End/rad in ['M1(F2)']
[64,31] (C16 : C2) : C2: d(M(G))=1 triples=24 dimM_G in [2, 3] r in [0, 1] all_indec=True End/rad in ['M1(F2)']
[64,32] ((C8 : C2) : C2) : C2: d(M(G))=2 triples=12 dimM_G in [2] r in [2] all_indec=True End/rad in ['M1(F2)']
[64,33] (C4 x C2 x C2) : C4: d(M(G))=1 triples=12 dimM_G in [2] r in [1] all_indec=True End/rad in ['M1(F2)']
[64,34] ((C2 x C2 x C2) : C4) : C2: d(M(G))=2 triples=6 dimM_G in [1] r in [3] all_indec=True End/rad in ['M1(F2)']
[64,35] (C2 x Q8) : C4: d(M(G))=2 triples=6 dimM_G in [1, 2] r in [2, 3] all_indec=True End/rad in ['M1(F2)']
[64,36] (C2 . ((C4 x C2) : C2) = (C2 x C2) . (C4 x C2)) : C2: d(M(G))=1 triples=6 dimM_G in [2, 3] r in [0, 1] all_indec=True End/rad in ['M1(F2)']
[64,37] C2 . ((C2 x C2 x C2) : C4) = (C4 x C2) . (C4 x C2): d(M(G))=1 triples=6 dimM_G in [3] r in [0] all_indec=True End/rad in ['M1(F2)']
[64,38] (C16 x C2) : C2: d(M(G))=2 triples=6 dimM_G in [1] r in [3] all_indec=True End/rad in ['M1(F2)']
[64,39] Q16 : C4: d(M(G))=1 triples=6 dimM_G in [2] r in [1] all_indec=True End/rad in ['M1(F2)']
[64,40] (C16 x C2) : C2: d(M(G))=1 triples=12 dimM_G in [2, 3] r in [0, 1] all_indec=True End/rad in ['M1(F2)']
[64,41] (C16 : C2) : C2: d(M(G))=1 triples=12 dimM_G in [1, 2] r in [1, 2] all_indec=True End/rad in ['M1(F2)']
[64,42] (C16 : C2) : C2: d(M(G))=1 triples=6 dimM_G in [2] r in [1] all_indec=True End/rad in ['M1(F2)']
[64,43] C2 . ((C8 x C2) : C2) = C8 . (C4 x C2): d(M(G))=1 triples=6 dimM_G in [3] r in [0] all_indec=True End/rad in ['M1(F2)']
[64,44] C4 : C16: d(M(G))=1 triples=12 dimM_G in [1, 2] r in [1, 2] all_indec=True End/rad in ['M1(F2)']
[64,45] C8 . D8 = C4 . (C8 x C2): d(M(G))=0 triples=12 dimM_G in [1, 2] r in [0, 1] all_indec=True End/rad in ['M1(F2)']
[64,46] C16 : C4: d(M(G))=0 triples=12 dimM_G in [1] r in [1] all_indec=True End/rad in ['M1(F2)']
[64,47] C16 : C4: d(M(G))=1 triples=3 dimM_G in [1] r in [2] all_indec=True End/rad in ['M1(F2)']
[64,48] C16 : C4: d(M(G))=1 triples=3 dimM_G in [1] r in [2] all_indec=True End/rad in ['M1(F2)']
[64,49] C4 . D16 = C8 . (C4 x C2): d(M(G))=0 triples=6 dimM_G in [2] r in [0] all_indec=True End/rad in ['M1(F2)']
[64,50] C32 x C2: d(M(G))=1 triples=24 dimM_G in [1, 2] r in [1, 2] all_indec=True End/rad in ['M1(F2)']
[64,51] C32 : C2: d(M(G))=0 triples=24 dimM_G in [1, 2] r in [0, 1] all_indec=True End/rad in ['M1(F2)']
[64,53] QD64: d(M(G))=0 triples=6 dimM_G in [1] r in [1] all_indec=True End/rad in ['M1(F2)']
[64,54] Q64: d(M(G))=0 triples=3 dimM_G in [2] r in [0] all_indec=False End/rad in ['M1(F2)+M1(F2)']

=== r vs d(M(G)) (count of Aut-classes of positive-genus triples) ===
d(M(G))=0: r=0:48, r=1:126
d(M(G))=1: r=0:48, r=1:117, r=2:46
d(M(G))=2: r=0:4, r=1:27, r=2:42, r=3:30
d(M(G))=3: r=2:3, r=3:6

=== subgroup-determinacy: bins with >=2 Aut-classes of triples sharing the three subgroup classes ===
bins tested: 107; bins where M is NOT determined by the subgroup classes: 4
    (64, 4, (18, 26, 37), 3)
    (64, 15, (13, 16, 17), 3)
    (64, 35, (9, 11, 12), 3)
    (64, 36, (8, 17, 18), 3)
