[4,1] C4: d(M(G))=0 triples=3 dimM_G in [1] r in [1] all_indec=True End/rad in ['M1(F2)']
[8,1] C8: d(M(G))=0 triples=9 dimM_G in [1] r in [1] all_indec=True End/rad in ['M1(F2)']
[8,2] C4 x C2: d(M(G))=1 triples=3 dimM_G in [1] r in [2] all_indec=True End/rad in ['M1(F2)']
[8,4] Q8: d(M(G))=0 triples=1 dimM_G in [2] r in [0] all_indec=True End/rad in ['M1(F4)']
[16,1] C16: d(M(G))=0 triples=21 dimM_G in [1] r in [1] all_indec=True End/rad in ['M1(F2)']
[16,2] C4 x C4: d(M(G))=1 triples=1 dimM_G in [1] r in [2] all_indec=True End/rad in ['M1(F2)']
[16,3] (C4 x C2) : C2: d(M(G))=2 triples=3 dimM_G in [1] r in [3] all_indec=True End/rad in ['M1(F2)']
[16,4] C4 : C4: d(M(G))=1 triples=3 dimM_G in [1] r in [2] all_indec=True End/rad in ['M1(F2)']
[16,5] C8 x C2: d(M(G))=1 triples=6 dimM_G in [1, 2] r in [1, 2] all_indec=True End/rad in ['M1(F2)']
[16,6] C8 : C2: d(M(G))=0 triples=6 dimM_G in [1, 2] r in [0, 1] all_indec=True End/rad in ['M1(F2)']
[16,8] QD16: d(M(G))=0 triples=6 dimM_G in [1] r in [1] all_indec=True End/rad in ['M1(F2)']
[16,9] Q16: d(M(G))=0 triples=3 dimM_G in [2] r in [0] all_indec=False End/rad in ['M1(F2)+M1(F2)']
[32,1] C32: d(M(G))=0 triples=45 dimM_G in [1] r in [1] all_indec=True End/rad in ['M1(F2)']
[32,2] (C4 x C2) : C4: d(M(G))=3 triples=1 dimM_G in [2] r in [3] all_indec=True End/rad in ['M1(F2)']
[32,3] C8 x C4: d(M(G))=1 triples=3 dimM_G in [1] r in [2] all_indec=True End/rad in ['M1(F2)']
[32,4] C8 : C4: d(M(G))=1 triples=3 dimM_G in [1] r in [2] all_indec=True End/rad in ['M1(F2)']
[32,5] (C8 x C2) : C2: d(M(G))=2 triples=6 dimM_G in [2, 3] r in [1, 2] all_indec=True End/rad in ['M1(F2)']
[32,6] (C2 x C2 x C2) : C4: d(M(G))=2 triples=6 dimM_G in [1, 2] r in [2, 3] all_indec=True End/rad in ['M1(F2)']
[32,7] (C8 : C2) : C2: d(M(G))=1 triples=3 dimM_G in [2] r in [1] all_indec=True End/rad in ['M1(F2)']
[32,8] C2 . ((C4 x C2) : C2) = (C2 x C2) . (C4 x C2): d(M(G))=1 triples=3 dimM_G in [3] r in [0] all_indec=True End/rad in ['M1(F2)']
[32,9] (C8 x C2) : C2: d(M(G))=2 triples=6 dimM_G in [1] r in [3] all_indec=True End/rad in ['M1(F2)']
[32,10] Q8 : C4: d(M(G))=1 triples=6 dimM_G in [2] r in [1] all_indec=True End/rad in ['M1(F2)']
[32,11] (C4 x C4) : C2: d(M(G))=1 triples=12 dimM_G in [1, 2] r in [1, 2] all_indec=True End/rad in ['M1(F2)']
[32,12] C4 : C8: d(M(G))=1 triples=6 dimM_G in [1] r in [2] all_indec=True End/rad in ['M1(F2)']
[32,13] C8 : C4: d(M(G))=1 triples=3 dimM_G in [1] r in [2] all_indec=True End/rad in ['M1(F2)']
[32,14] C8 : C4: d(M(G))=1 triples=3 dimM_G in [1] r in [2] all_indec=True End/rad in ['M1(F2)']
[32,15] C4 . D8 = C4 . (C4 x C2): d(M(G))=0 triples=6 dimM_G in [2] r in [0] all_indec=True End/rad in ['M1(F2)']
[32,16] C16 x C2: d(M(G))=1 triples=12 dimM_G in [1, 2] r in [1, 2] all_indec=True End/rad in ['M1(F2)']
[32,17] C16 : C2: d(M(G))=0 triples=12 dimM_G in [1, 2] r in [0, 1] all_indec=True End/rad in ['M1(F2)']
[32,19] QD32: d(M(G))=0 triples=6 dimM_G in [1] r in [1] all_indec=True End/rad in ['M1(F2)']
[32,20] Q32: d(M(G))=0 triples=3 dimM_G in [2] r in [0] all_indec=False End/rad in ['M1(F2)+M1(F2)']

=== r vs d(M(G)) (count of Aut-classes of positive-genus triples) ===
d(M(G))=0: r=0:25, r=1:96
d(M(G))=1: r=0:3, r=1:27, r=2:37
d(M(G))=2: r=1:3, r=2:6, r=3:12
d(M(G))=3: r=3:1

=== subgroup-determinacy: bins with >=2 Aut-classes of triples sharing the three subgroup classes ===
bins tested: 48; bins where M is NOT determined by the subgroup classes: 0
