Nielsen representatives: 4, computing rep 2
Using unit disc with precision 115 and center root(-1)
Using working precision 115 with eps_thresh = 9.99999E-108
Radius of series to be used: 0.545613
Taking N = 438 and Q = 452
Ramification degrees e = [ 1, 1, 1, 1, 1, 1, 1, 1, 2 ] and offsets s = [ 0, 0, 0, 0, 0, 0, 0, 0, 0 ]
A: Taking j = 1, with distance 0.000000 and label Id($)
A: Rotating by delta_a^1, new coset 4
A: Rotating by delta_a^-1, already identified 4 (label da)
A: Rotating by delta_a^2, already identified 1 (label Id($))
B: Taking j = 1, with distance 0.000000 and label Id($)
B: Rotating by delta_b^1, new coset 3
A: Taking j = 3, with distance 1.12838 and label db
A: Rotating by delta_a^1, new coset 13
A: Rotating by delta_a^-1, already identified 13 (label db * da)
A: Rotating by delta_a^2, already identified 3 (label db)
B: Rotating by delta_b^-1, new coset 11
A: Taking j = 11, with distance 1.12838 and label db^-1
A: Rotating by delta_a^1, new coset 6
A: Rotating by delta_a^-1, already identified 6 (label db^-1 * da)
A: Rotating by delta_a^2, already identified 11 (label db^-1)
B: Taking j = 4, with distance 0.000000 and label da
B: Rotating by delta_b^1, new coset 17
A: Taking j = 17, with distance 1.12838 and label da * db
A: Rotating by delta_a^1, new coset 10
A: Rotating by delta_a^-1, already identified 10 (label da * db * da)
A: Rotating by delta_a^2, already identified 17 (label da * db)
B: Rotating by delta_b^-1, new coset 5
A: Taking j = 5, with distance 1.12838 and label da * db^-1
A: Rotating by delta_a^1, new coset 14
A: Rotating by delta_a^-1, already identified 14 (label da * db^-1 * da)
A: Rotating by delta_a^2, already identified 5 (label da * db^-1)
B: Taking j = 3, with distance 1.12838 and label db
B: Rotating by delta_b^1, new coset 16
A: Taking j = 16, with distance 1.52857 and label db^2
A: Rotating by delta_a^1, new coset 8
A: Rotating by delta_a^-1, already identified 8 (label db^2 * da)
A: Rotating by delta_a^2, already identified 16 (label db^2)
B: Rotating by delta_b^-1, already identified 1 (label Id($))
B: Taking j = 13, with distance 1.12838 and label db * da
B: Rotating by delta_b^1, new coset 9
A: Taking j = 9, with distance 1.89892 and label db * da * db
A: Rotating by delta_a^1, new coset 12
A: Rotating by delta_a^-1, already identified 12 (label (db * da)^2)
A: Rotating by delta_a^2, already identified 9 (label db * da * db)
B: Rotating by delta_b^-1, already identified 14 (label da * db^-1 * da), sidepairing db * da * db^-1 * da^-1 * db * da^-1
B: Taking j = 11, with distance 1.12838 and label db^-1
B: Rotating by delta_b^1, already identified 1 (label Id($))
B: Rotating by delta_b^-1, already identified 16 (label db^2)
B: Taking j = 6, with distance 1.12838 and label db^-1 * da
B: Rotating by delta_b^1, already identified 6 (label db^-1 * da), sidepairing db^-1 * da * db * da^-1 * db
B: Rotating by delta_b^-1, already identified 6 (label db^-1 * da), sidepairing db^-1 * da * db^-1 * da^-1 * db
B: Taking j = 17, with distance 1.12838 and label da * db
B: Rotating by delta_b^1, already identified 10 (label da * db * da), sidepairing da * db^2 * da^-1 * db^-1 * da^-1
B: Rotating by delta_b^-1, already identified 4 (label da)
B: Taking j = 10, with distance 1.12838 and label da * db * da
B: Rotating by delta_b^1, already identified 5 (label da * db^-1), sidepairing da * db * da * db^2 * da^-1
B: Rotating by delta_b^-1, already identified 17 (label da * db), sidepairing da * db * da * db^-2 * da^-1
B: Taking j = 5, with distance 1.12838 and label da * db^-1
B: Rotating by delta_b^1, already identified 4 (label da)
B: Rotating by delta_b^-1, already identified 10 (label da * db * da), sidepairing da * db^-2 * da^-1 * db^-1 * da^-1
B: Taking j = 14, with distance 1.12838 and label da * db^-1 * da
B: Rotating by delta_b^1, already identified 13 (label db * da), sidepairing da * db^-1 * da * db * da^-1 * db^-1
B: Rotating by delta_b^-1, new coset 15
A: Taking j = 15, with distance 1.89892 and label (da * db^-1)^2
A: Rotating by delta_a^1, already identified 15 (label (da * db^-1)^2), sidepairing da * db^-1 * da * db^-1 * da * db * da^-1 * db * da^-1
A: Rotating by delta_a^-1, already identified 15 (label (da * db^-1)^2), sidepairing da * db^-1 * da * db^-1 * da^-1 * db * da^-1 * db * da^-1
B: Taking j = 16, with distance 1.52857 and label db^2
B: Rotating by delta_b^1, already identified 11 (label db^-1)
B: Rotating by delta_b^-1, already identified 3 (label db)
B: Taking j = 8, with distance 1.52857 and label db^2 * da
B: Rotating by delta_b^1, already identified 8 (label db^2 * da), sidepairing db^2 * da * db * da^-1 * db^-2
B: Rotating by delta_b^-1, already identified 8 (label db^2 * da), sidepairing db^2 * da * db^-1 * da^-1 * db^-2
B: Taking j = 9, with distance 1.89892 and label db * da * db
B: Rotating by delta_b^1, already identified 15 (label (da * db^-1)^2), sidepairing db * da * db^3 * da^-1 * db * da^-1
B: Rotating by delta_b^-1, already identified 13 (label db * da)
B: Taking j = 12, with distance 1.89892 and label (db * da)^2
B: Rotating by delta_b^1, new coset 7
A: Taking j = 7, with distance 2.31689 and label db * da * db * da * db
A: Rotating by delta_a^1, new coset 2
A: Rotating by delta_a^-1, already identified 2 (label (db * da)^3)
A: Rotating by delta_a^2, already identified 7 (label db * da * db * da * db)
B: Rotating by delta_b^-1, already identified 7 (label db * da * db * da * db), sidepairing (db * da * db * da * db^-1 * da^-1 * db^-1 * da^-1 * db^-1)^2
B: Taking j = 15, with distance 1.89892 and label (da * db^-1)^2
B: Rotating by delta_b^1, already identified 14 (label da * db^-1 * da)
B: Rotating by delta_b^-1, already identified 9 (label db * da * db), sidepairing da * db^-1 * da * db^-3 * da^-1 * db^-1
B: Taking j = 7, with distance 2.31689 and label db * da * db * da * db
B: Rotating by delta_b^1, already identified 12 (label (db * da)^2), sidepairing (db * da * db * da * db * da^-1 * db^-1 * da^-1 * db^-1)^2
B: Rotating by delta_b^-1, already identified 12 (label (db * da)^2)
B: Taking j = 2, with distance 2.31689 and label (db * da)^3
B: Rotating by delta_b^1, already identified 2 (label (db * da)^3), sidepairing db * da * db * da * db * da * db * da^-1 * db^-1 * da^-1 * db^-1 * da^-1 * db^-1
B: Rotating by delta_b^-1, already identified 2 (label (db * da)^3), sidepairing db * da * db * da * db * da * db^-1 * da^-1 * db^-1 * da^-1 * db^-1 * da^-1 * db^-1
Indices of vertices to be used: [ 1, 2, 3, 5, 6, 8, 9, 10, 15 ]
Coset identifiers: [ 1, 2, 3, 1, 4, 5, 2, 6, 7, 8, 5, 7, 3, 4, 9, 6, 8 ]
Reducing to fundamental domain... Time: 3.560
Largest point had radius 0.545613!
dim = 2, fulldim = 3, so skipping coeffs [ 0 ]
Computing Js... Time: 3.020
Computing Wps... Time: 1.630
Arnoldi iteration 2... Time: 1.400
Arnoldi iteration 3... Time: 1.800
Arnoldi iteration 4... Time: 1.840
Arnoldi iteration 5... Time: 1.830
Arnoldi iteration 6... Time: 1.840
Arnoldi iteration 7... Time: 1.840
Arnoldi iteration 8... Time: 1.850
Arnoldi iteration 9... Time: 1.850
Arnoldi iteration 10... Time: 1.860
Numerical kernel 10... min 0.000788757 (of 0)... Time: 0.000
Arnoldi iteration 11... Time: 1.870
Numerical kernel 11... min 0.000565952 (of 0)... Time: 0.000
Arnoldi iteration 12... Time: 1.860
Numerical kernel 12... min 0.000325415 (of 0)... Time: 0.000
Arnoldi iteration 13... Time: 1.870
Numerical kernel 13... min 0.000369264 (of 0)... Time: 0.010
Arnoldi iteration 14... Time: 1.870
Numerical kernel 14... min 3.18179E-5 (of 0)... Time: 0.000
Arnoldi iteration 15... Time: 1.860
Numerical kernel 15... min 0.000131446 (of 0)... Time: 0.010
Arnoldi iteration 16... Time: 1.920
Numerical kernel 16... min 4.02235E-5 (of 0)... Time: 0.000
Arnoldi iteration 17... Time: 1.880
Numerical kernel 17... min 1.72135E-5 (of 0)... Time: 0.000
Arnoldi iteration 18... Time: 1.910
Numerical kernel 18... min 6.09181E-6 (of 0)... Time: 0.000
Arnoldi iteration 19... Time: 1.920
Numerical kernel 19... min 1.24172E-6 (of 0)... Time: 0.010
Arnoldi iteration 20... Time: 1.900
Numerical kernel 20... min 1.08105E-6 (of 0)... Time: 0.010
Arnoldi iteration 21... Time: 1.900
Numerical kernel 21... min 6.26487E-7 (of 0)... Time: 0.010
Arnoldi iteration 22... Time: 1.930
Numerical kernel 22... min 3.42032E-7 (of 0)... Time: 0.010
Arnoldi iteration 23... Time: 1.920
Numerical kernel 23... min 3.87569E-8 (of 0)... Time: 0.010
Arnoldi iteration 24... Time: 1.910
Numerical kernel 24... min 6.61495E-9 (of 0)... Time: 0.010
Arnoldi iteration 25... Time: 1.920
Numerical kernel 25... min 9.88837E-9 (of 0)... Time: 0.010
Arnoldi iteration 26... Time: 1.910
Numerical kernel 26... min 9.25183E-10 (of 0)... Time: 0.010
Arnoldi iteration 27... Time: 1.930
Numerical kernel 27... min 1.07431E-9 (of 0)... Time: 0.000
Arnoldi iteration 28... Time: 1.930
Numerical kernel 28... min 2.81490E-10 (of 0)... Time: 0.010
Arnoldi iteration 29... Time: 1.950
Numerical kernel 29... min 4.32223E-11 (of 0)... Time: 0.010
Arnoldi iteration 30... Time: 1.950
Numerical kernel 30... min 2.81616E-11 (of 0)... Time: 0.010
Arnoldi iteration 31... Time: 2.000
Numerical kernel 31... min 1.76321E-11 (of 0)... Time: 0.010
Arnoldi iteration 32... Time: 1.990
Numerical kernel 32... min 3.43782E-12 (of 0)... Time: 0.010
Arnoldi iteration 33... Time: 2.000
Numerical kernel 33... min 1.14516E-12 (of 0)... Time: 0.010
Arnoldi iteration 34... Time: 1.980
Numerical kernel 34... min 1.79894E-13 (of 0)... Time: 0.010
Arnoldi iteration 35... Time: 2.050
Numerical kernel 35... min 9.91352E-14 (of 0)... Time: 0.020
Arnoldi iteration 36... Time: 2.020
Numerical kernel 36... min 2.17045E-14 (of 0)... Time: 0.020
Arnoldi iteration 37... Time: 2.000
Numerical kernel 37... min 3.94563E-15 (of 0)... Time: 0.020
Arnoldi iteration 38... Time: 2.000
Numerical kernel 38... min 1.42343E-15 (of 0)... Time: 0.020
Arnoldi iteration 39... Time: 2.000
Numerical kernel 39... min 2.19577E-16 (of 0)... Time: 0.020
Arnoldi iteration 40... Time: 2.020
Numerical kernel 40... min 1.49230E-17 (of 0)... Time: 0.020
Arnoldi iteration 41... Time: 2.030
Numerical kernel 41... min 8.89150E-18 (of 0)... Time: 0.030
Arnoldi iteration 42... Time: 2.020
Numerical kernel 42... min 1.63854E-18 (of 0)... Time: 0.020
Arnoldi iteration 43... Time: 2.030
Numerical kernel 43... min 2.32977E-19 (of 0)... Time: 0.030
Arnoldi iteration 44... Time: 2.060
Numerical kernel 44... min 1.08396E-19 (of 0)... Time: 0.030
Arnoldi iteration 45... Time: 2.070
Numerical kernel 45... min 9.27082E-21 (of 0)... Time: 0.020
Arnoldi iteration 46... Time: 2.050
Numerical kernel 46... min 1.46409E-21 (of 0)... Time: 0.030
Arnoldi iteration 47... Time: 2.070
Numerical kernel 47... min 1.03335E-21 (of 0)... Time: 0.030
Arnoldi iteration 48... Time: 2.070
Numerical kernel 48... min 4.38206E-23 (of 0)... Time: 0.030
Arnoldi iteration 49... Time: 2.090
Numerical kernel 49... min 1.12250E-23 (of 0)... Time: 0.030
Arnoldi iteration 50... Time: 2.080
Numerical kernel 50... min 1.46256E-24 (of 0)... Time: 0.030
Arnoldi iteration 51... Time: 2.060
Numerical kernel 51... min 1.57733E-25 (of 0)... Time: 0.040
Arnoldi iteration 52... Time: 2.140
Numerical kernel 52... min 2.58557E-26 (of 0)... Time: 0.040
Arnoldi iteration 53... Time: 2.080
Numerical kernel 53... min 4.23388E-27 (of 0)... Time: 0.050
Arnoldi iteration 54... Time: 2.060
Numerical kernel 54... min 1.33352E-28 (of 0)... Time: 0.040
Arnoldi iteration 55... Time: 2.060
Numerical kernel 55... min 9.63236E-29 (of 0)... Time: 0.050
Arnoldi iteration 56... Time: 2.070
Numerical kernel 56... min 4.34052E-30 (of 0)... Time: 0.050
Arnoldi iteration 57... Time: 2.090
Numerical kernel 57... min 1.73221E-30 (of 0)... Time: 0.050
Arnoldi iteration 58... Time: 2.090
Numerical kernel 58... min 4.81710E-32 (of 0)... Time: 0.050
Arnoldi iteration 59... Time: 2.110
Numerical kernel 59... min 1.55434E-32 (of 0)... Time: 0.060
Arnoldi iteration 60... Time: 2.130
Numerical kernel 60... min 8.07473E-35 (of 0)... Time: 0.060
Arnoldi iteration 61... Time: 2.110
Numerical kernel 61... min 7.27019E-35 (of 0)... Time: 0.060
Arnoldi iteration 62... Time: 2.110
Numerical kernel 62... min 1.38459E-35 (of 0)... Time: 0.060
Arnoldi iteration 63... Time: 2.130
Numerical kernel 63... min 7.44467E-37 (of 0)... Time: 0.070
Arnoldi iteration 64... Time: 2.120
Numerical kernel 64... min 4.38590E-38 (of 0)... Time: 0.070
Arnoldi iteration 65... Time: 2.120
Numerical kernel 65... min 1.72671E-38 (of 0)... Time: 0.070
Arnoldi iteration 66... Time: 2.150
Numerical kernel 66... min 1.30846E-39 (of 0)... Time: 0.070
Arnoldi iteration 67... Time: 2.190
Numerical kernel 67... min 7.50861E-41 (of 0)... Time: 0.090
Arnoldi iteration 68... Time: 2.140
Numerical kernel 68... min 8.05393E-42 (of 0)... Time: 0.080
Arnoldi iteration 69... Time: 2.130
Numerical kernel 69... min 3.73921E-43 (of 0)... Time: 0.100
Arnoldi iteration 70... Time: 2.130
Numerical kernel 70... min 2.26500E-44 (of 0)... Time: 0.090
Arnoldi iteration 71... Time: 2.130
Numerical kernel 71... min 2.05578E-45 (of 0)... Time: 0.090
Arnoldi iteration 72... Time: 2.150
Numerical kernel 72... min 5.17598E-47 (of 0)... Time: 0.100
Arnoldi iteration 73... Time: 2.150
Numerical kernel 73... min 1.05837E-47 (of 0)... Time: 0.100
Arnoldi iteration 74... Time: 2.140
Numerical kernel 74... min 3.78589E-49 (of 0)... Time: 0.100
Arnoldi iteration 75... Time: 2.150
Numerical kernel 75... min 8.12258E-51 (of 0)... Time: 0.100
Arnoldi iteration 76... Time: 2.160
Numerical kernel 76... min 4.52653E-52 (of 0)... Time: 0.110
Arnoldi iteration 77... Time: 2.170
Numerical kernel 77... min 8.49841E-53 (of 0)... Time: 0.120
Arnoldi iteration 78... Time: 2.170
Numerical kernel 78... min 4.35324E-54 (of 0)... Time: 0.110
Arnoldi iteration 79... Time: 2.180
Numerical kernel 79... min 1.24988E-55 (of 0)... Time: 0.130
Arnoldi iteration 80... Time: 2.180
Numerical kernel 80... min 5.55379E-57 (of 0)... Time: 0.130
Arnoldi iteration 81... Time: 2.190
Numerical kernel 81... min 1.63125E-58 (of 0)... Time: 0.130
Arnoldi iteration 82... Time: 2.180
Numerical kernel 82... min 8.85215E-60 (of 0)... Time: 0.140
Arnoldi iteration 83... Time: 2.230
Numerical kernel 83... min 9.20142E-61 (of 0)... Time: 0.140
Arnoldi iteration 84... Time: 2.200
Numerical kernel 84... min 3.47690E-62 (of 0)... Time: 0.140
Arnoldi iteration 85... Time: 2.200
Numerical kernel 85... min 2.49020E-63 (of 0)... Time: 0.150
Arnoldi iteration 86... Time: 2.220
Numerical kernel 86... min 6.41609E-65 (of 0)... Time: 0.150
Arnoldi iteration 87... Time: 2.220
Numerical kernel 87... min 1.91162E-66 (of 0)... Time: 0.150
Arnoldi iteration 88... Time: 2.220
Numerical kernel 88... min 8.58614E-68 (of 0)... Time: 0.160
Arnoldi iteration 89... Time: 2.230
Numerical kernel 89... min 2.73592E-69 (of 0)... Time: 0.170
Arnoldi iteration 90... Time: 2.220
Numerical kernel 90... min 2.09639E-70 (of 0)... Time: 0.180
Arnoldi iteration 91... Time: 2.240
Numerical kernel 91... min 2.56628E-72 (of 0)... Time: 0.190
Arnoldi iteration 92... Time: 2.220
Numerical kernel 92... min 1.02418E-73 (of 0)... Time: 0.180
Arnoldi iteration 93... Time: 2.240
Numerical kernel 93... min 1.97419E-75 (of 0)... Time: 0.190
Arnoldi iteration 94... Time: 2.260
Numerical kernel 94... min 1.42829E-76 (of 0)... Time: 0.190
Arnoldi iteration 95... Time: 2.250
Numerical kernel 95... min 1.04946E-78 (of 0)... Time: 0.200
Arnoldi iteration 96... Time: 2.260
Numerical kernel 96... min 8.69479E-80 (of 0)... Time: 0.220
Arnoldi iteration 97... Time: 2.270
Numerical kernel 97... min 2.82059E-81 (of 0)... Time: 0.220
Arnoldi iteration 98... Time: 2.270
Numerical kernel 98... min 8.00959E-83 (of 0)... Time: 0.220
Arnoldi iteration 99... Time: 2.320
Numerical kernel 99... min 8.86859E-85 (of 0)... Time: 0.240
Arnoldi iteration 100... Time: 2.340
Numerical kernel 100... min 3.53581E-86 (of 0)... Time: 0.240
Arnoldi iteration 101... Time: 2.290
Numerical kernel 101... min 3.80158E-88 (of 0)... Time: 0.250
Arnoldi iteration 102... Time: 2.300
Numerical kernel 102... min 6.25246E-90 (of 0)... Time: 0.240
Arnoldi iteration 103... Time: 2.290
Numerical kernel 103... min 2.58727E-91 (of 0)... Time: 0.270
Arnoldi iteration 104... Time: 2.300
Numerical kernel 104... min 4.27242E-93 (of 0)... Time: 0.260
Arnoldi iteration 105... Time: 2.340
Numerical kernel 105... min 9.05996E-96 (of 0)... Time: 0.270
Arnoldi iteration 106... Time: 2.370
Numerical kernel 106... min 1.63026E-97 (of 0)... Time: 0.280
Arnoldi iteration 107... Time: 2.330
Numerical kernel 107... min 5.34969E-99 (of 0)... Time: 0.280
Arnoldi iteration 108... Time: 2.330
Numerical kernel 108... min 6.49296E-101 (of 0)... Time: 0.300
Arnoldi iteration 109... Time: 2.290
Numerical kernel 109... min 3.32078E-103 (of 0)... Time: 0.310
Arnoldi iteration 110... Time: 2.340
Numerical kernel 110... min 6.51713E-105 (of 0)... Time: 0.310
Arnoldi iteration 111... Time: 2.330
Numerical kernel 111... min 1.78281E-107 (of 0)... Time: 0.320
Arnoldi iteration 112... Time: 2.330
Numerical kernel 112... min 1.49677E-109 (of 1)... 
(-0.206919 - 1.82118E-117*$.1 -0.100523 - 0.489961*$.1 -0.217198 - 0.438376*$.1 -0.476430 - 0.319885*$.1 -0.256684 - 0.154730*$.1 -0.149647 - 0.0876871*$.1 -0.111081 - 0.0448565*$.1 -0.0469732 - 0.0125204*$.1 -0.0336104 - 0.00617621*$.1 -0.0145729 - 0.00439107*$.1 -0.0118695 - 0.00925939*$.1 -0.00537481 - 0.00621329*$.1 -0.00293087 - 0.00444948*$.1 -0.00138854 - 0.00225829*$.1 -0.00104274 - 0.00114075*$.1 -0.000474227 - 0.000480412*$.1 -0.000180646 - 0.000213024*$.1 -6.22880E-5 - 7.13571E-5*$.1 -1.88379E-5 - 2.88308E-5*$.1 -1.41108E-5 - 1.42764E-5*$.1 -4.84126E-6 - 7.86108E-6*$.1 -2.14464E-6 - 2.97429E-6*$.1 -6.19519E-7 - 8.62578E-7*$.1 -1.88527E-7 - 2.88881E-7*$.1 -6.48037E-8 - 8.40420E-8*$.1 -1.74723E-8 - 3.04590E-8*$.1 -1.15392E-8 - 1.32803E-8*$.1 -4.73271E-9 - 5.06945E-9*$.1 -1.71036E-9 - 2.13486E-9*$.1 -4.49421E-10 - 5.76616E-10*$.1 -1.37103E-10 - 2.05180E-10*$.1 -3.51635E-11 - 4.62152E-11*$.1 -1.02796E-11 - 1.31378E-11*$.1 -1.90761E-12 - 3.28916E-12*$.1 -8.57461E-13 - 1.16910E-12*$.1 -1.22418E-13 - 1.87843E-13*$.1 -3.45143E-14 - 3.85047E-14*$.1 -7.58082E-15 - 9.08900E-15*$.1 -1.66101E-15 - 2.04176E-15*$.1 -3.59212E-16 - 4.61442E-16*$.1 -6.57454E-17 - 9.70507E-17*$.1 -2.10602E-17 - 2.31211E-17*$.1 -3.90662E-18 - 4.34977E-18*$.1 -8.61016E-19 - 9.56117E-19*$.1 -9.78426E-20 - 1.14260E-19*$.1 -1.51853E-20 - 1.59898E-20*$.1 -2.41574E-21 - 2.66207E-21*$.1 -4.35318E-22 - 5.04516E-22*$.1 -5.57429E-23 - 6.07325E-23*$.1 -8.20203E-24 - 8.79325E-24*$.1 -9.59226E-25 - 1.08464E-24*$.1 -1.25469E-25 - 1.32862E-25*$.1 -2.39565E-26 - 2.30187E-26*$.1 -2.36589E-27 - 2.36289E-27*$.1 -2.92917E-28 - 2.80660E-28*$.1 -5.21202E-29 - 4.79309E-29*$.1 -5.43117E-30 - 4.51932E-30*$.1 -5.90082E-31 - 5.17020E-31*$.1 -6.79072E-32 - 5.79420E-32*$.1 -6.25331E-33 - 5.63764E-33*$.1 -6.01825E-34 - 5.46153E-34*$.1 -5.86354E-35 - 4.84776E-35*$.1 -5.72507E-36 - 4.76051E-36*$.1 -5.87304E-37 - 4.96682E-37*$.1 -5.02935E-38 - 4.12904E-38*$.1 -4.61116E-39 - 3.44510E-39*$.1 -3.91328E-40 - 3.13618E-40*$.1 -2.74605E-41 - 2.19822E-41*$.1 -2.20524E-42 - 1.82125E-42*$.1 -8.53385E-44 - 7.13327E-44*$.1 -8.24085E-45 - 6.66945E-45*$.1 -5.28315E-46 - 4.30598E-46*$.1 -3.78752E-47 - 3.09992E-47*$.1 -2.40789E-48 - 1.93459E-48*$.1 -1.27274E-49 - 1.03385E-49*$.1 -6.28303E-51 - 4.91787E-51*$.1 -3.44980E-52 - 2.75973E-52*$.1 -1.48401E-53 - 1.22286E-53*$.1 -6.34549E-55 - 5.10473E-55*$.1 -2.94982E-56 - 2.45103E-56*$.1 -2.08605E-57 - 1.68278E-57*$.1 -6.07738E-59 - 4.99971E-59*$.1 -3.53238E-60 - 2.91273E-60*$.1 -1.52979E-61 - 1.21756E-61*$.1 -6.21279E-63 - 4.92280E-63*$.1 -2.38879E-64 - 1.87315E-64*$.1 -9.14503E-66 - 7.52284E-66*$.1 -3.18456E-67 - 2.59115E-67*$.1 -1.44072E-68 - 1.19796E-68*$.1 -6.94251E-70 - 5.74600E-70*$.1 -2.22482E-71 - 1.78006E-71*$.1 -5.21330E-73 - 4.10967E-73*$.1 -1.70506E-74 - 1.36670E-74*$.1 -5.03641E-76 - 4.03159E-76*$.1 -1.78632E-77 - 1.41833E-77*$.1 -5.65056E-79 - 4.52324E-79*$.1 -1.05159E-80 - 8.48239E-81*$.1 -1.97060E-82 - 1.58452E-82*$.1 -4.26381E-84 - 3.44413E-84*$.1 -9.24860E-86 - 7.43188E-86*$.1 -1.20448E-87 - 9.70928E-88*$.1 -2.43471E-89 - 1.97386E-89*$.1 -3.96323E-91 - 3.21236E-91*$.1 -5.90909E-93 - 4.84959E-93*$.1 -1.20188E-94 - 9.84013E-95*$.1 -1.02595E-96 - 8.42923E-97*$.1 -1.17298E-98 - 9.61821E-99*$.1 -1.41246E-100 - 1.15096E-100*$.1 -1.32403E-102 - 1.08147E-102*$.1 -1.35555E-104 - 1.08859E-104*$.1 -1.43568E-106 - 1.16399E-106*$.1)
Time: 0.590
escaped with cutoff 1.84826E-106...
Arnoldi iteration 2... Time: 1.400
Arnoldi iteration 3... Time: 1.870
Arnoldi iteration 4... Time: 1.870
Arnoldi iteration 5... Time: 1.860
Arnoldi iteration 6... Time: 1.870
Arnoldi iteration 7... Time: 1.890
Arnoldi iteration 8... Time: 1.870
Arnoldi iteration 9... Time: 1.870
Arnoldi iteration 10... Time: 1.880
Numerical kernel 10... min 0.000809763 (of 0)... Time: 0.000
Arnoldi iteration 11... Time: 1.880
Numerical kernel 11... min 0.000597028 (of 0)... Time: 0.010
Arnoldi iteration 12... Time: 1.880
Numerical kernel 12... min 0.000315382 (of 0)... Time: 0.000
Arnoldi iteration 13... Time: 1.880
Numerical kernel 13... min 0.000387129 (of 0)... Time: 0.000
Arnoldi iteration 14... Time: 1.880
Numerical kernel 14... min 1.47171E-5 (of 0)... Time: 0.010
Arnoldi iteration 15... Time: 1.900
Numerical kernel 15... min 0.000129631 (of 0)... Time: 0.000
Arnoldi iteration 16... Time: 1.910
Numerical kernel 16... min 4.33660E-5 (of 0)... Time: 0.000
Arnoldi iteration 17... Time: 1.900
Numerical kernel 17... min 1.71934E-5 (of 0)... Time: 0.010
Arnoldi iteration 18... Time: 1.900
Numerical kernel 18... min 6.25155E-6 (of 0)... Time: 0.010
Arnoldi iteration 19... Time: 1.900
Numerical kernel 19... min 1.31740E-6 (of 0)... Time: 0.010
Arnoldi iteration 20... Time: 1.910
Numerical kernel 20... min 1.06835E-6 (of 0)... Time: 0.000
Arnoldi iteration 21... Time: 1.920
Numerical kernel 21... min 6.10104E-7 (of 0)... Time: 0.000
Arnoldi iteration 22... Time: 1.910
Numerical kernel 22... min 3.46933E-7 (of 0)... Time: 0.010
Arnoldi iteration 23... Time: 1.930
Numerical kernel 23... min 4.99159E-8 (of 0)... Time: 0.000
Arnoldi iteration 24... Time: 1.940
Numerical kernel 24... min 5.18625E-9 (of 0)... Time: 0.010
Arnoldi iteration 25... Time: 1.950
Numerical kernel 25... min 1.07665E-8 (of 0)... Time: 0.000
Arnoldi iteration 26... Time: 1.950
Numerical kernel 26... min 1.22556E-9 (of 0)... Time: 0.010
Arnoldi iteration 27... Time: 1.930
Numerical kernel 27... min 1.10899E-9 (of 0)... Time: 0.010
Arnoldi iteration 28... Time: 1.950
Numerical kernel 28... min 2.62051E-10 (of 0)... Time: 0.010
Arnoldi iteration 29... Time: 1.950
Numerical kernel 29... min 4.98688E-11 (of 0)... Time: 0.010
Arnoldi iteration 30... Time: 1.960
Numerical kernel 30... min 2.99775E-11 (of 0)... Time: 0.010
Arnoldi iteration 31... Time: 1.960
Numerical kernel 31... min 1.82123E-11 (of 0)... Time: 0.030
Arnoldi iteration 32... Time: 1.960
Numerical kernel 32... min 4.09937E-12 (of 0)... Time: 0.010
Arnoldi iteration 33... Time: 1.960
Numerical kernel 33... min 1.30433E-12 (of 0)... Time: 0.020
Arnoldi iteration 34... Time: 1.970
Numerical kernel 34... min 1.95983E-13 (of 0)... Time: 0.010
Arnoldi iteration 35... Time: 1.980
Numerical kernel 35... min 9.69692E-14 (of 0)... Time: 0.010
Arnoldi iteration 36... Time: 1.980
Numerical kernel 36... min 2.31002E-14 (of 0)... Time: 0.020
Arnoldi iteration 37... Time: 2.000
Numerical kernel 37... min 4.26075E-15 (of 0)... Time: 0.020
Arnoldi iteration 38... Time: 2.000
Numerical kernel 38... min 1.45972E-15 (of 0)... Time: 0.020
Arnoldi iteration 39... Time: 2.000
Numerical kernel 39... min 2.17650E-16 (of 0)... Time: 0.020
Arnoldi iteration 40... Time: 2.010
Numerical kernel 40... min 1.70899E-17 (of 0)... Time: 0.020
Arnoldi iteration 41... Time: 2.010
Numerical kernel 41... min 9.38220E-18 (of 0)... Time: 0.020
Arnoldi iteration 42... Time: 2.010
Numerical kernel 42... min 2.44164E-18 (of 0)... Time: 0.030
Arnoldi iteration 43... Time: 2.010
Numerical kernel 43... min 1.30463E-19 (of 0)... Time: 0.030
Arnoldi iteration 44... Time: 2.010
Numerical kernel 44... min 1.16203E-19 (of 0)... Time: 0.030
Arnoldi iteration 45... Time: 2.030
Numerical kernel 45... min 6.19671E-21 (of 0)... Time: 0.030
Arnoldi iteration 46... Time: 2.040
Numerical kernel 46... min 1.77121E-21 (of 0)... Time: 0.030
Arnoldi iteration 47... Time: 2.030
Numerical kernel 47... min 1.02724E-21 (of 0)... Time: 0.040
Arnoldi iteration 48... Time: 2.040
Numerical kernel 48... min 4.30530E-23 (of 0)... Time: 0.030
Arnoldi iteration 49... Time: 2.040
Numerical kernel 49... min 1.27826E-23 (of 0)... Time: 0.040
Arnoldi iteration 50... Time: 2.050
Numerical kernel 50... min 1.40645E-24 (of 0)... Time: 0.030
Arnoldi iteration 51... Time: 2.060
Numerical kernel 51... min 1.60987E-25 (of 0)... Time: 0.040
Arnoldi iteration 52... Time: 2.050
Numerical kernel 52... min 3.03915E-26 (of 0)... Time: 0.040
Arnoldi iteration 53... Time: 2.070
Numerical kernel 53... min 4.46243E-27 (of 0)... Time: 0.040
Arnoldi iteration 54... Time: 2.070
Numerical kernel 54... min 1.87549E-28 (of 0)... Time: 0.040
Arnoldi iteration 55... Time: 2.080
Numerical kernel 55... min 9.98088E-29 (of 0)... Time: 0.050
Arnoldi iteration 56... Time: 2.090
Numerical kernel 56... min 4.60190E-30 (of 0)... Time: 0.050
Arnoldi iteration 57... Time: 2.080
Numerical kernel 57... min 1.81881E-30 (of 0)... Time: 0.050
Arnoldi iteration 58... Time: 2.080
Numerical kernel 58... min 6.47494E-32 (of 0)... Time: 0.060
Arnoldi iteration 59... Time: 2.090
Numerical kernel 59... min 1.37167E-32 (of 0)... Time: 0.050
Arnoldi iteration 60... Time: 2.100
Numerical kernel 60... min 2.10371E-34 (of 0)... Time: 0.050
Arnoldi iteration 61... Time: 2.100
Numerical kernel 61... min 8.26536E-35 (of 0)... Time: 0.060
Arnoldi iteration 62... Time: 2.100
Numerical kernel 62... min 1.43865E-35 (of 0)... Time: 0.060
Arnoldi iteration 63... Time: 2.110
Numerical kernel 63... min 5.26746E-37 (of 0)... Time: 0.060
Arnoldi iteration 64... Time: 2.110
Numerical kernel 64... min 2.58429E-38 (of 0)... Time: 0.060
Arnoldi iteration 65... Time: 2.120
Numerical kernel 65... min 1.71737E-38 (of 0)... Time: 0.070
Arnoldi iteration 66... Time: 2.100
Numerical kernel 66... min 1.36498E-39 (of 0)... Time: 0.070
Arnoldi iteration 67... Time: 2.120
Numerical kernel 67... min 7.94125E-41 (of 0)... Time: 0.080
Arnoldi iteration 68... Time: 2.140
Numerical kernel 68... min 7.31008E-42 (of 0)... Time: 0.090
Arnoldi iteration 69... Time: 2.140
Numerical kernel 69... min 3.78333E-43 (of 0)... Time: 0.080
Arnoldi iteration 70... Time: 2.170
Numerical kernel 70... min 2.20562E-44 (of 0)... Time: 0.090
Arnoldi iteration 71... Time: 2.140
Numerical kernel 71... min 1.77549E-45 (of 0)... Time: 0.090
Arnoldi iteration 72... Time: 2.170
Numerical kernel 72... min 4.55001E-47 (of 0)... Time: 0.150
Arnoldi iteration 73... Time: 2.160
Numerical kernel 73... min 1.18479E-47 (of 0)... Time: 0.100
Arnoldi iteration 74... Time: 2.160
Numerical kernel 74... min 4.30128E-49 (of 0)... Time: 0.110
Arnoldi iteration 75... Time: 2.160
Numerical kernel 75... min 8.41582E-51 (of 0)... Time: 0.100
Arnoldi iteration 76... Time: 2.180
Numerical kernel 76... min 4.61609E-52 (of 0)... Time: 0.110
Arnoldi iteration 77... Time: 2.160
Numerical kernel 77... min 7.22268E-53 (of 0)... Time: 0.130
Arnoldi iteration 78... Time: 2.170
Numerical kernel 78... min 4.53691E-54 (of 0)... Time: 0.120
Arnoldi iteration 79... Time: 2.170
Numerical kernel 79... min 1.12429E-55 (of 0)... Time: 0.130
Arnoldi iteration 80... Time: 2.220
Numerical kernel 80... min 4.98031E-57 (of 0)... Time: 0.120
Arnoldi iteration 81... Time: 2.240
Numerical kernel 81... min 1.69936E-58 (of 0)... Time: 0.130
Arnoldi iteration 82... Time: 2.190
Numerical kernel 82... min 9.41442E-60 (of 0)... Time: 0.130
Arnoldi iteration 83... Time: 2.190
Numerical kernel 83... min 9.59405E-61 (of 0)... Time: 0.140
Arnoldi iteration 84... Time: 2.200
Numerical kernel 84... min 3.91551E-62 (of 0)... Time: 0.140
Arnoldi iteration 85... Time: 2.200
Numerical kernel 85... min 2.43893E-63 (of 0)... Time: 0.150
Arnoldi iteration 86... Time: 2.200
Numerical kernel 86... min 6.29794E-65 (of 0)... Time: 0.150
Arnoldi iteration 87... Time: 2.220
Numerical kernel 87... min 2.02325E-66 (of 0)... Time: 0.160
Arnoldi iteration 88... Time: 2.220
Numerical kernel 88... min 8.44336E-68 (of 0)... Time: 0.160
Arnoldi iteration 89... Time: 2.210
Numerical kernel 89... min 2.70729E-69 (of 0)... Time: 0.170
Arnoldi iteration 90... Time: 2.220
Numerical kernel 90... min 1.97812E-70 (of 0)... Time: 0.180
Arnoldi iteration 91... Time: 2.220
Numerical kernel 91... min 2.97662E-72 (of 0)... Time: 0.180
Arnoldi iteration 92... Time: 2.240
Numerical kernel 92... min 9.40870E-74 (of 0)... Time: 0.190
Arnoldi iteration 93... Time: 2.240
Numerical kernel 93... min 1.55886E-75 (of 0)... Time: 0.190
Arnoldi iteration 94... Time: 2.250
Numerical kernel 94... min 1.39866E-76 (of 0)... Time: 0.190
Arnoldi iteration 95... Time: 2.250
Numerical kernel 95... min 1.36890E-78 (of 0)... Time: 0.200
Arnoldi iteration 96... Time: 2.240
Numerical kernel 96... min 9.24061E-80 (of 0)... Time: 0.210
Arnoldi iteration 97... Time: 2.250
Numerical kernel 97... min 2.65303E-81 (of 0)... Time: 0.210
Arnoldi iteration 98... Time: 2.260
Numerical kernel 98... min 8.70378E-83 (of 0)... Time: 0.220
Arnoldi iteration 99... Time: 2.280
Numerical kernel 99... min 8.37312E-85 (of 0)... Time: 0.230
Arnoldi iteration 100... Time: 2.260
Numerical kernel 100... min 3.38538E-86 (of 0)... Time: 0.230
Arnoldi iteration 101... Time: 2.270
Numerical kernel 101... min 3.47620E-88 (of 0)... Time: 0.240
Arnoldi iteration 102... Time: 2.270
Numerical kernel 102... min 5.91748E-90 (of 0)... Time: 0.250
Arnoldi iteration 103... Time: 2.280
Numerical kernel 103... min 2.41540E-91 (of 0)... Time: 0.260
Arnoldi iteration 104... Time: 2.280
Numerical kernel 104... min 4.13415E-93 (of 0)... Time: 0.260
Arnoldi iteration 105... Time: 2.290
Numerical kernel 105... min 8.90600E-96 (of 0)... Time: 0.260
Arnoldi iteration 106... Time: 2.310
Numerical kernel 106... min 1.60972E-97 (of 0)... Time: 0.280
Arnoldi iteration 107... Time: 2.280
Numerical kernel 107... min 5.20645E-99 (of 0)... Time: 0.280
Arnoldi iteration 108... Time: 2.300
Numerical kernel 108... min 6.64381E-101 (of 0)... Time: 0.290
Arnoldi iteration 109... Time: 2.310
Numerical kernel 109... min 3.17691E-103 (of 0)... Time: 0.300
Arnoldi iteration 110... Time: 2.320
Numerical kernel 110... min 6.51112E-105 (of 0)... Time: 0.290
Arnoldi iteration 111... Time: 2.310
Numerical kernel 111... min 1.70609E-107 (of 0)... Time: 0.310
Arnoldi iteration 112... Time: 2.310
Numerical kernel 112... min 1.83687E-109 (of 1)... 
(-0.205681 + 1.74000E-116*$.1 -0.0865234 - 0.503131*$.1 -0.212749 - 0.427688*$.1 -0.471837 - 0.323834*$.1 -0.260312 - 0.157125*$.1 -0.149573 - 0.0904349*$.1 -0.110793 - 0.0444492*$.1 -0.0471615 - 0.0126644*$.1 -0.0337937 - 0.00596768*$.1 -0.0143031 - 0.00440532*$.1 -0.0122636 - 0.00952604*$.1 -0.00551295 - 0.00641386*$.1 -0.00297898 - 0.00450743*$.1 -0.00140824 - 0.00228874*$.1 -0.00104281 - 0.00114163*$.1 -0.000497782 - 0.000502005*$.1 -0.000182511 - 0.000216154*$.1 -6.21608E-5 - 7.13917E-5*$.1 -1.93839E-5 - 2.94618E-5*$.1 -1.39930E-5 - 1.43322E-5*$.1 -4.91726E-6 - 8.03029E-6*$.1 -2.24420E-6 - 3.10010E-6*$.1 -6.47221E-7 - 8.82290E-7*$.1 -2.00175E-7 - 2.96549E-7*$.1 -6.71986E-8 - 8.60008E-8*$.1 -1.77680E-8 - 3.02711E-8*$.1 -1.14578E-8 - 1.31963E-8*$.1 -4.82994E-9 - 5.10895E-9*$.1 -1.64513E-9 - 2.06571E-9*$.1 -4.68742E-10 - 5.84386E-10*$.1 -1.36534E-10 - 2.05035E-10*$.1 -3.65067E-11 - 4.73004E-11*$.1 -1.03626E-11 - 1.28936E-11*$.1 -1.88924E-12 - 3.25688E-12*$.1 -8.61610E-13 - 1.17217E-12*$.1 -1.22616E-13 - 1.87691E-13*$.1 -3.46663E-14 - 3.83939E-14*$.1 -7.97740E-15 - 9.42365E-15*$.1 -1.71614E-15 - 2.09175E-15*$.1 -3.82298E-16 - 4.85823E-16*$.1 -7.56972E-17 - 1.09529E-16*$.1 -2.16748E-17 - 2.33950E-17*$.1 -4.07647E-18 - 4.60724E-18*$.1 -8.61178E-19 - 9.53223E-19*$.1 -9.93525E-20 - 1.16237E-19*$.1 -1.54891E-20 - 1.61436E-20*$.1 -2.46046E-21 - 2.69873E-21*$.1 -4.44358E-22 - 5.10867E-22*$.1 -5.67461E-23 - 6.16808E-23*$.1 -8.18595E-24 - 8.75589E-24*$.1 -9.66241E-25 - 1.08997E-24*$.1 -1.27296E-25 - 1.33976E-25*$.1 -2.44863E-26 - 2.34046E-26*$.1 -2.43148E-27 - 2.42257E-27*$.1 -2.97303E-28 - 2.84393E-28*$.1 -5.37255E-29 - 4.92264E-29*$.1 -5.51337E-30 - 4.55778E-30*$.1 -6.06208E-31 - 5.25578E-31*$.1 -6.77584E-32 - 5.75247E-32*$.1 -6.23671E-33 - 5.58175E-33*$.1 -6.09885E-34 - 5.46799E-34*$.1 -5.67447E-35 - 4.67883E-35*$.1 -5.68082E-36 - 4.70407E-36*$.1 -5.47581E-37 - 4.57247E-37*$.1 -4.98878E-38 - 4.06694E-38*$.1 -4.65489E-39 - 3.46245E-39*$.1 -3.97754E-40 - 3.16878E-40*$.1 -2.76138E-41 - 2.18263E-41*$.1 -2.16388E-42 - 1.77100E-42*$.1 -8.42490E-44 - 6.90664E-44*$.1 -8.15843E-45 - 6.52099E-45*$.1 -5.27489E-46 - 4.26319E-46*$.1 -3.82554E-47 - 3.10434E-47*$.1 -2.42169E-48 - 1.93188E-48*$.1 -1.28253E-49 - 1.03706E-49*$.1 -6.43011E-51 - 5.00604E-51*$.1 -3.48009E-52 - 2.76863E-52*$.1 -1.49920E-53 - 1.22860E-53*$.1 -6.43949E-55 - 5.15567E-55*$.1 -2.97154E-56 - 2.44792E-56*$.1 -2.09159E-57 - 1.67744E-57*$.1 -6.08795E-59 - 4.98292E-59*$.1 -3.58055E-60 - 2.93615E-60*$.1 -1.56477E-61 - 1.23770E-61*$.1 -6.28946E-63 - 4.96144E-63*$.1 -2.43337E-64 - 1.89425E-64*$.1 -9.19861E-66 - 7.52042E-66*$.1 -3.25448E-67 - 2.62875E-67*$.1 -1.46194E-68 - 1.20719E-68*$.1 -6.89875E-70 - 5.67512E-70*$.1 -2.21402E-71 - 1.76089E-71*$.1 -5.24313E-73 - 4.10981E-73*$.1 -1.68918E-74 - 1.34543E-74*$.1 -5.03366E-76 - 4.00638E-76*$.1 -1.78298E-77 - 1.40894E-77*$.1 -5.69441E-79 - 4.53566E-79*$.1 -1.05291E-80 - 8.44732E-81*$.1 -1.98897E-82 - 1.58938E-82*$.1 -4.28970E-84 - 3.43996E-84*$.1 -8.98697E-86 - 7.17329E-86*$.1 -1.22259E-87 - 9.78837E-88*$.1 -2.43000E-89 - 1.95638E-89*$.1 -3.88141E-91 - 3.12436E-91*$.1 -5.89269E-93 - 4.80789E-93*$.1 -1.19598E-94 - 9.74057E-95*$.1 -1.00264E-96 - 8.19480E-97*$.1 -1.16913E-98 - 9.53895E-99*$.1 -1.39147E-100 - 1.12842E-100*$.1 -1.30844E-102 - 1.06398E-102*$.1 -1.37349E-104 - 1.09749E-104*$.1 -1.44648E-106 - 1.16665E-106*$.1)
Time: 0.580
escaped with cutoff 1.85832E-106...
Echelonize: 
[-2457.927165806594842031418374964501080308618729285865040761450501394708735176449844010768207180565939893549519537587 - 6647.247576730741900347860730760628500268080203557641966213773951334516059612975513700472559321555076548363120048696*I 2380.292256303394231411169472348899154484576698201827603432842863043275504271915015286279259481348393277944304546699 + 6689.062895900182302811438098143979104211936788972620653783526313541634436164189194893257773403254448995348192643531*I]
[6008.483389247340493884496544667724712952037672037635146320529889084938442778569299956047077849858720185658210953529 + 3578.171742440932916838929572792236889452479169318346232905376632429196191203868842408122654052059708073083861650947*I -5991.617252952940554785378719835192242719498613139800853427945267855374648842753183353514132957758037695341180210996 - 3645.733157484387046503625844959789866670325450521622245701409547306348159788910141644448655302120082861361337021957*I]
cgh = 1.00000 - 2.59885E-113*$.1, chg = 0.808985 + 2.61853*$.1
1 1 1 0.000000
1 2 0 4.16913E-230 + 2.04184E-115*$.1
1 3 0 9.53749E-232 + 3.08828E-116*$.1
1 4 1 0.000000
1 5 0 1.26769E-231 - 3.56047E-116*$.1
1 6 0 3.81500E-231 - 6.17656E-116*$.1
1 7 0 7.65691E-116
1 8 0 7.02311E-463 - 8.38039E-232*$.1
1 9 0 9.44337E-116 - 9.44337E-116*$.1
1 10 0 -3.56047E-116 - 3.56047E-116*$.1
1 11 0 3.81500E-231 - 6.17656E-116*$.1
1 12 0 -4.72169E-116 - 9.44337E-116*$.1
1 13 0 -3.08828E-116 + 3.08828E-116*$.1
1 14 0 -1.06814E-115 - 3.56047E-116*$.1
1 15 0 -2.52169E-115
1 16 0 3.61714E-231 + 6.01427E-116*$.1
1 17 0 3.56047E-116
2 1 0 -0.364567 - 1.30877E-116*$.1
2 2 0 -0.163657 + 0.325769*$.1
2 2 1 -0.163657 + 0.325769*$.1
2 2 2 -0.163657 + 0.325769*$.1
2 3 0 0.364567 + 3.10310E-116*$.1
2 4 0 0.234633 + 0.279027*$.1
2 5 0 0.234633 - 0.279027*$.1
2 6 0 -0.234633 + 0.279027*$.1
2 6 1 -0.234633 + 0.279027*$.1
2 6 2 -0.234633 + 0.279027*$.1
2 7 0 0.163657 - 0.325769*$.1
2 8 0 0.364567 - 5.17455E-115*$.1
2 8 1 0.364567 - 5.17455E-115*$.1
2 8 2 0.364567 - 5.17455E-115*$.1
2 9 0 -0.234633 - 0.279027*$.1
2 10 0 -0.234633 + 0.279027*$.1
2 11 0 0.364567 - 3.10310E-116*$.1
2 12 0 -0.304473 + 0.200512*$.1
2 13 0 -0.234633 - 0.279027*$.1
2 14 0 0.114021 + 0.346278*$.1
2 15 0 0.114021 + 0.346278*$.1
2 16 0 -0.364567 - 1.30877E-116*$.1
2 17 0 0.234633 + 0.279027*$.1
3 1 0 -0.417594 + 0.351153*$.1
3 2 0 -9.64847E-117 - 0.545613*$.1
3 3 0 -0.417594 - 0.351153*$.1
3 4 0 0.417594 + 0.351153*$.1
3 5 0 0.487548 + 0.244930*$.1
3 6 0 2.52238E-115 - 0.545613*$.1
3 7 0 -0.487548 - 0.244930*$.1
3 8 0 0.417594 + 0.351153*$.1
3 9 0 -0.300087 - 0.455677*$.1
3 10 0 0.417594 + 0.351153*$.1
3 11 0 0.417594 - 0.351153*$.1
3 12 0 1.00926E-116 - 0.545613*$.1
3 13 0 -0.300087 - 0.455677*$.1
3 14 0 -2.32021E-115 - 0.545613*$.1
3 15 0 0.300087 + 0.455677*$.1
3 16 0 0.417594 + 0.351153*$.1
3 17 0 -0.417594 - 0.351153*$.1
3 17 1 -0.417594 - 0.351153*$.1
3 17 2 -0.417594 - 0.351153*$.1
3 17 3 -0.417594 - 0.351153*$.1
3 17 4 -0.417594 - 0.351153*$.1
3 17 5 -0.417594 - 0.351153*$.1
3 17 6 -0.417594 - 0.351153*$.1
1 1 [ 0.0000000000000000000000000000000000000000000000000000000000000000000000000000000000000000000000000000000000000000000, 0.02724565038320737684137628053061527910409341283752172759570862696722982836879355523393529043597181787179425889862012 - 0.4938875023688912852717244522439949460638143610486313468051108191876207099802061618361555168379729989616698622651953*I, 0.4584180918822364053228478105621204611642495439870683695265219249775249560049491453446610798610795127773821348791672 - 0.4805506802510656575286492249553045253697937842784778236560516525617817607640999004460707050858233063708830741061976*I, -0.4972648448203569824188243085787159651990586544590375714867736051425679721162472160709191205265636628664213277268155 - 0.4722463352812833844230219935045370673760073724034608644171254730913024696080238052291450339182542776300791252505484*I, 0.3060869764193450238137668181038858234173604781045376938440246258941258315174592934109559414130445502283494197030307 + 0.2525105128436546383722361811322474168869629646644162618524356973988531227033211592661968767096801708529041169074928*I, 0.5640161237011477206890817573733465671308230851192609302775705426132085906553350825783404309002492275606290756095927 + 0.2196642848444987356063569635225363881952499302038715568364774593453605531071962386810092119805418550895848465486511*I, 0.03573506656342608621103704045866928414480781085272349559612963413147242728329630081993342783091147490769453613307015 - 0.5276158473384369904250386230740572655672261719049272543683771093444689173607295725067663187400165800493182683700437*I, -0.3730177894785335784194858543240981356204225120458276723032054194816717694108278145439507497163503788095371060253042 + 0.1582931112356033874254340870027720046689665615670369237859340328522227193503820578697663917375555039362592016170927*I ]
1 2 [ -0.07193844023416484093327044007796914733439483225551434916661270722176999529815623911501394477325391052073836681222916 - 0.5630575052254191929517288477017813261025684438914211866660768978903625312013858246593059126671690293111189263991476*I ]
2 1 [ 0.3659040099496488443718523722299961828360658836278509575234037804444442492263136760670584151976843148558626217603119 + 0.03830097063130341595201098400336519938976654404447977331492026397092600716216369413817077534136858227090316052582362*I, -0.3404121104171984499243396995270138222542054956109783605621388619664357483371991093239887329796630486086211165373414 + 0.02940058558766383824851572410598567844555544503160632112680294467321330812145461079494424888656680340755610394170789*I, -0.009219244855237319371138331265486080355262485539288443656655156937882250404001205466236889151488040020576147805230835 - 0.6832610550391844916765161318951041463363838521527344918703455074453322299785537411264284989551902786348187341328640*I ]
2 2 [ 0.03017300141000160389680362635743544536675514774537140940342569679679070262889179851067088741163836732695641739969180 - 0.5032569825828218335503196336910684900937193170676924946732860335782445412486123798483861220752956332528922913816661*I ]
2 3 [ 0.02635847698015163089684140230948717118101420052640257182399304011072971868332597217534077691878945009385259947521414 - 0.4912927484161602442770813213706029031755646044562607167133493079864684231900573659702313055898043231416531362748881*I, 0.3024205011389936823104749838819074379685853643135962808265958412989035517033859685524578970076838903311351470686128 + 0.2796072042480681897800801580835471082677823975046695921471440232267802612457993505843608553152558330635265409192833*I, 0.5778671487082705966972437806096910992873629977719063804237730505693818945220294614256988522757457933879998627815225 + 0.2582094537075676072888059390174680221370232789784966548570975931388242796045786747301589171288841892528703160605893*I ]
3 1 [ 0.004959481025031519705574267066086323923465032180977030580133361370434910354658702112782871506437780833498545856943188 - 0.4447596173716934004233377003421172897759937784339978292304062998579003985681904668128174876542648884627070939363877*I, 0.3288499075242039922260687167018905141942349455516786190392360246764417611210760241042740968617148750273493592987704 + 0.6579502853319760848761901661815829078517813485642719009470844095916807870421511907894325118922638026713019883368350*I ]
3 2 [ -0.3681825525884004851334571045095899880679503535889007569332782697360465455458988001984538817153658733904686523099615 + 0.1286342622097755732443980573590713340980062935330304862468693758516742003513930200155272862281416912843198658562507*I ]
deg(phi_0) = deg(phi_1) = deg(phi_oo)

2.501364959034454248220734963666005882470914956963410171144980768621219666987439020170904495955938863731725272807025E-93 15
Calling TrianglePhiGenusZeroEquations with RamInfinity := []
Defining ideal: Ideal of Polynomial ring of rank 19 over Rational Field
Order: Lexicographical
Variables: a[1], a[2], a[3], a[4], a[5], a[6], a[7], a[8], a[9], a[10], a[11], a[12], a[13], a[14], a[15], a[16], a[17], a[18], a[19]
Basis:
[
-a[1]*a[8]*a[16] - 8*a[1]*a[8]*a[17]*a[18] + a[1]*a[16]*a[18] + 2*a[2]*a[8]*a[16]*a[18],
a[9] - a[10],
-a[9]^4*a[12]^2*a[13]*a[19] + a[9]^4*a[12]^2*a[13] - a[16]^8*a[18],
-a[9]^4*a[12]^2*a[14]*a[19] + a[9]^4*a[12]^2*a[14] - 2*a[9]^4*a[12]*a[13]*a[19] + 2*a[9]^4*a[12]*a[13] - 4*a[9]^3*a[10]*a[12]^2*a[13]*a[19] + 4*a[9]^3*a[10]*a[12]^2*a[13] - a[16]^8 - 8*a[16]^7*a[17]*a[18],
a[1]^2*a[8]*a[19] - a[9]^4*a[12]^2*a[15]*a[19] + a[9]^4*a[12]^2*a[15] - 2*a[9]^4*a[12]*a[14]*a[19] + 2*a[9]^4*a[12]*a[14] - a[9]^4*a[13]*a[19] + a[9]^4*a[13] - 4*a[9]^3*a[10]*a[12]^2*a[14]*a[19] + 4*a[9]^3*a[10]*a[12]^2*a[14] - 8*a[9]^3*a[10]*a[12]*a[13]*a[19] + 8*a[9]^3*a[10]*a[12]*a[13] - 4*a[9]^3*a[11]*a[12]^2*a[13]*a[19] + 4*a[9]^3*a[11]*a[12]^2*a[13] - 6*a[9]^2*a[10]^2*a[12]^2*a[13]*a[19] + 6*a[9]^2*a[10]^2*a[12]^2*a[13] - 8*a[16]^7*a[17] - 8*a[16]^7*a[18] - 28*a[16]^6*a[17]^2*a[18],
a[1]^2*a[19] + 2*a[1]*a[2]*a[8]*a[19] - a[9]^4*a[12]^2*a[19] + a[9]^4*a[12]^2 - 2*a[9]^4*a[12]*a[15]*a[19] + 2*a[9]^4*a[12]*a[15] - a[9]^4*a[14]*a[19] + a[9]^4*a[14] - 4*a[9]^3*a[10]*a[12]^2*a[15]*a[19] + 4*a[9]^3*a[10]*a[12]^2*a[15] - 8*a[9]^3*a[10]*a[12]*a[14]*a[19] + 8*a[9]^3*a[10]*a[12]*a[14] - 4*a[9]^3*a[10]*a[13]*a[19] + 4*a[9]^3*a[10]*a[13] - 4*a[9]^3*a[11]*a[12]^2*a[14]*a[19] + 4*a[9]^3*a[11]*a[12]^2*a[14] - 8*a[9]^3*a[11]*a[12]*a[13]*a[19] + 8*a[9]^3*a[11]*a[12]*a[13] - 4*a[9]^3*a[12]^2*a[13]*a[19] + 4*a[9]^3*a[12]^2*a[13] - 6*a[9]^2*a[10]^2*a[12]^2*a[14]*a[19] + 6*a[9]^2*a[10]^2*a[12]^2*a[14] - 12*a[9]^2*a[10]^2*a[12]*a[13]*a[19] + 12*a[9]^2*a[10]^2*a[12]*a[13] - 12*a[9]^2*a[10]*a[11]*a[12]^2*a[13]*a[19] + 12*a[9]^2*a[10]*a[11]*a[12]^2*a[13] - 4*a[9]*a[10]^3*a[12]^2*a[13]*a[19] + 4*a[9]*a[10]^3*a[12]^2*a[13] - 8*a[16]^7 - 28*a[16]^6*a[17]^2 - 56*a[16]^6*a[17]*a[18] - 56*a[16]^5*a[17]^3*a[18],
2*a[1]*a[2]*a[19] + 2*a[1]*a[3]*a[8]*a[19] + a[2]^2*a[8]*a[19] - 2*a[9]^4*a[12]*a[19] + 2*a[9]^4*a[12] - a[9]^4*a[15]*a[19] + a[9]^4*a[15] - 4*a[9]^3*a[10]*a[12]^2*a[19] + 4*a[9]^3*a[10]*a[12]^2 - 8*a[9]^3*a[10]*a[12]*a[15]*a[19] + 8*a[9]^3*a[10]*a[12]*a[15] - 4*a[9]^3*a[10]*a[14]*a[19] + 4*a[9]^3*a[10]*a[14] - 4*a[9]^3*a[11]*a[12]^2*a[15]*a[19] + 4*a[9]^3*a[11]*a[12]^2*a[15] - 8*a[9]^3*a[11]*a[12]*a[14]*a[19] + 8*a[9]^3*a[11]*a[12]*a[14] - 4*a[9]^3*a[11]*a[13]*a[19] + 4*a[9]^3*a[11]*a[13] - 4*a[9]^3*a[12]^2*a[14]*a[19] + 4*a[9]^3*a[12]^2*a[14] - 8*a[9]^3*a[12]*a[13]*a[19] + 8*a[9]^3*a[12]*a[13] - 6*a[9]^2*a[10]^2*a[12]^2*a[15]*a[19] + 6*a[9]^2*a[10]^2*a[12]^2*a[15] - 12*a[9]^2*a[10]^2*a[12]*a[14]*a[19] + 12*a[9]^2*a[10]^2*a[12]*a[14] - 6*a[9]^2*a[10]^2*a[13]*a[19] + 6*a[9]^2*a[10]^2*a[13] - 12*a[9]^2*a[10]*a[11]*a[12]^2*a[14]*a[19] + 12*a[9]^2*a[10]*a[11]*a[12]^2*a[14] - 24*a[9]^2*a[10]*a[11]*a[12]*a[13]*a[19] + 24*a[9]^2*a[10]*a[11]*a[12]*a[13] - 12*a[9]^2*a[10]*a[12]^2*a[13]*a[19] + 12*a[9]^2*a[10]*a[12]^2*a[13] - 6*a[9]^2*a[11]^2*a[12]^2*a[13]*a[19] + 6*a[9]^2*a[11]^2*a[12]^2*a[13] - 4*a[9]*a[10]^3*a[12]^2*a[14]*a[19] + 4*a[9]*a[10]^3*a[12]^2*a[14] - 8*a[9]*a[10]^3*a[12]*a[13]*a[19] + 8*a[9]*a[10]^3*a[12]*a[13] - 12*a[9]*a[10]^2*a[11]*a[12]^2*a[13]*a[19] + 12*a[9]*a[10]^2*a[11]*a[12]^2*a[13] - a[10]^4*a[12]^2*a[13]*a[19] + a[10]^4*a[12]^2*a[13] - 56*a[16]^6*a[17] - 28*a[16]^6*a[18] - 56*a[16]^5*a[17]^3 - 168*a[16]^5*a[17]^2*a[18] - 70*a[16]^4*a[17]^4*a[18],
2*a[1]*a[3]*a[19] + 2*a[1]*a[4]*a[8]*a[19] + a[2]^2*a[19] + 2*a[2]*a[3]*a[8]*a[19] - a[9]^4*a[19] + a[9]^4 - 8*a[9]^3*a[10]*a[12]*a[19] + 8*a[9]^3*a[10]*a[12] - 4*a[9]^3*a[10]*a[15]*a[19] + 4*a[9]^3*a[10]*a[15] - 4*a[9]^3*a[11]*a[12]^2*a[19] + 4*a[9]^3*a[11]*a[12]^2 - 8*a[9]^3*a[11]*a[12]*a[15]*a[19] + 8*a[9]^3*a[11]*a[12]*a[15] - 4*a[9]^3*a[11]*a[14]*a[19] + 4*a[9]^3*a[11]*a[14] - 4*a[9]^3*a[12]^2*a[15]*a[19] + 4*a[9]^3*a[12]^2*a[15] - 8*a[9]^3*a[12]*a[14]*a[19] + 8*a[9]^3*a[12]*a[14] - 4*a[9]^3*a[13]*a[19] + 4*a[9]^3*a[13] - 6*a[9]^2*a[10]^2*a[12]^2*a[19] + 6*a[9]^2*a[10]^2*a[12]^2 - 12*a[9]^2*a[10]^2*a[12]*a[15]*a[19] + 12*a[9]^2*a[10]^2*a[12]*a[15] - 6*a[9]^2*a[10]^2*a[14]*a[19] + 6*a[9]^2*a[10]^2*a[14] - 12*a[9]^2*a[10]*a[11]*a[12]^2*a[15]*a[19] + 12*a[9]^2*a[10]*a[11]*a[12]^2*a[15] - 24*a[9]^2*a[10]*a[11]*a[12]*a[14]*a[19] + 24*a[9]^2*a[10]*a[11]*a[12]*a[14] - 12*a[9]^2*a[10]*a[11]*a[13]*a[19] + 12*a[9]^2*a[10]*a[11]*a[13] - 12*a[9]^2*a[10]*a[12]^2*a[14]*a[19] + 12*a[9]^2*a[10]*a[12]^2*a[14] - 24*a[9]^2*a[10]*a[12]*a[13]*a[19] + 24*a[9]^2*a[10]*a[12]*a[13] - 6*a[9]^2*a[11]^2*a[12]^2*a[14]*a[19] + 6*a[9]^2*a[11]^2*a[12]^2*a[14] - 12*a[9]^2*a[11]^2*a[12]*a[13]*a[19] + 12*a[9]^2*a[11]^2*a[12]*a[13] - 12*a[9]^2*a[11]*a[12]^2*a[13]*a[19] + 12*a[9]^2*a[11]*a[12]^2*a[13] - 4*a[9]*a[10]^3*a[12]^2*a[15]*a[19] + 4*a[9]*a[10]^3*a[12]^2*a[15] - 8*a[9]*a[10]^3*a[12]*a[14]*a[19] + 8*a[9]*a[10]^3*a[12]*a[14] - 4*a[9]*a[10]^3*a[13]*a[19] + 4*a[9]*a[10]^3*a[13] - 12*a[9]*a[10]^2*a[11]*a[12]^2*a[14]*a[19] + 12*a[9]*a[10]^2*a[11]*a[12]^2*a[14] - 24*a[9]*a[10]^2*a[11]*a[12]*a[13]*a[19] + 24*a[9]*a[10]^2*a[11]*a[12]*a[13] - 12*a[9]*a[10]^2*a[12]^2*a[13]*a[19] + 12*a[9]*a[10]^2*a[12]^2*a[13] - 12*a[9]*a[10]*a[11]^2*a[12]^2*a[13]*a[19] + 12*a[9]*a[10]*a[11]^2*a[12]^2*a[13] - a[10]^4*a[12]^2*a[14]*a[19] + a[10]^4*a[12]^2*a[14] - 2*a[10]^4*a[12]*a[13]*a[19] + 2*a[10]^4*a[12]*a[13] - 4*a[10]^3*a[11]*a[12]^2*a[13]*a[19] + 4*a[10]^3*a[11]*a[12]^2*a[13] - 28*a[16]^6 - 168*a[16]^5*a[17]^2 - 168*a[16]^5*a[17]*a[18] - 70*a[16]^4*a[17]^4 - 280*a[16]^4*a[17]^3*a[18] - 56*a[16]^3*a[17]^5*a[18],
2*a[1]*a[4]*a[19] + 2*a[1]*a[5]*a[8]*a[19] + 2*a[2]*a[3]*a[19] + 2*a[2]*a[4]*a[8]*a[19] + a[3]^2*a[8]*a[19] - 4*a[9]^3*a[10]*a[19] + 4*a[9]^3*a[10] - 8*a[9]^3*a[11]*a[12]*a[19] + 8*a[9]^3*a[11]*a[12] - 4*a[9]^3*a[11]*a[15]*a[19] + 4*a[9]^3*a[11]*a[15] - 4*a[9]^3*a[12]^2*a[19] + 4*a[9]^3*a[12]^2 - 8*a[9]^3*a[12]*a[15]*a[19] + 8*a[9]^3*a[12]*a[15] - 4*a[9]^3*a[14]*a[19] + 4*a[9]^3*a[14] - 12*a[9]^2*a[10]^2*a[12]*a[19] + 12*a[9]^2*a[10]^2*a[12] - 6*a[9]^2*a[10]^2*a[15]*a[19] + 6*a[9]^2*a[10]^2*a[15] - 12*a[9]^2*a[10]*a[11]*a[12]^2*a[19] + 12*a[9]^2*a[10]*a[11]*a[12]^2 - 24*a[9]^2*a[10]*a[11]*a[12]*a[15]*a[19] + 24*a[9]^2*a[10]*a[11]*a[12]*a[15] - 12*a[9]^2*a[10]*a[11]*a[14]*a[19] + 12*a[9]^2*a[10]*a[11]*a[14] - 12*a[9]^2*a[10]*a[12]^2*a[15]*a[19] + 12*a[9]^2*a[10]*a[12]^2*a[15] - 24*a[9]^2*a[10]*a[12]*a[14]*a[19] + 24*a[9]^2*a[10]*a[12]*a[14] - 12*a[9]^2*a[10]*a[13]*a[19] + 12*a[9]^2*a[10]*a[13] - 6*a[9]^2*a[11]^2*a[12]^2*a[15]*a[19] + 6*a[9]^2*a[11]^2*a[12]^2*a[15] - 12*a[9]^2*a[11]^2*a[12]*a[14]*a[19] + 12*a[9]^2*a[11]^2*a[12]*a[14] - 6*a[9]^2*a[11]^2*a[13]*a[19] + 6*a[9]^2*a[11]^2*a[13] - 12*a[9]^2*a[11]*a[12]^2*a[14]*a[19] + 12*a[9]^2*a[11]*a[12]^2*a[14] - 24*a[9]^2*a[11]*a[12]*a[13]*a[19] + 24*a[9]^2*a[11]*a[12]*a[13] - 6*a[9]^2*a[12]^2*a[13]*a[19] + 6*a[9]^2*a[12]^2*a[13] - 4*a[9]*a[10]^3*a[12]^2*a[19] + 4*a[9]*a[10]^3*a[12]^2 - 8*a[9]*a[10]^3*a[12]*a[15]*a[19] + 8*a[9]*a[10]^3*a[12]*a[15] - 4*a[9]*a[10]^3*a[14]*a[19] + 4*a[9]*a[10]^3*a[14] - 12*a[9]*a[10]^2*a[11]*a[12]^2*a[15]*a[19] + 12*a[9]*a[10]^2*a[11]*a[12]^2*a[15] - 24*a[9]*a[10]^2*a[11]*a[12]*a[14]*a[19] + 24*a[9]*a[10]^2*a[11]*a[12]*a[14] - 12*a[9]*a[10]^2*a[11]*a[13]*a[19] + 12*a[9]*a[10]^2*a[11]*a[13] - 12*a[9]*a[10]^2*a[12]^2*a[14]*a[19] + 12*a[9]*a[10]^2*a[12]^2*a[14] - 24*a[9]*a[10]^2*a[12]*a[13]*a[19] + 24*a[9]*a[10]^2*a[12]*a[13] - 12*a[9]*a[10]*a[11]^2*a[12]^2*a[14]*a[19] + 12*a[9]*a[10]*a[11]^2*a[12]^2*a[14] - 24*a[9]*a[10]*a[11]^2*a[12]*a[13]*a[19] + 24*a[9]*a[10]*a[11]^2*a[12]*a[13] - 24*a[9]*a[10]*a[11]*a[12]^2*a[13]*a[19] + 24*a[9]*a[10]*a[11]*a[12]^2*a[13] - 4*a[9]*a[11]^3*a[12]^2*a[13]*a[19] + 4*a[9]*a[11]^3*a[12]^2*a[13] - a[10]^4*a[12]^2*a[15]*a[19] + a[10]^4*a[12]^2*a[15] - 2*a[10]^4*a[12]*a[14]*a[19] + 2*a[10]^4*a[12]*a[14] - a[10]^4*a[13]*a[19] + a[10]^4*a[13] - 4*a[10]^3*a[11]*a[12]^2*a[14]*a[19] + 4*a[10]^3*a[11]*a[12]^2*a[14] - 8*a[10]^3*a[11]*a[12]*a[13]*a[19] + 8*a[10]^3*a[11]*a[12]*a[13] - 4*a[10]^3*a[12]^2*a[13]*a[19] + 4*a[10]^3*a[12]^2*a[13] - 6*a[10]^2*a[11]^2*a[12]^2*a[13]*a[19] + 6*a[10]^2*a[11]^2*a[12]^2*a[13] - 168*a[16]^5*a[17] - 56*a[16]^5*a[18] - 280*a[16]^4*a[17]^3 - 420*a[16]^4*a[17]^2*a[18] - 56*a[16]^3*a[17]^5 - 280*a[16]^3*a[17]^4*a[18] - 28*a[16]^2*a[17]^6*a[18],
2*a[1]*a[5]*a[19] + 2*a[1]*a[6]*a[8]*a[19] + 2*a[2]*a[4]*a[19] + 2*a[2]*a[5]*a[8]*a[19] + a[3]^2*a[19] + 2*a[3]*a[4]*a[8]*a[19] - 4*a[9]^3*a[11]*a[19] + 4*a[9]^3*a[11] - 8*a[9]^3*a[12]*a[19] + 8*a[9]^3*a[12] - 4*a[9]^3*a[15]*a[19] + 4*a[9]^3*a[15] - 6*a[9]^2*a[10]^2*a[19] + 6*a[9]^2*a[10]^2 - 24*a[9]^2*a[10]*a[11]*a[12]*a[19] + 24*a[9]^2*a[10]*a[11]*a[12] - 12*a[9]^2*a[10]*a[11]*a[15]*a[19] + 12*a[9]^2*a[10]*a[11]*a[15] - 12*a[9]^2*a[10]*a[12]^2*a[19] + 12*a[9]^2*a[10]*a[12]^2 - 24*a[9]^2*a[10]*a[12]*a[15]*a[19] + 24*a[9]^2*a[10]*a[12]*a[15] - 12*a[9]^2*a[10]*a[14]*a[19] + 12*a[9]^2*a[10]*a[14] - 6*a[9]^2*a[11]^2*a[12]^2*a[19] + 6*a[9]^2*a[11]^2*a[12]^2 - 12*a[9]^2*a[11]^2*a[12]*a[15]*a[19] + 12*a[9]^2*a[11]^2*a[12]*a[15] - 6*a[9]^2*a[11]^2*a[14]*a[19] + 6*a[9]^2*a[11]^2*a[14] - 12*a[9]^2*a[11]*a[12]^2*a[15]*a[19] + 12*a[9]^2*a[11]*a[12]^2*a[15] - 24*a[9]^2*a[11]*a[12]*a[14]*a[19] + 24*a[9]^2*a[11]*a[12]*a[14] - 12*a[9]^2*a[11]*a[13]*a[19] + 12*a[9]^2*a[11]*a[13] - 6*a[9]^2*a[12]^2*a[14]*a[19] + 6*a[9]^2*a[12]^2*a[14] - 12*a[9]^2*a[12]*a[13]*a[19] + 12*a[9]^2*a[12]*a[13] - 8*a[9]*a[10]^3*a[12]*a[19] + 8*a[9]*a[10]^3*a[12] - 4*a[9]*a[10]^3*a[15]*a[19] + 4*a[9]*a[10]^3*a[15] - 12*a[9]*a[10]^2*a[11]*a[12]^2*a[19] + 12*a[9]*a[10]^2*a[11]*a[12]^2 - 24*a[9]*a[10]^2*a[11]*a[12]*a[15]*a[19] + 24*a[9]*a[10]^2*a[11]*a[12]*a[15] - 12*a[9]*a[10]^2*a[11]*a[14]*a[19] + 12*a[9]*a[10]^2*a[11]*a[14] - 12*a[9]*a[10]^2*a[12]^2*a[15]*a[19] + 12*a[9]*a[10]^2*a[12]^2*a[15] - 24*a[9]*a[10]^2*a[12]*a[14]*a[19] + 24*a[9]*a[10]^2*a[12]*a[14] - 12*a[9]*a[10]^2*a[13]*a[19] + 12*a[9]*a[10]^2*a[13] - 12*a[9]*a[10]*a[11]^2*a[12]^2*a[15]*a[19] + 12*a[9]*a[10]*a[11]^2*a[12]^2*a[15] - 24*a[9]*a[10]*a[11]^2*a[12]*a[14]*a[19] + 24*a[9]*a[10]*a[11]^2*a[12]*a[14] - 12*a[9]*a[10]*a[11]^2*a[13]*a[19] + 12*a[9]*a[10]*a[11]^2*a[13] - 24*a[9]*a[10]*a[11]*a[12]^2*a[14]*a[19] + 24*a[9]*a[10]*a[11]*a[12]^2*a[14] - 48*a[9]*a[10]*a[11]*a[12]*a[13]*a[19] + 48*a[9]*a[10]*a[11]*a[12]*a[13] - 12*a[9]*a[10]*a[12]^2*a[13]*a[19] + 12*a[9]*a[10]*a[12]^2*a[13] - 4*a[9]*a[11]^3*a[12]^2*a[14]*a[19] + 4*a[9]*a[11]^3*a[12]^2*a[14] - 8*a[9]*a[11]^3*a[12]*a[13]*a[19] + 8*a[9]*a[11]^3*a[12]*a[13] - 12*a[9]*a[11]^2*a[12]^2*a[13]*a[19] + 12*a[9]*a[11]^2*a[12]^2*a[13] - a[10]^4*a[12]^2*a[19] + a[10]^4*a[12]^2 - 2*a[10]^4*a[12]*a[15]*a[19] + 2*a[10]^4*a[12]*a[15] - a[10]^4*a[14]*a[19] + a[10]^4*a[14] - 4*a[10]^3*a[11]*a[12]^2*a[15]*a[19] + 4*a[10]^3*a[11]*a[12]^2*a[15] - 8*a[10]^3*a[11]*a[12]*a[14]*a[19] + 8*a[10]^3*a[11]*a[12]*a[14] - 4*a[10]^3*a[11]*a[13]*a[19] + 4*a[10]^3*a[11]*a[13] - 4*a[10]^3*a[12]^2*a[14]*a[19] + 4*a[10]^3*a[12]^2*a[14] - 8*a[10]^3*a[12]*a[13]*a[19] + 8*a[10]^3*a[12]*a[13] - 6*a[10]^2*a[11]^2*a[12]^2*a[14]*a[19] + 6*a[10]^2*a[11]^2*a[12]^2*a[14] - 12*a[10]^2*a[11]^2*a[12]*a[13]*a[19] + 12*a[10]^2*a[11]^2*a[12]*a[13] - 12*a[10]^2*a[11]*a[12]^2*a[13]*a[19] + 12*a[10]^2*a[11]*a[12]^2*a[13] - 4*a[10]*a[11]^3*a[12]^2*a[13]*a[19] + 4*a[10]*a[11]^3*a[12]^2*a[13] - 56*a[16]^5 - 420*a[16]^4*a[17]^2 - 280*a[16]^4*a[17]*a[18] - 280*a[16]^3*a[17]^4 - 560*a[16]^3*a[17]^3*a[18] - 28*a[16]^2*a[17]^6 - 168*a[16]^2*a[17]^5*a[18] - 8*a[16]*a[17]^7*a[18],
2*a[1]*a[6]*a[19] + 2*a[1]*a[7]*a[8]*a[19] + 2*a[2]*a[5]*a[19] + 2*a[2]*a[6]*a[8]*a[19] + 2*a[3]*a[4]*a[19] + 2*a[3]*a[5]*a[8]*a[19] + a[4]^2*a[8]*a[19] - 4*a[9]^3*a[19] + 4*a[9]^3 - 12*a[9]^2*a[10]*a[11]*a[19] + 12*a[9]^2*a[10]*a[11] - 24*a[9]^2*a[10]*a[12]*a[19] + 24*a[9]^2*a[10]*a[12] - 12*a[9]^2*a[10]*a[15]*a[19] + 12*a[9]^2*a[10]*a[15] - 12*a[9]^2*a[11]^2*a[12]*a[19] + 12*a[9]^2*a[11]^2*a[12] - 6*a[9]^2*a[11]^2*a[15]*a[19] + 6*a[9]^2*a[11]^2*a[15] - 12*a[9]^2*a[11]*a[12]^2*a[19] + 12*a[9]^2*a[11]*a[12]^2 - 24*a[9]^2*a[11]*a[12]*a[15]*a[19] + 24*a[9]^2*a[11]*a[12]*a[15] - 12*a[9]^2*a[11]*a[14]*a[19] + 12*a[9]^2*a[11]*a[14] - 6*a[9]^2*a[12]^2*a[15]*a[19] + 6*a[9]^2*a[12]^2*a[15] - 12*a[9]^2*a[12]*a[14]*a[19] + 12*a[9]^2*a[12]*a[14] - 6*a[9]^2*a[13]*a[19] + 6*a[9]^2*a[13] - 4*a[9]*a[10]^3*a[19] + 4*a[9]*a[10]^3 - 24*a[9]*a[10]^2*a[11]*a[12]*a[19] + 24*a[9]*a[10]^2*a[11]*a[12] - 12*a[9]*a[10]^2*a[11]*a[15]*a[19] + 12*a[9]*a[10]^2*a[11]*a[15] - 12*a[9]*a[10]^2*a[12]^2*a[19] + 12*a[9]*a[10]^2*a[12]^2 - 24*a[9]*a[10]^2*a[12]*a[15]*a[19] + 24*a[9]*a[10]^2*a[12]*a[15] - 12*a[9]*a[10]^2*a[14]*a[19] + 12*a[9]*a[10]^2*a[14] - 12*a[9]*a[10]*a[11]^2*a[12]^2*a[19] + 12*a[9]*a[10]*a[11]^2*a[12]^2 - 24*a[9]*a[10]*a[11]^2*a[12]*a[15]*a[19] + 24*a[9]*a[10]*a[11]^2*a[12]*a[15] - 12*a[9]*a[10]*a[11]^2*a[14]*a[19] + 12*a[9]*a[10]*a[11]^2*a[14] - 24*a[9]*a[10]*a[11]*a[12]^2*a[15]*a[19] + 24*a[9]*a[10]*a[11]*a[12]^2*a[15] - 48*a[9]*a[10]*a[11]*a[12]*a[14]*a[19] + 48*a[9]*a[10]*a[11]*a[12]*a[14] - 24*a[9]*a[10]*a[11]*a[13]*a[19] + 24*a[9]*a[10]*a[11]*a[13] - 12*a[9]*a[10]*a[12]^2*a[14]*a[19] + 12*a[9]*a[10]*a[12]^2*a[14] - 24*a[9]*a[10]*a[12]*a[13]*a[19] + 24*a[9]*a[10]*a[12]*a[13] - 4*a[9]*a[11]^3*a[12]^2*a[15]*a[19] + 4*a[9]*a[11]^3*a[12]^2*a[15] - 8*a[9]*a[11]^3*a[12]*a[14]*a[19] + 8*a[9]*a[11]^3*a[12]*a[14] - 4*a[9]*a[11]^3*a[13]*a[19] + 4*a[9]*a[11]^3*a[13] - 12*a[9]*a[11]^2*a[12]^2*a[14]*a[19] + 12*a[9]*a[11]^2*a[12]^2*a[14] - 24*a[9]*a[11]^2*a[12]*a[13]*a[19] + 24*a[9]*a[11]^2*a[12]*a[13] - 12*a[9]*a[11]*a[12]^2*a[13]*a[19] + 12*a[9]*a[11]*a[12]^2*a[13] - 2*a[10]^4*a[12]*a[19] + 2*a[10]^4*a[12] - a[10]^4*a[15]*a[19] + a[10]^4*a[15] - 4*a[10]^3*a[11]*a[12]^2*a[19] + 4*a[10]^3*a[11]*a[12]^2 - 8*a[10]^3*a[11]*a[12]*a[15]*a[19] + 8*a[10]^3*a[11]*a[12]*a[15] - 4*a[10]^3*a[11]*a[14]*a[19] + 4*a[10]^3*a[11]*a[14] - 4*a[10]^3*a[12]^2*a[15]*a[19] + 4*a[10]^3*a[12]^2*a[15] - 8*a[10]^3*a[12]*a[14]*a[19] + 8*a[10]^3*a[12]*a[14] - 4*a[10]^3*a[13]*a[19] + 4*a[10]^3*a[13] - 6*a[10]^2*a[11]^2*a[12]^2*a[15]*a[19] + 6*a[10]^2*a[11]^2*a[12]^2*a[15] - 12*a[10]^2*a[11]^2*a[12]*a[14]*a[19] + 12*a[10]^2*a[11]^2*a[12]*a[14] - 6*a[10]^2*a[11]^2*a[13]*a[19] + 6*a[10]^2*a[11]^2*a[13] - 12*a[10]^2*a[11]*a[12]^2*a[14]*a[19] + 12*a[10]^2*a[11]*a[12]^2*a[14] - 24*a[10]^2*a[11]*a[12]*a[13]*a[19] + 24*a[10]^2*a[11]*a[12]*a[13] - 6*a[10]^2*a[12]^2*a[13]*a[19] + 6*a[10]^2*a[12]^2*a[13] - 4*a[10]*a[11]^3*a[12]^2*a[14]*a[19] + 4*a[10]*a[11]^3*a[12]^2*a[14] - 8*a[10]*a[11]^3*a[12]*a[13]*a[19] + 8*a[10]*a[11]^3*a[12]*a[13] - 12*a[10]*a[11]^2*a[12]^2*a[13]*a[19] + 12*a[10]*a[11]^2*a[12]^2*a[13] - a[11]^4*a[12]^2*a[13]*a[19] + a[11]^4*a[12]^2*a[13] - 280*a[16]^4*a[17] - 70*a[16]^4*a[18] - 560*a[16]^3*a[17]^3 - 560*a[16]^3*a[17]^2*a[18] - 168*a[16]^2*a[17]^5 - 420*a[16]^2*a[17]^4*a[18] - 8*a[16]*a[17]^7 - 56*a[16]*a[17]^6*a[18] - a[17]^8*a[18],
2*a[1]*a[7]*a[19] + 2*a[1]*a[8]*a[19] + 2*a[2]*a[6]*a[19] + 2*a[2]*a[7]*a[8]*a[19] + 2*a[3]*a[5]*a[19] + 2*a[3]*a[6]*a[8]*a[19] + a[4]^2*a[19] + 2*a[4]*a[5]*a[8]*a[19] - 12*a[9]^2*a[10]*a[19] + 12*a[9]^2*a[10] - 6*a[9]^2*a[11]^2*a[19] + 6*a[9]^2*a[11]^2 - 24*a[9]^2*a[11]*a[12]*a[19] + 24*a[9]^2*a[11]*a[12] - 12*a[9]^2*a[11]*a[15]*a[19] + 12*a[9]^2*a[11]*a[15] - 6*a[9]^2*a[12]^2*a[19] + 6*a[9]^2*a[12]^2 - 12*a[9]^2*a[12]*a[15]*a[19] + 12*a[9]^2*a[12]*a[15] - 6*a[9]^2*a[14]*a[19] + 6*a[9]^2*a[14] - 12*a[9]*a[10]^2*a[11]*a[19] + 12*a[9]*a[10]^2*a[11] - 24*a[9]*a[10]^2*a[12]*a[19] + 24*a[9]*a[10]^2*a[12] - 12*a[9]*a[10]^2*a[15]*a[19] + 12*a[9]*a[10]^2*a[15] - 24*a[9]*a[10]*a[11]^2*a[12]*a[19] + 24*a[9]*a[10]*a[11]^2*a[12] - 12*a[9]*a[10]*a[11]^2*a[15]*a[19] + 12*a[9]*a[10]*a[11]^2*a[15] - 24*a[9]*a[10]*a[11]*a[12]^2*a[19] + 24*a[9]*a[10]*a[11]*a[12]^2 - 48*a[9]*a[10]*a[11]*a[12]*a[15]*a[19] + 48*a[9]*a[10]*a[11]*a[12]*a[15] - 24*a[9]*a[10]*a[11]*a[14]*a[19] + 24*a[9]*a[10]*a[11]*a[14] - 12*a[9]*a[10]*a[12]^2*a[15]*a[19] + 12*a[9]*a[10]*a[12]^2*a[15] - 24*a[9]*a[10]*a[12]*a[14]*a[19] + 24*a[9]*a[10]*a[12]*a[14] - 12*a[9]*a[10]*a[13]*a[19] + 12*a[9]*a[10]*a[13] - 4*a[9]*a[11]^3*a[12]^2*a[19] + 4*a[9]*a[11]^3*a[12]^2 - 8*a[9]*a[11]^3*a[12]*a[15]*a[19] + 8*a[9]*a[11]^3*a[12]*a[15] - 4*a[9]*a[11]^3*a[14]*a[19] + 4*a[9]*a[11]^3*a[14] - 12*a[9]*a[11]^2*a[12]^2*a[15]*a[19] + 12*a[9]*a[11]^2*a[12]^2*a[15] - 24*a[9]*a[11]^2*a[12]*a[14]*a[19] + 24*a[9]*a[11]^2*a[12]*a[14] - 12*a[9]*a[11]^2*a[13]*a[19] + 12*a[9]*a[11]^2*a[13] - 12*a[9]*a[11]*a[12]^2*a[14]*a[19] + 12*a[9]*a[11]*a[12]^2*a[14] - 24*a[9]*a[11]*a[12]*a[13]*a[19] + 24*a[9]*a[11]*a[12]*a[13] - 4*a[9]*a[12]^2*a[13]*a[19] + 4*a[9]*a[12]^2*a[13] - a[10]^4*a[19] + a[10]^4 - 8*a[10]^3*a[11]*a[12]*a[19] + 8*a[10]^3*a[11]*a[12] - 4*a[10]^3*a[11]*a[15]*a[19] + 4*a[10]^3*a[11]*a[15] - 4*a[10]^3*a[12]^2*a[19] + 4*a[10]^3*a[12]^2 - 8*a[10]^3*a[12]*a[15]*a[19] + 8*a[10]^3*a[12]*a[15] - 4*a[10]^3*a[14]*a[19] + 4*a[10]^3*a[14] - 6*a[10]^2*a[11]^2*a[12]^2*a[19] + 6*a[10]^2*a[11]^2*a[12]^2 - 12*a[10]^2*a[11]^2*a[12]*a[15]*a[19] + 12*a[10]^2*a[11]^2*a[12]*a[15] - 6*a[10]^2*a[11]^2*a[14]*a[19] + 6*a[10]^2*a[11]^2*a[14] - 12*a[10]^2*a[11]*a[12]^2*a[15]*a[19] + 12*a[10]^2*a[11]*a[12]^2*a[15] - 24*a[10]^2*a[11]*a[12]*a[14]*a[19] + 24*a[10]^2*a[11]*a[12]*a[14] - 12*a[10]^2*a[11]*a[13]*a[19] + 12*a[10]^2*a[11]*a[13] - 6*a[10]^2*a[12]^2*a[14]*a[19] + 6*a[10]^2*a[12]^2*a[14] - 12*a[10]^2*a[12]*a[13]*a[19] + 12*a[10]^2*a[12]*a[13] - 4*a[10]*a[11]^3*a[12]^2*a[15]*a[19] + 4*a[10]*a[11]^3*a[12]^2*a[15] - 8*a[10]*a[11]^3*a[12]*a[14]*a[19] + 8*a[10]*a[11]^3*a[12]*a[14] - 4*a[10]*a[11]^3*a[13]*a[19] + 4*a[10]*a[11]^3*a[13] - 12*a[10]*a[11]^2*a[12]^2*a[14]*a[19] + 12*a[10]*a[11]^2*a[12]^2*a[14] - 24*a[10]*a[11]^2*a[12]*a[13]*a[19] + 24*a[10]*a[11]^2*a[12]*a[13] - 12*a[10]*a[11]*a[12]^2*a[13]*a[19] + 12*a[10]*a[11]*a[12]^2*a[13] - a[11]^4*a[12]^2*a[14]*a[19] + a[11]^4*a[12]^2*a[14] - 2*a[11]^4*a[12]*a[13]*a[19] + 2*a[11]^4*a[12]*a[13] - 4*a[11]^3*a[12]^2*a[13]*a[19] + 4*a[11]^3*a[12]^2*a[13] - 70*a[16]^4 - 560*a[16]^3*a[17]^2 - 280*a[16]^3*a[17]*a[18] - 420*a[16]^2*a[17]^4 - 560*a[16]^2*a[17]^3*a[18] - 56*a[16]*a[17]^6 - 168*a[16]*a[17]^5*a[18] - a[17]^8 - 8*a[17]^7*a[18],
2*a[1]*a[19] + 2*a[2]*a[7]*a[19] + 2*a[2]*a[8]*a[19] + 2*a[3]*a[6]*a[19] + 2*a[3]*a[7]*a[8]*a[19] + 2*a[4]*a[5]*a[19] + 2*a[4]*a[6]*a[8]*a[19] + a[5]^2*a[8]*a[19] - 12*a[9]^2*a[11]*a[19] + 12*a[9]^2*a[11] - 12*a[9]^2*a[12]*a[19] + 12*a[9]^2*a[12] - 6*a[9]^2*a[15]*a[19] + 6*a[9]^2*a[15] - 12*a[9]*a[10]^2*a[19] + 12*a[9]*a[10]^2 - 12*a[9]*a[10]*a[11]^2*a[19] + 12*a[9]*a[10]*a[11]^2 - 48*a[9]*a[10]*a[11]*a[12]*a[19] + 48*a[9]*a[10]*a[11]*a[12] - 24*a[9]*a[10]*a[11]*a[15]*a[19] + 24*a[9]*a[10]*a[11]*a[15] - 12*a[9]*a[10]*a[12]^2*a[19] + 12*a[9]*a[10]*a[12]^2 - 24*a[9]*a[10]*a[12]*a[15]*a[19] + 24*a[9]*a[10]*a[12]*a[15] - 12*a[9]*a[10]*a[14]*a[19] + 12*a[9]*a[10]*a[14] - 8*a[9]*a[11]^3*a[12]*a[19] + 8*a[9]*a[11]^3*a[12] - 4*a[9]*a[11]^3*a[15]*a[19] + 4*a[9]*a[11]^3*a[15] - 12*a[9]*a[11]^2*a[12]^2*a[19] + 12*a[9]*a[11]^2*a[12]^2 - 24*a[9]*a[11]^2*a[12]*a[15]*a[19] + 24*a[9]*a[11]^2*a[12]*a[15] - 12*a[9]*a[11]^2*a[14]*a[19] + 12*a[9]*a[11]^2*a[14] - 12*a[9]*a[11]*a[12]^2*a[15]*a[19] + 12*a[9]*a[11]*a[12]^2*a[15] - 24*a[9]*a[11]*a[12]*a[14]*a[19] + 24*a[9]*a[11]*a[12]*a[14] - 12*a[9]*a[11]*a[13]*a[19] + 12*a[9]*a[11]*a[13] - 4*a[9]*a[12]^2*a[14]*a[19] + 4*a[9]*a[12]^2*a[14] - 8*a[9]*a[12]*a[13]*a[19] + 8*a[9]*a[12]*a[13] - 4*a[10]^3*a[11]*a[19] + 4*a[10]^3*a[11] - 8*a[10]^3*a[12]*a[19] + 8*a[10]^3*a[12] - 4*a[10]^3*a[15]*a[19] + 4*a[10]^3*a[15] - 12*a[10]^2*a[11]^2*a[12]*a[19] + 12*a[10]^2*a[11]^2*a[12] - 6*a[10]^2*a[11]^2*a[15]*a[19] + 6*a[10]^2*a[11]^2*a[15] - 12*a[10]^2*a[11]*a[12]^2*a[19] + 12*a[10]^2*a[11]*a[12]^2 - 24*a[10]^2*a[11]*a[12]*a[15]*a[19] + 24*a[10]^2*a[11]*a[12]*a[15] - 12*a[10]^2*a[11]*a[14]*a[19] + 12*a[10]^2*a[11]*a[14] - 6*a[10]^2*a[12]^2*a[15]*a[19] + 6*a[10]^2*a[12]^2*a[15] - 12*a[10]^2*a[12]*a[14]*a[19] + 12*a[10]^2*a[12]*a[14] - 6*a[10]^2*a[13]*a[19] + 6*a[10]^2*a[13] - 4*a[10]*a[11]^3*a[12]^2*a[19] + 4*a[10]*a[11]^3*a[12]^2 - 8*a[10]*a[11]^3*a[12]*a[15]*a[19] + 8*a[10]*a[11]^3*a[12]*a[15] - 4*a[10]*a[11]^3*a[14]*a[19] + 4*a[10]*a[11]^3*a[14] - 12*a[10]*a[11]^2*a[12]^2*a[15]*a[19] + 12*a[10]*a[11]^2*a[12]^2*a[15] - 24*a[10]*a[11]^2*a[12]*a[14]*a[19] + 24*a[10]*a[11]^2*a[12]*a[14] - 12*a[10]*a[11]^2*a[13]*a[19] + 12*a[10]*a[11]^2*a[13] - 12*a[10]*a[11]*a[12]^2*a[14]*a[19] + 12*a[10]*a[11]*a[12]^2*a[14] - 24*a[10]*a[11]*a[12]*a[13]*a[19] + 24*a[10]*a[11]*a[12]*a[13] - 4*a[10]*a[12]^2*a[13]*a[19] + 4*a[10]*a[12]^2*a[13] - a[11]^4*a[12]^2*a[15]*a[19] + a[11]^4*a[12]^2*a[15] - 2*a[11]^4*a[12]*a[14]*a[19] + 2*a[11]^4*a[12]*a[14] - a[11]^4*a[13]*a[19] + a[11]^4*a[13] - 4*a[11]^3*a[12]^2*a[14]*a[19] + 4*a[11]^3*a[12]^2*a[14] - 8*a[11]^3*a[12]*a[13]*a[19] + 8*a[11]^3*a[12]*a[13] - 6*a[11]^2*a[12]^2*a[13]*a[19] + 6*a[11]^2*a[12]^2*a[13] - 280*a[16]^3*a[17] - 56*a[16]^3*a[18] - 560*a[16]^2*a[17]^3 - 420*a[16]^2*a[17]^2*a[18] - 168*a[16]*a[17]^5 - 280*a[16]*a[17]^4*a[18] - 8*a[17]^7 - 28*a[17]^6*a[18],
2*a[2]*a[19] + 2*a[3]*a[7]*a[19] + 2*a[3]*a[8]*a[19] + 2*a[4]*a[6]*a[19] + 2*a[4]*a[7]*a[8]*a[19] + a[5]^2*a[19] + 2*a[5]*a[6]*a[8]*a[19] - 6*a[9]^2*a[19] + 6*a[9]^2 - 24*a[9]*a[10]*a[11]*a[19] + 24*a[9]*a[10]*a[11] - 24*a[9]*a[10]*a[12]*a[19] + 24*a[9]*a[10]*a[12] - 12*a[9]*a[10]*a[15]*a[19] + 12*a[9]*a[10]*a[15] - 4*a[9]*a[11]^3*a[19] + 4*a[9]*a[11]^3 - 24*a[9]*a[11]^2*a[12]*a[19] + 24*a[9]*a[11]^2*a[12] - 12*a[9]*a[11]^2*a[15]*a[19] + 12*a[9]*a[11]^2*a[15] - 12*a[9]*a[11]*a[12]^2*a[19] + 12*a[9]*a[11]*a[12]^2 - 24*a[9]*a[11]*a[12]*a[15]*a[19] + 24*a[9]*a[11]*a[12]*a[15] - 12*a[9]*a[11]*a[14]*a[19] + 12*a[9]*a[11]*a[14] - 4*a[9]*a[12]^2*a[15]*a[19] + 4*a[9]*a[12]^2*a[15] - 8*a[9]*a[12]*a[14]*a[19] + 8*a[9]*a[12]*a[14] - 4*a[9]*a[13]*a[19] + 4*a[9]*a[13] - 4*a[10]^3*a[19] + 4*a[10]^3 - 6*a[10]^2*a[11]^2*a[19] + 6*a[10]^2*a[11]^2 - 24*a[10]^2*a[11]*a[12]*a[19] + 24*a[10]^2*a[11]*a[12] - 12*a[10]^2*a[11]*a[15]*a[19] + 12*a[10]^2*a[11]*a[15] - 6*a[10]^2*a[12]^2*a[19] + 6*a[10]^2*a[12]^2 - 12*a[10]^2*a[12]*a[15]*a[19] + 12*a[10]^2*a[12]*a[15] - 6*a[10]^2*a[14]*a[19] + 6*a[10]^2*a[14] - 8*a[10]*a[11]^3*a[12]*a[19] + 8*a[10]*a[11]^3*a[12] - 4*a[10]*a[11]^3*a[15]*a[19] + 4*a[10]*a[11]^3*a[15] - 12*a[10]*a[11]^2*a[12]^2*a[19] + 12*a[10]*a[11]^2*a[12]^2 - 24*a[10]*a[11]^2*a[12]*a[15]*a[19] + 24*a[10]*a[11]^2*a[12]*a[15] - 12*a[10]*a[11]^2*a[14]*a[19] + 12*a[10]*a[11]^2*a[14] - 12*a[10]*a[11]*a[12]^2*a[15]*a[19] + 12*a[10]*a[11]*a[12]^2*a[15] - 24*a[10]*a[11]*a[12]*a[14]*a[19] + 24*a[10]*a[11]*a[12]*a[14] - 12*a[10]*a[11]*a[13]*a[19] + 12*a[10]*a[11]*a[13] - 4*a[10]*a[12]^2*a[14]*a[19] + 4*a[10]*a[12]^2*a[14] - 8*a[10]*a[12]*a[13]*a[19] + 8*a[10]*a[12]*a[13] - a[11]^4*a[12]^2*a[19] + a[11]^4*a[12]^2 - 2*a[11]^4*a[12]*a[15]*a[19] + 2*a[11]^4*a[12]*a[15] - a[11]^4*a[14]*a[19] + a[11]^4*a[14] - 4*a[11]^3*a[12]^2*a[15]*a[19] + 4*a[11]^3*a[12]^2*a[15] - 8*a[11]^3*a[12]*a[14]*a[19] + 8*a[11]^3*a[12]*a[14] - 4*a[11]^3*a[13]*a[19] + 4*a[11]^3*a[13] - 6*a[11]^2*a[12]^2*a[14]*a[19] + 6*a[11]^2*a[12]^2*a[14] - 12*a[11]^2*a[12]*a[13]*a[19] + 12*a[11]^2*a[12]*a[13] - 4*a[11]*a[12]^2*a[13]*a[19] + 4*a[11]*a[12]^2*a[13] - 56*a[16]^3 - 420*a[16]^2*a[17]^2 - 168*a[16]^2*a[17]*a[18] - 280*a[16]*a[17]^4 - 280*a[16]*a[17]^3*a[18] - 28*a[17]^6 - 56*a[17]^5*a[18],
2*a[3]*a[19] + 2*a[4]*a[7]*a[19] + 2*a[4]*a[8]*a[19] + 2*a[5]*a[6]*a[19] + 2*a[5]*a[7]*a[8]*a[19] + a[6]^2*a[8]*a[19] - 12*a[9]*a[10]*a[19] + 12*a[9]*a[10] - 12*a[9]*a[11]^2*a[19] + 12*a[9]*a[11]^2 - 24*a[9]*a[11]*a[12]*a[19] + 24*a[9]*a[11]*a[12] - 12*a[9]*a[11]*a[15]*a[19] + 12*a[9]*a[11]*a[15] - 4*a[9]*a[12]^2*a[19] + 4*a[9]*a[12]^2 - 8*a[9]*a[12]*a[15]*a[19] + 8*a[9]*a[12]*a[15] - 4*a[9]*a[14]*a[19] + 4*a[9]*a[14] - 12*a[10]^2*a[11]*a[19] + 12*a[10]^2*a[11] - 12*a[10]^2*a[12]*a[19] + 12*a[10]^2*a[12] - 6*a[10]^2*a[15]*a[19] + 6*a[10]^2*a[15] - 4*a[10]*a[11]^3*a[19] + 4*a[10]*a[11]^3 - 24*a[10]*a[11]^2*a[12]*a[19] + 24*a[10]*a[11]^2*a[12] - 12*a[10]*a[11]^2*a[15]*a[19] + 12*a[10]*a[11]^2*a[15] - 12*a[10]*a[11]*a[12]^2*a[19] + 12*a[10]*a[11]*a[12]^2 - 24*a[10]*a[11]*a[12]*a[15]*a[19] + 24*a[10]*a[11]*a[12]*a[15] - 12*a[10]*a[11]*a[14]*a[19] + 12*a[10]*a[11]*a[14] - 4*a[10]*a[12]^2*a[15]*a[19] + 4*a[10]*a[12]^2*a[15] - 8*a[10]*a[12]*a[14]*a[19] + 8*a[10]*a[12]*a[14] - 4*a[10]*a[13]*a[19] + 4*a[10]*a[13] - 2*a[11]^4*a[12]*a[19] + 2*a[11]^4*a[12] - a[11]^4*a[15]*a[19] + a[11]^4*a[15] - 4*a[11]^3*a[12]^2*a[19] + 4*a[11]^3*a[12]^2 - 8*a[11]^3*a[12]*a[15]*a[19] + 8*a[11]^3*a[12]*a[15] - 4*a[11]^3*a[14]*a[19] + 4*a[11]^3*a[14] - 6*a[11]^2*a[12]^2*a[15]*a[19] + 6*a[11]^2*a[12]^2*a[15] - 12*a[11]^2*a[12]*a[14]*a[19] + 12*a[11]^2*a[12]*a[14] - 6*a[11]^2*a[13]*a[19] + 6*a[11]^2*a[13] - 4*a[11]*a[12]^2*a[14]*a[19] + 4*a[11]*a[12]^2*a[14] - 8*a[11]*a[12]*a[13]*a[19] + 8*a[11]*a[12]*a[13] - a[12]^2*a[13]*a[19] + a[12]^2*a[13] - 168*a[16]^2*a[17] - 28*a[16]^2*a[18] - 280*a[16]*a[17]^3 - 168*a[16]*a[17]^2*a[18] - 56*a[17]^5 - 70*a[17]^4*a[18],
2*a[4]*a[19] + 2*a[5]*a[7]*a[19] + 2*a[5]*a[8]*a[19] + a[6]^2*a[19] + 2*a[6]*a[7]*a[8]*a[19] - 12*a[9]*a[11]*a[19] + 12*a[9]*a[11] - 8*a[9]*a[12]*a[19] + 8*a[9]*a[12] - 4*a[9]*a[15]*a[19] + 4*a[9]*a[15] - 6*a[10]^2*a[19] + 6*a[10]^2 - 12*a[10]*a[11]^2*a[19] + 12*a[10]*a[11]^2 - 24*a[10]*a[11]*a[12]*a[19] + 24*a[10]*a[11]*a[12] - 12*a[10]*a[11]*a[15]*a[19] + 12*a[10]*a[11]*a[15] - 4*a[10]*a[12]^2*a[19] + 4*a[10]*a[12]^2 - 8*a[10]*a[12]*a[15]*a[19] + 8*a[10]*a[12]*a[15] - 4*a[10]*a[14]*a[19] + 4*a[10]*a[14] - a[11]^4*a[19] + a[11]^4 - 8*a[11]^3*a[12]*a[19] + 8*a[11]^3*a[12] - 4*a[11]^3*a[15]*a[19] + 4*a[11]^3*a[15] - 6*a[11]^2*a[12]^2*a[19] + 6*a[11]^2*a[12]^2 - 12*a[11]^2*a[12]*a[15]*a[19] + 12*a[11]^2*a[12]*a[15] - 6*a[11]^2*a[14]*a[19] + 6*a[11]^2*a[14] - 4*a[11]*a[12]^2*a[15]*a[19] + 4*a[11]*a[12]^2*a[15] - 8*a[11]*a[12]*a[14]*a[19] + 8*a[11]*a[12]*a[14] - 4*a[11]*a[13]*a[19] + 4*a[11]*a[13] - a[12]^2*a[14]*a[19] + a[12]^2*a[14] - 2*a[12]*a[13]*a[19] + 2*a[12]*a[13] - 28*a[16]^2 - 168*a[16]*a[17]^2 - 56*a[16]*a[17]*a[18] - 70*a[17]^4 - 56*a[17]^3*a[18],
2*a[5]*a[19] + 2*a[6]*a[7]*a[19] + 2*a[6]*a[8]*a[19] + a[7]^2*a[8]*a[19] - 4*a[9]*a[19] + 4*a[9] - 12*a[10]*a[11]*a[19] + 12*a[10]*a[11] - 8*a[10]*a[12]*a[19] + 8*a[10]*a[12] - 4*a[10]*a[15]*a[19] + 4*a[10]*a[15] - 4*a[11]^3*a[19] + 4*a[11]^3 - 12*a[11]^2*a[12]*a[19] + 12*a[11]^2*a[12] - 6*a[11]^2*a[15]*a[19] + 6*a[11]^2*a[15] - 4*a[11]*a[12]^2*a[19] + 4*a[11]*a[12]^2 - 8*a[11]*a[12]*a[15]*a[19] + 8*a[11]*a[12]*a[15] - 4*a[11]*a[14]*a[19] + 4*a[11]*a[14] - a[12]^2*a[15]*a[19] + a[12]^2*a[15] - 2*a[12]*a[14]*a[19] + 2*a[12]*a[14] - a[13]*a[19] + a[13] - 56*a[16]*a[17] - 8*a[16]*a[18] - 56*a[17]^3 - 28*a[17]^2*a[18],
2*a[6]*a[19] + a[7]^2*a[19] + 2*a[7]*a[8]*a[19] - 4*a[10]*a[19] + 4*a[10] - 6*a[11]^2*a[19] + 6*a[11]^2 - 8*a[11]*a[12]*a[19] + 8*a[11]*a[12] - 4*a[11]*a[15]*a[19] + 4*a[11]*a[15] - a[12]^2*a[19] + a[12]^2 - 2*a[12]*a[15]*a[19] + 2*a[12]*a[15] - a[14]*a[19] + a[14] - 8*a[16] - 28*a[17]^2 - 8*a[17]*a[18],
2*a[7]*a[19] + a[8]*a[19] - 4*a[11]*a[19] + 4*a[11] - 2*a[12]*a[19] + 2*a[12] - a[15]*a[19] + a[15] - 8*a[17] - a[18]
]
lambdas: [ 0.315112, 0.519642, 0.325445, 0.357624, 0.557139, 0.757601, 0.567635, 1.04482, 0.133511, 0.504161, 0.298999, 0.472504, 0.826010, 0.390007 ]... 
Taking lambda = 0.368183 - 0.128634*$.1 = 0.368183 - 0.128634*$.1/1.00000... 
Taking normalizing equation a[18] - 1
*New* defining ideal: [
-a[1]*a[8]*a[16] - 8*a[1]*a[8]*a[17]*a[18] + a[1]*a[16]*a[18] + 2*a[2]*a[8]*a[16]*a[18],
a[18] - 1,
-a[9]^4*a[12]^2*a[13]*a[19] + a[9]^4*a[12]^2*a[13] - a[16]^8*a[18],
-a[9]^4*a[12]^2*a[14]*a[19] + a[9]^4*a[12]^2*a[14] - 2*a[9]^4*a[12]*a[13]*a[19] + 2*a[9]^4*a[12]*a[13] - 4*a[9]^3*a[10]*a[12]^2*a[13]*a[19] + 4*a[9]^3*a[10]*a[12]^2*a[13] - a[16]^8 - 8*a[16]^7*a[17]*a[18],
a[1]^2*a[8]*a[19] - a[9]^4*a[12]^2*a[15]*a[19] + a[9]^4*a[12]^2*a[15] - 2*a[9]^4*a[12]*a[14]*a[19] + 2*a[9]^4*a[12]*a[14] - a[9]^4*a[13]*a[19] + a[9]^4*a[13] - 4*a[9]^3*a[10]*a[12]^2*a[14]*a[19] + 4*a[9]^3*a[10]*a[12]^2*a[14] - 8*a[9]^3*a[10]*a[12]*a[13]*a[19] + 8*a[9]^3*a[10]*a[12]*a[13] - 4*a[9]^3*a[11]*a[12]^2*a[13]*a[19] + 4*a[9]^3*a[11]*a[12]^2*a[13] - 6*a[9]^2*a[10]^2*a[12]^2*a[13]*a[19] + 6*a[9]^2*a[10]^2*a[12]^2*a[13] - 8*a[16]^7*a[17] - 8*a[16]^7*a[18] - 28*a[16]^6*a[17]^2*a[18],
a[1]^2*a[19] + 2*a[1]*a[2]*a[8]*a[19] - a[9]^4*a[12]^2*a[19] + a[9]^4*a[12]^2 - 2*a[9]^4*a[12]*a[15]*a[19] + 2*a[9]^4*a[12]*a[15] - a[9]^4*a[14]*a[19] + a[9]^4*a[14] - 4*a[9]^3*a[10]*a[12]^2*a[15]*a[19] + 4*a[9]^3*a[10]*a[12]^2*a[15] - 8*a[9]^3*a[10]*a[12]*a[14]*a[19] + 8*a[9]^3*a[10]*a[12]*a[14] - 4*a[9]^3*a[10]*a[13]*a[19] + 4*a[9]^3*a[10]*a[13] - 4*a[9]^3*a[11]*a[12]^2*a[14]*a[19] + 4*a[9]^3*a[11]*a[12]^2*a[14] - 8*a[9]^3*a[11]*a[12]*a[13]*a[19] + 8*a[9]^3*a[11]*a[12]*a[13] - 4*a[9]^3*a[12]^2*a[13]*a[19] + 4*a[9]^3*a[12]^2*a[13] - 6*a[9]^2*a[10]^2*a[12]^2*a[14]*a[19] + 6*a[9]^2*a[10]^2*a[12]^2*a[14] - 12*a[9]^2*a[10]^2*a[12]*a[13]*a[19] + 12*a[9]^2*a[10]^2*a[12]*a[13] - 12*a[9]^2*a[10]*a[11]*a[12]^2*a[13]*a[19] + 12*a[9]^2*a[10]*a[11]*a[12]^2*a[13] - 4*a[9]*a[10]^3*a[12]^2*a[13]*a[19] + 4*a[9]*a[10]^3*a[12]^2*a[13] - 8*a[16]^7 - 28*a[16]^6*a[17]^2 - 56*a[16]^6*a[17]*a[18] - 56*a[16]^5*a[17]^3*a[18],
2*a[1]*a[2]*a[19] + 2*a[1]*a[3]*a[8]*a[19] + a[2]^2*a[8]*a[19] - 2*a[9]^4*a[12]*a[19] + 2*a[9]^4*a[12] - a[9]^4*a[15]*a[19] + a[9]^4*a[15] - 4*a[9]^3*a[10]*a[12]^2*a[19] + 4*a[9]^3*a[10]*a[12]^2 - 8*a[9]^3*a[10]*a[12]*a[15]*a[19] + 8*a[9]^3*a[10]*a[12]*a[15] - 4*a[9]^3*a[10]*a[14]*a[19] + 4*a[9]^3*a[10]*a[14] - 4*a[9]^3*a[11]*a[12]^2*a[15]*a[19] + 4*a[9]^3*a[11]*a[12]^2*a[15] - 8*a[9]^3*a[11]*a[12]*a[14]*a[19] + 8*a[9]^3*a[11]*a[12]*a[14] - 4*a[9]^3*a[11]*a[13]*a[19] + 4*a[9]^3*a[11]*a[13] - 4*a[9]^3*a[12]^2*a[14]*a[19] + 4*a[9]^3*a[12]^2*a[14] - 8*a[9]^3*a[12]*a[13]*a[19] + 8*a[9]^3*a[12]*a[13] - 6*a[9]^2*a[10]^2*a[12]^2*a[15]*a[19] + 6*a[9]^2*a[10]^2*a[12]^2*a[15] - 12*a[9]^2*a[10]^2*a[12]*a[14]*a[19] + 12*a[9]^2*a[10]^2*a[12]*a[14] - 6*a[9]^2*a[10]^2*a[13]*a[19] + 6*a[9]^2*a[10]^2*a[13] - 12*a[9]^2*a[10]*a[11]*a[12]^2*a[14]*a[19] + 12*a[9]^2*a[10]*a[11]*a[12]^2*a[14] - 24*a[9]^2*a[10]*a[11]*a[12]*a[13]*a[19] + 24*a[9]^2*a[10]*a[11]*a[12]*a[13] - 12*a[9]^2*a[10]*a[12]^2*a[13]*a[19] + 12*a[9]^2*a[10]*a[12]^2*a[13] - 6*a[9]^2*a[11]^2*a[12]^2*a[13]*a[19] + 6*a[9]^2*a[11]^2*a[12]^2*a[13] - 4*a[9]*a[10]^3*a[12]^2*a[14]*a[19] + 4*a[9]*a[10]^3*a[12]^2*a[14] - 8*a[9]*a[10]^3*a[12]*a[13]*a[19] + 8*a[9]*a[10]^3*a[12]*a[13] - 12*a[9]*a[10]^2*a[11]*a[12]^2*a[13]*a[19] + 12*a[9]*a[10]^2*a[11]*a[12]^2*a[13] - a[10]^4*a[12]^2*a[13]*a[19] + a[10]^4*a[12]^2*a[13] - 56*a[16]^6*a[17] - 28*a[16]^6*a[18] - 56*a[16]^5*a[17]^3 - 168*a[16]^5*a[17]^2*a[18] - 70*a[16]^4*a[17]^4*a[18],
2*a[1]*a[3]*a[19] + 2*a[1]*a[4]*a[8]*a[19] + a[2]^2*a[19] + 2*a[2]*a[3]*a[8]*a[19] - a[9]^4*a[19] + a[9]^4 - 8*a[9]^3*a[10]*a[12]*a[19] + 8*a[9]^3*a[10]*a[12] - 4*a[9]^3*a[10]*a[15]*a[19] + 4*a[9]^3*a[10]*a[15] - 4*a[9]^3*a[11]*a[12]^2*a[19] + 4*a[9]^3*a[11]*a[12]^2 - 8*a[9]^3*a[11]*a[12]*a[15]*a[19] + 8*a[9]^3*a[11]*a[12]*a[15] - 4*a[9]^3*a[11]*a[14]*a[19] + 4*a[9]^3*a[11]*a[14] - 4*a[9]^3*a[12]^2*a[15]*a[19] + 4*a[9]^3*a[12]^2*a[15] - 8*a[9]^3*a[12]*a[14]*a[19] + 8*a[9]^3*a[12]*a[14] - 4*a[9]^3*a[13]*a[19] + 4*a[9]^3*a[13] - 6*a[9]^2*a[10]^2*a[12]^2*a[19] + 6*a[9]^2*a[10]^2*a[12]^2 - 12*a[9]^2*a[10]^2*a[12]*a[15]*a[19] + 12*a[9]^2*a[10]^2*a[12]*a[15] - 6*a[9]^2*a[10]^2*a[14]*a[19] + 6*a[9]^2*a[10]^2*a[14] - 12*a[9]^2*a[10]*a[11]*a[12]^2*a[15]*a[19] + 12*a[9]^2*a[10]*a[11]*a[12]^2*a[15] - 24*a[9]^2*a[10]*a[11]*a[12]*a[14]*a[19] + 24*a[9]^2*a[10]*a[11]*a[12]*a[14] - 12*a[9]^2*a[10]*a[11]*a[13]*a[19] + 12*a[9]^2*a[10]*a[11]*a[13] - 12*a[9]^2*a[10]*a[12]^2*a[14]*a[19] + 12*a[9]^2*a[10]*a[12]^2*a[14] - 24*a[9]^2*a[10]*a[12]*a[13]*a[19] + 24*a[9]^2*a[10]*a[12]*a[13] - 6*a[9]^2*a[11]^2*a[12]^2*a[14]*a[19] + 6*a[9]^2*a[11]^2*a[12]^2*a[14] - 12*a[9]^2*a[11]^2*a[12]*a[13]*a[19] + 12*a[9]^2*a[11]^2*a[12]*a[13] - 12*a[9]^2*a[11]*a[12]^2*a[13]*a[19] + 12*a[9]^2*a[11]*a[12]^2*a[13] - 4*a[9]*a[10]^3*a[12]^2*a[15]*a[19] + 4*a[9]*a[10]^3*a[12]^2*a[15] - 8*a[9]*a[10]^3*a[12]*a[14]*a[19] + 8*a[9]*a[10]^3*a[12]*a[14] - 4*a[9]*a[10]^3*a[13]*a[19] + 4*a[9]*a[10]^3*a[13] - 12*a[9]*a[10]^2*a[11]*a[12]^2*a[14]*a[19] + 12*a[9]*a[10]^2*a[11]*a[12]^2*a[14] - 24*a[9]*a[10]^2*a[11]*a[12]*a[13]*a[19] + 24*a[9]*a[10]^2*a[11]*a[12]*a[13] - 12*a[9]*a[10]^2*a[12]^2*a[13]*a[19] + 12*a[9]*a[10]^2*a[12]^2*a[13] - 12*a[9]*a[10]*a[11]^2*a[12]^2*a[13]*a[19] + 12*a[9]*a[10]*a[11]^2*a[12]^2*a[13] - a[10]^4*a[12]^2*a[14]*a[19] + a[10]^4*a[12]^2*a[14] - 2*a[10]^4*a[12]*a[13]*a[19] + 2*a[10]^4*a[12]*a[13] - 4*a[10]^3*a[11]*a[12]^2*a[13]*a[19] + 4*a[10]^3*a[11]*a[12]^2*a[13] - 28*a[16]^6 - 168*a[16]^5*a[17]^2 - 168*a[16]^5*a[17]*a[18] - 70*a[16]^4*a[17]^4 - 280*a[16]^4*a[17]^3*a[18] - 56*a[16]^3*a[17]^5*a[18],
2*a[1]*a[4]*a[19] + 2*a[1]*a[5]*a[8]*a[19] + 2*a[2]*a[3]*a[19] + 2*a[2]*a[4]*a[8]*a[19] + a[3]^2*a[8]*a[19] - 4*a[9]^3*a[10]*a[19] + 4*a[9]^3*a[10] - 8*a[9]^3*a[11]*a[12]*a[19] + 8*a[9]^3*a[11]*a[12] - 4*a[9]^3*a[11]*a[15]*a[19] + 4*a[9]^3*a[11]*a[15] - 4*a[9]^3*a[12]^2*a[19] + 4*a[9]^3*a[12]^2 - 8*a[9]^3*a[12]*a[15]*a[19] + 8*a[9]^3*a[12]*a[15] - 4*a[9]^3*a[14]*a[19] + 4*a[9]^3*a[14] - 12*a[9]^2*a[10]^2*a[12]*a[19] + 12*a[9]^2*a[10]^2*a[12] - 6*a[9]^2*a[10]^2*a[15]*a[19] + 6*a[9]^2*a[10]^2*a[15] - 12*a[9]^2*a[10]*a[11]*a[12]^2*a[19] + 12*a[9]^2*a[10]*a[11]*a[12]^2 - 24*a[9]^2*a[10]*a[11]*a[12]*a[15]*a[19] + 24*a[9]^2*a[10]*a[11]*a[12]*a[15] - 12*a[9]^2*a[10]*a[11]*a[14]*a[19] + 12*a[9]^2*a[10]*a[11]*a[14] - 12*a[9]^2*a[10]*a[12]^2*a[15]*a[19] + 12*a[9]^2*a[10]*a[12]^2*a[15] - 24*a[9]^2*a[10]*a[12]*a[14]*a[19] + 24*a[9]^2*a[10]*a[12]*a[14] - 12*a[9]^2*a[10]*a[13]*a[19] + 12*a[9]^2*a[10]*a[13] - 6*a[9]^2*a[11]^2*a[12]^2*a[15]*a[19] + 6*a[9]^2*a[11]^2*a[12]^2*a[15] - 12*a[9]^2*a[11]^2*a[12]*a[14]*a[19] + 12*a[9]^2*a[11]^2*a[12]*a[14] - 6*a[9]^2*a[11]^2*a[13]*a[19] + 6*a[9]^2*a[11]^2*a[13] - 12*a[9]^2*a[11]*a[12]^2*a[14]*a[19] + 12*a[9]^2*a[11]*a[12]^2*a[14] - 24*a[9]^2*a[11]*a[12]*a[13]*a[19] + 24*a[9]^2*a[11]*a[12]*a[13] - 6*a[9]^2*a[12]^2*a[13]*a[19] + 6*a[9]^2*a[12]^2*a[13] - 4*a[9]*a[10]^3*a[12]^2*a[19] + 4*a[9]*a[10]^3*a[12]^2 - 8*a[9]*a[10]^3*a[12]*a[15]*a[19] + 8*a[9]*a[10]^3*a[12]*a[15] - 4*a[9]*a[10]^3*a[14]*a[19] + 4*a[9]*a[10]^3*a[14] - 12*a[9]*a[10]^2*a[11]*a[12]^2*a[15]*a[19] + 12*a[9]*a[10]^2*a[11]*a[12]^2*a[15] - 24*a[9]*a[10]^2*a[11]*a[12]*a[14]*a[19] + 24*a[9]*a[10]^2*a[11]*a[12]*a[14] - 12*a[9]*a[10]^2*a[11]*a[13]*a[19] + 12*a[9]*a[10]^2*a[11]*a[13] - 12*a[9]*a[10]^2*a[12]^2*a[14]*a[19] + 12*a[9]*a[10]^2*a[12]^2*a[14] - 24*a[9]*a[10]^2*a[12]*a[13]*a[19] + 24*a[9]*a[10]^2*a[12]*a[13] - 12*a[9]*a[10]*a[11]^2*a[12]^2*a[14]*a[19] + 12*a[9]*a[10]*a[11]^2*a[12]^2*a[14] - 24*a[9]*a[10]*a[11]^2*a[12]*a[13]*a[19] + 24*a[9]*a[10]*a[11]^2*a[12]*a[13] - 24*a[9]*a[10]*a[11]*a[12]^2*a[13]*a[19] + 24*a[9]*a[10]*a[11]*a[12]^2*a[13] - 4*a[9]*a[11]^3*a[12]^2*a[13]*a[19] + 4*a[9]*a[11]^3*a[12]^2*a[13] - a[10]^4*a[12]^2*a[15]*a[19] + a[10]^4*a[12]^2*a[15] - 2*a[10]^4*a[12]*a[14]*a[19] + 2*a[10]^4*a[12]*a[14] - a[10]^4*a[13]*a[19] + a[10]^4*a[13] - 4*a[10]^3*a[11]*a[12]^2*a[14]*a[19] + 4*a[10]^3*a[11]*a[12]^2*a[14] - 8*a[10]^3*a[11]*a[12]*a[13]*a[19] + 8*a[10]^3*a[11]*a[12]*a[13] - 4*a[10]^3*a[12]^2*a[13]*a[19] + 4*a[10]^3*a[12]^2*a[13] - 6*a[10]^2*a[11]^2*a[12]^2*a[13]*a[19] + 6*a[10]^2*a[11]^2*a[12]^2*a[13] - 168*a[16]^5*a[17] - 56*a[16]^5*a[18] - 280*a[16]^4*a[17]^3 - 420*a[16]^4*a[17]^2*a[18] - 56*a[16]^3*a[17]^5 - 280*a[16]^3*a[17]^4*a[18] - 28*a[16]^2*a[17]^6*a[18],
2*a[1]*a[5]*a[19] + 2*a[1]*a[6]*a[8]*a[19] + 2*a[2]*a[4]*a[19] + 2*a[2]*a[5]*a[8]*a[19] + a[3]^2*a[19] + 2*a[3]*a[4]*a[8]*a[19] - 4*a[9]^3*a[11]*a[19] + 4*a[9]^3*a[11] - 8*a[9]^3*a[12]*a[19] + 8*a[9]^3*a[12] - 4*a[9]^3*a[15]*a[19] + 4*a[9]^3*a[15] - 6*a[9]^2*a[10]^2*a[19] + 6*a[9]^2*a[10]^2 - 24*a[9]^2*a[10]*a[11]*a[12]*a[19] + 24*a[9]^2*a[10]*a[11]*a[12] - 12*a[9]^2*a[10]*a[11]*a[15]*a[19] + 12*a[9]^2*a[10]*a[11]*a[15] - 12*a[9]^2*a[10]*a[12]^2*a[19] + 12*a[9]^2*a[10]*a[12]^2 - 24*a[9]^2*a[10]*a[12]*a[15]*a[19] + 24*a[9]^2*a[10]*a[12]*a[15] - 12*a[9]^2*a[10]*a[14]*a[19] + 12*a[9]^2*a[10]*a[14] - 6*a[9]^2*a[11]^2*a[12]^2*a[19] + 6*a[9]^2*a[11]^2*a[12]^2 - 12*a[9]^2*a[11]^2*a[12]*a[15]*a[19] + 12*a[9]^2*a[11]^2*a[12]*a[15] - 6*a[9]^2*a[11]^2*a[14]*a[19] + 6*a[9]^2*a[11]^2*a[14] - 12*a[9]^2*a[11]*a[12]^2*a[15]*a[19] + 12*a[9]^2*a[11]*a[12]^2*a[15] - 24*a[9]^2*a[11]*a[12]*a[14]*a[19] + 24*a[9]^2*a[11]*a[12]*a[14] - 12*a[9]^2*a[11]*a[13]*a[19] + 12*a[9]^2*a[11]*a[13] - 6*a[9]^2*a[12]^2*a[14]*a[19] + 6*a[9]^2*a[12]^2*a[14] - 12*a[9]^2*a[12]*a[13]*a[19] + 12*a[9]^2*a[12]*a[13] - 8*a[9]*a[10]^3*a[12]*a[19] + 8*a[9]*a[10]^3*a[12] - 4*a[9]*a[10]^3*a[15]*a[19] + 4*a[9]*a[10]^3*a[15] - 12*a[9]*a[10]^2*a[11]*a[12]^2*a[19] + 12*a[9]*a[10]^2*a[11]*a[12]^2 - 24*a[9]*a[10]^2*a[11]*a[12]*a[15]*a[19] + 24*a[9]*a[10]^2*a[11]*a[12]*a[15] - 12*a[9]*a[10]^2*a[11]*a[14]*a[19] + 12*a[9]*a[10]^2*a[11]*a[14] - 12*a[9]*a[10]^2*a[12]^2*a[15]*a[19] + 12*a[9]*a[10]^2*a[12]^2*a[15] - 24*a[9]*a[10]^2*a[12]*a[14]*a[19] + 24*a[9]*a[10]^2*a[12]*a[14] - 12*a[9]*a[10]^2*a[13]*a[19] + 12*a[9]*a[10]^2*a[13] - 12*a[9]*a[10]*a[11]^2*a[12]^2*a[15]*a[19] + 12*a[9]*a[10]*a[11]^2*a[12]^2*a[15] - 24*a[9]*a[10]*a[11]^2*a[12]*a[14]*a[19] + 24*a[9]*a[10]*a[11]^2*a[12]*a[14] - 12*a[9]*a[10]*a[11]^2*a[13]*a[19] + 12*a[9]*a[10]*a[11]^2*a[13] - 24*a[9]*a[10]*a[11]*a[12]^2*a[14]*a[19] + 24*a[9]*a[10]*a[11]*a[12]^2*a[14] - 48*a[9]*a[10]*a[11]*a[12]*a[13]*a[19] + 48*a[9]*a[10]*a[11]*a[12]*a[13] - 12*a[9]*a[10]*a[12]^2*a[13]*a[19] + 12*a[9]*a[10]*a[12]^2*a[13] - 4*a[9]*a[11]^3*a[12]^2*a[14]*a[19] + 4*a[9]*a[11]^3*a[12]^2*a[14] - 8*a[9]*a[11]^3*a[12]*a[13]*a[19] + 8*a[9]*a[11]^3*a[12]*a[13] - 12*a[9]*a[11]^2*a[12]^2*a[13]*a[19] + 12*a[9]*a[11]^2*a[12]^2*a[13] - a[10]^4*a[12]^2*a[19] + a[10]^4*a[12]^2 - 2*a[10]^4*a[12]*a[15]*a[19] + 2*a[10]^4*a[12]*a[15] - a[10]^4*a[14]*a[19] + a[10]^4*a[14] - 4*a[10]^3*a[11]*a[12]^2*a[15]*a[19] + 4*a[10]^3*a[11]*a[12]^2*a[15] - 8*a[10]^3*a[11]*a[12]*a[14]*a[19] + 8*a[10]^3*a[11]*a[12]*a[14] - 4*a[10]^3*a[11]*a[13]*a[19] + 4*a[10]^3*a[11]*a[13] - 4*a[10]^3*a[12]^2*a[14]*a[19] + 4*a[10]^3*a[12]^2*a[14] - 8*a[10]^3*a[12]*a[13]*a[19] + 8*a[10]^3*a[12]*a[13] - 6*a[10]^2*a[11]^2*a[12]^2*a[14]*a[19] + 6*a[10]^2*a[11]^2*a[12]^2*a[14] - 12*a[10]^2*a[11]^2*a[12]*a[13]*a[19] + 12*a[10]^2*a[11]^2*a[12]*a[13] - 12*a[10]^2*a[11]*a[12]^2*a[13]*a[19] + 12*a[10]^2*a[11]*a[12]^2*a[13] - 4*a[10]*a[11]^3*a[12]^2*a[13]*a[19] + 4*a[10]*a[11]^3*a[12]^2*a[13] - 56*a[16]^5 - 420*a[16]^4*a[17]^2 - 280*a[16]^4*a[17]*a[18] - 280*a[16]^3*a[17]^4 - 560*a[16]^3*a[17]^3*a[18] - 28*a[16]^2*a[17]^6 - 168*a[16]^2*a[17]^5*a[18] - 8*a[16]*a[17]^7*a[18],
2*a[1]*a[6]*a[19] + 2*a[1]*a[7]*a[8]*a[19] + 2*a[2]*a[5]*a[19] + 2*a[2]*a[6]*a[8]*a[19] + 2*a[3]*a[4]*a[19] + 2*a[3]*a[5]*a[8]*a[19] + a[4]^2*a[8]*a[19] - 4*a[9]^3*a[19] + 4*a[9]^3 - 12*a[9]^2*a[10]*a[11]*a[19] + 12*a[9]^2*a[10]*a[11] - 24*a[9]^2*a[10]*a[12]*a[19] + 24*a[9]^2*a[10]*a[12] - 12*a[9]^2*a[10]*a[15]*a[19] + 12*a[9]^2*a[10]*a[15] - 12*a[9]^2*a[11]^2*a[12]*a[19] + 12*a[9]^2*a[11]^2*a[12] - 6*a[9]^2*a[11]^2*a[15]*a[19] + 6*a[9]^2*a[11]^2*a[15] - 12*a[9]^2*a[11]*a[12]^2*a[19] + 12*a[9]^2*a[11]*a[12]^2 - 24*a[9]^2*a[11]*a[12]*a[15]*a[19] + 24*a[9]^2*a[11]*a[12]*a[15] - 12*a[9]^2*a[11]*a[14]*a[19] + 12*a[9]^2*a[11]*a[14] - 6*a[9]^2*a[12]^2*a[15]*a[19] + 6*a[9]^2*a[12]^2*a[15] - 12*a[9]^2*a[12]*a[14]*a[19] + 12*a[9]^2*a[12]*a[14] - 6*a[9]^2*a[13]*a[19] + 6*a[9]^2*a[13] - 4*a[9]*a[10]^3*a[19] + 4*a[9]*a[10]^3 - 24*a[9]*a[10]^2*a[11]*a[12]*a[19] + 24*a[9]*a[10]^2*a[11]*a[12] - 12*a[9]*a[10]^2*a[11]*a[15]*a[19] + 12*a[9]*a[10]^2*a[11]*a[15] - 12*a[9]*a[10]^2*a[12]^2*a[19] + 12*a[9]*a[10]^2*a[12]^2 - 24*a[9]*a[10]^2*a[12]*a[15]*a[19] + 24*a[9]*a[10]^2*a[12]*a[15] - 12*a[9]*a[10]^2*a[14]*a[19] + 12*a[9]*a[10]^2*a[14] - 12*a[9]*a[10]*a[11]^2*a[12]^2*a[19] + 12*a[9]*a[10]*a[11]^2*a[12]^2 - 24*a[9]*a[10]*a[11]^2*a[12]*a[15]*a[19] + 24*a[9]*a[10]*a[11]^2*a[12]*a[15] - 12*a[9]*a[10]*a[11]^2*a[14]*a[19] + 12*a[9]*a[10]*a[11]^2*a[14] - 24*a[9]*a[10]*a[11]*a[12]^2*a[15]*a[19] + 24*a[9]*a[10]*a[11]*a[12]^2*a[15] - 48*a[9]*a[10]*a[11]*a[12]*a[14]*a[19] + 48*a[9]*a[10]*a[11]*a[12]*a[14] - 24*a[9]*a[10]*a[11]*a[13]*a[19] + 24*a[9]*a[10]*a[11]*a[13] - 12*a[9]*a[10]*a[12]^2*a[14]*a[19] + 12*a[9]*a[10]*a[12]^2*a[14] - 24*a[9]*a[10]*a[12]*a[13]*a[19] + 24*a[9]*a[10]*a[12]*a[13] - 4*a[9]*a[11]^3*a[12]^2*a[15]*a[19] + 4*a[9]*a[11]^3*a[12]^2*a[15] - 8*a[9]*a[11]^3*a[12]*a[14]*a[19] + 8*a[9]*a[11]^3*a[12]*a[14] - 4*a[9]*a[11]^3*a[13]*a[19] + 4*a[9]*a[11]^3*a[13] - 12*a[9]*a[11]^2*a[12]^2*a[14]*a[19] + 12*a[9]*a[11]^2*a[12]^2*a[14] - 24*a[9]*a[11]^2*a[12]*a[13]*a[19] + 24*a[9]*a[11]^2*a[12]*a[13] - 12*a[9]*a[11]*a[12]^2*a[13]*a[19] + 12*a[9]*a[11]*a[12]^2*a[13] - 2*a[10]^4*a[12]*a[19] + 2*a[10]^4*a[12] - a[10]^4*a[15]*a[19] + a[10]^4*a[15] - 4*a[10]^3*a[11]*a[12]^2*a[19] + 4*a[10]^3*a[11]*a[12]^2 - 8*a[10]^3*a[11]*a[12]*a[15]*a[19] + 8*a[10]^3*a[11]*a[12]*a[15] - 4*a[10]^3*a[11]*a[14]*a[19] + 4*a[10]^3*a[11]*a[14] - 4*a[10]^3*a[12]^2*a[15]*a[19] + 4*a[10]^3*a[12]^2*a[15] - 8*a[10]^3*a[12]*a[14]*a[19] + 8*a[10]^3*a[12]*a[14] - 4*a[10]^3*a[13]*a[19] + 4*a[10]^3*a[13] - 6*a[10]^2*a[11]^2*a[12]^2*a[15]*a[19] + 6*a[10]^2*a[11]^2*a[12]^2*a[15] - 12*a[10]^2*a[11]^2*a[12]*a[14]*a[19] + 12*a[10]^2*a[11]^2*a[12]*a[14] - 6*a[10]^2*a[11]^2*a[13]*a[19] + 6*a[10]^2*a[11]^2*a[13] - 12*a[10]^2*a[11]*a[12]^2*a[14]*a[19] + 12*a[10]^2*a[11]*a[12]^2*a[14] - 24*a[10]^2*a[11]*a[12]*a[13]*a[19] + 24*a[10]^2*a[11]*a[12]*a[13] - 6*a[10]^2*a[12]^2*a[13]*a[19] + 6*a[10]^2*a[12]^2*a[13] - 4*a[10]*a[11]^3*a[12]^2*a[14]*a[19] + 4*a[10]*a[11]^3*a[12]^2*a[14] - 8*a[10]*a[11]^3*a[12]*a[13]*a[19] + 8*a[10]*a[11]^3*a[12]*a[13] - 12*a[10]*a[11]^2*a[12]^2*a[13]*a[19] + 12*a[10]*a[11]^2*a[12]^2*a[13] - a[11]^4*a[12]^2*a[13]*a[19] + a[11]^4*a[12]^2*a[13] - 280*a[16]^4*a[17] - 70*a[16]^4*a[18] - 560*a[16]^3*a[17]^3 - 560*a[16]^3*a[17]^2*a[18] - 168*a[16]^2*a[17]^5 - 420*a[16]^2*a[17]^4*a[18] - 8*a[16]*a[17]^7 - 56*a[16]*a[17]^6*a[18] - a[17]^8*a[18],
2*a[1]*a[7]*a[19] + 2*a[1]*a[8]*a[19] + 2*a[2]*a[6]*a[19] + 2*a[2]*a[7]*a[8]*a[19] + 2*a[3]*a[5]*a[19] + 2*a[3]*a[6]*a[8]*a[19] + a[4]^2*a[19] + 2*a[4]*a[5]*a[8]*a[19] - 12*a[9]^2*a[10]*a[19] + 12*a[9]^2*a[10] - 6*a[9]^2*a[11]^2*a[19] + 6*a[9]^2*a[11]^2 - 24*a[9]^2*a[11]*a[12]*a[19] + 24*a[9]^2*a[11]*a[12] - 12*a[9]^2*a[11]*a[15]*a[19] + 12*a[9]^2*a[11]*a[15] - 6*a[9]^2*a[12]^2*a[19] + 6*a[9]^2*a[12]^2 - 12*a[9]^2*a[12]*a[15]*a[19] + 12*a[9]^2*a[12]*a[15] - 6*a[9]^2*a[14]*a[19] + 6*a[9]^2*a[14] - 12*a[9]*a[10]^2*a[11]*a[19] + 12*a[9]*a[10]^2*a[11] - 24*a[9]*a[10]^2*a[12]*a[19] + 24*a[9]*a[10]^2*a[12] - 12*a[9]*a[10]^2*a[15]*a[19] + 12*a[9]*a[10]^2*a[15] - 24*a[9]*a[10]*a[11]^2*a[12]*a[19] + 24*a[9]*a[10]*a[11]^2*a[12] - 12*a[9]*a[10]*a[11]^2*a[15]*a[19] + 12*a[9]*a[10]*a[11]^2*a[15] - 24*a[9]*a[10]*a[11]*a[12]^2*a[19] + 24*a[9]*a[10]*a[11]*a[12]^2 - 48*a[9]*a[10]*a[11]*a[12]*a[15]*a[19] + 48*a[9]*a[10]*a[11]*a[12]*a[15] - 24*a[9]*a[10]*a[11]*a[14]*a[19] + 24*a[9]*a[10]*a[11]*a[14] - 12*a[9]*a[10]*a[12]^2*a[15]*a[19] + 12*a[9]*a[10]*a[12]^2*a[15] - 24*a[9]*a[10]*a[12]*a[14]*a[19] + 24*a[9]*a[10]*a[12]*a[14] - 12*a[9]*a[10]*a[13]*a[19] + 12*a[9]*a[10]*a[13] - 4*a[9]*a[11]^3*a[12]^2*a[19] + 4*a[9]*a[11]^3*a[12]^2 - 8*a[9]*a[11]^3*a[12]*a[15]*a[19] + 8*a[9]*a[11]^3*a[12]*a[15] - 4*a[9]*a[11]^3*a[14]*a[19] + 4*a[9]*a[11]^3*a[14] - 12*a[9]*a[11]^2*a[12]^2*a[15]*a[19] + 12*a[9]*a[11]^2*a[12]^2*a[15] - 24*a[9]*a[11]^2*a[12]*a[14]*a[19] + 24*a[9]*a[11]^2*a[12]*a[14] - 12*a[9]*a[11]^2*a[13]*a[19] + 12*a[9]*a[11]^2*a[13] - 12*a[9]*a[11]*a[12]^2*a[14]*a[19] + 12*a[9]*a[11]*a[12]^2*a[14] - 24*a[9]*a[11]*a[12]*a[13]*a[19] + 24*a[9]*a[11]*a[12]*a[13] - 4*a[9]*a[12]^2*a[13]*a[19] + 4*a[9]*a[12]^2*a[13] - a[10]^4*a[19] + a[10]^4 - 8*a[10]^3*a[11]*a[12]*a[19] + 8*a[10]^3*a[11]*a[12] - 4*a[10]^3*a[11]*a[15]*a[19] + 4*a[10]^3*a[11]*a[15] - 4*a[10]^3*a[12]^2*a[19] + 4*a[10]^3*a[12]^2 - 8*a[10]^3*a[12]*a[15]*a[19] + 8*a[10]^3*a[12]*a[15] - 4*a[10]^3*a[14]*a[19] + 4*a[10]^3*a[14] - 6*a[10]^2*a[11]^2*a[12]^2*a[19] + 6*a[10]^2*a[11]^2*a[12]^2 - 12*a[10]^2*a[11]^2*a[12]*a[15]*a[19] + 12*a[10]^2*a[11]^2*a[12]*a[15] - 6*a[10]^2*a[11]^2*a[14]*a[19] + 6*a[10]^2*a[11]^2*a[14] - 12*a[10]^2*a[11]*a[12]^2*a[15]*a[19] + 12*a[10]^2*a[11]*a[12]^2*a[15] - 24*a[10]^2*a[11]*a[12]*a[14]*a[19] + 24*a[10]^2*a[11]*a[12]*a[14] - 12*a[10]^2*a[11]*a[13]*a[19] + 12*a[10]^2*a[11]*a[13] - 6*a[10]^2*a[12]^2*a[14]*a[19] + 6*a[10]^2*a[12]^2*a[14] - 12*a[10]^2*a[12]*a[13]*a[19] + 12*a[10]^2*a[12]*a[13] - 4*a[10]*a[11]^3*a[12]^2*a[15]*a[19] + 4*a[10]*a[11]^3*a[12]^2*a[15] - 8*a[10]*a[11]^3*a[12]*a[14]*a[19] + 8*a[10]*a[11]^3*a[12]*a[14] - 4*a[10]*a[11]^3*a[13]*a[19] + 4*a[10]*a[11]^3*a[13] - 12*a[10]*a[11]^2*a[12]^2*a[14]*a[19] + 12*a[10]*a[11]^2*a[12]^2*a[14] - 24*a[10]*a[11]^2*a[12]*a[13]*a[19] + 24*a[10]*a[11]^2*a[12]*a[13] - 12*a[10]*a[11]*a[12]^2*a[13]*a[19] + 12*a[10]*a[11]*a[12]^2*a[13] - a[11]^4*a[12]^2*a[14]*a[19] + a[11]^4*a[12]^2*a[14] - 2*a[11]^4*a[12]*a[13]*a[19] + 2*a[11]^4*a[12]*a[13] - 4*a[11]^3*a[12]^2*a[13]*a[19] + 4*a[11]^3*a[12]^2*a[13] - 70*a[16]^4 - 560*a[16]^3*a[17]^2 - 280*a[16]^3*a[17]*a[18] - 420*a[16]^2*a[17]^4 - 560*a[16]^2*a[17]^3*a[18] - 56*a[16]*a[17]^6 - 168*a[16]*a[17]^5*a[18] - a[17]^8 - 8*a[17]^7*a[18],
2*a[1]*a[19] + 2*a[2]*a[7]*a[19] + 2*a[2]*a[8]*a[19] + 2*a[3]*a[6]*a[19] + 2*a[3]*a[7]*a[8]*a[19] + 2*a[4]*a[5]*a[19] + 2*a[4]*a[6]*a[8]*a[19] + a[5]^2*a[8]*a[19] - 12*a[9]^2*a[11]*a[19] + 12*a[9]^2*a[11] - 12*a[9]^2*a[12]*a[19] + 12*a[9]^2*a[12] - 6*a[9]^2*a[15]*a[19] + 6*a[9]^2*a[15] - 12*a[9]*a[10]^2*a[19] + 12*a[9]*a[10]^2 - 12*a[9]*a[10]*a[11]^2*a[19] + 12*a[9]*a[10]*a[11]^2 - 48*a[9]*a[10]*a[11]*a[12]*a[19] + 48*a[9]*a[10]*a[11]*a[12] - 24*a[9]*a[10]*a[11]*a[15]*a[19] + 24*a[9]*a[10]*a[11]*a[15] - 12*a[9]*a[10]*a[12]^2*a[19] + 12*a[9]*a[10]*a[12]^2 - 24*a[9]*a[10]*a[12]*a[15]*a[19] + 24*a[9]*a[10]*a[12]*a[15] - 12*a[9]*a[10]*a[14]*a[19] + 12*a[9]*a[10]*a[14] - 8*a[9]*a[11]^3*a[12]*a[19] + 8*a[9]*a[11]^3*a[12] - 4*a[9]*a[11]^3*a[15]*a[19] + 4*a[9]*a[11]^3*a[15] - 12*a[9]*a[11]^2*a[12]^2*a[19] + 12*a[9]*a[11]^2*a[12]^2 - 24*a[9]*a[11]^2*a[12]*a[15]*a[19] + 24*a[9]*a[11]^2*a[12]*a[15] - 12*a[9]*a[11]^2*a[14]*a[19] + 12*a[9]*a[11]^2*a[14] - 12*a[9]*a[11]*a[12]^2*a[15]*a[19] + 12*a[9]*a[11]*a[12]^2*a[15] - 24*a[9]*a[11]*a[12]*a[14]*a[19] + 24*a[9]*a[11]*a[12]*a[14] - 12*a[9]*a[11]*a[13]*a[19] + 12*a[9]*a[11]*a[13] - 4*a[9]*a[12]^2*a[14]*a[19] + 4*a[9]*a[12]^2*a[14] - 8*a[9]*a[12]*a[13]*a[19] + 8*a[9]*a[12]*a[13] - 4*a[10]^3*a[11]*a[19] + 4*a[10]^3*a[11] - 8*a[10]^3*a[12]*a[19] + 8*a[10]^3*a[12] - 4*a[10]^3*a[15]*a[19] + 4*a[10]^3*a[15] - 12*a[10]^2*a[11]^2*a[12]*a[19] + 12*a[10]^2*a[11]^2*a[12] - 6*a[10]^2*a[11]^2*a[15]*a[19] + 6*a[10]^2*a[11]^2*a[15] - 12*a[10]^2*a[11]*a[12]^2*a[19] + 12*a[10]^2*a[11]*a[12]^2 - 24*a[10]^2*a[11]*a[12]*a[15]*a[19] + 24*a[10]^2*a[11]*a[12]*a[15] - 12*a[10]^2*a[11]*a[14]*a[19] + 12*a[10]^2*a[11]*a[14] - 6*a[10]^2*a[12]^2*a[15]*a[19] + 6*a[10]^2*a[12]^2*a[15] - 12*a[10]^2*a[12]*a[14]*a[19] + 12*a[10]^2*a[12]*a[14] - 6*a[10]^2*a[13]*a[19] + 6*a[10]^2*a[13] - 4*a[10]*a[11]^3*a[12]^2*a[19] + 4*a[10]*a[11]^3*a[12]^2 - 8*a[10]*a[11]^3*a[12]*a[15]*a[19] + 8*a[10]*a[11]^3*a[12]*a[15] - 4*a[10]*a[11]^3*a[14]*a[19] + 4*a[10]*a[11]^3*a[14] - 12*a[10]*a[11]^2*a[12]^2*a[15]*a[19] + 12*a[10]*a[11]^2*a[12]^2*a[15] - 24*a[10]*a[11]^2*a[12]*a[14]*a[19] + 24*a[10]*a[11]^2*a[12]*a[14] - 12*a[10]*a[11]^2*a[13]*a[19] + 12*a[10]*a[11]^2*a[13] - 12*a[10]*a[11]*a[12]^2*a[14]*a[19] + 12*a[10]*a[11]*a[12]^2*a[14] - 24*a[10]*a[11]*a[12]*a[13]*a[19] + 24*a[10]*a[11]*a[12]*a[13] - 4*a[10]*a[12]^2*a[13]*a[19] + 4*a[10]*a[12]^2*a[13] - a[11]^4*a[12]^2*a[15]*a[19] + a[11]^4*a[12]^2*a[15] - 2*a[11]^4*a[12]*a[14]*a[19] + 2*a[11]^4*a[12]*a[14] - a[11]^4*a[13]*a[19] + a[11]^4*a[13] - 4*a[11]^3*a[12]^2*a[14]*a[19] + 4*a[11]^3*a[12]^2*a[14] - 8*a[11]^3*a[12]*a[13]*a[19] + 8*a[11]^3*a[12]*a[13] - 6*a[11]^2*a[12]^2*a[13]*a[19] + 6*a[11]^2*a[12]^2*a[13] - 280*a[16]^3*a[17] - 56*a[16]^3*a[18] - 560*a[16]^2*a[17]^3 - 420*a[16]^2*a[17]^2*a[18] - 168*a[16]*a[17]^5 - 280*a[16]*a[17]^4*a[18] - 8*a[17]^7 - 28*a[17]^6*a[18],
2*a[2]*a[19] + 2*a[3]*a[7]*a[19] + 2*a[3]*a[8]*a[19] + 2*a[4]*a[6]*a[19] + 2*a[4]*a[7]*a[8]*a[19] + a[5]^2*a[19] + 2*a[5]*a[6]*a[8]*a[19] - 6*a[9]^2*a[19] + 6*a[9]^2 - 24*a[9]*a[10]*a[11]*a[19] + 24*a[9]*a[10]*a[11] - 24*a[9]*a[10]*a[12]*a[19] + 24*a[9]*a[10]*a[12] - 12*a[9]*a[10]*a[15]*a[19] + 12*a[9]*a[10]*a[15] - 4*a[9]*a[11]^3*a[19] + 4*a[9]*a[11]^3 - 24*a[9]*a[11]^2*a[12]*a[19] + 24*a[9]*a[11]^2*a[12] - 12*a[9]*a[11]^2*a[15]*a[19] + 12*a[9]*a[11]^2*a[15] - 12*a[9]*a[11]*a[12]^2*a[19] + 12*a[9]*a[11]*a[12]^2 - 24*a[9]*a[11]*a[12]*a[15]*a[19] + 24*a[9]*a[11]*a[12]*a[15] - 12*a[9]*a[11]*a[14]*a[19] + 12*a[9]*a[11]*a[14] - 4*a[9]*a[12]^2*a[15]*a[19] + 4*a[9]*a[12]^2*a[15] - 8*a[9]*a[12]*a[14]*a[19] + 8*a[9]*a[12]*a[14] - 4*a[9]*a[13]*a[19] + 4*a[9]*a[13] - 4*a[10]^3*a[19] + 4*a[10]^3 - 6*a[10]^2*a[11]^2*a[19] + 6*a[10]^2*a[11]^2 - 24*a[10]^2*a[11]*a[12]*a[19] + 24*a[10]^2*a[11]*a[12] - 12*a[10]^2*a[11]*a[15]*a[19] + 12*a[10]^2*a[11]*a[15] - 6*a[10]^2*a[12]^2*a[19] + 6*a[10]^2*a[12]^2 - 12*a[10]^2*a[12]*a[15]*a[19] + 12*a[10]^2*a[12]*a[15] - 6*a[10]^2*a[14]*a[19] + 6*a[10]^2*a[14] - 8*a[10]*a[11]^3*a[12]*a[19] + 8*a[10]*a[11]^3*a[12] - 4*a[10]*a[11]^3*a[15]*a[19] + 4*a[10]*a[11]^3*a[15] - 12*a[10]*a[11]^2*a[12]^2*a[19] + 12*a[10]*a[11]^2*a[12]^2 - 24*a[10]*a[11]^2*a[12]*a[15]*a[19] + 24*a[10]*a[11]^2*a[12]*a[15] - 12*a[10]*a[11]^2*a[14]*a[19] + 12*a[10]*a[11]^2*a[14] - 12*a[10]*a[11]*a[12]^2*a[15]*a[19] + 12*a[10]*a[11]*a[12]^2*a[15] - 24*a[10]*a[11]*a[12]*a[14]*a[19] + 24*a[10]*a[11]*a[12]*a[14] - 12*a[10]*a[11]*a[13]*a[19] + 12*a[10]*a[11]*a[13] - 4*a[10]*a[12]^2*a[14]*a[19] + 4*a[10]*a[12]^2*a[14] - 8*a[10]*a[12]*a[13]*a[19] + 8*a[10]*a[12]*a[13] - a[11]^4*a[12]^2*a[19] + a[11]^4*a[12]^2 - 2*a[11]^4*a[12]*a[15]*a[19] + 2*a[11]^4*a[12]*a[15] - a[11]^4*a[14]*a[19] + a[11]^4*a[14] - 4*a[11]^3*a[12]^2*a[15]*a[19] + 4*a[11]^3*a[12]^2*a[15] - 8*a[11]^3*a[12]*a[14]*a[19] + 8*a[11]^3*a[12]*a[14] - 4*a[11]^3*a[13]*a[19] + 4*a[11]^3*a[13] - 6*a[11]^2*a[12]^2*a[14]*a[19] + 6*a[11]^2*a[12]^2*a[14] - 12*a[11]^2*a[12]*a[13]*a[19] + 12*a[11]^2*a[12]*a[13] - 4*a[11]*a[12]^2*a[13]*a[19] + 4*a[11]*a[12]^2*a[13] - 56*a[16]^3 - 420*a[16]^2*a[17]^2 - 168*a[16]^2*a[17]*a[18] - 280*a[16]*a[17]^4 - 280*a[16]*a[17]^3*a[18] - 28*a[17]^6 - 56*a[17]^5*a[18],
2*a[3]*a[19] + 2*a[4]*a[7]*a[19] + 2*a[4]*a[8]*a[19] + 2*a[5]*a[6]*a[19] + 2*a[5]*a[7]*a[8]*a[19] + a[6]^2*a[8]*a[19] - 12*a[9]*a[10]*a[19] + 12*a[9]*a[10] - 12*a[9]*a[11]^2*a[19] + 12*a[9]*a[11]^2 - 24*a[9]*a[11]*a[12]*a[19] + 24*a[9]*a[11]*a[12] - 12*a[9]*a[11]*a[15]*a[19] + 12*a[9]*a[11]*a[15] - 4*a[9]*a[12]^2*a[19] + 4*a[9]*a[12]^2 - 8*a[9]*a[12]*a[15]*a[19] + 8*a[9]*a[12]*a[15] - 4*a[9]*a[14]*a[19] + 4*a[9]*a[14] - 12*a[10]^2*a[11]*a[19] + 12*a[10]^2*a[11] - 12*a[10]^2*a[12]*a[19] + 12*a[10]^2*a[12] - 6*a[10]^2*a[15]*a[19] + 6*a[10]^2*a[15] - 4*a[10]*a[11]^3*a[19] + 4*a[10]*a[11]^3 - 24*a[10]*a[11]^2*a[12]*a[19] + 24*a[10]*a[11]^2*a[12] - 12*a[10]*a[11]^2*a[15]*a[19] + 12*a[10]*a[11]^2*a[15] - 12*a[10]*a[11]*a[12]^2*a[19] + 12*a[10]*a[11]*a[12]^2 - 24*a[10]*a[11]*a[12]*a[15]*a[19] + 24*a[10]*a[11]*a[12]*a[15] - 12*a[10]*a[11]*a[14]*a[19] + 12*a[10]*a[11]*a[14] - 4*a[10]*a[12]^2*a[15]*a[19] + 4*a[10]*a[12]^2*a[15] - 8*a[10]*a[12]*a[14]*a[19] + 8*a[10]*a[12]*a[14] - 4*a[10]*a[13]*a[19] + 4*a[10]*a[13] - 2*a[11]^4*a[12]*a[19] + 2*a[11]^4*a[12] - a[11]^4*a[15]*a[19] + a[11]^4*a[15] - 4*a[11]^3*a[12]^2*a[19] + 4*a[11]^3*a[12]^2 - 8*a[11]^3*a[12]*a[15]*a[19] + 8*a[11]^3*a[12]*a[15] - 4*a[11]^3*a[14]*a[19] + 4*a[11]^3*a[14] - 6*a[11]^2*a[12]^2*a[15]*a[19] + 6*a[11]^2*a[12]^2*a[15] - 12*a[11]^2*a[12]*a[14]*a[19] + 12*a[11]^2*a[12]*a[14] - 6*a[11]^2*a[13]*a[19] + 6*a[11]^2*a[13] - 4*a[11]*a[12]^2*a[14]*a[19] + 4*a[11]*a[12]^2*a[14] - 8*a[11]*a[12]*a[13]*a[19] + 8*a[11]*a[12]*a[13] - a[12]^2*a[13]*a[19] + a[12]^2*a[13] - 168*a[16]^2*a[17] - 28*a[16]^2*a[18] - 280*a[16]*a[17]^3 - 168*a[16]*a[17]^2*a[18] - 56*a[17]^5 - 70*a[17]^4*a[18],
2*a[4]*a[19] + 2*a[5]*a[7]*a[19] + 2*a[5]*a[8]*a[19] + a[6]^2*a[19] + 2*a[6]*a[7]*a[8]*a[19] - 12*a[9]*a[11]*a[19] + 12*a[9]*a[11] - 8*a[9]*a[12]*a[19] + 8*a[9]*a[12] - 4*a[9]*a[15]*a[19] + 4*a[9]*a[15] - 6*a[10]^2*a[19] + 6*a[10]^2 - 12*a[10]*a[11]^2*a[19] + 12*a[10]*a[11]^2 - 24*a[10]*a[11]*a[12]*a[19] + 24*a[10]*a[11]*a[12] - 12*a[10]*a[11]*a[15]*a[19] + 12*a[10]*a[11]*a[15] - 4*a[10]*a[12]^2*a[19] + 4*a[10]*a[12]^2 - 8*a[10]*a[12]*a[15]*a[19] + 8*a[10]*a[12]*a[15] - 4*a[10]*a[14]*a[19] + 4*a[10]*a[14] - a[11]^4*a[19] + a[11]^4 - 8*a[11]^3*a[12]*a[19] + 8*a[11]^3*a[12] - 4*a[11]^3*a[15]*a[19] + 4*a[11]^3*a[15] - 6*a[11]^2*a[12]^2*a[19] + 6*a[11]^2*a[12]^2 - 12*a[11]^2*a[12]*a[15]*a[19] + 12*a[11]^2*a[12]*a[15] - 6*a[11]^2*a[14]*a[19] + 6*a[11]^2*a[14] - 4*a[11]*a[12]^2*a[15]*a[19] + 4*a[11]*a[12]^2*a[15] - 8*a[11]*a[12]*a[14]*a[19] + 8*a[11]*a[12]*a[14] - 4*a[11]*a[13]*a[19] + 4*a[11]*a[13] - a[12]^2*a[14]*a[19] + a[12]^2*a[14] - 2*a[12]*a[13]*a[19] + 2*a[12]*a[13] - 28*a[16]^2 - 168*a[16]*a[17]^2 - 56*a[16]*a[17]*a[18] - 70*a[17]^4 - 56*a[17]^3*a[18],
2*a[5]*a[19] + 2*a[6]*a[7]*a[19] + 2*a[6]*a[8]*a[19] + a[7]^2*a[8]*a[19] - 4*a[9]*a[19] + 4*a[9] - 12*a[10]*a[11]*a[19] + 12*a[10]*a[11] - 8*a[10]*a[12]*a[19] + 8*a[10]*a[12] - 4*a[10]*a[15]*a[19] + 4*a[10]*a[15] - 4*a[11]^3*a[19] + 4*a[11]^3 - 12*a[11]^2*a[12]*a[19] + 12*a[11]^2*a[12] - 6*a[11]^2*a[15]*a[19] + 6*a[11]^2*a[15] - 4*a[11]*a[12]^2*a[19] + 4*a[11]*a[12]^2 - 8*a[11]*a[12]*a[15]*a[19] + 8*a[11]*a[12]*a[15] - 4*a[11]*a[14]*a[19] + 4*a[11]*a[14] - a[12]^2*a[15]*a[19] + a[12]^2*a[15] - 2*a[12]*a[14]*a[19] + 2*a[12]*a[14] - a[13]*a[19] + a[13] - 56*a[16]*a[17] - 8*a[16]*a[18] - 56*a[17]^3 - 28*a[17]^2*a[18],
2*a[6]*a[19] + a[7]^2*a[19] + 2*a[7]*a[8]*a[19] - 4*a[10]*a[19] + 4*a[10] - 6*a[11]^2*a[19] + 6*a[11]^2 - 8*a[11]*a[12]*a[19] + 8*a[11]*a[12] - 4*a[11]*a[15]*a[19] + 4*a[11]*a[15] - a[12]^2*a[19] + a[12]^2 - 2*a[12]*a[15]*a[19] + 2*a[12]*a[15] - a[14]*a[19] + a[14] - 8*a[16] - 28*a[17]^2 - 8*a[17]*a[18],
2*a[7]*a[19] + a[8]*a[19] - 4*a[11]*a[19] + 4*a[11] - 2*a[12]*a[19] + 2*a[12] - a[15]*a[19] + a[15] - 8*a[17] - a[18]
]
1: Fold = 1.58598E-179, prec = 115... 
   Norm(w) = 5.05773E-184
   Fnew = 4.50606E-221 < Fold/2 = 7.92989E-180, using Newton step
2: Fold = 2.96847E-221, prec = 221... 
   Norm(w) = 3.14993E-217
   Fnew = 6.77369E-429 < Fold/2 = 1.48424E-221, using Newton step
3: Fold = 6.81723E-429, prec = 429... 
   Norm(w) = 1.35149E-428
   Fnew = 9.27273E-849 < Fold/2 = 3.40861E-429, using Newton step
4: Fold = 5.55085E-849, prec = 849... 
   Norm(w) = 1.64486E-846
   Fnew = 1.72463E-1687 < Fold/2 = 2.77543E-849, using Newton step
5: Fold = 1.84302E-1687, prec = 1687... 
   Norm(w) = 7.41397E-1685
   Fnew = 6.07097E-3364 < Fold/2 = 9.21510E-1688, using Newton step
6: Fold = 5.55493E-3364, prec = 3364... 
   Norm(w) = 1.44559E-3360
   Fnew = 1.12392E-6715 < Fold/2 = 2.77746E-3364, using Newton step
7: Fold = 1.14625E-6715, prec = 4800... 
   Norm(w) = 1.61236E-6714
   Fnew = 9.67279E-9591 < Fold/2 = 5.73124E-6716, using Newton step

Looking for coefficient to recognize number field...
  ...dumped recognition inputs to /Users/musty/two/dembele/rigidity/out/dump_248_rep2.m
    ==> trying degree m = 8  ...Trying to MakeK with m = 8
  ...Trying to MakeK with m = 8
  ...Trying to MakeK with m = 8
  ...Trying to MakeK with m = 8
  ...Trying to MakeK with m = 8
  ...Trying to MakeK with m = 8
  ...Trying to MakeK with m = 8
  ...Trying to MakeK with m = 8
  ...Trying to MakeK with m = 8
  ...Trying to MakeK with m = 8
  ...Trying to MakeK with m = 8
  ...Trying to MakeK with m = 8
  ...Trying to MakeK with m = 8
  ...Trying to MakeK with m = 8
  ...Trying to MakeK with m = 8
  ...Trying to MakeK with m = 8
  ...Trying to MakeK with m = 8
    ==> trying degree m = 7  ...Trying to MakeK with m = 7
  ...Trying to MakeK with m = 7
  ...Trying to MakeK with m = 7
  ...Trying to MakeK with m = 7
  ...Trying to MakeK with m = 7
  ...Trying to MakeK with m = 7
  ...Trying to MakeK with m = 7
  ...Trying to MakeK with m = 7
  ...Trying to MakeK with m = 7
  ...Trying to MakeK with m = 7
  ...Trying to MakeK with m = 7
  ...Trying to MakeK with m = 7
  ...Trying to MakeK with m = 7
