Nielsen representatives: 4, computing rep 3
Using unit disc with precision 115 and center root(-1)
Using working precision 115 with eps_thresh = 9.99999E-108
Radius of series to be used: 0.545613
Taking N = 438 and Q = 452
Ramification degrees e = [ 1, 1, 1, 1, 1, 1, 1, 1, 2 ] and offsets s = [ 0, 0, 0, 0, 0, 0, 0, 0, 0 ]
A: Taking j = 1, with distance 0.000000 and label Id($)
A: Rotating by delta_a^1, new coset 4
A: Rotating by delta_a^-1, already identified 4 (label da)
A: Rotating by delta_a^2, already identified 1 (label Id($))
B: Taking j = 1, with distance 0.000000 and label Id($)
B: Rotating by delta_b^1, new coset 10
A: Taking j = 10, with distance 1.12838 and label db
A: Rotating by delta_a^1, new coset 17
A: Rotating by delta_a^-1, already identified 17 (label db * da)
A: Rotating by delta_a^2, already identified 10 (label db)
B: Rotating by delta_b^-1, new coset 13
A: Taking j = 13, with distance 1.12838 and label db^-1
A: Rotating by delta_a^1, new coset 3
A: Rotating by delta_a^-1, already identified 3 (label db^-1 * da)
A: Rotating by delta_a^2, already identified 13 (label db^-1)
B: Taking j = 4, with distance 0.000000 and label da
B: Rotating by delta_b^1, already identified 17 (label db * da), sidepairing (da^-1, db^-1)
B: Rotating by delta_b^-1, new coset 16
A: Taking j = 16, with distance 1.12838 and label da * db^-1
A: Rotating by delta_a^1, new coset 8
A: Rotating by delta_a^-1, already identified 8 (label da * db^-1 * da)
A: Rotating by delta_a^2, already identified 16 (label da * db^-1)
B: Taking j = 10, with distance 1.12838 and label db
B: Rotating by delta_b^1, new coset 5
A: Taking j = 5, with distance 1.52857 and label db^2
A: Rotating by delta_a^1, new coset 14
A: Rotating by delta_a^-1, already identified 14 (label db^2 * da)
A: Rotating by delta_a^2, already identified 5 (label db^2)
B: Rotating by delta_b^-1, already identified 1 (label Id($))
B: Taking j = 17, with distance 1.12838 and label db * da
B: Rotating by delta_b^1, new coset 15
A: Taking j = 15, with distance 1.89892 and label db * da * db
A: Rotating by delta_a^1, already identified 15 (label db * da * db), sidepairing db * da * db * da * db^-1 * da^-1 * db^-1
A: Rotating by delta_a^-1, already identified 15 (label db * da * db), sidepairing db * da * db * da^-1 * db^-1 * da^-1 * db^-1
B: Rotating by delta_b^-1, already identified 4 (label da), sidepairing (db^-1, da^-1)
B: Taking j = 13, with distance 1.12838 and label db^-1
B: Rotating by delta_b^1, already identified 1 (label Id($))
B: Rotating by delta_b^-1, already identified 5 (label db^2)
B: Taking j = 3, with distance 1.12838 and label db^-1 * da
B: Rotating by delta_b^1, already identified 3 (label db^-1 * da), sidepairing db^-1 * da * db * da^-1 * db
B: Rotating by delta_b^-1, already identified 3 (label db^-1 * da), sidepairing db^-1 * da * db^-1 * da^-1 * db
B: Taking j = 16, with distance 1.12838 and label da * db^-1
B: Rotating by delta_b^1, already identified 4 (label da)
B: Rotating by delta_b^-1, already identified 15 (label db * da * db), sidepairing da * db^-3 * da^-1 * db^-1
B: Taking j = 8, with distance 1.12838 and label da * db^-1 * da
B: Rotating by delta_b^1, new coset 7
A: Taking j = 7, with distance 2.25677 and label da * db^-1 * da * db
A: Rotating by delta_a^1, new coset 2
A: Rotating by delta_a^-1, already identified 2 (label da * db^-1 * da * db * da)
A: Rotating by delta_a^2, already identified 7 (label da * db^-1 * da * db)
B: Rotating by delta_b^-1, new coset 6
A: Taking j = 6, with distance 1.89892 and label (da * db^-1)^2
A: Rotating by delta_a^1, new coset 11
A: Rotating by delta_a^-1, already identified 11 (label da * db^-1 * da * db^-1 * da)
A: Rotating by delta_a^2, already identified 6 (label (da * db^-1)^2)
B: Taking j = 5, with distance 1.52857 and label db^2
B: Rotating by delta_b^1, already identified 13 (label db^-1)
B: Rotating by delta_b^-1, already identified 10 (label db)
B: Taking j = 14, with distance 1.52857 and label db^2 * da
B: Rotating by delta_b^1, new coset 9
A: Taking j = 9, with distance 2.56450 and label db^2 * da * db
A: Rotating by delta_a^1, new coset 12
A: Rotating by delta_a^-1, already identified 12 (label db^2 * da * db * da)
A: Rotating by delta_a^2, already identified 9 (label db^2 * da * db)
B: Rotating by delta_b^-1, already identified 9 (label db^2 * da * db), sidepairing (db^2 * da * db^-1 * da^-1 * db^-2)^2
B: Taking j = 15, with distance 1.89892 and label db * da * db
B: Rotating by delta_b^1, already identified 16 (label da * db^-1), sidepairing db * da * db^3 * da^-1
B: Rotating by delta_b^-1, already identified 17 (label db * da)
B: Taking j = 6, with distance 1.89892 and label (da * db^-1)^2
B: Rotating by delta_b^1, already identified 8 (label da * db^-1 * da)
B: Rotating by delta_b^-1, already identified 2 (label da * db^-1 * da * db * da), sidepairing da * db^-1 * da * db^-2 * da^-1 * db^-1 * da^-1 * db * da^-1
B: Taking j = 11, with distance 1.89892 and label da * db^-1 * da * db^-1 * da
B: Rotating by delta_b^1, already identified 11 (label da * db^-1 * da * db^-1 * da), sidepairing da * db^-1 * da * db^-1 * da * db * da^-1 * db * da^-1 * db * da^-1
B: Rotating by delta_b^-1, already identified 11 (label da * db^-1 * da * db^-1 * da), sidepairing da * db^-1 * da * db^-1 * da * db^-1 * da^-1 * db * da^-1 * db * da^-1
B: Taking j = 2, with distance 2.25677 and label da * db^-1 * da * db * da
B: Rotating by delta_b^1, already identified 6 (label (da * db^-1)^2), sidepairing da * db^-1 * da * db * da * db^2 * da^-1 * db * da^-1
B: Rotating by delta_b^-1, already identified 7 (label da * db^-1 * da * db), sidepairing da * db^-1 * da * db * da * db^-2 * da^-1 * db * da^-1
B: Taking j = 7, with distance 2.25677 and label da * db^-1 * da * db
B: Rotating by delta_b^1, already identified 2 (label da * db^-1 * da * db * da), sidepairing da * db^-1 * da * db^2 * da^-1 * db^-1 * da^-1 * db * da^-1
B: Rotating by delta_b^-1, already identified 8 (label da * db^-1 * da)
B: Taking j = 9, with distance 2.56450 and label db^2 * da * db
B: Rotating by delta_b^1, already identified 14 (label db^2 * da), sidepairing (db^2 * da * db * da^-1 * db^-2)^2
B: Rotating by delta_b^-1, already identified 14 (label db^2 * da)
B: Taking j = 12, with distance 2.56450 and label db^2 * da * db * da
B: Rotating by delta_b^1, already identified 12 (label db^2 * da * db * da), sidepairing db^2 * da * db * da * db * da^-1 * db^-1 * da^-1 * db^-2
B: Rotating by delta_b^-1, already identified 12 (label db^2 * da * db * da), sidepairing db^2 * da * db * da * db^-1 * da^-1 * db^-1 * da^-1 * db^-2
Indices of vertices to be used: [ 1, 2, 3, 5, 6, 8, 9, 10, 15 ]
Coset identifiers: [ 1, 2, 3, 1, 4, 5, 2, 6, 7, 8, 5, 7, 3, 4, 9, 6, 8 ]
Reducing to fundamental domain... Time: 3.540
Largest point had radius 0.545613!
dim = 2, fulldim = 3, so skipping coeffs [ 0 ]
Computing Js... Time: 2.980
Computing Wps... Time: 1.600
Arnoldi iteration 2... Time: 1.380
Arnoldi iteration 3... Time: 1.780
Arnoldi iteration 4... Time: 1.800
Arnoldi iteration 5... Time: 1.780
Arnoldi iteration 6... Time: 1.800
Arnoldi iteration 7... Time: 1.790
Arnoldi iteration 8... Time: 1.810
Arnoldi iteration 9... Time: 1.790
Arnoldi iteration 10... Time: 1.810
Numerical kernel 10... min 0.00337171 (of 0)... Time: 0.010
Arnoldi iteration 11... Time: 1.810
Numerical kernel 11... min 0.00112247 (of 0)... Time: 0.010
Arnoldi iteration 12... Time: 1.820
Numerical kernel 12... min 0.000598890 (of 0)... Time: 0.010
Arnoldi iteration 13... Time: 1.820
Numerical kernel 13... min 0.000397099 (of 0)... Time: 0.000
Arnoldi iteration 14... Time: 1.820
Numerical kernel 14... min 9.25460E-5 (of 0)... Time: 0.010
Arnoldi iteration 15... Time: 1.810
Numerical kernel 15... min 0.000117849 (of 0)... Time: 0.010
Arnoldi iteration 16... Time: 1.840
Numerical kernel 16... min 9.38053E-5 (of 0)... Time: 0.000
Arnoldi iteration 17... Time: 1.870
Numerical kernel 17... min 3.98446E-6 (of 0)... Time: 0.000
Arnoldi iteration 18... Time: 1.830
Numerical kernel 18... min 5.88592E-6 (of 0)... Time: 0.010
Arnoldi iteration 19... Time: 1.900
Numerical kernel 19... min 5.22540E-6 (of 0)... Time: 0.000
Arnoldi iteration 20... Time: 1.860
Numerical kernel 20... min 1.35885E-6 (of 0)... Time: 0.000
Arnoldi iteration 21... Time: 1.840
Numerical kernel 21... min 1.27982E-6 (of 0)... Time: 0.010
Arnoldi iteration 22... Time: 1.850
Numerical kernel 22... min 1.96787E-7 (of 0)... Time: 0.010
Arnoldi iteration 23... Time: 1.890
Numerical kernel 23... min 6.89489E-8 (of 0)... Time: 0.010
Arnoldi iteration 24... Time: 1.860
Numerical kernel 24... min 4.74449E-8 (of 0)... Time: 0.010
Arnoldi iteration 25... Time: 1.870
Numerical kernel 25... min 3.21398E-9 (of 0)... Time: 0.010
Arnoldi iteration 26... Time: 1.870
Numerical kernel 26... min 1.81252E-9 (of 0)... Time: 0.000
Arnoldi iteration 27... Time: 1.880
Numerical kernel 27... min 1.44528E-9 (of 0)... Time: 0.010
Arnoldi iteration 28... Time: 1.890
Numerical kernel 28... min 1.19450E-9 (of 0)... Time: 0.000
Arnoldi iteration 29... Time: 1.890
Numerical kernel 29... min 3.33443E-10 (of 0)... Time: 0.010
Arnoldi iteration 30... Time: 1.910
Numerical kernel 30... min 2.05477E-10 (of 0)... Time: 0.010
Arnoldi iteration 31... Time: 1.900
Numerical kernel 31... min 4.02244E-11 (of 0)... Time: 0.010
Arnoldi iteration 32... Time: 1.950
Numerical kernel 32... min 7.92259E-12 (of 0)... Time: 0.010
Arnoldi iteration 33... Time: 1.940
Numerical kernel 33... min 2.31360E-12 (of 0)... Time: 0.010
Arnoldi iteration 34... Time: 1.950
Numerical kernel 34... min 5.38348E-13 (of 0)... Time: 0.020
Arnoldi iteration 35... Time: 1.930
Numerical kernel 35... min 4.65008E-13 (of 0)... Time: 0.010
Arnoldi iteration 36... Time: 2.010
Numerical kernel 36... min 4.88354E-14 (of 0)... Time: 0.010
Arnoldi iteration 37... Time: 1.970
Numerical kernel 37... min 1.24057E-14 (of 0)... Time: 0.020
Arnoldi iteration 38... Time: 1.960
Numerical kernel 38... min 5.92638E-15 (of 0)... Time: 0.020
Arnoldi iteration 39... Time: 1.960
Numerical kernel 39... min 4.79169E-15 (of 0)... Time: 0.020
Arnoldi iteration 40... Time: 1.950
Numerical kernel 40... min 5.77167E-16 (of 0)... Time: 0.020
Arnoldi iteration 41... Time: 1.980
Numerical kernel 41... min 9.57470E-17 (of 0)... Time: 0.020
Arnoldi iteration 42... Time: 1.990
Numerical kernel 42... min 3.17315E-17 (of 0)... Time: 0.030
Arnoldi iteration 43... Time: 1.980
Numerical kernel 43... min 5.10518E-18 (of 0)... Time: 0.030
Arnoldi iteration 44... Time: 1.990
Numerical kernel 44... min 8.45050E-19 (of 0)... Time: 0.020
Arnoldi iteration 45... Time: 2.050
Numerical kernel 45... min 1.17195E-19 (of 0)... Time: 0.030
Arnoldi iteration 46... Time: 2.010
Numerical kernel 46... min 3.23790E-21 (of 0)... Time: 0.030
Arnoldi iteration 47... Time: 2.010
Numerical kernel 47... min 2.61183E-21 (of 0)... Time: 0.030
Arnoldi iteration 48... Time: 2.030
Numerical kernel 48... min 7.64320E-22 (of 0)... Time: 0.030
Arnoldi iteration 49... Time: 2.050
Numerical kernel 49... min 7.83300E-23 (of 0)... Time: 0.030
Arnoldi iteration 50... Time: 2.050
Numerical kernel 50... min 5.60400E-24 (of 0)... Time: 0.030
Arnoldi iteration 51... Time: 2.040
Numerical kernel 51... min 2.31646E-25 (of 0)... Time: 0.050
Arnoldi iteration 52... Time: 2.020
Numerical kernel 52... min 1.91948E-25 (of 0)... Time: 0.040
Arnoldi iteration 53... Time: 2.130
Numerical kernel 53... min 1.43966E-26 (of 0)... Time: 0.050
Arnoldi iteration 54... Time: 2.050
Numerical kernel 54... min 9.66983E-28 (of 0)... Time: 0.050
Arnoldi iteration 55... Time: 2.040
Numerical kernel 55... min 5.14972E-28 (of 0)... Time: 0.040
Arnoldi iteration 56... Time: 2.040
Numerical kernel 56... min 2.79347E-29 (of 0)... Time: 0.060
Arnoldi iteration 57... Time: 2.030
Numerical kernel 57... min 1.40231E-30 (of 0)... Time: 0.060
Arnoldi iteration 58... Time: 2.050
Numerical kernel 58... min 2.25539E-31 (of 0)... Time: 0.050
Arnoldi iteration 59... Time: 2.070
Numerical kernel 59... min 3.49039E-32 (of 0)... Time: 0.060
Arnoldi iteration 60... Time: 2.090
Numerical kernel 60... min 3.53234E-33 (of 0)... Time: 0.060
Arnoldi iteration 61... Time: 2.090
Numerical kernel 61... min 7.30494E-34 (of 0)... Time: 0.070
Arnoldi iteration 62... Time: 2.070
Numerical kernel 62... min 7.86512E-35 (of 0)... Time: 0.060
Arnoldi iteration 63... Time: 2.090
Numerical kernel 63... min 6.78027E-36 (of 0)... Time: 0.060
Arnoldi iteration 64... Time: 2.090
Numerical kernel 64... min 4.38254E-37 (of 0)... Time: 0.070
Arnoldi iteration 65... Time: 2.100
Numerical kernel 65... min 2.07428E-38 (of 0)... Time: 0.070
Arnoldi iteration 66... Time: 2.110
Numerical kernel 66... min 3.70273E-39 (of 0)... Time: 0.070
Arnoldi iteration 67... Time: 2.120
Numerical kernel 67... min 1.03222E-40 (of 0)... Time: 0.080
Arnoldi iteration 68... Time: 2.160
Numerical kernel 68... min 1.30571E-42 (of 0)... Time: 0.100
Arnoldi iteration 69... Time: 2.120
Numerical kernel 69... min 3.63272E-43 (of 0)... Time: 0.090
Arnoldi iteration 70... Time: 2.110
Numerical kernel 70... min 1.09068E-43 (of 0)... Time: 0.090
Arnoldi iteration 71... Time: 2.110
Numerical kernel 71... min 7.63411E-45 (of 0)... Time: 0.090
Arnoldi iteration 72... Time: 2.120
Numerical kernel 72... min 5.17929E-46 (of 0)... Time: 0.100
Arnoldi iteration 73... Time: 2.110
Numerical kernel 73... min 5.69333E-48 (of 0)... Time: 0.100
Arnoldi iteration 74... Time: 2.130
Numerical kernel 74... min 1.21518E-48 (of 0)... Time: 0.110
Arnoldi iteration 75... Time: 2.110
Numerical kernel 75... min 1.55809E-49 (of 0)... Time: 0.110
Arnoldi iteration 76... Time: 2.120
Numerical kernel 76... min 2.44534E-51 (of 0)... Time: 0.110
Arnoldi iteration 77... Time: 2.130
Numerical kernel 77... min 2.27693E-52 (of 0)... Time: 0.120
Arnoldi iteration 78... Time: 2.130
Numerical kernel 78... min 1.52716E-53 (of 0)... Time: 0.120
Arnoldi iteration 79... Time: 2.140
Numerical kernel 79... min 1.78131E-55 (of 0)... Time: 0.120
Arnoldi iteration 80... Time: 2.170
Numerical kernel 80... min 1.78085E-56 (of 0)... Time: 0.120
Arnoldi iteration 81... Time: 2.170
Numerical kernel 81... min 3.49453E-58 (of 0)... Time: 0.130
Arnoldi iteration 82... Time: 2.170
Numerical kernel 82... min 8.70488E-59 (of 0)... Time: 0.130
Arnoldi iteration 83... Time: 2.160
Numerical kernel 83... min 1.29083E-60 (of 0)... Time: 0.130
Arnoldi iteration 84... Time: 2.180
Numerical kernel 84... min 1.05968E-61 (of 0)... Time: 0.150
Arnoldi iteration 85... Time: 2.190
Numerical kernel 85... min 5.50942E-63 (of 0)... Time: 0.140
Arnoldi iteration 86... Time: 2.180
Numerical kernel 86... min 1.69738E-64 (of 0)... Time: 0.150
Arnoldi iteration 87... Time: 2.190
Numerical kernel 87... min 1.15893E-65 (of 0)... Time: 0.160
Arnoldi iteration 88... Time: 2.190
Numerical kernel 88... min 5.28034E-67 (of 0)... Time: 0.160
Arnoldi iteration 89... Time: 2.190
Numerical kernel 89... min 8.83972E-69 (of 0)... Time: 0.170
Arnoldi iteration 90... Time: 2.200
Numerical kernel 90... min 5.17861E-70 (of 0)... Time: 0.180
Arnoldi iteration 91... Time: 2.190
Numerical kernel 91... min 1.42076E-71 (of 0)... Time: 0.170
Arnoldi iteration 92... Time: 2.220
Numerical kernel 92... min 7.75855E-73 (of 0)... Time: 0.180
Arnoldi iteration 93... Time: 2.210
Numerical kernel 93... min 1.41600E-74 (of 0)... Time: 0.190
Arnoldi iteration 94... Time: 2.200
Numerical kernel 94... min 4.26602E-76 (of 0)... Time: 0.190
Arnoldi iteration 95... Time: 2.230
Numerical kernel 95... min 7.15959E-78 (of 0)... Time: 0.200
Arnoldi iteration 96... Time: 2.220
Numerical kernel 96... min 2.53221E-79 (of 0)... Time: 0.210
Arnoldi iteration 97... Time: 2.240
Numerical kernel 97... min 1.20850E-81 (of 0)... Time: 0.220
Arnoldi iteration 98... Time: 2.230
Numerical kernel 98... min 6.42054E-82 (of 0)... Time: 0.210
Arnoldi iteration 99... Time: 2.240
Numerical kernel 99... min 5.84740E-84 (of 0)... Time: 0.240
Arnoldi iteration 100... Time: 2.240
Numerical kernel 100... min 1.10569E-85 (of 0)... Time: 0.240
Arnoldi iteration 101... Time: 2.290
Numerical kernel 101... min 3.11924E-87 (of 0)... Time: 0.260
Arnoldi iteration 102... Time: 2.290
Numerical kernel 102... min 5.93331E-89 (of 0)... Time: 0.240
Arnoldi iteration 103... Time: 2.280
Numerical kernel 103... min 9.06571E-91 (of 0)... Time: 0.250
Arnoldi iteration 104... Time: 2.270
Numerical kernel 104... min 9.23468E-93 (of 0)... Time: 0.250
Arnoldi iteration 105... Time: 2.260
Numerical kernel 105... min 1.20969E-94 (of 0)... Time: 0.290
Arnoldi iteration 106... Time: 2.280
Numerical kernel 106... min 7.12586E-97 (of 0)... Time: 0.300
Arnoldi iteration 107... Time: 2.290
Numerical kernel 107... min 5.43977E-98 (of 0)... Time: 0.290
Arnoldi iteration 108... Time: 2.320
Numerical kernel 108... min 3.68196E-100 (of 0)... Time: 0.310
Arnoldi iteration 109... Time: 2.280
Numerical kernel 109... min 4.02918E-102 (of 0)... Time: 0.300
Arnoldi iteration 110... Time: 2.280
Numerical kernel 110... min 5.69629E-104 (of 0)... Time: 0.310
Arnoldi iteration 111... Time: 2.290
Numerical kernel 111... min 8.20959E-106 (of 0)... Time: 0.320
Arnoldi iteration 112... Time: 2.290
Numerical kernel 112... min 6.07115E-108 (of 1)... 
(-0.275082 - 4.23597E-116*$.1 -0.350270 - 0.216293*$.1 -0.272437 - 0.278541*$.1 -0.253194 - 0.169827*$.1 -0.118170 - 0.613293*$.1 -0.0756831 - 0.283961*$.1 -0.0658665 - 0.128129*$.1 -0.0330965 - 0.0665172*$.1 -0.0181628 - 0.0730648*$.1 -0.000328646 - 0.0344689*$.1 -0.00441103 - 0.0200638*$.1 0.00289015 - 0.00757894*$.1 0.000250323 - 0.00473074*$.1 6.45237E-6 - 0.00214271*$.1 1.05678E-6 - 0.00125423*$.1 -3.21543E-5 - 0.000531284*$.1 2.88697E-5 - 0.000252056*$.1 -5.64952E-6 - 0.000160436*$.1 -1.86387E-6 - 5.61288E-5*$.1 -2.44901E-6 - 3.47559E-5*$.1 1.49485E-6 - 1.66399E-5*$.1 9.60241E-8 - 5.24767E-6*$.1 -7.23450E-8 - 2.01971E-6*$.1 6.27641E-8 - 7.18080E-7*$.1 1.04978E-8 - 2.44758E-7*$.1 -6.08672E-10 - 5.48407E-8*$.1 3.20812E-10 - 1.65183E-8*$.1 -1.17162E-9 - 1.03896E-8*$.1 -9.76751E-10 - 4.64613E-9*$.1 -3.87133E-10 - 1.92037E-9*$.1 -6.12354E-11 - 4.80473E-10*$.1 -3.55848E-11 - 1.84127E-10*$.1 -1.02899E-11 - 6.38184E-11*$.1 -3.65888E-12 - 2.02910E-11*$.1 -1.36368E-12 - 5.91158E-12*$.1 -2.61795E-13 - 1.16727E-12*$.1 -1.07104E-13 - 2.75093E-13*$.1 -2.27423E-14 - 9.39997E-14*$.1 -1.17945E-14 - 3.03464E-14*$.1 -2.26816E-15 - 6.08547E-15*$.1 -5.39128E-16 - 1.42489E-15*$.1 -5.76225E-17 - 1.75851E-16*$.1 -8.31249E-18 - 3.45797E-17*$.1 -1.87622E-18 - 5.53060E-18*$.1 -3.66943E-19 - 1.26131E-18*$.1 -5.94350E-20 - 2.09256E-19*$.1 -7.46202E-21 - 3.49021E-20*$.1 -1.31403E-21 - 5.97987E-21*$.1 -1.21418E-22 - 6.59012E-22*$.1 -1.28160E-23 - 8.38324E-23*$.1 -1.64319E-24 - 1.13943E-23*$.1 -2.76091E-25 - 1.50051E-24*$.1 -3.15778E-26 - 1.81819E-25*$.1 -5.65518E-27 - 3.16174E-26*$.1 -6.42726E-28 - 3.56184E-27*$.1 -7.52639E-29 - 4.35153E-28*$.1 -6.60375E-30 - 3.95704E-29*$.1 -1.06009E-30 - 4.92676E-30*$.1 -1.51811E-31 - 6.38463E-31*$.1 -1.28135E-32 - 5.95248E-32*$.1 -1.12239E-33 - 5.59873E-33*$.1 -9.68653E-35 - 5.32695E-34*$.1 -1.12960E-35 - 5.54848E-35*$.1 -8.92046E-37 - 4.55685E-36*$.1 -6.57151E-38 - 3.04399E-37*$.1 -5.18989E-39 - 2.47793E-38*$.1 -3.28698E-40 - 1.52915E-39*$.1 -3.07652E-41 - 1.43324E-40*$.1 -2.07815E-42 - 1.03242E-41*$.1 -9.63124E-44 - 5.68438E-43*$.1 -8.58572E-45 - 4.79568E-44*$.1 -5.48965E-46 - 3.30918E-45*$.1 -3.73036E-47 - 2.01364E-46*$.1 -2.05678E-48 - 1.30760E-47*$.1 -1.78611E-49 - 1.13897E-48*$.1 -8.26628E-51 - 5.25484E-50*$.1 -4.68975E-52 - 2.57623E-51*$.1 -2.47815E-53 - 1.50990E-52*$.1 -1.13167E-54 - 6.34281E-54*$.1 -6.84180E-56 - 3.71863E-55*$.1 -2.61635E-57 - 1.38223E-56*$.1 -1.52341E-58 - 7.26773E-58*$.1 -5.62736E-60 - 2.67411E-59*$.1 -2.68179E-61 - 1.33348E-60*$.1 -1.21085E-62 - 5.58921E-62*$.1 -4.77251E-64 - 2.49344E-63*$.1 -2.02918E-65 - 1.00216E-64*$.1 -7.01368E-67 - 3.46191E-66*$.1 -3.29018E-68 - 1.69970E-67*$.1 -1.11232E-69 - 5.54272E-69*$.1 -2.48521E-71 - 1.25687E-70*$.1 -8.94307E-73 - 4.69057E-72*$.1 -4.06211E-74 - 2.08997E-73*$.1 -1.03244E-75 - 5.42419E-75*$.1 -2.32596E-77 - 1.24237E-76*$.1 -5.53241E-79 - 2.96796E-78*$.1 -1.73173E-80 - 8.72214E-80*$.1 -6.10058E-82 - 3.19044E-81*$.1 -1.55876E-83 - 8.48878E-83*$.1 -2.50826E-85 - 1.35320E-84*$.1 -4.95593E-87 - 2.66862E-86*$.1 -9.05136E-89 - 4.83816E-88*$.1 -1.52240E-90 - 8.10039E-90*$.1 -2.76706E-92 - 1.49740E-91*$.1 -4.94582E-94 - 2.65115E-93*$.1 -4.86963E-96 - 2.61289E-95*$.1 -7.28062E-98 - 4.00157E-97*$.1 -1.09349E-99 - 5.96332E-99*$.1 -1.25808E-101 - 6.90856E-101*$.1 -1.30986E-103 - 7.09759E-103*$.1 -1.72113E-105 - 9.32335E-105*$.1)
Time: 0.560
escaped with cutoff 9.48088E-105...
Arnoldi iteration 2... Time: 1.400
Arnoldi iteration 3... Time: 1.830
Arnoldi iteration 4... Time: 1.830
Arnoldi iteration 5... Time: 1.840
Arnoldi iteration 6... Time: 1.840
Arnoldi iteration 7... Time: 1.830
Arnoldi iteration 8... Time: 1.840
Arnoldi iteration 9... Time: 1.850
Arnoldi iteration 10... Time: 1.850
Numerical kernel 10... min 0.00346148 (of 0)... Time: 0.010
Arnoldi iteration 11... Time: 1.840
Numerical kernel 11... min 0.00118741 (of 0)... Time: 0.000
Arnoldi iteration 12... Time: 1.860
Numerical kernel 12... min 0.000652383 (of 0)... Time: 0.000
Arnoldi iteration 13... Time: 1.850
Numerical kernel 13... min 0.000400109 (of 0)... Time: 0.000
Arnoldi iteration 14... Time: 1.870
Numerical kernel 14... min 9.95967E-5 (of 0)... Time: 0.010
Arnoldi iteration 15... Time: 1.860
Numerical kernel 15... min 0.000134448 (of 0)... Time: 0.010
Arnoldi iteration 16... Time: 1.860
Numerical kernel 16... min 9.35147E-5 (of 0)... Time: 0.000
Arnoldi iteration 17... Time: 1.870
Numerical kernel 17... min 7.44011E-6 (of 0)... Time: 0.000
Arnoldi iteration 18... Time: 1.870
Numerical kernel 18... min 5.61836E-6 (of 0)... Time: 0.000
Arnoldi iteration 19... Time: 1.880
Numerical kernel 19... min 5.48576E-6 (of 0)... Time: 0.010
Arnoldi iteration 20... Time: 1.880
Numerical kernel 20... min 1.22731E-6 (of 0)... Time: 0.010
Arnoldi iteration 21... Time: 1.880
Numerical kernel 21... min 1.23130E-6 (of 0)... Time: 0.010
Arnoldi iteration 22... Time: 1.890
Numerical kernel 22... min 1.87647E-7 (of 0)... Time: 0.000
Arnoldi iteration 23... Time: 1.900
Numerical kernel 23... min 5.40579E-8 (of 0)... Time: 0.000
Arnoldi iteration 24... Time: 1.900
Numerical kernel 24... min 4.34649E-8 (of 0)... Time: 0.010
Arnoldi iteration 25... Time: 1.890
Numerical kernel 25... min 3.14485E-9 (of 0)... Time: 0.000
Arnoldi iteration 26... Time: 1.920
Numerical kernel 26... min 3.22085E-9 (of 0)... Time: 0.010
Arnoldi iteration 27... Time: 1.910
Numerical kernel 27... min 1.31848E-9 (of 0)... Time: 0.010
Arnoldi iteration 28... Time: 1.910
Numerical kernel 28... min 1.08789E-9 (of 0)... Time: 0.010
Arnoldi iteration 29... Time: 1.930
Numerical kernel 29... min 3.21149E-10 (of 0)... Time: 0.010
Arnoldi iteration 30... Time: 1.930
Numerical kernel 30... min 2.00058E-10 (of 0)... Time: 0.010
Arnoldi iteration 31... Time: 1.920
Numerical kernel 31... min 4.40157E-11 (of 0)... Time: 0.010
Arnoldi iteration 32... Time: 1.930
Numerical kernel 32... min 7.50387E-12 (of 0)... Time: 0.020
Arnoldi iteration 33... Time: 1.930
Numerical kernel 33... min 3.08284E-12 (of 0)... Time: 0.020
Arnoldi iteration 34... Time: 1.940
Numerical kernel 34... min 9.37804E-13 (of 0)... Time: 0.020
Arnoldi iteration 35... Time: 1.940
Numerical kernel 35... min 4.73858E-13 (of 0)... Time: 0.020
Arnoldi iteration 36... Time: 1.950
Numerical kernel 36... min 4.68237E-14 (of 0)... Time: 0.010
Arnoldi iteration 37... Time: 1.950
Numerical kernel 37... min 1.54266E-14 (of 0)... Time: 0.020
Arnoldi iteration 38... Time: 1.950
Numerical kernel 38... min 8.16026E-15 (of 0)... Time: 0.020
Arnoldi iteration 39... Time: 1.960
Numerical kernel 39... min 5.01023E-15 (of 0)... Time: 0.020
Arnoldi iteration 40... Time: 1.970
Numerical kernel 40... min 4.91682E-16 (of 0)... Time: 0.020
Arnoldi iteration 41... Time: 1.990
Numerical kernel 41... min 9.86485E-17 (of 0)... Time: 0.020
Arnoldi iteration 42... Time: 1.980
Numerical kernel 42... min 3.02546E-17 (of 0)... Time: 0.020
Arnoldi iteration 43... Time: 1.990
Numerical kernel 43... min 4.58035E-18 (of 0)... Time: 0.020
Arnoldi iteration 44... Time: 1.990
Numerical kernel 44... min 9.80014E-19 (of 0)... Time: 0.030
Arnoldi iteration 45... Time: 1.990
Numerical kernel 45... min 9.92166E-20 (of 0)... Time: 0.030
Arnoldi iteration 46... Time: 1.990
Numerical kernel 46... min 7.90689E-21 (of 0)... Time: 0.030
Arnoldi iteration 47... Time: 1.990
Numerical kernel 47... min 2.61347E-21 (of 0)... Time: 0.040
Arnoldi iteration 48... Time: 2.010
Numerical kernel 48... min 8.23836E-22 (of 0)... Time: 0.030
Arnoldi iteration 49... Time: 2.020
Numerical kernel 49... min 8.00118E-23 (of 0)... Time: 0.030
Arnoldi iteration 50... Time: 2.010
Numerical kernel 50... min 5.77996E-24 (of 0)... Time: 0.040
Arnoldi iteration 51... Time: 2.000
Numerical kernel 51... min 3.97907E-25 (of 0)... Time: 0.050
Arnoldi iteration 52... Time: 2.010
Numerical kernel 52... min 2.32834E-25 (of 0)... Time: 0.040
Arnoldi iteration 53... Time: 2.020
Numerical kernel 53... min 1.33464E-26 (of 0)... Time: 0.040
Arnoldi iteration 54... Time: 2.030
Numerical kernel 54... min 4.72059E-28 (of 0)... Time: 0.040
Arnoldi iteration 55... Time: 2.040
Numerical kernel 55... min 4.88298E-28 (of 0)... Time: 0.040
Arnoldi iteration 56... Time: 2.040
Numerical kernel 56... min 3.09638E-29 (of 0)... Time: 0.040
Arnoldi iteration 57... Time: 2.050
Numerical kernel 57... min 1.76798E-30 (of 0)... Time: 0.050
Arnoldi iteration 58... Time: 2.040
Numerical kernel 58... min 2.11218E-31 (of 0)... Time: 0.050
Arnoldi iteration 59... Time: 2.060
Numerical kernel 59... min 1.70280E-32 (of 0)... Time: 0.060
Arnoldi iteration 60... Time: 2.040
Numerical kernel 60... min 2.73234E-33 (of 0)... Time: 0.060
Arnoldi iteration 61... Time: 2.060
Numerical kernel 61... min 8.12312E-34 (of 0)... Time: 0.060
Arnoldi iteration 62... Time: 2.050
Numerical kernel 62... min 7.09271E-35 (of 0)... Time: 0.060
Arnoldi iteration 63... Time: 2.060
Numerical kernel 63... min 6.91853E-36 (of 0)... Time: 0.070
Arnoldi iteration 64... Time: 2.060
Numerical kernel 64... min 4.18558E-37 (of 0)... Time: 0.070
Arnoldi iteration 65... Time: 2.070
Numerical kernel 65... min 2.45921E-38 (of 0)... Time: 0.070
Arnoldi iteration 66... Time: 2.080
Numerical kernel 66... min 3.70786E-39 (of 0)... Time: 0.080
Arnoldi iteration 67... Time: 2.070
Numerical kernel 67... min 1.10827E-40 (of 0)... Time: 0.090
Arnoldi iteration 68... Time: 2.080
Numerical kernel 68... min 4.57319E-42 (of 0)... Time: 0.080
Arnoldi iteration 69... Time: 2.080
Numerical kernel 69... min 3.60550E-43 (of 0)... Time: 0.080
Arnoldi iteration 70... Time: 2.080
Numerical kernel 70... min 1.13580E-43 (of 0)... Time: 0.100
Arnoldi iteration 71... Time: 2.120
Numerical kernel 71... min 6.13469E-45 (of 0)... Time: 0.100
Arnoldi iteration 72... Time: 2.100
Numerical kernel 72... min 4.56552E-46 (of 0)... Time: 0.160
Arnoldi iteration 73... Time: 2.130
Numerical kernel 73... min 4.30665E-48 (of 0)... Time: 0.100
Arnoldi iteration 74... Time: 2.120
Numerical kernel 74... min 1.09176E-48 (of 0)... Time: 0.100
Arnoldi iteration 75... Time: 2.110
Numerical kernel 75... min 1.15505E-49 (of 0)... Time: 0.110
Arnoldi iteration 76... Time: 2.110
Numerical kernel 76... min 2.11553E-51 (of 0)... Time: 0.120
Arnoldi iteration 77... Time: 2.130
Numerical kernel 77... min 2.54614E-52 (of 0)... Time: 0.110
Arnoldi iteration 78... Time: 2.120
Numerical kernel 78... min 1.39617E-53 (of 0)... Time: 0.120
Arnoldi iteration 79... Time: 2.140
Numerical kernel 79... min 2.77857E-55 (of 0)... Time: 0.120
Arnoldi iteration 80... Time: 2.130
Numerical kernel 80... min 2.75774E-56 (of 0)... Time: 0.130
Arnoldi iteration 81... Time: 2.120
Numerical kernel 81... min 5.59386E-58 (of 0)... Time: 0.130
Arnoldi iteration 82... Time: 2.120
Numerical kernel 82... min 9.49549E-59 (of 0)... Time: 0.140
Arnoldi iteration 83... Time: 2.140
Numerical kernel 83... min 1.80998E-60 (of 0)... Time: 0.140
Arnoldi iteration 84... Time: 2.170
Numerical kernel 84... min 6.19687E-62 (of 0)... Time: 0.140
Arnoldi iteration 85... Time: 2.140
Numerical kernel 85... min 5.28624E-63 (of 0)... Time: 0.150
Arnoldi iteration 86... Time: 2.140
Numerical kernel 86... min 1.63543E-64 (of 0)... Time: 0.150
Arnoldi iteration 87... Time: 2.160
Numerical kernel 87... min 1.19157E-65 (of 0)... Time: 0.150
Arnoldi iteration 88... Time: 2.160
Numerical kernel 88... min 5.77770E-67 (of 0)... Time: 0.160
Arnoldi iteration 89... Time: 2.160
Numerical kernel 89... min 8.00887E-69 (of 0)... Time: 0.160
Arnoldi iteration 90... Time: 2.180
Numerical kernel 90... min 4.35687E-70 (of 0)... Time: 0.180
Arnoldi iteration 91... Time: 2.160
Numerical kernel 91... min 1.54075E-71 (of 0)... Time: 0.180
Arnoldi iteration 92... Time: 2.170
Numerical kernel 92... min 7.84041E-73 (of 0)... Time: 0.180
Arnoldi iteration 93... Time: 2.180
Numerical kernel 93... min 1.87159E-74 (of 0)... Time: 0.190
Arnoldi iteration 94... Time: 2.180
Numerical kernel 94... min 4.58105E-76 (of 0)... Time: 0.190
Arnoldi iteration 95... Time: 2.180
Numerical kernel 95... min 6.37857E-78 (of 0)... Time: 0.200
Arnoldi iteration 96... Time: 2.200
Numerical kernel 96... min 2.44589E-79 (of 0)... Time: 0.210
Arnoldi iteration 97... Time: 2.190
Numerical kernel 97... min 3.02848E-81 (of 0)... Time: 0.210
Arnoldi iteration 98... Time: 2.200
Numerical kernel 98... min 6.05527E-82 (of 0)... Time: 0.220
Arnoldi iteration 99... Time: 2.200
Numerical kernel 99... min 5.59552E-84 (of 0)... Time: 0.240
Arnoldi iteration 100... Time: 2.200
Numerical kernel 100... min 6.80869E-86 (of 0)... Time: 0.240
Arnoldi iteration 101... Time: 2.220
Numerical kernel 101... min 2.04585E-87 (of 0)... Time: 0.230
Arnoldi iteration 102... Time: 2.210
Numerical kernel 102... min 5.50758E-89 (of 0)... Time: 0.250
Arnoldi iteration 103... Time: 2.210
Numerical kernel 103... min 7.67057E-91 (of 0)... Time: 0.250
Arnoldi iteration 104... Time: 2.230
Numerical kernel 104... min 5.93011E-93 (of 0)... Time: 0.260
Arnoldi iteration 105... Time: 2.230
Numerical kernel 105... min 8.73530E-95 (of 0)... Time: 0.260
Arnoldi iteration 106... Time: 2.230
Numerical kernel 106... min 9.30369E-97 (of 0)... Time: 0.280
Arnoldi iteration 107... Time: 2.240
Numerical kernel 107... min 5.90626E-98 (of 0)... Time: 0.270
Arnoldi iteration 108... Time: 2.250
Numerical kernel 108... min 2.41626E-100 (of 0)... Time: 0.290
Arnoldi iteration 109... Time: 2.250
Numerical kernel 109... min 5.83958E-102 (of 0)... Time: 0.280
Arnoldi iteration 110... Time: 2.260
Numerical kernel 110... min 6.78690E-104 (of 0)... Time: 0.310
Arnoldi iteration 111... Time: 2.250
Numerical kernel 111... min 5.19998E-106 (of 0)... Time: 0.310
Arnoldi iteration 112... Time: 2.260
Numerical kernel 112... min 6.39541E-108 (of 1)... 
(-0.275814 - 7.80502E-117*$.1 -0.307396 - 0.233981*$.1 -0.185038 - 0.314011*$.1 -0.230525 - 0.202066*$.1 -0.0886388 - 0.646640*$.1 -0.0619448 - 0.290028*$.1 -0.0569786 - 0.134894*$.1 -0.0277310 - 0.0623681*$.1 -0.0149246 - 0.0757514*$.1 0.00135847 - 0.0360458*$.1 -0.00344221 - 0.0210354*$.1 0.00331634 - 0.00776950*$.1 0.000482039 - 0.00488350*$.1 9.70798E-5 - 0.00219234*$.1 6.49793E-5 - 0.00127304*$.1 -5.00675E-6 - 0.000536720*$.1 4.29395E-5 - 0.000256353*$.1 2.39856E-6 - 0.000160728*$.1 1.06244E-6 - 5.70031E-5*$.1 -7.12539E-8 - 3.49947E-5*$.1 2.13433E-6 - 1.64640E-5*$.1 3.56145E-7 - 5.20799E-6*$.1 2.65000E-8 - 2.04967E-6*$.1 1.00246E-7 - 7.27393E-7*$.1 2.43845E-8 - 2.50787E-7*$.1 2.40788E-9 - 5.75732E-8*$.1 1.23347E-9 - 1.68714E-8*$.1 -5.92715E-10 - 1.03218E-8*$.1 -7.15983E-10 - 4.67922E-9*$.1 -2.81743E-10 - 1.96721E-9*$.1 -3.50875E-11 - 4.96034E-10*$.1 -2.47155E-11 - 1.88388E-10*$.1 -7.10434E-12 - 6.56492E-11*$.1 -2.66615E-12 - 2.07604E-11*$.1 -1.06608E-12 - 6.05789E-12*$.1 -2.02471E-13 - 1.20226E-12*$.1 -9.41852E-14 - 2.86552E-13*$.1 -1.87395E-14 - 9.85210E-14*$.1 -1.03012E-14 - 3.15560E-14*$.1 -1.97816E-15 - 6.37083E-15*$.1 -4.61860E-16 - 1.44710E-15*$.1 -4.86615E-17 - 1.83663E-16*$.1 -6.98216E-18 - 3.65706E-17*$.1 -1.55177E-18 - 5.52308E-18*$.1 -3.14174E-19 - 1.32158E-18*$.1 -4.78890E-20 - 2.12775E-19*$.1 -5.80687E-21 - 3.62326E-20*$.1 -1.00985E-21 - 6.09137E-21*$.1 -8.62069E-23 - 6.62946E-22*$.1 -8.42623E-24 - 8.40526E-23*$.1 -1.03124E-24 - 1.16589E-23*$.1 -1.91466E-25 - 1.52410E-24*$.1 -2.03869E-26 - 1.77883E-25*$.1 -3.98888E-27 - 3.19733E-26*$.1 -4.52575E-28 - 3.68969E-27*$.1 -5.30473E-29 - 4.46730E-28*$.1 -4.60231E-30 - 4.10445E-29*$.1 -8.13302E-31 - 5.10245E-30*$.1 -1.19802E-31 - 6.56519E-31*$.1 -9.70541E-33 - 6.08465E-32*$.1 -8.22959E-34 - 5.68352E-33*$.1 -6.85551E-35 - 5.35062E-34*$.1 -8.40123E-36 - 5.64605E-35*$.1 -6.55251E-37 - 4.65937E-36*$.1 -5.02570E-38 - 3.13027E-37*$.1 -3.87995E-39 - 2.52726E-38*$.1 -2.46252E-40 - 1.54662E-39*$.1 -2.32957E-41 - 1.46174E-40*$.1 -1.54754E-42 - 1.05792E-41*$.1 -6.71375E-44 - 5.86957E-43*$.1 -6.13394E-45 - 4.94650E-44*$.1 -3.79329E-46 - 3.39791E-45*$.1 -2.68004E-47 - 2.04750E-46*$.1 -1.36405E-48 - 1.32825E-47*$.1 -1.20407E-49 - 1.16461E-48*$.1 -5.54270E-51 - 5.35426E-50*$.1 -3.39689E-52 - 2.64744E-51*$.1 -1.69954E-53 - 1.54303E-52*$.1 -8.09649E-55 - 6.50204E-54*$.1 -4.94811E-56 - 3.81407E-55*$.1 -1.90584E-57 - 1.41346E-56*$.1 -1.16391E-58 - 7.52625E-58*$.1 -4.31019E-60 - 2.77071E-59*$.1 -2.01292E-61 - 1.37572E-60*$.1 -9.27005E-63 - 5.72173E-62*$.1 -3.52569E-64 - 2.56894E-63*$.1 -1.53105E-65 - 1.03171E-64*$.1 -5.34078E-67 - 3.60684E-66*$.1 -2.43120E-68 - 1.74167E-67*$.1 -8.23632E-70 - 5.62893E-69*$.1 -1.85290E-71 - 1.29274E-70*$.1 -6.64921E-73 - 4.85797E-72*$.1 -3.01004E-74 - 2.14510E-73*$.1 -7.68872E-76 - 5.65483E-75*$.1 -1.69047E-77 - 1.26979E-76*$.1 -4.05465E-79 - 3.07548E-78*$.1 -1.27041E-80 - 8.84015E-80*$.1 -4.38806E-82 - 3.18012E-81*$.1 -1.12794E-83 - 8.63279E-83*$.1 -1.77914E-85 - 1.35040E-84*$.1 -3.47851E-87 - 2.64203E-86*$.1 -6.39454E-89 - 4.81827E-88*$.1 -1.09314E-90 - 8.18263E-90*$.1 -2.00102E-92 - 1.53254E-91*$.1 -3.60479E-94 - 2.72284E-93*$.1 -3.51313E-96 - 2.65528E-95*$.1 -5.20016E-98 - 4.06720E-97*$.1 -7.94312E-100 - 6.13625E-99*$.1 -9.02598E-102 - 7.03956E-101*$.1 -9.47225E-104 - 7.25274E-103*$.1 -1.24333E-105 - 9.51952E-105*$.1)
Time: 0.570
escaped with cutoff 9.60037E-105...
Echelonize: 
[-89.03628858446050325869958893931729764969986631915135188002749737497821542645582766012363251986483629304143523677832 + 1093.913134144190262709699977262792679550108505675045950084394469404665617142753855502942362478918954134642899164518*I 29.13851010841680000241484957140121729454503155254848344587412843210525811425406042375224780771251396372265614258267 - 1084.124144857088522260203694959510285015478625629973480746623192548553114766674576816732327024111993441208847620910*I]
[353.6973526986036278616322652728855701406219298822711090881418335772240464818354057512750228974416677203831593542674 - 219.4736855811287461088463529834997706249658921612497030488725268960723759903709696146384196045730170344934244606167*I -339.6351737253862098481590147521833407011501879791152802394909836692930936234585613480087583154622547547555584166102 + 235.9683560268486147926891548611313238989271352297667200178935307809523701455490198152166113375614473704509012868442*I]
cgh = 1.00000 - 1.94914E-113*$.1, chg = -0.182990 + 0.0918653*$.1
1 1 1 0.000000
1 2 0 1.36090E-115 - 3.26617E-115*$.1
1 3 0 3.81500E-231 - 6.17656E-116*$.1
1 4 1 0.000000
1 5 0 1.33269E-231 + 3.65060E-116*$.1
1 6 0 6.30423E-116
1 7 0 -1.90526E-115 - 4.35489E-115*$.1
1 8 0 -7.12093E-116 - 3.56047E-116*$.1
1 9 0 -5.35744E-116 - 2.67872E-116*$.1
1 10 0 9.53749E-232 + 3.08828E-116*$.1
1 11 0 6.30423E-116
1 12 0 -8.03616E-116 - 2.67872E-116*$.1
1 13 0 3.81500E-231 - 6.17656E-116*$.1
1 14 0 5.58693E-232 - 2.36367E-116*$.1
1 15 0 9.44337E-116 - 9.44337E-116*$.1
1 16 0 3.56047E-116 - 3.56047E-116*$.1
1 17 0 -3.08828E-116 + 3.08828E-116*$.1
2 1 0 -0.364567 - 5.71003E-116*$.1
2 2 0 0.304473 - 0.200512*$.1
2 3 0 -0.234633 + 0.279027*$.1
2 3 1 -0.234633 + 0.279027*$.1
2 3 2 -0.234633 + 0.279027*$.1
2 4 0 0.234633 + 0.279027*$.1
2 5 0 -0.364567 - 5.71003E-116*$.1
2 6 0 0.114021 + 0.346278*$.1
2 7 0 0.114021 + 0.346278*$.1
2 8 0 0.114021 + 0.346278*$.1
2 9 0 0.364567 - 9.29349E-116*$.1
2 10 0 0.364567 + 3.10310E-116*$.1
2 11 0 -0.114021 - 0.346278*$.1
2 11 1 -0.114021 - 0.346278*$.1
2 11 2 -0.114021 - 0.346278*$.1
2 12 0 -0.234633 - 0.279027*$.1
2 12 1 -0.234633 - 0.279027*$.1
2 12 2 -0.234633 - 0.279027*$.1
2 13 0 0.364567 - 3.10310E-116*$.1
2 14 0 0.234633 + 0.279027*$.1
2 15 0 -0.364567 + 7.35780E-116*$.1
2 16 0 -0.234633 - 0.279027*$.1
2 17 0 -0.234633 - 0.279027*$.1
3 1 0 -0.417594 + 0.351153*$.1
3 2 0 0.518241 - 0.170644*$.1
3 3 0 0.417594 - 0.351153*$.1
3 4 0 0.417594 - 0.351153*$.1
3 5 0 0.417594 - 0.351153*$.1
3 6 0 -0.300087 - 0.455677*$.1
3 7 0 -0.300087 - 0.455677*$.1
3 7 1 -0.300087 - 0.455677*$.1
3 7 2 -0.300087 - 0.455677*$.1
3 7 3 -0.300087 - 0.455677*$.1
3 7 4 -0.300087 - 0.455677*$.1
3 7 5 -0.300087 - 0.455677*$.1
3 7 6 -0.300087 - 0.455677*$.1
3 8 0 -0.518241 + 0.170644*$.1
3 9 0 -0.417594 + 0.351153*$.1
3 10 0 2.39509E-115 + 0.545613*$.1
3 11 0 0.417594 - 0.351153*$.1
3 12 0 -1.19637E-116 + 0.545613*$.1
3 13 0 -0.417594 + 0.351153*$.1
3 14 0 -0.417594 - 0.351153*$.1
3 15 0 -0.300087 - 0.455677*$.1
3 16 0 -0.417594 + 0.351153*$.1
3 17 0 -0.518241 + 0.170644*$.1
1 1 [ 0.0000000000000000000000000000000000000000000000000000000000000000000000000000000000000000000000000000000000000000000, -0.1905101719797744264132826668924645705035993118936731996498582337984272496635900147046440458758176826075759511277697 - 0.2700755326501354528550480632674944499753257447670635523577415066630206066241331385190641281111396615199890612573396*I, 0.2021783443820174835577880686025698323580819524902723380017879540037852611765309009780367060508614220214097498087114 + 0.2279988393277711455430037943225379676582208423538557021717344004345591843860584615906094409670782562717996797891272*I, 0.2698066006204305016571917330707078926541909059549228782223302566622024560313715135307594631362456565729260382007006 + 0.3211303683308557943189487134333873141606519132746858880200319132335746822524120046565176327577861248283900989055441*I, -0.1795568915816934538125940777095007289212543061336779454199532970244785525922435833063371833118832889830452250713903 - 0.2689868765847640116224344089897044272727294147796057188357215352112536011714570599846674056135431738057465452080876*I, -0.2040035451671154620462257912087928551803438610564251289694787014114222214647968039025653017276943639785215916198519 - 0.2415918720992746660611845283104738693618942714643948590350174469548838492767141908251426310837340005346610925747548*I, 0.2312702177135487957872724485133074473116793267921695448217355608474767238903785208770351839485436265491220226460165 + 0.3317793826174339356080403620720724552884172669737166175945088236290423517047491551437235149011333146102004051400932*I, -28.53676573654288535816132343230048972529040632254561389753567270589514945035593621265320206724350669406099904437182 + 13.74646328917810495450114351207733441785185101272153224624492463336891257192115268197605828907749731411492920654314*I ]
1 2 [ -0.3192615886677373518739256607659132180212330913739681613368514458484465723678784186633018201244367749558562853520682 - 0.3040775346210569117886553131586561951805788945776150179664873557529479241480289255413190382311128841377709652615308*I ]
2 1 [ 0.3313894695893937805145317163591057545436515404248913504479733797466026366674963172711380587478637550930395044062135 + 0.1437956638689356428071535744646653061227171212644527235959687220613457664166278320782554614409070713902993076481968*I, -0.1888906721298857553499388917951476563102967446086796177153849224418141702144799052053948511366822655469745398329612 - 0.2660089904658085949543575207407889141008609346712660953222947000835899622337555700293081974104040393486980316066795*I, -0.3368193575559318679359431076462311840721829705652435440161154228423534772687533189405785975606437509764680157532249 - 0.1381686313340498512053459835679685087741426037309239902481401018232755895453314121384353192520134144051180259338275*I ]
2 2 [ 0.2420786915786577313239285936148493822572292111389521429825670299432366357072342973460558277847426852485574751587214 + 0.3302729499332276355729995744324771852253556434450036763432221846975082022600059837990778760034170657827208550606552*I ]
2 3 [ 0.1949553050382143360879304898982573480902479720330432491168548872027196320363389387823133603154900132255681350729812 + 0.2378954697440972083035547358665750030541218491050674352510081688699997754888574300100849675877156356746065352250142*I, -0.1781247018259375941099158886651589638265836918802182293703638208101164918074115957053949075576731555777049162120999 - 0.2702555291467223132765804133212923508671437710990190403613694656991291238635930279837000867756328112478224280430603*I, 0.2282916563012164418689497237727229020074954881604229354361874293601427443788351272493095579349109383144601941785827 + 0.3320020224127269234455651407456434233295393300924958532865794363844773792222516618721833182635106308050069204462357*I ]
3 1 [ -0.1665458549353225986172591146076759214658960853206061711725756863105532603657889060866151587792917758604742188001975 - 0.3019868589375756757331469000663024282473106342538592546086235915537309468095763424189774624525998682736431424759983*I, 0.1789737598312735219092495896405588954503823073235438611697883102701319528836879454533545249566408353687406186805137 + 0.3229591373308342298698822918491557283865065273658326518343530529149478352393194550365907645764255847996437700538701*I ]
3 2 [ -0.1902559537040344794377446365122880528866011060038598283182796599112067623711459067170630579752295487232281845246450 - 0.2691665035590637888122791501718274151076678695697488689567310933708490622953811725565713545246233655483166309425731*I ]
deg(phi_0) = deg(phi_1) = deg(phi_oo)

4.981886787382682829071694489094832902839350749864029508571018224459304719372784455976103461034689473792074283024327E-93 16
Calling TrianglePhiGenusZeroEquations with RamInfinity := []
Defining ideal: Ideal of Polynomial ring of rank 19 over Rational Field
Order: Lexicographical
Variables: a[1], a[2], a[3], a[4], a[5], a[6], a[7], a[8], a[9], a[10], a[11], a[12], a[13], a[14], a[15], a[16], a[17], a[18], a[19]
Basis:
[
-a[1]*a[8]*a[16] - 8*a[1]*a[8]*a[17]*a[18] + a[1]*a[16]*a[18] + 2*a[2]*a[8]*a[16]*a[18],
a[9] - a[10],
-a[9]^4*a[12]^2*a[13]*a[19] + a[9]^4*a[12]^2*a[13] - a[16]^8*a[18],
-a[9]^4*a[12]^2*a[14]*a[19] + a[9]^4*a[12]^2*a[14] - 2*a[9]^4*a[12]*a[13]*a[19] + 2*a[9]^4*a[12]*a[13] - 4*a[9]^3*a[10]*a[12]^2*a[13]*a[19] + 4*a[9]^3*a[10]*a[12]^2*a[13] - a[16]^8 - 8*a[16]^7*a[17]*a[18],
a[1]^2*a[8]*a[19] - a[9]^4*a[12]^2*a[15]*a[19] + a[9]^4*a[12]^2*a[15] - 2*a[9]^4*a[12]*a[14]*a[19] + 2*a[9]^4*a[12]*a[14] - a[9]^4*a[13]*a[19] + a[9]^4*a[13] - 4*a[9]^3*a[10]*a[12]^2*a[14]*a[19] + 4*a[9]^3*a[10]*a[12]^2*a[14] - 8*a[9]^3*a[10]*a[12]*a[13]*a[19] + 8*a[9]^3*a[10]*a[12]*a[13] - 4*a[9]^3*a[11]*a[12]^2*a[13]*a[19] + 4*a[9]^3*a[11]*a[12]^2*a[13] - 6*a[9]^2*a[10]^2*a[12]^2*a[13]*a[19] + 6*a[9]^2*a[10]^2*a[12]^2*a[13] - 8*a[16]^7*a[17] - 8*a[16]^7*a[18] - 28*a[16]^6*a[17]^2*a[18],
a[1]^2*a[19] + 2*a[1]*a[2]*a[8]*a[19] - a[9]^4*a[12]^2*a[19] + a[9]^4*a[12]^2 - 2*a[9]^4*a[12]*a[15]*a[19] + 2*a[9]^4*a[12]*a[15] - a[9]^4*a[14]*a[19] + a[9]^4*a[14] - 4*a[9]^3*a[10]*a[12]^2*a[15]*a[19] + 4*a[9]^3*a[10]*a[12]^2*a[15] - 8*a[9]^3*a[10]*a[12]*a[14]*a[19] + 8*a[9]^3*a[10]*a[12]*a[14] - 4*a[9]^3*a[10]*a[13]*a[19] + 4*a[9]^3*a[10]*a[13] - 4*a[9]^3*a[11]*a[12]^2*a[14]*a[19] + 4*a[9]^3*a[11]*a[12]^2*a[14] - 8*a[9]^3*a[11]*a[12]*a[13]*a[19] + 8*a[9]^3*a[11]*a[12]*a[13] - 4*a[9]^3*a[12]^2*a[13]*a[19] + 4*a[9]^3*a[12]^2*a[13] - 6*a[9]^2*a[10]^2*a[12]^2*a[14]*a[19] + 6*a[9]^2*a[10]^2*a[12]^2*a[14] - 12*a[9]^2*a[10]^2*a[12]*a[13]*a[19] + 12*a[9]^2*a[10]^2*a[12]*a[13] - 12*a[9]^2*a[10]*a[11]*a[12]^2*a[13]*a[19] + 12*a[9]^2*a[10]*a[11]*a[12]^2*a[13] - 4*a[9]*a[10]^3*a[12]^2*a[13]*a[19] + 4*a[9]*a[10]^3*a[12]^2*a[13] - 8*a[16]^7 - 28*a[16]^6*a[17]^2 - 56*a[16]^6*a[17]*a[18] - 56*a[16]^5*a[17]^3*a[18],
2*a[1]*a[2]*a[19] + 2*a[1]*a[3]*a[8]*a[19] + a[2]^2*a[8]*a[19] - 2*a[9]^4*a[12]*a[19] + 2*a[9]^4*a[12] - a[9]^4*a[15]*a[19] + a[9]^4*a[15] - 4*a[9]^3*a[10]*a[12]^2*a[19] + 4*a[9]^3*a[10]*a[12]^2 - 8*a[9]^3*a[10]*a[12]*a[15]*a[19] + 8*a[9]^3*a[10]*a[12]*a[15] - 4*a[9]^3*a[10]*a[14]*a[19] + 4*a[9]^3*a[10]*a[14] - 4*a[9]^3*a[11]*a[12]^2*a[15]*a[19] + 4*a[9]^3*a[11]*a[12]^2*a[15] - 8*a[9]^3*a[11]*a[12]*a[14]*a[19] + 8*a[9]^3*a[11]*a[12]*a[14] - 4*a[9]^3*a[11]*a[13]*a[19] + 4*a[9]^3*a[11]*a[13] - 4*a[9]^3*a[12]^2*a[14]*a[19] + 4*a[9]^3*a[12]^2*a[14] - 8*a[9]^3*a[12]*a[13]*a[19] + 8*a[9]^3*a[12]*a[13] - 6*a[9]^2*a[10]^2*a[12]^2*a[15]*a[19] + 6*a[9]^2*a[10]^2*a[12]^2*a[15] - 12*a[9]^2*a[10]^2*a[12]*a[14]*a[19] + 12*a[9]^2*a[10]^2*a[12]*a[14] - 6*a[9]^2*a[10]^2*a[13]*a[19] + 6*a[9]^2*a[10]^2*a[13] - 12*a[9]^2*a[10]*a[11]*a[12]^2*a[14]*a[19] + 12*a[9]^2*a[10]*a[11]*a[12]^2*a[14] - 24*a[9]^2*a[10]*a[11]*a[12]*a[13]*a[19] + 24*a[9]^2*a[10]*a[11]*a[12]*a[13] - 12*a[9]^2*a[10]*a[12]^2*a[13]*a[19] + 12*a[9]^2*a[10]*a[12]^2*a[13] - 6*a[9]^2*a[11]^2*a[12]^2*a[13]*a[19] + 6*a[9]^2*a[11]^2*a[12]^2*a[13] - 4*a[9]*a[10]^3*a[12]^2*a[14]*a[19] + 4*a[9]*a[10]^3*a[12]^2*a[14] - 8*a[9]*a[10]^3*a[12]*a[13]*a[19] + 8*a[9]*a[10]^3*a[12]*a[13] - 12*a[9]*a[10]^2*a[11]*a[12]^2*a[13]*a[19] + 12*a[9]*a[10]^2*a[11]*a[12]^2*a[13] - a[10]^4*a[12]^2*a[13]*a[19] + a[10]^4*a[12]^2*a[13] - 56*a[16]^6*a[17] - 28*a[16]^6*a[18] - 56*a[16]^5*a[17]^3 - 168*a[16]^5*a[17]^2*a[18] - 70*a[16]^4*a[17]^4*a[18],
2*a[1]*a[3]*a[19] + 2*a[1]*a[4]*a[8]*a[19] + a[2]^2*a[19] + 2*a[2]*a[3]*a[8]*a[19] - a[9]^4*a[19] + a[9]^4 - 8*a[9]^3*a[10]*a[12]*a[19] + 8*a[9]^3*a[10]*a[12] - 4*a[9]^3*a[10]*a[15]*a[19] + 4*a[9]^3*a[10]*a[15] - 4*a[9]^3*a[11]*a[12]^2*a[19] + 4*a[9]^3*a[11]*a[12]^2 - 8*a[9]^3*a[11]*a[12]*a[15]*a[19] + 8*a[9]^3*a[11]*a[12]*a[15] - 4*a[9]^3*a[11]*a[14]*a[19] + 4*a[9]^3*a[11]*a[14] - 4*a[9]^3*a[12]^2*a[15]*a[19] + 4*a[9]^3*a[12]^2*a[15] - 8*a[9]^3*a[12]*a[14]*a[19] + 8*a[9]^3*a[12]*a[14] - 4*a[9]^3*a[13]*a[19] + 4*a[9]^3*a[13] - 6*a[9]^2*a[10]^2*a[12]^2*a[19] + 6*a[9]^2*a[10]^2*a[12]^2 - 12*a[9]^2*a[10]^2*a[12]*a[15]*a[19] + 12*a[9]^2*a[10]^2*a[12]*a[15] - 6*a[9]^2*a[10]^2*a[14]*a[19] + 6*a[9]^2*a[10]^2*a[14] - 12*a[9]^2*a[10]*a[11]*a[12]^2*a[15]*a[19] + 12*a[9]^2*a[10]*a[11]*a[12]^2*a[15] - 24*a[9]^2*a[10]*a[11]*a[12]*a[14]*a[19] + 24*a[9]^2*a[10]*a[11]*a[12]*a[14] - 12*a[9]^2*a[10]*a[11]*a[13]*a[19] + 12*a[9]^2*a[10]*a[11]*a[13] - 12*a[9]^2*a[10]*a[12]^2*a[14]*a[19] + 12*a[9]^2*a[10]*a[12]^2*a[14] - 24*a[9]^2*a[10]*a[12]*a[13]*a[19] + 24*a[9]^2*a[10]*a[12]*a[13] - 6*a[9]^2*a[11]^2*a[12]^2*a[14]*a[19] + 6*a[9]^2*a[11]^2*a[12]^2*a[14] - 12*a[9]^2*a[11]^2*a[12]*a[13]*a[19] + 12*a[9]^2*a[11]^2*a[12]*a[13] - 12*a[9]^2*a[11]*a[12]^2*a[13]*a[19] + 12*a[9]^2*a[11]*a[12]^2*a[13] - 4*a[9]*a[10]^3*a[12]^2*a[15]*a[19] + 4*a[9]*a[10]^3*a[12]^2*a[15] - 8*a[9]*a[10]^3*a[12]*a[14]*a[19] + 8*a[9]*a[10]^3*a[12]*a[14] - 4*a[9]*a[10]^3*a[13]*a[19] + 4*a[9]*a[10]^3*a[13] - 12*a[9]*a[10]^2*a[11]*a[12]^2*a[14]*a[19] + 12*a[9]*a[10]^2*a[11]*a[12]^2*a[14] - 24*a[9]*a[10]^2*a[11]*a[12]*a[13]*a[19] + 24*a[9]*a[10]^2*a[11]*a[12]*a[13] - 12*a[9]*a[10]^2*a[12]^2*a[13]*a[19] + 12*a[9]*a[10]^2*a[12]^2*a[13] - 12*a[9]*a[10]*a[11]^2*a[12]^2*a[13]*a[19] + 12*a[9]*a[10]*a[11]^2*a[12]^2*a[13] - a[10]^4*a[12]^2*a[14]*a[19] + a[10]^4*a[12]^2*a[14] - 2*a[10]^4*a[12]*a[13]*a[19] + 2*a[10]^4*a[12]*a[13] - 4*a[10]^3*a[11]*a[12]^2*a[13]*a[19] + 4*a[10]^3*a[11]*a[12]^2*a[13] - 28*a[16]^6 - 168*a[16]^5*a[17]^2 - 168*a[16]^5*a[17]*a[18] - 70*a[16]^4*a[17]^4 - 280*a[16]^4*a[17]^3*a[18] - 56*a[16]^3*a[17]^5*a[18],
2*a[1]*a[4]*a[19] + 2*a[1]*a[5]*a[8]*a[19] + 2*a[2]*a[3]*a[19] + 2*a[2]*a[4]*a[8]*a[19] + a[3]^2*a[8]*a[19] - 4*a[9]^3*a[10]*a[19] + 4*a[9]^3*a[10] - 8*a[9]^3*a[11]*a[12]*a[19] + 8*a[9]^3*a[11]*a[12] - 4*a[9]^3*a[11]*a[15]*a[19] + 4*a[9]^3*a[11]*a[15] - 4*a[9]^3*a[12]^2*a[19] + 4*a[9]^3*a[12]^2 - 8*a[9]^3*a[12]*a[15]*a[19] + 8*a[9]^3*a[12]*a[15] - 4*a[9]^3*a[14]*a[19] + 4*a[9]^3*a[14] - 12*a[9]^2*a[10]^2*a[12]*a[19] + 12*a[9]^2*a[10]^2*a[12] - 6*a[9]^2*a[10]^2*a[15]*a[19] + 6*a[9]^2*a[10]^2*a[15] - 12*a[9]^2*a[10]*a[11]*a[12]^2*a[19] + 12*a[9]^2*a[10]*a[11]*a[12]^2 - 24*a[9]^2*a[10]*a[11]*a[12]*a[15]*a[19] + 24*a[9]^2*a[10]*a[11]*a[12]*a[15] - 12*a[9]^2*a[10]*a[11]*a[14]*a[19] + 12*a[9]^2*a[10]*a[11]*a[14] - 12*a[9]^2*a[10]*a[12]^2*a[15]*a[19] + 12*a[9]^2*a[10]*a[12]^2*a[15] - 24*a[9]^2*a[10]*a[12]*a[14]*a[19] + 24*a[9]^2*a[10]*a[12]*a[14] - 12*a[9]^2*a[10]*a[13]*a[19] + 12*a[9]^2*a[10]*a[13] - 6*a[9]^2*a[11]^2*a[12]^2*a[15]*a[19] + 6*a[9]^2*a[11]^2*a[12]^2*a[15] - 12*a[9]^2*a[11]^2*a[12]*a[14]*a[19] + 12*a[9]^2*a[11]^2*a[12]*a[14] - 6*a[9]^2*a[11]^2*a[13]*a[19] + 6*a[9]^2*a[11]^2*a[13] - 12*a[9]^2*a[11]*a[12]^2*a[14]*a[19] + 12*a[9]^2*a[11]*a[12]^2*a[14] - 24*a[9]^2*a[11]*a[12]*a[13]*a[19] + 24*a[9]^2*a[11]*a[12]*a[13] - 6*a[9]^2*a[12]^2*a[13]*a[19] + 6*a[9]^2*a[12]^2*a[13] - 4*a[9]*a[10]^3*a[12]^2*a[19] + 4*a[9]*a[10]^3*a[12]^2 - 8*a[9]*a[10]^3*a[12]*a[15]*a[19] + 8*a[9]*a[10]^3*a[12]*a[15] - 4*a[9]*a[10]^3*a[14]*a[19] + 4*a[9]*a[10]^3*a[14] - 12*a[9]*a[10]^2*a[11]*a[12]^2*a[15]*a[19] + 12*a[9]*a[10]^2*a[11]*a[12]^2*a[15] - 24*a[9]*a[10]^2*a[11]*a[12]*a[14]*a[19] + 24*a[9]*a[10]^2*a[11]*a[12]*a[14] - 12*a[9]*a[10]^2*a[11]*a[13]*a[19] + 12*a[9]*a[10]^2*a[11]*a[13] - 12*a[9]*a[10]^2*a[12]^2*a[14]*a[19] + 12*a[9]*a[10]^2*a[12]^2*a[14] - 24*a[9]*a[10]^2*a[12]*a[13]*a[19] + 24*a[9]*a[10]^2*a[12]*a[13] - 12*a[9]*a[10]*a[11]^2*a[12]^2*a[14]*a[19] + 12*a[9]*a[10]*a[11]^2*a[12]^2*a[14] - 24*a[9]*a[10]*a[11]^2*a[12]*a[13]*a[19] + 24*a[9]*a[10]*a[11]^2*a[12]*a[13] - 24*a[9]*a[10]*a[11]*a[12]^2*a[13]*a[19] + 24*a[9]*a[10]*a[11]*a[12]^2*a[13] - 4*a[9]*a[11]^3*a[12]^2*a[13]*a[19] + 4*a[9]*a[11]^3*a[12]^2*a[13] - a[10]^4*a[12]^2*a[15]*a[19] + a[10]^4*a[12]^2*a[15] - 2*a[10]^4*a[12]*a[14]*a[19] + 2*a[10]^4*a[12]*a[14] - a[10]^4*a[13]*a[19] + a[10]^4*a[13] - 4*a[10]^3*a[11]*a[12]^2*a[14]*a[19] + 4*a[10]^3*a[11]*a[12]^2*a[14] - 8*a[10]^3*a[11]*a[12]*a[13]*a[19] + 8*a[10]^3*a[11]*a[12]*a[13] - 4*a[10]^3*a[12]^2*a[13]*a[19] + 4*a[10]^3*a[12]^2*a[13] - 6*a[10]^2*a[11]^2*a[12]^2*a[13]*a[19] + 6*a[10]^2*a[11]^2*a[12]^2*a[13] - 168*a[16]^5*a[17] - 56*a[16]^5*a[18] - 280*a[16]^4*a[17]^3 - 420*a[16]^4*a[17]^2*a[18] - 56*a[16]^3*a[17]^5 - 280*a[16]^3*a[17]^4*a[18] - 28*a[16]^2*a[17]^6*a[18],
2*a[1]*a[5]*a[19] + 2*a[1]*a[6]*a[8]*a[19] + 2*a[2]*a[4]*a[19] + 2*a[2]*a[5]*a[8]*a[19] + a[3]^2*a[19] + 2*a[3]*a[4]*a[8]*a[19] - 4*a[9]^3*a[11]*a[19] + 4*a[9]^3*a[11] - 8*a[9]^3*a[12]*a[19] + 8*a[9]^3*a[12] - 4*a[9]^3*a[15]*a[19] + 4*a[9]^3*a[15] - 6*a[9]^2*a[10]^2*a[19] + 6*a[9]^2*a[10]^2 - 24*a[9]^2*a[10]*a[11]*a[12]*a[19] + 24*a[9]^2*a[10]*a[11]*a[12] - 12*a[9]^2*a[10]*a[11]*a[15]*a[19] + 12*a[9]^2*a[10]*a[11]*a[15] - 12*a[9]^2*a[10]*a[12]^2*a[19] + 12*a[9]^2*a[10]*a[12]^2 - 24*a[9]^2*a[10]*a[12]*a[15]*a[19] + 24*a[9]^2*a[10]*a[12]*a[15] - 12*a[9]^2*a[10]*a[14]*a[19] + 12*a[9]^2*a[10]*a[14] - 6*a[9]^2*a[11]^2*a[12]^2*a[19] + 6*a[9]^2*a[11]^2*a[12]^2 - 12*a[9]^2*a[11]^2*a[12]*a[15]*a[19] + 12*a[9]^2*a[11]^2*a[12]*a[15] - 6*a[9]^2*a[11]^2*a[14]*a[19] + 6*a[9]^2*a[11]^2*a[14] - 12*a[9]^2*a[11]*a[12]^2*a[15]*a[19] + 12*a[9]^2*a[11]*a[12]^2*a[15] - 24*a[9]^2*a[11]*a[12]*a[14]*a[19] + 24*a[9]^2*a[11]*a[12]*a[14] - 12*a[9]^2*a[11]*a[13]*a[19] + 12*a[9]^2*a[11]*a[13] - 6*a[9]^2*a[12]^2*a[14]*a[19] + 6*a[9]^2*a[12]^2*a[14] - 12*a[9]^2*a[12]*a[13]*a[19] + 12*a[9]^2*a[12]*a[13] - 8*a[9]*a[10]^3*a[12]*a[19] + 8*a[9]*a[10]^3*a[12] - 4*a[9]*a[10]^3*a[15]*a[19] + 4*a[9]*a[10]^3*a[15] - 12*a[9]*a[10]^2*a[11]*a[12]^2*a[19] + 12*a[9]*a[10]^2*a[11]*a[12]^2 - 24*a[9]*a[10]^2*a[11]*a[12]*a[15]*a[19] + 24*a[9]*a[10]^2*a[11]*a[12]*a[15] - 12*a[9]*a[10]^2*a[11]*a[14]*a[19] + 12*a[9]*a[10]^2*a[11]*a[14] - 12*a[9]*a[10]^2*a[12]^2*a[15]*a[19] + 12*a[9]*a[10]^2*a[12]^2*a[15] - 24*a[9]*a[10]^2*a[12]*a[14]*a[19] + 24*a[9]*a[10]^2*a[12]*a[14] - 12*a[9]*a[10]^2*a[13]*a[19] + 12*a[9]*a[10]^2*a[13] - 12*a[9]*a[10]*a[11]^2*a[12]^2*a[15]*a[19] + 12*a[9]*a[10]*a[11]^2*a[12]^2*a[15] - 24*a[9]*a[10]*a[11]^2*a[12]*a[14]*a[19] + 24*a[9]*a[10]*a[11]^2*a[12]*a[14] - 12*a[9]*a[10]*a[11]^2*a[13]*a[19] + 12*a[9]*a[10]*a[11]^2*a[13] - 24*a[9]*a[10]*a[11]*a[12]^2*a[14]*a[19] + 24*a[9]*a[10]*a[11]*a[12]^2*a[14] - 48*a[9]*a[10]*a[11]*a[12]*a[13]*a[19] + 48*a[9]*a[10]*a[11]*a[12]*a[13] - 12*a[9]*a[10]*a[12]^2*a[13]*a[19] + 12*a[9]*a[10]*a[12]^2*a[13] - 4*a[9]*a[11]^3*a[12]^2*a[14]*a[19] + 4*a[9]*a[11]^3*a[12]^2*a[14] - 8*a[9]*a[11]^3*a[12]*a[13]*a[19] + 8*a[9]*a[11]^3*a[12]*a[13] - 12*a[9]*a[11]^2*a[12]^2*a[13]*a[19] + 12*a[9]*a[11]^2*a[12]^2*a[13] - a[10]^4*a[12]^2*a[19] + a[10]^4*a[12]^2 - 2*a[10]^4*a[12]*a[15]*a[19] + 2*a[10]^4*a[12]*a[15] - a[10]^4*a[14]*a[19] + a[10]^4*a[14] - 4*a[10]^3*a[11]*a[12]^2*a[15]*a[19] + 4*a[10]^3*a[11]*a[12]^2*a[15] - 8*a[10]^3*a[11]*a[12]*a[14]*a[19] + 8*a[10]^3*a[11]*a[12]*a[14] - 4*a[10]^3*a[11]*a[13]*a[19] + 4*a[10]^3*a[11]*a[13] - 4*a[10]^3*a[12]^2*a[14]*a[19] + 4*a[10]^3*a[12]^2*a[14] - 8*a[10]^3*a[12]*a[13]*a[19] + 8*a[10]^3*a[12]*a[13] - 6*a[10]^2*a[11]^2*a[12]^2*a[14]*a[19] + 6*a[10]^2*a[11]^2*a[12]^2*a[14] - 12*a[10]^2*a[11]^2*a[12]*a[13]*a[19] + 12*a[10]^2*a[11]^2*a[12]*a[13] - 12*a[10]^2*a[11]*a[12]^2*a[13]*a[19] + 12*a[10]^2*a[11]*a[12]^2*a[13] - 4*a[10]*a[11]^3*a[12]^2*a[13]*a[19] + 4*a[10]*a[11]^3*a[12]^2*a[13] - 56*a[16]^5 - 420*a[16]^4*a[17]^2 - 280*a[16]^4*a[17]*a[18] - 280*a[16]^3*a[17]^4 - 560*a[16]^3*a[17]^3*a[18] - 28*a[16]^2*a[17]^6 - 168*a[16]^2*a[17]^5*a[18] - 8*a[16]*a[17]^7*a[18],
2*a[1]*a[6]*a[19] + 2*a[1]*a[7]*a[8]*a[19] + 2*a[2]*a[5]*a[19] + 2*a[2]*a[6]*a[8]*a[19] + 2*a[3]*a[4]*a[19] + 2*a[3]*a[5]*a[8]*a[19] + a[4]^2*a[8]*a[19] - 4*a[9]^3*a[19] + 4*a[9]^3 - 12*a[9]^2*a[10]*a[11]*a[19] + 12*a[9]^2*a[10]*a[11] - 24*a[9]^2*a[10]*a[12]*a[19] + 24*a[9]^2*a[10]*a[12] - 12*a[9]^2*a[10]*a[15]*a[19] + 12*a[9]^2*a[10]*a[15] - 12*a[9]^2*a[11]^2*a[12]*a[19] + 12*a[9]^2*a[11]^2*a[12] - 6*a[9]^2*a[11]^2*a[15]*a[19] + 6*a[9]^2*a[11]^2*a[15] - 12*a[9]^2*a[11]*a[12]^2*a[19] + 12*a[9]^2*a[11]*a[12]^2 - 24*a[9]^2*a[11]*a[12]*a[15]*a[19] + 24*a[9]^2*a[11]*a[12]*a[15] - 12*a[9]^2*a[11]*a[14]*a[19] + 12*a[9]^2*a[11]*a[14] - 6*a[9]^2*a[12]^2*a[15]*a[19] + 6*a[9]^2*a[12]^2*a[15] - 12*a[9]^2*a[12]*a[14]*a[19] + 12*a[9]^2*a[12]*a[14] - 6*a[9]^2*a[13]*a[19] + 6*a[9]^2*a[13] - 4*a[9]*a[10]^3*a[19] + 4*a[9]*a[10]^3 - 24*a[9]*a[10]^2*a[11]*a[12]*a[19] + 24*a[9]*a[10]^2*a[11]*a[12] - 12*a[9]*a[10]^2*a[11]*a[15]*a[19] + 12*a[9]*a[10]^2*a[11]*a[15] - 12*a[9]*a[10]^2*a[12]^2*a[19] + 12*a[9]*a[10]^2*a[12]^2 - 24*a[9]*a[10]^2*a[12]*a[15]*a[19] + 24*a[9]*a[10]^2*a[12]*a[15] - 12*a[9]*a[10]^2*a[14]*a[19] + 12*a[9]*a[10]^2*a[14] - 12*a[9]*a[10]*a[11]^2*a[12]^2*a[19] + 12*a[9]*a[10]*a[11]^2*a[12]^2 - 24*a[9]*a[10]*a[11]^2*a[12]*a[15]*a[19] + 24*a[9]*a[10]*a[11]^2*a[12]*a[15] - 12*a[9]*a[10]*a[11]^2*a[14]*a[19] + 12*a[9]*a[10]*a[11]^2*a[14] - 24*a[9]*a[10]*a[11]*a[12]^2*a[15]*a[19] + 24*a[9]*a[10]*a[11]*a[12]^2*a[15] - 48*a[9]*a[10]*a[11]*a[12]*a[14]*a[19] + 48*a[9]*a[10]*a[11]*a[12]*a[14] - 24*a[9]*a[10]*a[11]*a[13]*a[19] + 24*a[9]*a[10]*a[11]*a[13] - 12*a[9]*a[10]*a[12]^2*a[14]*a[19] + 12*a[9]*a[10]*a[12]^2*a[14] - 24*a[9]*a[10]*a[12]*a[13]*a[19] + 24*a[9]*a[10]*a[12]*a[13] - 4*a[9]*a[11]^3*a[12]^2*a[15]*a[19] + 4*a[9]*a[11]^3*a[12]^2*a[15] - 8*a[9]*a[11]^3*a[12]*a[14]*a[19] + 8*a[9]*a[11]^3*a[12]*a[14] - 4*a[9]*a[11]^3*a[13]*a[19] + 4*a[9]*a[11]^3*a[13] - 12*a[9]*a[11]^2*a[12]^2*a[14]*a[19] + 12*a[9]*a[11]^2*a[12]^2*a[14] - 24*a[9]*a[11]^2*a[12]*a[13]*a[19] + 24*a[9]*a[11]^2*a[12]*a[13] - 12*a[9]*a[11]*a[12]^2*a[13]*a[19] + 12*a[9]*a[11]*a[12]^2*a[13] - 2*a[10]^4*a[12]*a[19] + 2*a[10]^4*a[12] - a[10]^4*a[15]*a[19] + a[10]^4*a[15] - 4*a[10]^3*a[11]*a[12]^2*a[19] + 4*a[10]^3*a[11]*a[12]^2 - 8*a[10]^3*a[11]*a[12]*a[15]*a[19] + 8*a[10]^3*a[11]*a[12]*a[15] - 4*a[10]^3*a[11]*a[14]*a[19] + 4*a[10]^3*a[11]*a[14] - 4*a[10]^3*a[12]^2*a[15]*a[19] + 4*a[10]^3*a[12]^2*a[15] - 8*a[10]^3*a[12]*a[14]*a[19] + 8*a[10]^3*a[12]*a[14] - 4*a[10]^3*a[13]*a[19] + 4*a[10]^3*a[13] - 6*a[10]^2*a[11]^2*a[12]^2*a[15]*a[19] + 6*a[10]^2*a[11]^2*a[12]^2*a[15] - 12*a[10]^2*a[11]^2*a[12]*a[14]*a[19] + 12*a[10]^2*a[11]^2*a[12]*a[14] - 6*a[10]^2*a[11]^2*a[13]*a[19] + 6*a[10]^2*a[11]^2*a[13] - 12*a[10]^2*a[11]*a[12]^2*a[14]*a[19] + 12*a[10]^2*a[11]*a[12]^2*a[14] - 24*a[10]^2*a[11]*a[12]*a[13]*a[19] + 24*a[10]^2*a[11]*a[12]*a[13] - 6*a[10]^2*a[12]^2*a[13]*a[19] + 6*a[10]^2*a[12]^2*a[13] - 4*a[10]*a[11]^3*a[12]^2*a[14]*a[19] + 4*a[10]*a[11]^3*a[12]^2*a[14] - 8*a[10]*a[11]^3*a[12]*a[13]*a[19] + 8*a[10]*a[11]^3*a[12]*a[13] - 12*a[10]*a[11]^2*a[12]^2*a[13]*a[19] + 12*a[10]*a[11]^2*a[12]^2*a[13] - a[11]^4*a[12]^2*a[13]*a[19] + a[11]^4*a[12]^2*a[13] - 280*a[16]^4*a[17] - 70*a[16]^4*a[18] - 560*a[16]^3*a[17]^3 - 560*a[16]^3*a[17]^2*a[18] - 168*a[16]^2*a[17]^5 - 420*a[16]^2*a[17]^4*a[18] - 8*a[16]*a[17]^7 - 56*a[16]*a[17]^6*a[18] - a[17]^8*a[18],
2*a[1]*a[7]*a[19] + 2*a[1]*a[8]*a[19] + 2*a[2]*a[6]*a[19] + 2*a[2]*a[7]*a[8]*a[19] + 2*a[3]*a[5]*a[19] + 2*a[3]*a[6]*a[8]*a[19] + a[4]^2*a[19] + 2*a[4]*a[5]*a[8]*a[19] - 12*a[9]^2*a[10]*a[19] + 12*a[9]^2*a[10] - 6*a[9]^2*a[11]^2*a[19] + 6*a[9]^2*a[11]^2 - 24*a[9]^2*a[11]*a[12]*a[19] + 24*a[9]^2*a[11]*a[12] - 12*a[9]^2*a[11]*a[15]*a[19] + 12*a[9]^2*a[11]*a[15] - 6*a[9]^2*a[12]^2*a[19] + 6*a[9]^2*a[12]^2 - 12*a[9]^2*a[12]*a[15]*a[19] + 12*a[9]^2*a[12]*a[15] - 6*a[9]^2*a[14]*a[19] + 6*a[9]^2*a[14] - 12*a[9]*a[10]^2*a[11]*a[19] + 12*a[9]*a[10]^2*a[11] - 24*a[9]*a[10]^2*a[12]*a[19] + 24*a[9]*a[10]^2*a[12] - 12*a[9]*a[10]^2*a[15]*a[19] + 12*a[9]*a[10]^2*a[15] - 24*a[9]*a[10]*a[11]^2*a[12]*a[19] + 24*a[9]*a[10]*a[11]^2*a[12] - 12*a[9]*a[10]*a[11]^2*a[15]*a[19] + 12*a[9]*a[10]*a[11]^2*a[15] - 24*a[9]*a[10]*a[11]*a[12]^2*a[19] + 24*a[9]*a[10]*a[11]*a[12]^2 - 48*a[9]*a[10]*a[11]*a[12]*a[15]*a[19] + 48*a[9]*a[10]*a[11]*a[12]*a[15] - 24*a[9]*a[10]*a[11]*a[14]*a[19] + 24*a[9]*a[10]*a[11]*a[14] - 12*a[9]*a[10]*a[12]^2*a[15]*a[19] + 12*a[9]*a[10]*a[12]^2*a[15] - 24*a[9]*a[10]*a[12]*a[14]*a[19] + 24*a[9]*a[10]*a[12]*a[14] - 12*a[9]*a[10]*a[13]*a[19] + 12*a[9]*a[10]*a[13] - 4*a[9]*a[11]^3*a[12]^2*a[19] + 4*a[9]*a[11]^3*a[12]^2 - 8*a[9]*a[11]^3*a[12]*a[15]*a[19] + 8*a[9]*a[11]^3*a[12]*a[15] - 4*a[9]*a[11]^3*a[14]*a[19] + 4*a[9]*a[11]^3*a[14] - 12*a[9]*a[11]^2*a[12]^2*a[15]*a[19] + 12*a[9]*a[11]^2*a[12]^2*a[15] - 24*a[9]*a[11]^2*a[12]*a[14]*a[19] + 24*a[9]*a[11]^2*a[12]*a[14] - 12*a[9]*a[11]^2*a[13]*a[19] + 12*a[9]*a[11]^2*a[13] - 12*a[9]*a[11]*a[12]^2*a[14]*a[19] + 12*a[9]*a[11]*a[12]^2*a[14] - 24*a[9]*a[11]*a[12]*a[13]*a[19] + 24*a[9]*a[11]*a[12]*a[13] - 4*a[9]*a[12]^2*a[13]*a[19] + 4*a[9]*a[12]^2*a[13] - a[10]^4*a[19] + a[10]^4 - 8*a[10]^3*a[11]*a[12]*a[19] + 8*a[10]^3*a[11]*a[12] - 4*a[10]^3*a[11]*a[15]*a[19] + 4*a[10]^3*a[11]*a[15] - 4*a[10]^3*a[12]^2*a[19] + 4*a[10]^3*a[12]^2 - 8*a[10]^3*a[12]*a[15]*a[19] + 8*a[10]^3*a[12]*a[15] - 4*a[10]^3*a[14]*a[19] + 4*a[10]^3*a[14] - 6*a[10]^2*a[11]^2*a[12]^2*a[19] + 6*a[10]^2*a[11]^2*a[12]^2 - 12*a[10]^2*a[11]^2*a[12]*a[15]*a[19] + 12*a[10]^2*a[11]^2*a[12]*a[15] - 6*a[10]^2*a[11]^2*a[14]*a[19] + 6*a[10]^2*a[11]^2*a[14] - 12*a[10]^2*a[11]*a[12]^2*a[15]*a[19] + 12*a[10]^2*a[11]*a[12]^2*a[15] - 24*a[10]^2*a[11]*a[12]*a[14]*a[19] + 24*a[10]^2*a[11]*a[12]*a[14] - 12*a[10]^2*a[11]*a[13]*a[19] + 12*a[10]^2*a[11]*a[13] - 6*a[10]^2*a[12]^2*a[14]*a[19] + 6*a[10]^2*a[12]^2*a[14] - 12*a[10]^2*a[12]*a[13]*a[19] + 12*a[10]^2*a[12]*a[13] - 4*a[10]*a[11]^3*a[12]^2*a[15]*a[19] + 4*a[10]*a[11]^3*a[12]^2*a[15] - 8*a[10]*a[11]^3*a[12]*a[14]*a[19] + 8*a[10]*a[11]^3*a[12]*a[14] - 4*a[10]*a[11]^3*a[13]*a[19] + 4*a[10]*a[11]^3*a[13] - 12*a[10]*a[11]^2*a[12]^2*a[14]*a[19] + 12*a[10]*a[11]^2*a[12]^2*a[14] - 24*a[10]*a[11]^2*a[12]*a[13]*a[19] + 24*a[10]*a[11]^2*a[12]*a[13] - 12*a[10]*a[11]*a[12]^2*a[13]*a[19] + 12*a[10]*a[11]*a[12]^2*a[13] - a[11]^4*a[12]^2*a[14]*a[19] + a[11]^4*a[12]^2*a[14] - 2*a[11]^4*a[12]*a[13]*a[19] + 2*a[11]^4*a[12]*a[13] - 4*a[11]^3*a[12]^2*a[13]*a[19] + 4*a[11]^3*a[12]^2*a[13] - 70*a[16]^4 - 560*a[16]^3*a[17]^2 - 280*a[16]^3*a[17]*a[18] - 420*a[16]^2*a[17]^4 - 560*a[16]^2*a[17]^3*a[18] - 56*a[16]*a[17]^6 - 168*a[16]*a[17]^5*a[18] - a[17]^8 - 8*a[17]^7*a[18],
2*a[1]*a[19] + 2*a[2]*a[7]*a[19] + 2*a[2]*a[8]*a[19] + 2*a[3]*a[6]*a[19] + 2*a[3]*a[7]*a[8]*a[19] + 2*a[4]*a[5]*a[19] + 2*a[4]*a[6]*a[8]*a[19] + a[5]^2*a[8]*a[19] - 12*a[9]^2*a[11]*a[19] + 12*a[9]^2*a[11] - 12*a[9]^2*a[12]*a[19] + 12*a[9]^2*a[12] - 6*a[9]^2*a[15]*a[19] + 6*a[9]^2*a[15] - 12*a[9]*a[10]^2*a[19] + 12*a[9]*a[10]^2 - 12*a[9]*a[10]*a[11]^2*a[19] + 12*a[9]*a[10]*a[11]^2 - 48*a[9]*a[10]*a[11]*a[12]*a[19] + 48*a[9]*a[10]*a[11]*a[12] - 24*a[9]*a[10]*a[11]*a[15]*a[19] + 24*a[9]*a[10]*a[11]*a[15] - 12*a[9]*a[10]*a[12]^2*a[19] + 12*a[9]*a[10]*a[12]^2 - 24*a[9]*a[10]*a[12]*a[15]*a[19] + 24*a[9]*a[10]*a[12]*a[15] - 12*a[9]*a[10]*a[14]*a[19] + 12*a[9]*a[10]*a[14] - 8*a[9]*a[11]^3*a[12]*a[19] + 8*a[9]*a[11]^3*a[12] - 4*a[9]*a[11]^3*a[15]*a[19] + 4*a[9]*a[11]^3*a[15] - 12*a[9]*a[11]^2*a[12]^2*a[19] + 12*a[9]*a[11]^2*a[12]^2 - 24*a[9]*a[11]^2*a[12]*a[15]*a[19] + 24*a[9]*a[11]^2*a[12]*a[15] - 12*a[9]*a[11]^2*a[14]*a[19] + 12*a[9]*a[11]^2*a[14] - 12*a[9]*a[11]*a[12]^2*a[15]*a[19] + 12*a[9]*a[11]*a[12]^2*a[15] - 24*a[9]*a[11]*a[12]*a[14]*a[19] + 24*a[9]*a[11]*a[12]*a[14] - 12*a[9]*a[11]*a[13]*a[19] + 12*a[9]*a[11]*a[13] - 4*a[9]*a[12]^2*a[14]*a[19] + 4*a[9]*a[12]^2*a[14] - 8*a[9]*a[12]*a[13]*a[19] + 8*a[9]*a[12]*a[13] - 4*a[10]^3*a[11]*a[19] + 4*a[10]^3*a[11] - 8*a[10]^3*a[12]*a[19] + 8*a[10]^3*a[12] - 4*a[10]^3*a[15]*a[19] + 4*a[10]^3*a[15] - 12*a[10]^2*a[11]^2*a[12]*a[19] + 12*a[10]^2*a[11]^2*a[12] - 6*a[10]^2*a[11]^2*a[15]*a[19] + 6*a[10]^2*a[11]^2*a[15] - 12*a[10]^2*a[11]*a[12]^2*a[19] + 12*a[10]^2*a[11]*a[12]^2 - 24*a[10]^2*a[11]*a[12]*a[15]*a[19] + 24*a[10]^2*a[11]*a[12]*a[15] - 12*a[10]^2*a[11]*a[14]*a[19] + 12*a[10]^2*a[11]*a[14] - 6*a[10]^2*a[12]^2*a[15]*a[19] + 6*a[10]^2*a[12]^2*a[15] - 12*a[10]^2*a[12]*a[14]*a[19] + 12*a[10]^2*a[12]*a[14] - 6*a[10]^2*a[13]*a[19] + 6*a[10]^2*a[13] - 4*a[10]*a[11]^3*a[12]^2*a[19] + 4*a[10]*a[11]^3*a[12]^2 - 8*a[10]*a[11]^3*a[12]*a[15]*a[19] + 8*a[10]*a[11]^3*a[12]*a[15] - 4*a[10]*a[11]^3*a[14]*a[19] + 4*a[10]*a[11]^3*a[14] - 12*a[10]*a[11]^2*a[12]^2*a[15]*a[19] + 12*a[10]*a[11]^2*a[12]^2*a[15] - 24*a[10]*a[11]^2*a[12]*a[14]*a[19] + 24*a[10]*a[11]^2*a[12]*a[14] - 12*a[10]*a[11]^2*a[13]*a[19] + 12*a[10]*a[11]^2*a[13] - 12*a[10]*a[11]*a[12]^2*a[14]*a[19] + 12*a[10]*a[11]*a[12]^2*a[14] - 24*a[10]*a[11]*a[12]*a[13]*a[19] + 24*a[10]*a[11]*a[12]*a[13] - 4*a[10]*a[12]^2*a[13]*a[19] + 4*a[10]*a[12]^2*a[13] - a[11]^4*a[12]^2*a[15]*a[19] + a[11]^4*a[12]^2*a[15] - 2*a[11]^4*a[12]*a[14]*a[19] + 2*a[11]^4*a[12]*a[14] - a[11]^4*a[13]*a[19] + a[11]^4*a[13] - 4*a[11]^3*a[12]^2*a[14]*a[19] + 4*a[11]^3*a[12]^2*a[14] - 8*a[11]^3*a[12]*a[13]*a[19] + 8*a[11]^3*a[12]*a[13] - 6*a[11]^2*a[12]^2*a[13]*a[19] + 6*a[11]^2*a[12]^2*a[13] - 280*a[16]^3*a[17] - 56*a[16]^3*a[18] - 560*a[16]^2*a[17]^3 - 420*a[16]^2*a[17]^2*a[18] - 168*a[16]*a[17]^5 - 280*a[16]*a[17]^4*a[18] - 8*a[17]^7 - 28*a[17]^6*a[18],
2*a[2]*a[19] + 2*a[3]*a[7]*a[19] + 2*a[3]*a[8]*a[19] + 2*a[4]*a[6]*a[19] + 2*a[4]*a[7]*a[8]*a[19] + a[5]^2*a[19] + 2*a[5]*a[6]*a[8]*a[19] - 6*a[9]^2*a[19] + 6*a[9]^2 - 24*a[9]*a[10]*a[11]*a[19] + 24*a[9]*a[10]*a[11] - 24*a[9]*a[10]*a[12]*a[19] + 24*a[9]*a[10]*a[12] - 12*a[9]*a[10]*a[15]*a[19] + 12*a[9]*a[10]*a[15] - 4*a[9]*a[11]^3*a[19] + 4*a[9]*a[11]^3 - 24*a[9]*a[11]^2*a[12]*a[19] + 24*a[9]*a[11]^2*a[12] - 12*a[9]*a[11]^2*a[15]*a[19] + 12*a[9]*a[11]^2*a[15] - 12*a[9]*a[11]*a[12]^2*a[19] + 12*a[9]*a[11]*a[12]^2 - 24*a[9]*a[11]*a[12]*a[15]*a[19] + 24*a[9]*a[11]*a[12]*a[15] - 12*a[9]*a[11]*a[14]*a[19] + 12*a[9]*a[11]*a[14] - 4*a[9]*a[12]^2*a[15]*a[19] + 4*a[9]*a[12]^2*a[15] - 8*a[9]*a[12]*a[14]*a[19] + 8*a[9]*a[12]*a[14] - 4*a[9]*a[13]*a[19] + 4*a[9]*a[13] - 4*a[10]^3*a[19] + 4*a[10]^3 - 6*a[10]^2*a[11]^2*a[19] + 6*a[10]^2*a[11]^2 - 24*a[10]^2*a[11]*a[12]*a[19] + 24*a[10]^2*a[11]*a[12] - 12*a[10]^2*a[11]*a[15]*a[19] + 12*a[10]^2*a[11]*a[15] - 6*a[10]^2*a[12]^2*a[19] + 6*a[10]^2*a[12]^2 - 12*a[10]^2*a[12]*a[15]*a[19] + 12*a[10]^2*a[12]*a[15] - 6*a[10]^2*a[14]*a[19] + 6*a[10]^2*a[14] - 8*a[10]*a[11]^3*a[12]*a[19] + 8*a[10]*a[11]^3*a[12] - 4*a[10]*a[11]^3*a[15]*a[19] + 4*a[10]*a[11]^3*a[15] - 12*a[10]*a[11]^2*a[12]^2*a[19] + 12*a[10]*a[11]^2*a[12]^2 - 24*a[10]*a[11]^2*a[12]*a[15]*a[19] + 24*a[10]*a[11]^2*a[12]*a[15] - 12*a[10]*a[11]^2*a[14]*a[19] + 12*a[10]*a[11]^2*a[14] - 12*a[10]*a[11]*a[12]^2*a[15]*a[19] + 12*a[10]*a[11]*a[12]^2*a[15] - 24*a[10]*a[11]*a[12]*a[14]*a[19] + 24*a[10]*a[11]*a[12]*a[14] - 12*a[10]*a[11]*a[13]*a[19] + 12*a[10]*a[11]*a[13] - 4*a[10]*a[12]^2*a[14]*a[19] + 4*a[10]*a[12]^2*a[14] - 8*a[10]*a[12]*a[13]*a[19] + 8*a[10]*a[12]*a[13] - a[11]^4*a[12]^2*a[19] + a[11]^4*a[12]^2 - 2*a[11]^4*a[12]*a[15]*a[19] + 2*a[11]^4*a[12]*a[15] - a[11]^4*a[14]*a[19] + a[11]^4*a[14] - 4*a[11]^3*a[12]^2*a[15]*a[19] + 4*a[11]^3*a[12]^2*a[15] - 8*a[11]^3*a[12]*a[14]*a[19] + 8*a[11]^3*a[12]*a[14] - 4*a[11]^3*a[13]*a[19] + 4*a[11]^3*a[13] - 6*a[11]^2*a[12]^2*a[14]*a[19] + 6*a[11]^2*a[12]^2*a[14] - 12*a[11]^2*a[12]*a[13]*a[19] + 12*a[11]^2*a[12]*a[13] - 4*a[11]*a[12]^2*a[13]*a[19] + 4*a[11]*a[12]^2*a[13] - 56*a[16]^3 - 420*a[16]^2*a[17]^2 - 168*a[16]^2*a[17]*a[18] - 280*a[16]*a[17]^4 - 280*a[16]*a[17]^3*a[18] - 28*a[17]^6 - 56*a[17]^5*a[18],
2*a[3]*a[19] + 2*a[4]*a[7]*a[19] + 2*a[4]*a[8]*a[19] + 2*a[5]*a[6]*a[19] + 2*a[5]*a[7]*a[8]*a[19] + a[6]^2*a[8]*a[19] - 12*a[9]*a[10]*a[19] + 12*a[9]*a[10] - 12*a[9]*a[11]^2*a[19] + 12*a[9]*a[11]^2 - 24*a[9]*a[11]*a[12]*a[19] + 24*a[9]*a[11]*a[12] - 12*a[9]*a[11]*a[15]*a[19] + 12*a[9]*a[11]*a[15] - 4*a[9]*a[12]^2*a[19] + 4*a[9]*a[12]^2 - 8*a[9]*a[12]*a[15]*a[19] + 8*a[9]*a[12]*a[15] - 4*a[9]*a[14]*a[19] + 4*a[9]*a[14] - 12*a[10]^2*a[11]*a[19] + 12*a[10]^2*a[11] - 12*a[10]^2*a[12]*a[19] + 12*a[10]^2*a[12] - 6*a[10]^2*a[15]*a[19] + 6*a[10]^2*a[15] - 4*a[10]*a[11]^3*a[19] + 4*a[10]*a[11]^3 - 24*a[10]*a[11]^2*a[12]*a[19] + 24*a[10]*a[11]^2*a[12] - 12*a[10]*a[11]^2*a[15]*a[19] + 12*a[10]*a[11]^2*a[15] - 12*a[10]*a[11]*a[12]^2*a[19] + 12*a[10]*a[11]*a[12]^2 - 24*a[10]*a[11]*a[12]*a[15]*a[19] + 24*a[10]*a[11]*a[12]*a[15] - 12*a[10]*a[11]*a[14]*a[19] + 12*a[10]*a[11]*a[14] - 4*a[10]*a[12]^2*a[15]*a[19] + 4*a[10]*a[12]^2*a[15] - 8*a[10]*a[12]*a[14]*a[19] + 8*a[10]*a[12]*a[14] - 4*a[10]*a[13]*a[19] + 4*a[10]*a[13] - 2*a[11]^4*a[12]*a[19] + 2*a[11]^4*a[12] - a[11]^4*a[15]*a[19] + a[11]^4*a[15] - 4*a[11]^3*a[12]^2*a[19] + 4*a[11]^3*a[12]^2 - 8*a[11]^3*a[12]*a[15]*a[19] + 8*a[11]^3*a[12]*a[15] - 4*a[11]^3*a[14]*a[19] + 4*a[11]^3*a[14] - 6*a[11]^2*a[12]^2*a[15]*a[19] + 6*a[11]^2*a[12]^2*a[15] - 12*a[11]^2*a[12]*a[14]*a[19] + 12*a[11]^2*a[12]*a[14] - 6*a[11]^2*a[13]*a[19] + 6*a[11]^2*a[13] - 4*a[11]*a[12]^2*a[14]*a[19] + 4*a[11]*a[12]^2*a[14] - 8*a[11]*a[12]*a[13]*a[19] + 8*a[11]*a[12]*a[13] - a[12]^2*a[13]*a[19] + a[12]^2*a[13] - 168*a[16]^2*a[17] - 28*a[16]^2*a[18] - 280*a[16]*a[17]^3 - 168*a[16]*a[17]^2*a[18] - 56*a[17]^5 - 70*a[17]^4*a[18],
2*a[4]*a[19] + 2*a[5]*a[7]*a[19] + 2*a[5]*a[8]*a[19] + a[6]^2*a[19] + 2*a[6]*a[7]*a[8]*a[19] - 12*a[9]*a[11]*a[19] + 12*a[9]*a[11] - 8*a[9]*a[12]*a[19] + 8*a[9]*a[12] - 4*a[9]*a[15]*a[19] + 4*a[9]*a[15] - 6*a[10]^2*a[19] + 6*a[10]^2 - 12*a[10]*a[11]^2*a[19] + 12*a[10]*a[11]^2 - 24*a[10]*a[11]*a[12]*a[19] + 24*a[10]*a[11]*a[12] - 12*a[10]*a[11]*a[15]*a[19] + 12*a[10]*a[11]*a[15] - 4*a[10]*a[12]^2*a[19] + 4*a[10]*a[12]^2 - 8*a[10]*a[12]*a[15]*a[19] + 8*a[10]*a[12]*a[15] - 4*a[10]*a[14]*a[19] + 4*a[10]*a[14] - a[11]^4*a[19] + a[11]^4 - 8*a[11]^3*a[12]*a[19] + 8*a[11]^3*a[12] - 4*a[11]^3*a[15]*a[19] + 4*a[11]^3*a[15] - 6*a[11]^2*a[12]^2*a[19] + 6*a[11]^2*a[12]^2 - 12*a[11]^2*a[12]*a[15]*a[19] + 12*a[11]^2*a[12]*a[15] - 6*a[11]^2*a[14]*a[19] + 6*a[11]^2*a[14] - 4*a[11]*a[12]^2*a[15]*a[19] + 4*a[11]*a[12]^2*a[15] - 8*a[11]*a[12]*a[14]*a[19] + 8*a[11]*a[12]*a[14] - 4*a[11]*a[13]*a[19] + 4*a[11]*a[13] - a[12]^2*a[14]*a[19] + a[12]^2*a[14] - 2*a[12]*a[13]*a[19] + 2*a[12]*a[13] - 28*a[16]^2 - 168*a[16]*a[17]^2 - 56*a[16]*a[17]*a[18] - 70*a[17]^4 - 56*a[17]^3*a[18],
2*a[5]*a[19] + 2*a[6]*a[7]*a[19] + 2*a[6]*a[8]*a[19] + a[7]^2*a[8]*a[19] - 4*a[9]*a[19] + 4*a[9] - 12*a[10]*a[11]*a[19] + 12*a[10]*a[11] - 8*a[10]*a[12]*a[19] + 8*a[10]*a[12] - 4*a[10]*a[15]*a[19] + 4*a[10]*a[15] - 4*a[11]^3*a[19] + 4*a[11]^3 - 12*a[11]^2*a[12]*a[19] + 12*a[11]^2*a[12] - 6*a[11]^2*a[15]*a[19] + 6*a[11]^2*a[15] - 4*a[11]*a[12]^2*a[19] + 4*a[11]*a[12]^2 - 8*a[11]*a[12]*a[15]*a[19] + 8*a[11]*a[12]*a[15] - 4*a[11]*a[14]*a[19] + 4*a[11]*a[14] - a[12]^2*a[15]*a[19] + a[12]^2*a[15] - 2*a[12]*a[14]*a[19] + 2*a[12]*a[14] - a[13]*a[19] + a[13] - 56*a[16]*a[17] - 8*a[16]*a[18] - 56*a[17]^3 - 28*a[17]^2*a[18],
2*a[6]*a[19] + a[7]^2*a[19] + 2*a[7]*a[8]*a[19] - 4*a[10]*a[19] + 4*a[10] - 6*a[11]^2*a[19] + 6*a[11]^2 - 8*a[11]*a[12]*a[19] + 8*a[11]*a[12] - 4*a[11]*a[15]*a[19] + 4*a[11]*a[15] - a[12]^2*a[19] + a[12]^2 - 2*a[12]*a[15]*a[19] + 2*a[12]*a[15] - a[14]*a[19] + a[14] - 8*a[16] - 28*a[17]^2 - 8*a[17]*a[18],
2*a[7]*a[19] + a[8]*a[19] - 4*a[11]*a[19] + 4*a[11] - 2*a[12]*a[19] + 2*a[12] - a[15]*a[19] + a[15] - 8*a[17] - a[18]
]
lambdas: [ 0.828237, 0.0484843, 1.15867, 0.104621, 2.19996, 0.163517, 0.440898, 0.331352, 0.398552, 0.409490, 0.376815, 0.274973, 5.22343, 0.329618 ]... 
Taking lambda = 0.190256 + 0.269166*$.1 = 0.190256 + 0.269166*$.1/1.00000... 
Taking normalizing equation a[18] - 1
*New* defining ideal: [
-a[1]*a[8]*a[16] - 8*a[1]*a[8]*a[17]*a[18] + a[1]*a[16]*a[18] + 2*a[2]*a[8]*a[16]*a[18],
a[18] - 1,
-a[9]^4*a[12]^2*a[13]*a[19] + a[9]^4*a[12]^2*a[13] - a[16]^8*a[18],
-a[9]^4*a[12]^2*a[14]*a[19] + a[9]^4*a[12]^2*a[14] - 2*a[9]^4*a[12]*a[13]*a[19] + 2*a[9]^4*a[12]*a[13] - 4*a[9]^3*a[10]*a[12]^2*a[13]*a[19] + 4*a[9]^3*a[10]*a[12]^2*a[13] - a[16]^8 - 8*a[16]^7*a[17]*a[18],
a[1]^2*a[8]*a[19] - a[9]^4*a[12]^2*a[15]*a[19] + a[9]^4*a[12]^2*a[15] - 2*a[9]^4*a[12]*a[14]*a[19] + 2*a[9]^4*a[12]*a[14] - a[9]^4*a[13]*a[19] + a[9]^4*a[13] - 4*a[9]^3*a[10]*a[12]^2*a[14]*a[19] + 4*a[9]^3*a[10]*a[12]^2*a[14] - 8*a[9]^3*a[10]*a[12]*a[13]*a[19] + 8*a[9]^3*a[10]*a[12]*a[13] - 4*a[9]^3*a[11]*a[12]^2*a[13]*a[19] + 4*a[9]^3*a[11]*a[12]^2*a[13] - 6*a[9]^2*a[10]^2*a[12]^2*a[13]*a[19] + 6*a[9]^2*a[10]^2*a[12]^2*a[13] - 8*a[16]^7*a[17] - 8*a[16]^7*a[18] - 28*a[16]^6*a[17]^2*a[18],
a[1]^2*a[19] + 2*a[1]*a[2]*a[8]*a[19] - a[9]^4*a[12]^2*a[19] + a[9]^4*a[12]^2 - 2*a[9]^4*a[12]*a[15]*a[19] + 2*a[9]^4*a[12]*a[15] - a[9]^4*a[14]*a[19] + a[9]^4*a[14] - 4*a[9]^3*a[10]*a[12]^2*a[15]*a[19] + 4*a[9]^3*a[10]*a[12]^2*a[15] - 8*a[9]^3*a[10]*a[12]*a[14]*a[19] + 8*a[9]^3*a[10]*a[12]*a[14] - 4*a[9]^3*a[10]*a[13]*a[19] + 4*a[9]^3*a[10]*a[13] - 4*a[9]^3*a[11]*a[12]^2*a[14]*a[19] + 4*a[9]^3*a[11]*a[12]^2*a[14] - 8*a[9]^3*a[11]*a[12]*a[13]*a[19] + 8*a[9]^3*a[11]*a[12]*a[13] - 4*a[9]^3*a[12]^2*a[13]*a[19] + 4*a[9]^3*a[12]^2*a[13] - 6*a[9]^2*a[10]^2*a[12]^2*a[14]*a[19] + 6*a[9]^2*a[10]^2*a[12]^2*a[14] - 12*a[9]^2*a[10]^2*a[12]*a[13]*a[19] + 12*a[9]^2*a[10]^2*a[12]*a[13] - 12*a[9]^2*a[10]*a[11]*a[12]^2*a[13]*a[19] + 12*a[9]^2*a[10]*a[11]*a[12]^2*a[13] - 4*a[9]*a[10]^3*a[12]^2*a[13]*a[19] + 4*a[9]*a[10]^3*a[12]^2*a[13] - 8*a[16]^7 - 28*a[16]^6*a[17]^2 - 56*a[16]^6*a[17]*a[18] - 56*a[16]^5*a[17]^3*a[18],
2*a[1]*a[2]*a[19] + 2*a[1]*a[3]*a[8]*a[19] + a[2]^2*a[8]*a[19] - 2*a[9]^4*a[12]*a[19] + 2*a[9]^4*a[12] - a[9]^4*a[15]*a[19] + a[9]^4*a[15] - 4*a[9]^3*a[10]*a[12]^2*a[19] + 4*a[9]^3*a[10]*a[12]^2 - 8*a[9]^3*a[10]*a[12]*a[15]*a[19] + 8*a[9]^3*a[10]*a[12]*a[15] - 4*a[9]^3*a[10]*a[14]*a[19] + 4*a[9]^3*a[10]*a[14] - 4*a[9]^3*a[11]*a[12]^2*a[15]*a[19] + 4*a[9]^3*a[11]*a[12]^2*a[15] - 8*a[9]^3*a[11]*a[12]*a[14]*a[19] + 8*a[9]^3*a[11]*a[12]*a[14] - 4*a[9]^3*a[11]*a[13]*a[19] + 4*a[9]^3*a[11]*a[13] - 4*a[9]^3*a[12]^2*a[14]*a[19] + 4*a[9]^3*a[12]^2*a[14] - 8*a[9]^3*a[12]*a[13]*a[19] + 8*a[9]^3*a[12]*a[13] - 6*a[9]^2*a[10]^2*a[12]^2*a[15]*a[19] + 6*a[9]^2*a[10]^2*a[12]^2*a[15] - 12*a[9]^2*a[10]^2*a[12]*a[14]*a[19] + 12*a[9]^2*a[10]^2*a[12]*a[14] - 6*a[9]^2*a[10]^2*a[13]*a[19] + 6*a[9]^2*a[10]^2*a[13] - 12*a[9]^2*a[10]*a[11]*a[12]^2*a[14]*a[19] + 12*a[9]^2*a[10]*a[11]*a[12]^2*a[14] - 24*a[9]^2*a[10]*a[11]*a[12]*a[13]*a[19] + 24*a[9]^2*a[10]*a[11]*a[12]*a[13] - 12*a[9]^2*a[10]*a[12]^2*a[13]*a[19] + 12*a[9]^2*a[10]*a[12]^2*a[13] - 6*a[9]^2*a[11]^2*a[12]^2*a[13]*a[19] + 6*a[9]^2*a[11]^2*a[12]^2*a[13] - 4*a[9]*a[10]^3*a[12]^2*a[14]*a[19] + 4*a[9]*a[10]^3*a[12]^2*a[14] - 8*a[9]*a[10]^3*a[12]*a[13]*a[19] + 8*a[9]*a[10]^3*a[12]*a[13] - 12*a[9]*a[10]^2*a[11]*a[12]^2*a[13]*a[19] + 12*a[9]*a[10]^2*a[11]*a[12]^2*a[13] - a[10]^4*a[12]^2*a[13]*a[19] + a[10]^4*a[12]^2*a[13] - 56*a[16]^6*a[17] - 28*a[16]^6*a[18] - 56*a[16]^5*a[17]^3 - 168*a[16]^5*a[17]^2*a[18] - 70*a[16]^4*a[17]^4*a[18],
2*a[1]*a[3]*a[19] + 2*a[1]*a[4]*a[8]*a[19] + a[2]^2*a[19] + 2*a[2]*a[3]*a[8]*a[19] - a[9]^4*a[19] + a[9]^4 - 8*a[9]^3*a[10]*a[12]*a[19] + 8*a[9]^3*a[10]*a[12] - 4*a[9]^3*a[10]*a[15]*a[19] + 4*a[9]^3*a[10]*a[15] - 4*a[9]^3*a[11]*a[12]^2*a[19] + 4*a[9]^3*a[11]*a[12]^2 - 8*a[9]^3*a[11]*a[12]*a[15]*a[19] + 8*a[9]^3*a[11]*a[12]*a[15] - 4*a[9]^3*a[11]*a[14]*a[19] + 4*a[9]^3*a[11]*a[14] - 4*a[9]^3*a[12]^2*a[15]*a[19] + 4*a[9]^3*a[12]^2*a[15] - 8*a[9]^3*a[12]*a[14]*a[19] + 8*a[9]^3*a[12]*a[14] - 4*a[9]^3*a[13]*a[19] + 4*a[9]^3*a[13] - 6*a[9]^2*a[10]^2*a[12]^2*a[19] + 6*a[9]^2*a[10]^2*a[12]^2 - 12*a[9]^2*a[10]^2*a[12]*a[15]*a[19] + 12*a[9]^2*a[10]^2*a[12]*a[15] - 6*a[9]^2*a[10]^2*a[14]*a[19] + 6*a[9]^2*a[10]^2*a[14] - 12*a[9]^2*a[10]*a[11]*a[12]^2*a[15]*a[19] + 12*a[9]^2*a[10]*a[11]*a[12]^2*a[15] - 24*a[9]^2*a[10]*a[11]*a[12]*a[14]*a[19] + 24*a[9]^2*a[10]*a[11]*a[12]*a[14] - 12*a[9]^2*a[10]*a[11]*a[13]*a[19] + 12*a[9]^2*a[10]*a[11]*a[13] - 12*a[9]^2*a[10]*a[12]^2*a[14]*a[19] + 12*a[9]^2*a[10]*a[12]^2*a[14] - 24*a[9]^2*a[10]*a[12]*a[13]*a[19] + 24*a[9]^2*a[10]*a[12]*a[13] - 6*a[9]^2*a[11]^2*a[12]^2*a[14]*a[19] + 6*a[9]^2*a[11]^2*a[12]^2*a[14] - 12*a[9]^2*a[11]^2*a[12]*a[13]*a[19] + 12*a[9]^2*a[11]^2*a[12]*a[13] - 12*a[9]^2*a[11]*a[12]^2*a[13]*a[19] + 12*a[9]^2*a[11]*a[12]^2*a[13] - 4*a[9]*a[10]^3*a[12]^2*a[15]*a[19] + 4*a[9]*a[10]^3*a[12]^2*a[15] - 8*a[9]*a[10]^3*a[12]*a[14]*a[19] + 8*a[9]*a[10]^3*a[12]*a[14] - 4*a[9]*a[10]^3*a[13]*a[19] + 4*a[9]*a[10]^3*a[13] - 12*a[9]*a[10]^2*a[11]*a[12]^2*a[14]*a[19] + 12*a[9]*a[10]^2*a[11]*a[12]^2*a[14] - 24*a[9]*a[10]^2*a[11]*a[12]*a[13]*a[19] + 24*a[9]*a[10]^2*a[11]*a[12]*a[13] - 12*a[9]*a[10]^2*a[12]^2*a[13]*a[19] + 12*a[9]*a[10]^2*a[12]^2*a[13] - 12*a[9]*a[10]*a[11]^2*a[12]^2*a[13]*a[19] + 12*a[9]*a[10]*a[11]^2*a[12]^2*a[13] - a[10]^4*a[12]^2*a[14]*a[19] + a[10]^4*a[12]^2*a[14] - 2*a[10]^4*a[12]*a[13]*a[19] + 2*a[10]^4*a[12]*a[13] - 4*a[10]^3*a[11]*a[12]^2*a[13]*a[19] + 4*a[10]^3*a[11]*a[12]^2*a[13] - 28*a[16]^6 - 168*a[16]^5*a[17]^2 - 168*a[16]^5*a[17]*a[18] - 70*a[16]^4*a[17]^4 - 280*a[16]^4*a[17]^3*a[18] - 56*a[16]^3*a[17]^5*a[18],
2*a[1]*a[4]*a[19] + 2*a[1]*a[5]*a[8]*a[19] + 2*a[2]*a[3]*a[19] + 2*a[2]*a[4]*a[8]*a[19] + a[3]^2*a[8]*a[19] - 4*a[9]^3*a[10]*a[19] + 4*a[9]^3*a[10] - 8*a[9]^3*a[11]*a[12]*a[19] + 8*a[9]^3*a[11]*a[12] - 4*a[9]^3*a[11]*a[15]*a[19] + 4*a[9]^3*a[11]*a[15] - 4*a[9]^3*a[12]^2*a[19] + 4*a[9]^3*a[12]^2 - 8*a[9]^3*a[12]*a[15]*a[19] + 8*a[9]^3*a[12]*a[15] - 4*a[9]^3*a[14]*a[19] + 4*a[9]^3*a[14] - 12*a[9]^2*a[10]^2*a[12]*a[19] + 12*a[9]^2*a[10]^2*a[12] - 6*a[9]^2*a[10]^2*a[15]*a[19] + 6*a[9]^2*a[10]^2*a[15] - 12*a[9]^2*a[10]*a[11]*a[12]^2*a[19] + 12*a[9]^2*a[10]*a[11]*a[12]^2 - 24*a[9]^2*a[10]*a[11]*a[12]*a[15]*a[19] + 24*a[9]^2*a[10]*a[11]*a[12]*a[15] - 12*a[9]^2*a[10]*a[11]*a[14]*a[19] + 12*a[9]^2*a[10]*a[11]*a[14] - 12*a[9]^2*a[10]*a[12]^2*a[15]*a[19] + 12*a[9]^2*a[10]*a[12]^2*a[15] - 24*a[9]^2*a[10]*a[12]*a[14]*a[19] + 24*a[9]^2*a[10]*a[12]*a[14] - 12*a[9]^2*a[10]*a[13]*a[19] + 12*a[9]^2*a[10]*a[13] - 6*a[9]^2*a[11]^2*a[12]^2*a[15]*a[19] + 6*a[9]^2*a[11]^2*a[12]^2*a[15] - 12*a[9]^2*a[11]^2*a[12]*a[14]*a[19] + 12*a[9]^2*a[11]^2*a[12]*a[14] - 6*a[9]^2*a[11]^2*a[13]*a[19] + 6*a[9]^2*a[11]^2*a[13] - 12*a[9]^2*a[11]*a[12]^2*a[14]*a[19] + 12*a[9]^2*a[11]*a[12]^2*a[14] - 24*a[9]^2*a[11]*a[12]*a[13]*a[19] + 24*a[9]^2*a[11]*a[12]*a[13] - 6*a[9]^2*a[12]^2*a[13]*a[19] + 6*a[9]^2*a[12]^2*a[13] - 4*a[9]*a[10]^3*a[12]^2*a[19] + 4*a[9]*a[10]^3*a[12]^2 - 8*a[9]*a[10]^3*a[12]*a[15]*a[19] + 8*a[9]*a[10]^3*a[12]*a[15] - 4*a[9]*a[10]^3*a[14]*a[19] + 4*a[9]*a[10]^3*a[14] - 12*a[9]*a[10]^2*a[11]*a[12]^2*a[15]*a[19] + 12*a[9]*a[10]^2*a[11]*a[12]^2*a[15] - 24*a[9]*a[10]^2*a[11]*a[12]*a[14]*a[19] + 24*a[9]*a[10]^2*a[11]*a[12]*a[14] - 12*a[9]*a[10]^2*a[11]*a[13]*a[19] + 12*a[9]*a[10]^2*a[11]*a[13] - 12*a[9]*a[10]^2*a[12]^2*a[14]*a[19] + 12*a[9]*a[10]^2*a[12]^2*a[14] - 24*a[9]*a[10]^2*a[12]*a[13]*a[19] + 24*a[9]*a[10]^2*a[12]*a[13] - 12*a[9]*a[10]*a[11]^2*a[12]^2*a[14]*a[19] + 12*a[9]*a[10]*a[11]^2*a[12]^2*a[14] - 24*a[9]*a[10]*a[11]^2*a[12]*a[13]*a[19] + 24*a[9]*a[10]*a[11]^2*a[12]*a[13] - 24*a[9]*a[10]*a[11]*a[12]^2*a[13]*a[19] + 24*a[9]*a[10]*a[11]*a[12]^2*a[13] - 4*a[9]*a[11]^3*a[12]^2*a[13]*a[19] + 4*a[9]*a[11]^3*a[12]^2*a[13] - a[10]^4*a[12]^2*a[15]*a[19] + a[10]^4*a[12]^2*a[15] - 2*a[10]^4*a[12]*a[14]*a[19] + 2*a[10]^4*a[12]*a[14] - a[10]^4*a[13]*a[19] + a[10]^4*a[13] - 4*a[10]^3*a[11]*a[12]^2*a[14]*a[19] + 4*a[10]^3*a[11]*a[12]^2*a[14] - 8*a[10]^3*a[11]*a[12]*a[13]*a[19] + 8*a[10]^3*a[11]*a[12]*a[13] - 4*a[10]^3*a[12]^2*a[13]*a[19] + 4*a[10]^3*a[12]^2*a[13] - 6*a[10]^2*a[11]^2*a[12]^2*a[13]*a[19] + 6*a[10]^2*a[11]^2*a[12]^2*a[13] - 168*a[16]^5*a[17] - 56*a[16]^5*a[18] - 280*a[16]^4*a[17]^3 - 420*a[16]^4*a[17]^2*a[18] - 56*a[16]^3*a[17]^5 - 280*a[16]^3*a[17]^4*a[18] - 28*a[16]^2*a[17]^6*a[18],
2*a[1]*a[5]*a[19] + 2*a[1]*a[6]*a[8]*a[19] + 2*a[2]*a[4]*a[19] + 2*a[2]*a[5]*a[8]*a[19] + a[3]^2*a[19] + 2*a[3]*a[4]*a[8]*a[19] - 4*a[9]^3*a[11]*a[19] + 4*a[9]^3*a[11] - 8*a[9]^3*a[12]*a[19] + 8*a[9]^3*a[12] - 4*a[9]^3*a[15]*a[19] + 4*a[9]^3*a[15] - 6*a[9]^2*a[10]^2*a[19] + 6*a[9]^2*a[10]^2 - 24*a[9]^2*a[10]*a[11]*a[12]*a[19] + 24*a[9]^2*a[10]*a[11]*a[12] - 12*a[9]^2*a[10]*a[11]*a[15]*a[19] + 12*a[9]^2*a[10]*a[11]*a[15] - 12*a[9]^2*a[10]*a[12]^2*a[19] + 12*a[9]^2*a[10]*a[12]^2 - 24*a[9]^2*a[10]*a[12]*a[15]*a[19] + 24*a[9]^2*a[10]*a[12]*a[15] - 12*a[9]^2*a[10]*a[14]*a[19] + 12*a[9]^2*a[10]*a[14] - 6*a[9]^2*a[11]^2*a[12]^2*a[19] + 6*a[9]^2*a[11]^2*a[12]^2 - 12*a[9]^2*a[11]^2*a[12]*a[15]*a[19] + 12*a[9]^2*a[11]^2*a[12]*a[15] - 6*a[9]^2*a[11]^2*a[14]*a[19] + 6*a[9]^2*a[11]^2*a[14] - 12*a[9]^2*a[11]*a[12]^2*a[15]*a[19] + 12*a[9]^2*a[11]*a[12]^2*a[15] - 24*a[9]^2*a[11]*a[12]*a[14]*a[19] + 24*a[9]^2*a[11]*a[12]*a[14] - 12*a[9]^2*a[11]*a[13]*a[19] + 12*a[9]^2*a[11]*a[13] - 6*a[9]^2*a[12]^2*a[14]*a[19] + 6*a[9]^2*a[12]^2*a[14] - 12*a[9]^2*a[12]*a[13]*a[19] + 12*a[9]^2*a[12]*a[13] - 8*a[9]*a[10]^3*a[12]*a[19] + 8*a[9]*a[10]^3*a[12] - 4*a[9]*a[10]^3*a[15]*a[19] + 4*a[9]*a[10]^3*a[15] - 12*a[9]*a[10]^2*a[11]*a[12]^2*a[19] + 12*a[9]*a[10]^2*a[11]*a[12]^2 - 24*a[9]*a[10]^2*a[11]*a[12]*a[15]*a[19] + 24*a[9]*a[10]^2*a[11]*a[12]*a[15] - 12*a[9]*a[10]^2*a[11]*a[14]*a[19] + 12*a[9]*a[10]^2*a[11]*a[14] - 12*a[9]*a[10]^2*a[12]^2*a[15]*a[19] + 12*a[9]*a[10]^2*a[12]^2*a[15] - 24*a[9]*a[10]^2*a[12]*a[14]*a[19] + 24*a[9]*a[10]^2*a[12]*a[14] - 12*a[9]*a[10]^2*a[13]*a[19] + 12*a[9]*a[10]^2*a[13] - 12*a[9]*a[10]*a[11]^2*a[12]^2*a[15]*a[19] + 12*a[9]*a[10]*a[11]^2*a[12]^2*a[15] - 24*a[9]*a[10]*a[11]^2*a[12]*a[14]*a[19] + 24*a[9]*a[10]*a[11]^2*a[12]*a[14] - 12*a[9]*a[10]*a[11]^2*a[13]*a[19] + 12*a[9]*a[10]*a[11]^2*a[13] - 24*a[9]*a[10]*a[11]*a[12]^2*a[14]*a[19] + 24*a[9]*a[10]*a[11]*a[12]^2*a[14] - 48*a[9]*a[10]*a[11]*a[12]*a[13]*a[19] + 48*a[9]*a[10]*a[11]*a[12]*a[13] - 12*a[9]*a[10]*a[12]^2*a[13]*a[19] + 12*a[9]*a[10]*a[12]^2*a[13] - 4*a[9]*a[11]^3*a[12]^2*a[14]*a[19] + 4*a[9]*a[11]^3*a[12]^2*a[14] - 8*a[9]*a[11]^3*a[12]*a[13]*a[19] + 8*a[9]*a[11]^3*a[12]*a[13] - 12*a[9]*a[11]^2*a[12]^2*a[13]*a[19] + 12*a[9]*a[11]^2*a[12]^2*a[13] - a[10]^4*a[12]^2*a[19] + a[10]^4*a[12]^2 - 2*a[10]^4*a[12]*a[15]*a[19] + 2*a[10]^4*a[12]*a[15] - a[10]^4*a[14]*a[19] + a[10]^4*a[14] - 4*a[10]^3*a[11]*a[12]^2*a[15]*a[19] + 4*a[10]^3*a[11]*a[12]^2*a[15] - 8*a[10]^3*a[11]*a[12]*a[14]*a[19] + 8*a[10]^3*a[11]*a[12]*a[14] - 4*a[10]^3*a[11]*a[13]*a[19] + 4*a[10]^3*a[11]*a[13] - 4*a[10]^3*a[12]^2*a[14]*a[19] + 4*a[10]^3*a[12]^2*a[14] - 8*a[10]^3*a[12]*a[13]*a[19] + 8*a[10]^3*a[12]*a[13] - 6*a[10]^2*a[11]^2*a[12]^2*a[14]*a[19] + 6*a[10]^2*a[11]^2*a[12]^2*a[14] - 12*a[10]^2*a[11]^2*a[12]*a[13]*a[19] + 12*a[10]^2*a[11]^2*a[12]*a[13] - 12*a[10]^2*a[11]*a[12]^2*a[13]*a[19] + 12*a[10]^2*a[11]*a[12]^2*a[13] - 4*a[10]*a[11]^3*a[12]^2*a[13]*a[19] + 4*a[10]*a[11]^3*a[12]^2*a[13] - 56*a[16]^5 - 420*a[16]^4*a[17]^2 - 280*a[16]^4*a[17]*a[18] - 280*a[16]^3*a[17]^4 - 560*a[16]^3*a[17]^3*a[18] - 28*a[16]^2*a[17]^6 - 168*a[16]^2*a[17]^5*a[18] - 8*a[16]*a[17]^7*a[18],
2*a[1]*a[6]*a[19] + 2*a[1]*a[7]*a[8]*a[19] + 2*a[2]*a[5]*a[19] + 2*a[2]*a[6]*a[8]*a[19] + 2*a[3]*a[4]*a[19] + 2*a[3]*a[5]*a[8]*a[19] + a[4]^2*a[8]*a[19] - 4*a[9]^3*a[19] + 4*a[9]^3 - 12*a[9]^2*a[10]*a[11]*a[19] + 12*a[9]^2*a[10]*a[11] - 24*a[9]^2*a[10]*a[12]*a[19] + 24*a[9]^2*a[10]*a[12] - 12*a[9]^2*a[10]*a[15]*a[19] + 12*a[9]^2*a[10]*a[15] - 12*a[9]^2*a[11]^2*a[12]*a[19] + 12*a[9]^2*a[11]^2*a[12] - 6*a[9]^2*a[11]^2*a[15]*a[19] + 6*a[9]^2*a[11]^2*a[15] - 12*a[9]^2*a[11]*a[12]^2*a[19] + 12*a[9]^2*a[11]*a[12]^2 - 24*a[9]^2*a[11]*a[12]*a[15]*a[19] + 24*a[9]^2*a[11]*a[12]*a[15] - 12*a[9]^2*a[11]*a[14]*a[19] + 12*a[9]^2*a[11]*a[14] - 6*a[9]^2*a[12]^2*a[15]*a[19] + 6*a[9]^2*a[12]^2*a[15] - 12*a[9]^2*a[12]*a[14]*a[19] + 12*a[9]^2*a[12]*a[14] - 6*a[9]^2*a[13]*a[19] + 6*a[9]^2*a[13] - 4*a[9]*a[10]^3*a[19] + 4*a[9]*a[10]^3 - 24*a[9]*a[10]^2*a[11]*a[12]*a[19] + 24*a[9]*a[10]^2*a[11]*a[12] - 12*a[9]*a[10]^2*a[11]*a[15]*a[19] + 12*a[9]*a[10]^2*a[11]*a[15] - 12*a[9]*a[10]^2*a[12]^2*a[19] + 12*a[9]*a[10]^2*a[12]^2 - 24*a[9]*a[10]^2*a[12]*a[15]*a[19] + 24*a[9]*a[10]^2*a[12]*a[15] - 12*a[9]*a[10]^2*a[14]*a[19] + 12*a[9]*a[10]^2*a[14] - 12*a[9]*a[10]*a[11]^2*a[12]^2*a[19] + 12*a[9]*a[10]*a[11]^2*a[12]^2 - 24*a[9]*a[10]*a[11]^2*a[12]*a[15]*a[19] + 24*a[9]*a[10]*a[11]^2*a[12]*a[15] - 12*a[9]*a[10]*a[11]^2*a[14]*a[19] + 12*a[9]*a[10]*a[11]^2*a[14] - 24*a[9]*a[10]*a[11]*a[12]^2*a[15]*a[19] + 24*a[9]*a[10]*a[11]*a[12]^2*a[15] - 48*a[9]*a[10]*a[11]*a[12]*a[14]*a[19] + 48*a[9]*a[10]*a[11]*a[12]*a[14] - 24*a[9]*a[10]*a[11]*a[13]*a[19] + 24*a[9]*a[10]*a[11]*a[13] - 12*a[9]*a[10]*a[12]^2*a[14]*a[19] + 12*a[9]*a[10]*a[12]^2*a[14] - 24*a[9]*a[10]*a[12]*a[13]*a[19] + 24*a[9]*a[10]*a[12]*a[13] - 4*a[9]*a[11]^3*a[12]^2*a[15]*a[19] + 4*a[9]*a[11]^3*a[12]^2*a[15] - 8*a[9]*a[11]^3*a[12]*a[14]*a[19] + 8*a[9]*a[11]^3*a[12]*a[14] - 4*a[9]*a[11]^3*a[13]*a[19] + 4*a[9]*a[11]^3*a[13] - 12*a[9]*a[11]^2*a[12]^2*a[14]*a[19] + 12*a[9]*a[11]^2*a[12]^2*a[14] - 24*a[9]*a[11]^2*a[12]*a[13]*a[19] + 24*a[9]*a[11]^2*a[12]*a[13] - 12*a[9]*a[11]*a[12]^2*a[13]*a[19] + 12*a[9]*a[11]*a[12]^2*a[13] - 2*a[10]^4*a[12]*a[19] + 2*a[10]^4*a[12] - a[10]^4*a[15]*a[19] + a[10]^4*a[15] - 4*a[10]^3*a[11]*a[12]^2*a[19] + 4*a[10]^3*a[11]*a[12]^2 - 8*a[10]^3*a[11]*a[12]*a[15]*a[19] + 8*a[10]^3*a[11]*a[12]*a[15] - 4*a[10]^3*a[11]*a[14]*a[19] + 4*a[10]^3*a[11]*a[14] - 4*a[10]^3*a[12]^2*a[15]*a[19] + 4*a[10]^3*a[12]^2*a[15] - 8*a[10]^3*a[12]*a[14]*a[19] + 8*a[10]^3*a[12]*a[14] - 4*a[10]^3*a[13]*a[19] + 4*a[10]^3*a[13] - 6*a[10]^2*a[11]^2*a[12]^2*a[15]*a[19] + 6*a[10]^2*a[11]^2*a[12]^2*a[15] - 12*a[10]^2*a[11]^2*a[12]*a[14]*a[19] + 12*a[10]^2*a[11]^2*a[12]*a[14] - 6*a[10]^2*a[11]^2*a[13]*a[19] + 6*a[10]^2*a[11]^2*a[13] - 12*a[10]^2*a[11]*a[12]^2*a[14]*a[19] + 12*a[10]^2*a[11]*a[12]^2*a[14] - 24*a[10]^2*a[11]*a[12]*a[13]*a[19] + 24*a[10]^2*a[11]*a[12]*a[13] - 6*a[10]^2*a[12]^2*a[13]*a[19] + 6*a[10]^2*a[12]^2*a[13] - 4*a[10]*a[11]^3*a[12]^2*a[14]*a[19] + 4*a[10]*a[11]^3*a[12]^2*a[14] - 8*a[10]*a[11]^3*a[12]*a[13]*a[19] + 8*a[10]*a[11]^3*a[12]*a[13] - 12*a[10]*a[11]^2*a[12]^2*a[13]*a[19] + 12*a[10]*a[11]^2*a[12]^2*a[13] - a[11]^4*a[12]^2*a[13]*a[19] + a[11]^4*a[12]^2*a[13] - 280*a[16]^4*a[17] - 70*a[16]^4*a[18] - 560*a[16]^3*a[17]^3 - 560*a[16]^3*a[17]^2*a[18] - 168*a[16]^2*a[17]^5 - 420*a[16]^2*a[17]^4*a[18] - 8*a[16]*a[17]^7 - 56*a[16]*a[17]^6*a[18] - a[17]^8*a[18],
2*a[1]*a[7]*a[19] + 2*a[1]*a[8]*a[19] + 2*a[2]*a[6]*a[19] + 2*a[2]*a[7]*a[8]*a[19] + 2*a[3]*a[5]*a[19] + 2*a[3]*a[6]*a[8]*a[19] + a[4]^2*a[19] + 2*a[4]*a[5]*a[8]*a[19] - 12*a[9]^2*a[10]*a[19] + 12*a[9]^2*a[10] - 6*a[9]^2*a[11]^2*a[19] + 6*a[9]^2*a[11]^2 - 24*a[9]^2*a[11]*a[12]*a[19] + 24*a[9]^2*a[11]*a[12] - 12*a[9]^2*a[11]*a[15]*a[19] + 12*a[9]^2*a[11]*a[15] - 6*a[9]^2*a[12]^2*a[19] + 6*a[9]^2*a[12]^2 - 12*a[9]^2*a[12]*a[15]*a[19] + 12*a[9]^2*a[12]*a[15] - 6*a[9]^2*a[14]*a[19] + 6*a[9]^2*a[14] - 12*a[9]*a[10]^2*a[11]*a[19] + 12*a[9]*a[10]^2*a[11] - 24*a[9]*a[10]^2*a[12]*a[19] + 24*a[9]*a[10]^2*a[12] - 12*a[9]*a[10]^2*a[15]*a[19] + 12*a[9]*a[10]^2*a[15] - 24*a[9]*a[10]*a[11]^2*a[12]*a[19] + 24*a[9]*a[10]*a[11]^2*a[12] - 12*a[9]*a[10]*a[11]^2*a[15]*a[19] + 12*a[9]*a[10]*a[11]^2*a[15] - 24*a[9]*a[10]*a[11]*a[12]^2*a[19] + 24*a[9]*a[10]*a[11]*a[12]^2 - 48*a[9]*a[10]*a[11]*a[12]*a[15]*a[19] + 48*a[9]*a[10]*a[11]*a[12]*a[15] - 24*a[9]*a[10]*a[11]*a[14]*a[19] + 24*a[9]*a[10]*a[11]*a[14] - 12*a[9]*a[10]*a[12]^2*a[15]*a[19] + 12*a[9]*a[10]*a[12]^2*a[15] - 24*a[9]*a[10]*a[12]*a[14]*a[19] + 24*a[9]*a[10]*a[12]*a[14] - 12*a[9]*a[10]*a[13]*a[19] + 12*a[9]*a[10]*a[13] - 4*a[9]*a[11]^3*a[12]^2*a[19] + 4*a[9]*a[11]^3*a[12]^2 - 8*a[9]*a[11]^3*a[12]*a[15]*a[19] + 8*a[9]*a[11]^3*a[12]*a[15] - 4*a[9]*a[11]^3*a[14]*a[19] + 4*a[9]*a[11]^3*a[14] - 12*a[9]*a[11]^2*a[12]^2*a[15]*a[19] + 12*a[9]*a[11]^2*a[12]^2*a[15] - 24*a[9]*a[11]^2*a[12]*a[14]*a[19] + 24*a[9]*a[11]^2*a[12]*a[14] - 12*a[9]*a[11]^2*a[13]*a[19] + 12*a[9]*a[11]^2*a[13] - 12*a[9]*a[11]*a[12]^2*a[14]*a[19] + 12*a[9]*a[11]*a[12]^2*a[14] - 24*a[9]*a[11]*a[12]*a[13]*a[19] + 24*a[9]*a[11]*a[12]*a[13] - 4*a[9]*a[12]^2*a[13]*a[19] + 4*a[9]*a[12]^2*a[13] - a[10]^4*a[19] + a[10]^4 - 8*a[10]^3*a[11]*a[12]*a[19] + 8*a[10]^3*a[11]*a[12] - 4*a[10]^3*a[11]*a[15]*a[19] + 4*a[10]^3*a[11]*a[15] - 4*a[10]^3*a[12]^2*a[19] + 4*a[10]^3*a[12]^2 - 8*a[10]^3*a[12]*a[15]*a[19] + 8*a[10]^3*a[12]*a[15] - 4*a[10]^3*a[14]*a[19] + 4*a[10]^3*a[14] - 6*a[10]^2*a[11]^2*a[12]^2*a[19] + 6*a[10]^2*a[11]^2*a[12]^2 - 12*a[10]^2*a[11]^2*a[12]*a[15]*a[19] + 12*a[10]^2*a[11]^2*a[12]*a[15] - 6*a[10]^2*a[11]^2*a[14]*a[19] + 6*a[10]^2*a[11]^2*a[14] - 12*a[10]^2*a[11]*a[12]^2*a[15]*a[19] + 12*a[10]^2*a[11]*a[12]^2*a[15] - 24*a[10]^2*a[11]*a[12]*a[14]*a[19] + 24*a[10]^2*a[11]*a[12]*a[14] - 12*a[10]^2*a[11]*a[13]*a[19] + 12*a[10]^2*a[11]*a[13] - 6*a[10]^2*a[12]^2*a[14]*a[19] + 6*a[10]^2*a[12]^2*a[14] - 12*a[10]^2*a[12]*a[13]*a[19] + 12*a[10]^2*a[12]*a[13] - 4*a[10]*a[11]^3*a[12]^2*a[15]*a[19] + 4*a[10]*a[11]^3*a[12]^2*a[15] - 8*a[10]*a[11]^3*a[12]*a[14]*a[19] + 8*a[10]*a[11]^3*a[12]*a[14] - 4*a[10]*a[11]^3*a[13]*a[19] + 4*a[10]*a[11]^3*a[13] - 12*a[10]*a[11]^2*a[12]^2*a[14]*a[19] + 12*a[10]*a[11]^2*a[12]^2*a[14] - 24*a[10]*a[11]^2*a[12]*a[13]*a[19] + 24*a[10]*a[11]^2*a[12]*a[13] - 12*a[10]*a[11]*a[12]^2*a[13]*a[19] + 12*a[10]*a[11]*a[12]^2*a[13] - a[11]^4*a[12]^2*a[14]*a[19] + a[11]^4*a[12]^2*a[14] - 2*a[11]^4*a[12]*a[13]*a[19] + 2*a[11]^4*a[12]*a[13] - 4*a[11]^3*a[12]^2*a[13]*a[19] + 4*a[11]^3*a[12]^2*a[13] - 70*a[16]^4 - 560*a[16]^3*a[17]^2 - 280*a[16]^3*a[17]*a[18] - 420*a[16]^2*a[17]^4 - 560*a[16]^2*a[17]^3*a[18] - 56*a[16]*a[17]^6 - 168*a[16]*a[17]^5*a[18] - a[17]^8 - 8*a[17]^7*a[18],
2*a[1]*a[19] + 2*a[2]*a[7]*a[19] + 2*a[2]*a[8]*a[19] + 2*a[3]*a[6]*a[19] + 2*a[3]*a[7]*a[8]*a[19] + 2*a[4]*a[5]*a[19] + 2*a[4]*a[6]*a[8]*a[19] + a[5]^2*a[8]*a[19] - 12*a[9]^2*a[11]*a[19] + 12*a[9]^2*a[11] - 12*a[9]^2*a[12]*a[19] + 12*a[9]^2*a[12] - 6*a[9]^2*a[15]*a[19] + 6*a[9]^2*a[15] - 12*a[9]*a[10]^2*a[19] + 12*a[9]*a[10]^2 - 12*a[9]*a[10]*a[11]^2*a[19] + 12*a[9]*a[10]*a[11]^2 - 48*a[9]*a[10]*a[11]*a[12]*a[19] + 48*a[9]*a[10]*a[11]*a[12] - 24*a[9]*a[10]*a[11]*a[15]*a[19] + 24*a[9]*a[10]*a[11]*a[15] - 12*a[9]*a[10]*a[12]^2*a[19] + 12*a[9]*a[10]*a[12]^2 - 24*a[9]*a[10]*a[12]*a[15]*a[19] + 24*a[9]*a[10]*a[12]*a[15] - 12*a[9]*a[10]*a[14]*a[19] + 12*a[9]*a[10]*a[14] - 8*a[9]*a[11]^3*a[12]*a[19] + 8*a[9]*a[11]^3*a[12] - 4*a[9]*a[11]^3*a[15]*a[19] + 4*a[9]*a[11]^3*a[15] - 12*a[9]*a[11]^2*a[12]^2*a[19] + 12*a[9]*a[11]^2*a[12]^2 - 24*a[9]*a[11]^2*a[12]*a[15]*a[19] + 24*a[9]*a[11]^2*a[12]*a[15] - 12*a[9]*a[11]^2*a[14]*a[19] + 12*a[9]*a[11]^2*a[14] - 12*a[9]*a[11]*a[12]^2*a[15]*a[19] + 12*a[9]*a[11]*a[12]^2*a[15] - 24*a[9]*a[11]*a[12]*a[14]*a[19] + 24*a[9]*a[11]*a[12]*a[14] - 12*a[9]*a[11]*a[13]*a[19] + 12*a[9]*a[11]*a[13] - 4*a[9]*a[12]^2*a[14]*a[19] + 4*a[9]*a[12]^2*a[14] - 8*a[9]*a[12]*a[13]*a[19] + 8*a[9]*a[12]*a[13] - 4*a[10]^3*a[11]*a[19] + 4*a[10]^3*a[11] - 8*a[10]^3*a[12]*a[19] + 8*a[10]^3*a[12] - 4*a[10]^3*a[15]*a[19] + 4*a[10]^3*a[15] - 12*a[10]^2*a[11]^2*a[12]*a[19] + 12*a[10]^2*a[11]^2*a[12] - 6*a[10]^2*a[11]^2*a[15]*a[19] + 6*a[10]^2*a[11]^2*a[15] - 12*a[10]^2*a[11]*a[12]^2*a[19] + 12*a[10]^2*a[11]*a[12]^2 - 24*a[10]^2*a[11]*a[12]*a[15]*a[19] + 24*a[10]^2*a[11]*a[12]*a[15] - 12*a[10]^2*a[11]*a[14]*a[19] + 12*a[10]^2*a[11]*a[14] - 6*a[10]^2*a[12]^2*a[15]*a[19] + 6*a[10]^2*a[12]^2*a[15] - 12*a[10]^2*a[12]*a[14]*a[19] + 12*a[10]^2*a[12]*a[14] - 6*a[10]^2*a[13]*a[19] + 6*a[10]^2*a[13] - 4*a[10]*a[11]^3*a[12]^2*a[19] + 4*a[10]*a[11]^3*a[12]^2 - 8*a[10]*a[11]^3*a[12]*a[15]*a[19] + 8*a[10]*a[11]^3*a[12]*a[15] - 4*a[10]*a[11]^3*a[14]*a[19] + 4*a[10]*a[11]^3*a[14] - 12*a[10]*a[11]^2*a[12]^2*a[15]*a[19] + 12*a[10]*a[11]^2*a[12]^2*a[15] - 24*a[10]*a[11]^2*a[12]*a[14]*a[19] + 24*a[10]*a[11]^2*a[12]*a[14] - 12*a[10]*a[11]^2*a[13]*a[19] + 12*a[10]*a[11]^2*a[13] - 12*a[10]*a[11]*a[12]^2*a[14]*a[19] + 12*a[10]*a[11]*a[12]^2*a[14] - 24*a[10]*a[11]*a[12]*a[13]*a[19] + 24*a[10]*a[11]*a[12]*a[13] - 4*a[10]*a[12]^2*a[13]*a[19] + 4*a[10]*a[12]^2*a[13] - a[11]^4*a[12]^2*a[15]*a[19] + a[11]^4*a[12]^2*a[15] - 2*a[11]^4*a[12]*a[14]*a[19] + 2*a[11]^4*a[12]*a[14] - a[11]^4*a[13]*a[19] + a[11]^4*a[13] - 4*a[11]^3*a[12]^2*a[14]*a[19] + 4*a[11]^3*a[12]^2*a[14] - 8*a[11]^3*a[12]*a[13]*a[19] + 8*a[11]^3*a[12]*a[13] - 6*a[11]^2*a[12]^2*a[13]*a[19] + 6*a[11]^2*a[12]^2*a[13] - 280*a[16]^3*a[17] - 56*a[16]^3*a[18] - 560*a[16]^2*a[17]^3 - 420*a[16]^2*a[17]^2*a[18] - 168*a[16]*a[17]^5 - 280*a[16]*a[17]^4*a[18] - 8*a[17]^7 - 28*a[17]^6*a[18],
2*a[2]*a[19] + 2*a[3]*a[7]*a[19] + 2*a[3]*a[8]*a[19] + 2*a[4]*a[6]*a[19] + 2*a[4]*a[7]*a[8]*a[19] + a[5]^2*a[19] + 2*a[5]*a[6]*a[8]*a[19] - 6*a[9]^2*a[19] + 6*a[9]^2 - 24*a[9]*a[10]*a[11]*a[19] + 24*a[9]*a[10]*a[11] - 24*a[9]*a[10]*a[12]*a[19] + 24*a[9]*a[10]*a[12] - 12*a[9]*a[10]*a[15]*a[19] + 12*a[9]*a[10]*a[15] - 4*a[9]*a[11]^3*a[19] + 4*a[9]*a[11]^3 - 24*a[9]*a[11]^2*a[12]*a[19] + 24*a[9]*a[11]^2*a[12] - 12*a[9]*a[11]^2*a[15]*a[19] + 12*a[9]*a[11]^2*a[15] - 12*a[9]*a[11]*a[12]^2*a[19] + 12*a[9]*a[11]*a[12]^2 - 24*a[9]*a[11]*a[12]*a[15]*a[19] + 24*a[9]*a[11]*a[12]*a[15] - 12*a[9]*a[11]*a[14]*a[19] + 12*a[9]*a[11]*a[14] - 4*a[9]*a[12]^2*a[15]*a[19] + 4*a[9]*a[12]^2*a[15] - 8*a[9]*a[12]*a[14]*a[19] + 8*a[9]*a[12]*a[14] - 4*a[9]*a[13]*a[19] + 4*a[9]*a[13] - 4*a[10]^3*a[19] + 4*a[10]^3 - 6*a[10]^2*a[11]^2*a[19] + 6*a[10]^2*a[11]^2 - 24*a[10]^2*a[11]*a[12]*a[19] + 24*a[10]^2*a[11]*a[12] - 12*a[10]^2*a[11]*a[15]*a[19] + 12*a[10]^2*a[11]*a[15] - 6*a[10]^2*a[12]^2*a[19] + 6*a[10]^2*a[12]^2 - 12*a[10]^2*a[12]*a[15]*a[19] + 12*a[10]^2*a[12]*a[15] - 6*a[10]^2*a[14]*a[19] + 6*a[10]^2*a[14] - 8*a[10]*a[11]^3*a[12]*a[19] + 8*a[10]*a[11]^3*a[12] - 4*a[10]*a[11]^3*a[15]*a[19] + 4*a[10]*a[11]^3*a[15] - 12*a[10]*a[11]^2*a[12]^2*a[19] + 12*a[10]*a[11]^2*a[12]^2 - 24*a[10]*a[11]^2*a[12]*a[15]*a[19] + 24*a[10]*a[11]^2*a[12]*a[15] - 12*a[10]*a[11]^2*a[14]*a[19] + 12*a[10]*a[11]^2*a[14] - 12*a[10]*a[11]*a[12]^2*a[15]*a[19] + 12*a[10]*a[11]*a[12]^2*a[15] - 24*a[10]*a[11]*a[12]*a[14]*a[19] + 24*a[10]*a[11]*a[12]*a[14] - 12*a[10]*a[11]*a[13]*a[19] + 12*a[10]*a[11]*a[13] - 4*a[10]*a[12]^2*a[14]*a[19] + 4*a[10]*a[12]^2*a[14] - 8*a[10]*a[12]*a[13]*a[19] + 8*a[10]*a[12]*a[13] - a[11]^4*a[12]^2*a[19] + a[11]^4*a[12]^2 - 2*a[11]^4*a[12]*a[15]*a[19] + 2*a[11]^4*a[12]*a[15] - a[11]^4*a[14]*a[19] + a[11]^4*a[14] - 4*a[11]^3*a[12]^2*a[15]*a[19] + 4*a[11]^3*a[12]^2*a[15] - 8*a[11]^3*a[12]*a[14]*a[19] + 8*a[11]^3*a[12]*a[14] - 4*a[11]^3*a[13]*a[19] + 4*a[11]^3*a[13] - 6*a[11]^2*a[12]^2*a[14]*a[19] + 6*a[11]^2*a[12]^2*a[14] - 12*a[11]^2*a[12]*a[13]*a[19] + 12*a[11]^2*a[12]*a[13] - 4*a[11]*a[12]^2*a[13]*a[19] + 4*a[11]*a[12]^2*a[13] - 56*a[16]^3 - 420*a[16]^2*a[17]^2 - 168*a[16]^2*a[17]*a[18] - 280*a[16]*a[17]^4 - 280*a[16]*a[17]^3*a[18] - 28*a[17]^6 - 56*a[17]^5*a[18],
2*a[3]*a[19] + 2*a[4]*a[7]*a[19] + 2*a[4]*a[8]*a[19] + 2*a[5]*a[6]*a[19] + 2*a[5]*a[7]*a[8]*a[19] + a[6]^2*a[8]*a[19] - 12*a[9]*a[10]*a[19] + 12*a[9]*a[10] - 12*a[9]*a[11]^2*a[19] + 12*a[9]*a[11]^2 - 24*a[9]*a[11]*a[12]*a[19] + 24*a[9]*a[11]*a[12] - 12*a[9]*a[11]*a[15]*a[19] + 12*a[9]*a[11]*a[15] - 4*a[9]*a[12]^2*a[19] + 4*a[9]*a[12]^2 - 8*a[9]*a[12]*a[15]*a[19] + 8*a[9]*a[12]*a[15] - 4*a[9]*a[14]*a[19] + 4*a[9]*a[14] - 12*a[10]^2*a[11]*a[19] + 12*a[10]^2*a[11] - 12*a[10]^2*a[12]*a[19] + 12*a[10]^2*a[12] - 6*a[10]^2*a[15]*a[19] + 6*a[10]^2*a[15] - 4*a[10]*a[11]^3*a[19] + 4*a[10]*a[11]^3 - 24*a[10]*a[11]^2*a[12]*a[19] + 24*a[10]*a[11]^2*a[12] - 12*a[10]*a[11]^2*a[15]*a[19] + 12*a[10]*a[11]^2*a[15] - 12*a[10]*a[11]*a[12]^2*a[19] + 12*a[10]*a[11]*a[12]^2 - 24*a[10]*a[11]*a[12]*a[15]*a[19] + 24*a[10]*a[11]*a[12]*a[15] - 12*a[10]*a[11]*a[14]*a[19] + 12*a[10]*a[11]*a[14] - 4*a[10]*a[12]^2*a[15]*a[19] + 4*a[10]*a[12]^2*a[15] - 8*a[10]*a[12]*a[14]*a[19] + 8*a[10]*a[12]*a[14] - 4*a[10]*a[13]*a[19] + 4*a[10]*a[13] - 2*a[11]^4*a[12]*a[19] + 2*a[11]^4*a[12] - a[11]^4*a[15]*a[19] + a[11]^4*a[15] - 4*a[11]^3*a[12]^2*a[19] + 4*a[11]^3*a[12]^2 - 8*a[11]^3*a[12]*a[15]*a[19] + 8*a[11]^3*a[12]*a[15] - 4*a[11]^3*a[14]*a[19] + 4*a[11]^3*a[14] - 6*a[11]^2*a[12]^2*a[15]*a[19] + 6*a[11]^2*a[12]^2*a[15] - 12*a[11]^2*a[12]*a[14]*a[19] + 12*a[11]^2*a[12]*a[14] - 6*a[11]^2*a[13]*a[19] + 6*a[11]^2*a[13] - 4*a[11]*a[12]^2*a[14]*a[19] + 4*a[11]*a[12]^2*a[14] - 8*a[11]*a[12]*a[13]*a[19] + 8*a[11]*a[12]*a[13] - a[12]^2*a[13]*a[19] + a[12]^2*a[13] - 168*a[16]^2*a[17] - 28*a[16]^2*a[18] - 280*a[16]*a[17]^3 - 168*a[16]*a[17]^2*a[18] - 56*a[17]^5 - 70*a[17]^4*a[18],
2*a[4]*a[19] + 2*a[5]*a[7]*a[19] + 2*a[5]*a[8]*a[19] + a[6]^2*a[19] + 2*a[6]*a[7]*a[8]*a[19] - 12*a[9]*a[11]*a[19] + 12*a[9]*a[11] - 8*a[9]*a[12]*a[19] + 8*a[9]*a[12] - 4*a[9]*a[15]*a[19] + 4*a[9]*a[15] - 6*a[10]^2*a[19] + 6*a[10]^2 - 12*a[10]*a[11]^2*a[19] + 12*a[10]*a[11]^2 - 24*a[10]*a[11]*a[12]*a[19] + 24*a[10]*a[11]*a[12] - 12*a[10]*a[11]*a[15]*a[19] + 12*a[10]*a[11]*a[15] - 4*a[10]*a[12]^2*a[19] + 4*a[10]*a[12]^2 - 8*a[10]*a[12]*a[15]*a[19] + 8*a[10]*a[12]*a[15] - 4*a[10]*a[14]*a[19] + 4*a[10]*a[14] - a[11]^4*a[19] + a[11]^4 - 8*a[11]^3*a[12]*a[19] + 8*a[11]^3*a[12] - 4*a[11]^3*a[15]*a[19] + 4*a[11]^3*a[15] - 6*a[11]^2*a[12]^2*a[19] + 6*a[11]^2*a[12]^2 - 12*a[11]^2*a[12]*a[15]*a[19] + 12*a[11]^2*a[12]*a[15] - 6*a[11]^2*a[14]*a[19] + 6*a[11]^2*a[14] - 4*a[11]*a[12]^2*a[15]*a[19] + 4*a[11]*a[12]^2*a[15] - 8*a[11]*a[12]*a[14]*a[19] + 8*a[11]*a[12]*a[14] - 4*a[11]*a[13]*a[19] + 4*a[11]*a[13] - a[12]^2*a[14]*a[19] + a[12]^2*a[14] - 2*a[12]*a[13]*a[19] + 2*a[12]*a[13] - 28*a[16]^2 - 168*a[16]*a[17]^2 - 56*a[16]*a[17]*a[18] - 70*a[17]^4 - 56*a[17]^3*a[18],
2*a[5]*a[19] + 2*a[6]*a[7]*a[19] + 2*a[6]*a[8]*a[19] + a[7]^2*a[8]*a[19] - 4*a[9]*a[19] + 4*a[9] - 12*a[10]*a[11]*a[19] + 12*a[10]*a[11] - 8*a[10]*a[12]*a[19] + 8*a[10]*a[12] - 4*a[10]*a[15]*a[19] + 4*a[10]*a[15] - 4*a[11]^3*a[19] + 4*a[11]^3 - 12*a[11]^2*a[12]*a[19] + 12*a[11]^2*a[12] - 6*a[11]^2*a[15]*a[19] + 6*a[11]^2*a[15] - 4*a[11]*a[12]^2*a[19] + 4*a[11]*a[12]^2 - 8*a[11]*a[12]*a[15]*a[19] + 8*a[11]*a[12]*a[15] - 4*a[11]*a[14]*a[19] + 4*a[11]*a[14] - a[12]^2*a[15]*a[19] + a[12]^2*a[15] - 2*a[12]*a[14]*a[19] + 2*a[12]*a[14] - a[13]*a[19] + a[13] - 56*a[16]*a[17] - 8*a[16]*a[18] - 56*a[17]^3 - 28*a[17]^2*a[18],
2*a[6]*a[19] + a[7]^2*a[19] + 2*a[7]*a[8]*a[19] - 4*a[10]*a[19] + 4*a[10] - 6*a[11]^2*a[19] + 6*a[11]^2 - 8*a[11]*a[12]*a[19] + 8*a[11]*a[12] - 4*a[11]*a[15]*a[19] + 4*a[11]*a[15] - a[12]^2*a[19] + a[12]^2 - 2*a[12]*a[15]*a[19] + 2*a[12]*a[15] - a[14]*a[19] + a[14] - 8*a[16] - 28*a[17]^2 - 8*a[17]*a[18],
2*a[7]*a[19] + a[8]*a[19] - 4*a[11]*a[19] + 4*a[11] - 2*a[12]*a[19] + 2*a[12] - a[15]*a[19] + a[15] - 8*a[17] - a[18]
]
1: Fold = 1.11321E-179, prec = 115... 
   Norm(w) = 1.27163E-184
   Fnew = 9.64009E-225 < Fold/2 = 5.56606E-180, using Newton step
2: Fold = 6.78994E-225, prec = 225... 
   Norm(w) = 3.62053E-209
   Fnew = 1.99234E-423 < Fold/2 = 3.39497E-225, using Newton step
3: Fold = 1.99234E-423, prec = 423... 
   Norm(w) = 4.61979E-422
   Fnew = 8.51230E-841 < Fold/2 = 9.96170E-424, using Newton step
4: Fold = 6.03305E-841, prec = 841... 
   Norm(w) = 6.26212E-825
   Fnew = 5.93900E-1655 < Fold/2 = 3.01652E-841, using Newton step
5: Fold = 5.93900E-1655, prec = 1655... 
   Norm(w) = 1.85237E-1653
   Fnew = 1.45082E-3304 < Fold/2 = 2.96950E-1655, using Newton step
6: Fold = 6.33217E-3305, prec = 3304... 
   Norm(w) = 3.18672E-3289
   Fnew = 1.53381E-6583 < Fold/2 = 3.16608E-3305, using Newton step
7: Fold = 1.53381E-6583, prec = 4800... 
   Norm(w) = 4.70919E-6582
   Fnew = 1.25715E-9594 < Fold/2 = 7.66906E-6584, using Newton step

Looking for coefficient to recognize number field...
  ...dumped recognition inputs to /Users/musty/two/dembele/rigidity/out/dump_248_rep3.m
    ==> trying degree m = 8  ...Trying to MakeK with m = 8
  ...Trying to MakeK with m = 8
  ...Trying to MakeK with m = 8
  ...Trying to MakeK with m = 8
  ...Trying to MakeK with m = 8
  ...Trying to MakeK with m = 8
  ...Trying to MakeK with m = 8
  ...Trying to MakeK with m = 8
  ...Trying to MakeK with m = 8
  ...Trying to MakeK with m = 8
  ...Trying to MakeK with m = 8
  ...Trying to MakeK with m = 8
  ...Trying to MakeK with m = 8
  ...Trying to MakeK with m = 8
  ...Trying to MakeK with m = 8
  ...Trying to MakeK with m = 8
  ...Trying to MakeK with m = 8
    ==> trying degree m = 7  ...Trying to MakeK with m = 7
  ...Trying to MakeK with m = 7
  ...Trying to MakeK with m = 7
  ...Trying to MakeK with m = 7
  ...Trying to MakeK with m = 7
  ...Trying to MakeK with m = 7
  ...Trying to MakeK with m = 7
  ...Trying to MakeK with m = 7
  ...Trying to MakeK with m = 7
  ...Trying to MakeK with m = 7
  ...Trying to MakeK with m = 7
  ...Trying to MakeK with m = 7
  ...Trying to MakeK with m = 7
