Nielsen representatives: 4, computing rep 4
Using unit disc with precision 115 and center root(-1)
Using working precision 115 with eps_thresh = 9.99999E-108
Radius of series to be used: 0.545613
Taking N = 438 and Q = 452
Ramification degrees e = [ 1, 1, 1, 1, 1, 1, 1, 1, 2 ] and offsets s = [ 0, 0, 0, 0, 0, 0, 0, 0, 0 ]
A: Taking j = 1, with distance 0.000000 and label Id($)
A: Rotating by delta_a^1, new coset 4
A: Rotating by delta_a^-1, already identified 4 (label da)
A: Rotating by delta_a^2, already identified 1 (label Id($))
B: Taking j = 1, with distance 0.000000 and label Id($)
B: Rotating by delta_b^1, new coset 17
A: Taking j = 17, with distance 1.12838 and label db
A: Rotating by delta_a^1, new coset 10
A: Rotating by delta_a^-1, already identified 10 (label db * da)
A: Rotating by delta_a^2, already identified 17 (label db)
B: Rotating by delta_b^-1, already identified 10 (label db * da), sidepairing db^-1 * da^-1 * db^-1
B: Taking j = 4, with distance 0.000000 and label da
B: Rotating by delta_b^1, new coset 12
A: Taking j = 12, with distance 1.12838 and label da * db
A: Rotating by delta_a^1, new coset 9
A: Rotating by delta_a^-1, already identified 9 (label da * db * da)
A: Rotating by delta_a^2, already identified 12 (label da * db)
B: Rotating by delta_b^-1, already identified 12 (label da * db), sidepairing (da * db^-1 * da^-1)^2
B: Taking j = 17, with distance 1.12838 and label db
B: Rotating by delta_b^1, new coset 11
A: Taking j = 11, with distance 1.52857 and label db^2
A: Rotating by delta_a^1, new coset 6
A: Rotating by delta_a^-1, already identified 6 (label db^2 * da)
A: Rotating by delta_a^2, already identified 11 (label db^2)
B: Rotating by delta_b^-1, already identified 1 (label Id($))
B: Taking j = 10, with distance 1.12838 and label db * da
B: Rotating by delta_b^1, already identified 1 (label Id($)), sidepairing db * da * db
B: Rotating by delta_b^-1, already identified 11 (label db^2), sidepairing db * da * db^-3
B: Taking j = 12, with distance 1.12838 and label da * db
B: Rotating by delta_b^1, already identified 4 (label da), sidepairing (da * db * da^-1)^2
B: Rotating by delta_b^-1, already identified 4 (label da)
B: Taking j = 9, with distance 1.12838 and label da * db * da
B: Rotating by delta_b^1, new coset 8
A: Taking j = 8, with distance 1.89892 and label (da * db)^2
A: Rotating by delta_a^1, new coset 16
A: Rotating by delta_a^-1, already identified 16 (label da * db * da * db * da)
A: Rotating by delta_a^2, already identified 8 (label (da * db)^2)
B: Rotating by delta_b^-1, new coset 3
A: Taking j = 3, with distance 2.25677 and label da * db * da * db^-1
A: Rotating by delta_a^1, new coset 13
A: Rotating by delta_a^-1, already identified 13 (label da * db * da * db^-1 * da)
A: Rotating by delta_a^2, already identified 3 (label da * db * da * db^-1)
B: Taking j = 11, with distance 1.52857 and label db^2
B: Rotating by delta_b^1, already identified 10 (label db * da), sidepairing db^3 * da^-1 * db^-1
B: Rotating by delta_b^-1, already identified 17 (label db)
B: Taking j = 6, with distance 1.52857 and label db^2 * da
B: Rotating by delta_b^1, new coset 2
A: Taking j = 2, with distance 2.56450 and label db^2 * da * db
A: Rotating by delta_a^1, new coset 7
A: Rotating by delta_a^-1, already identified 7 (label db^2 * da * db * da)
A: Rotating by delta_a^2, already identified 2 (label db^2 * da * db)
B: Rotating by delta_b^-1, new coset 15
A: Taking j = 15, with distance 2.56450 and label db^2 * da * db^-1
A: Rotating by delta_a^1, already identified 15 (label db^2 * da * db^-1), sidepairing db^2 * da * db^-1 * da * db * da^-1 * db^-2
A: Rotating by delta_a^-1, already identified 15 (label db^2 * da * db^-1), sidepairing db^2 * da * db^-1 * da^-1 * db * da^-1 * db^-2
B: Taking j = 8, with distance 1.89892 and label (da * db)^2
B: Rotating by delta_b^1, already identified 13 (label da * db * da * db^-1 * da), sidepairing da * db * da * db^2 * da^-1 * db * da^-1 * db^-1 * da^-1
B: Rotating by delta_b^-1, already identified 9 (label da * db * da)
B: Taking j = 16, with distance 1.89892 and label da * db * da * db * da
B: Rotating by delta_b^1, already identified 16 (label da * db * da * db * da), sidepairing da * db * da * db * da * db * da^-1 * db^-1 * da^-1 * db^-1 * da^-1
B: Rotating by delta_b^-1, already identified 16 (label da * db * da * db * da), sidepairing da * db * da * db * da * db^-1 * da^-1 * db^-1 * da^-1 * db^-1 * da^-1
B: Taking j = 3, with distance 2.25677 and label da * db * da * db^-1
B: Rotating by delta_b^1, already identified 9 (label da * db * da)
B: Rotating by delta_b^-1, already identified 13 (label da * db * da * db^-1 * da), sidepairing da * db * da * db^-2 * da^-1 * db * da^-1 * db^-1 * da^-1
B: Taking j = 13, with distance 2.25677 and label da * db * da * db^-1 * da
B: Rotating by delta_b^1, already identified 3 (label da * db * da * db^-1), sidepairing da * db * da * db^-1 * da * db^2 * da^-1 * db^-1 * da^-1
B: Rotating by delta_b^-1, already identified 8 (label (da * db)^2), sidepairing da * db * da * db^-1 * da * db^-2 * da^-1 * db^-1 * da^-1
B: Taking j = 2, with distance 2.56450 and label db^2 * da * db
B: Rotating by delta_b^1, new coset 5
A: Taking j = 5, with distance 3.05714 and label db^2 * da * db^2
A: Rotating by delta_a^1, new coset 14
A: Rotating by delta_a^-1, already identified 14 (label (db^2 * da)^2)
A: Rotating by delta_a^2, already identified 5 (label db^2 * da * db^2)
B: Rotating by delta_b^-1, already identified 6 (label db^2 * da)
B: Taking j = 7, with distance 2.56450 and label db^2 * da * db * da
B: Rotating by delta_b^1, already identified 7 (label db^2 * da * db * da), sidepairing db^2 * da * db * da * db * da^-1 * db^-1 * da^-1 * db^-2
B: Rotating by delta_b^-1, already identified 7 (label db^2 * da * db * da), sidepairing db^2 * da * db * da * db^-1 * da^-1 * db^-1 * da^-1 * db^-2
B: Taking j = 15, with distance 2.56450 and label db^2 * da * db^-1
B: Rotating by delta_b^1, already identified 6 (label db^2 * da)
B: Rotating by delta_b^-1, already identified 5 (label db^2 * da * db^2)
B: Taking j = 5, with distance 3.05714 and label db^2 * da * db^2
B: Rotating by delta_b^1, already identified 15 (label db^2 * da * db^-1)
B: Rotating by delta_b^-1, already identified 2 (label db^2 * da * db)
B: Taking j = 14, with distance 3.05714 and label (db^2 * da)^2
B: Rotating by delta_b^1, already identified 14 (label (db^2 * da)^2), sidepairing db^2 * da * db^2 * da * db * da^-1 * db^-2 * da^-1 * db^-2
B: Rotating by delta_b^-1, already identified 14 (label (db^2 * da)^2), sidepairing db^2 * da * db^2 * da * db^-1 * da^-1 * db^-2 * da^-1 * db^-2
Indices of vertices to be used: [ 1, 2, 3, 5, 6, 8, 9, 10, 15 ]
Coset identifiers: [ 1, 2, 3, 1, 4, 5, 2, 6, 7, 8, 5, 7, 3, 4, 9, 6, 8 ]
Reducing to fundamental domain... Time: 3.680
Largest point had radius 0.545613!
dim = 2, fulldim = 3, so skipping coeffs [ 0 ]
Computing Js... Time: 2.990
Computing Wps... Time: 1.610
Arnoldi iteration 2... Time: 1.390
Arnoldi iteration 3... Time: 1.800
Arnoldi iteration 4... Time: 1.820
Arnoldi iteration 5... Time: 1.810
Arnoldi iteration 6... Time: 1.820
Arnoldi iteration 7... Time: 1.810
Arnoldi iteration 8... Time: 1.830
Arnoldi iteration 9... Time: 1.820
Arnoldi iteration 10... Time: 1.840
Numerical kernel 10... min 0.0123027 (of 0)... Time: 0.010
Arnoldi iteration 11... Time: 1.840
Numerical kernel 11... min 0.00253105 (of 0)... Time: 0.000
Arnoldi iteration 12... Time: 1.850
Numerical kernel 12... min 0.00369207 (of 0)... Time: 0.000
Arnoldi iteration 13... Time: 1.860
Numerical kernel 13... min 0.00356735 (of 0)... Time: 0.000
Arnoldi iteration 14... Time: 1.840
Numerical kernel 14... min 0.000513054 (of 0)... Time: 0.000
Arnoldi iteration 15... Time: 1.850
Numerical kernel 15... min 0.00111376 (of 0)... Time: 0.000
Arnoldi iteration 16... Time: 1.900
Numerical kernel 16... min 0.000878317 (of 0)... Time: 0.000
Arnoldi iteration 17... Time: 1.880
Numerical kernel 17... min 0.000118874 (of 0)... Time: 0.000
Arnoldi iteration 18... Time: 1.880
Numerical kernel 18... min 0.000319391 (of 0)... Time: 0.010
Arnoldi iteration 19... Time: 1.900
Numerical kernel 19... min 6.64899E-5 (of 0)... Time: 0.000
Arnoldi iteration 20... Time: 1.900
Numerical kernel 20... min 9.64703E-6 (of 0)... Time: 0.010
Arnoldi iteration 21... Time: 1.890
Numerical kernel 21... min 2.88051E-5 (of 0)... Time: 0.010
Arnoldi iteration 22... Time: 1.910
Numerical kernel 22... min 6.89963E-6 (of 0)... Time: 0.010
Arnoldi iteration 23... Time: 1.920
Numerical kernel 23... min 1.20138E-6 (of 0)... Time: 0.000
Arnoldi iteration 24... Time: 1.890
Numerical kernel 24... min 3.44885E-7 (of 0)... Time: 0.010
Arnoldi iteration 25... Time: 1.880
Numerical kernel 25... min 1.16887E-7 (of 0)... Time: 0.010
Arnoldi iteration 26... Time: 1.910
Numerical kernel 26... min 1.15442E-7 (of 0)... Time: 0.010
Arnoldi iteration 27... Time: 1.900
Numerical kernel 27... min 2.80399E-8 (of 0)... Time: 0.010
Arnoldi iteration 28... Time: 1.910
Numerical kernel 28... min 2.53640E-9 (of 0)... Time: 0.010
Arnoldi iteration 29... Time: 1.920
Numerical kernel 29... min 2.34011E-9 (of 0)... Time: 0.010
Arnoldi iteration 30... Time: 1.930
Numerical kernel 30... min 1.44418E-9 (of 0)... Time: 0.010
Arnoldi iteration 31... Time: 1.970
Numerical kernel 31... min 2.69192E-10 (of 0)... Time: 0.010
Arnoldi iteration 32... Time: 1.970
Numerical kernel 32... min 3.48184E-11 (of 0)... Time: 0.020
Arnoldi iteration 33... Time: 1.960
Numerical kernel 33... min 1.52686E-11 (of 0)... Time: 0.010
Arnoldi iteration 34... Time: 1.970
Numerical kernel 34... min 5.45500E-12 (of 0)... Time: 0.010
Arnoldi iteration 35... Time: 2.050
Numerical kernel 35... min 1.86347E-12 (of 0)... Time: 0.010
Arnoldi iteration 36... Time: 2.000
Numerical kernel 36... min 3.69221E-13 (of 0)... Time: 0.010
Arnoldi iteration 37... Time: 1.980
Numerical kernel 37... min 2.67808E-14 (of 0)... Time: 0.020
Arnoldi iteration 38... Time: 1.990
Numerical kernel 38... min 4.19908E-14 (of 0)... Time: 0.020
Arnoldi iteration 39... Time: 1.980
Numerical kernel 39... min 7.61582E-15 (of 0)... Time: 0.020
Arnoldi iteration 40... Time: 1.990
Numerical kernel 40... min 1.72340E-15 (of 0)... Time: 0.030
Arnoldi iteration 41... Time: 1.980
Numerical kernel 41... min 2.09591E-16 (of 0)... Time: 0.030
Arnoldi iteration 42... Time: 2.020
Numerical kernel 42... min 1.46500E-16 (of 0)... Time: 0.030
Arnoldi iteration 43... Time: 2.000
Numerical kernel 43... min 3.18618E-17 (of 0)... Time: 0.020
Arnoldi iteration 44... Time: 2.040
Numerical kernel 44... min 6.75255E-18 (of 0)... Time: 0.030
Arnoldi iteration 45... Time: 2.030
Numerical kernel 45... min 5.49059E-19 (of 0)... Time: 0.030
Arnoldi iteration 46... Time: 2.040
Numerical kernel 46... min 3.34417E-20 (of 0)... Time: 0.040
Arnoldi iteration 47... Time: 2.030
Numerical kernel 47... min 7.89474E-21 (of 0)... Time: 0.030
Arnoldi iteration 48... Time: 2.060
Numerical kernel 48... min 3.09538E-21 (of 0)... Time: 0.040
Arnoldi iteration 49... Time: 2.070
Numerical kernel 49... min 3.86428E-22 (of 0)... Time: 0.030
Arnoldi iteration 50... Time: 2.070
Numerical kernel 50... min 1.75554E-23 (of 0)... Time: 0.040
Arnoldi iteration 51... Time: 2.030
Numerical kernel 51... min 5.89111E-24 (of 0)... Time: 0.040
Arnoldi iteration 52... Time: 2.150
Numerical kernel 52... min 1.41440E-24 (of 0)... Time: 0.050
Arnoldi iteration 53... Time: 2.080
Numerical kernel 53... min 1.14692E-25 (of 0)... Time: 0.050
Arnoldi iteration 54... Time: 2.060
Numerical kernel 54... min 2.51974E-26 (of 0)... Time: 0.040
Arnoldi iteration 55... Time: 2.060
Numerical kernel 55... min 2.63346E-27 (of 0)... Time: 0.050
Arnoldi iteration 56... Time: 2.060
Numerical kernel 56... min 7.19658E-29 (of 0)... Time: 0.050
Arnoldi iteration 57... Time: 2.070
Numerical kernel 57... min 2.14617E-30 (of 0)... Time: 0.050
Arnoldi iteration 58... Time: 2.090
Numerical kernel 58... min 1.82790E-30 (of 0)... Time: 0.060
Arnoldi iteration 59... Time: 2.100
Numerical kernel 59... min 3.05007E-31 (of 0)... Time: 0.060
Arnoldi iteration 60... Time: 2.090
Numerical kernel 60... min 4.82355E-32 (of 0)... Time: 0.060
Arnoldi iteration 61... Time: 2.080
Numerical kernel 61... min 2.65067E-33 (of 0)... Time: 0.060
Arnoldi iteration 62... Time: 2.100
Numerical kernel 62... min 8.56184E-35 (of 0)... Time: 0.070
Arnoldi iteration 63... Time: 2.090
Numerical kernel 63... min 2.48769E-36 (of 0)... Time: 0.070
Arnoldi iteration 64... Time: 2.140
Numerical kernel 64... min 7.62295E-37 (of 0)... Time: 0.070
Arnoldi iteration 65... Time: 2.130
Numerical kernel 65... min 1.77183E-37 (of 0)... Time: 0.070
Arnoldi iteration 66... Time: 2.130
Numerical kernel 66... min 1.19325E-38 (of 0)... Time: 0.080
Arnoldi iteration 67... Time: 2.170
Numerical kernel 67... min 9.97077E-40 (of 0)... Time: 0.080
Arnoldi iteration 68... Time: 2.160
Numerical kernel 68... min 6.75568E-41 (of 0)... Time: 0.090
Arnoldi iteration 69... Time: 2.140
Numerical kernel 69... min 2.30124E-42 (of 0)... Time: 0.090
Arnoldi iteration 70... Time: 2.120
Numerical kernel 70... min 6.53776E-43 (of 0)... Time: 0.090
Arnoldi iteration 71... Time: 2.150
Numerical kernel 71... min 3.90225E-44 (of 0)... Time: 0.090
Arnoldi iteration 72... Time: 2.140
Numerical kernel 72... min 1.88803E-45 (of 0)... Time: 0.100
Arnoldi iteration 73... Time: 2.140
Numerical kernel 73... min 8.42450E-47 (of 0)... Time: 0.100
Arnoldi iteration 74... Time: 2.150
Numerical kernel 74... min 9.41501E-48 (of 0)... Time: 0.100
Arnoldi iteration 75... Time: 2.150
Numerical kernel 75... min 1.13757E-48 (of 0)... Time: 0.110
Arnoldi iteration 76... Time: 2.150
Numerical kernel 76... min 1.01028E-49 (of 0)... Time: 0.110
Arnoldi iteration 77... Time: 2.150
Numerical kernel 77... min 7.03722E-52 (of 0)... Time: 0.120
Arnoldi iteration 78... Time: 2.160
Numerical kernel 78... min 1.15484E-52 (of 0)... Time: 0.130
Arnoldi iteration 79... Time: 2.170
Numerical kernel 79... min 3.86617E-54 (of 0)... Time: 0.130
Arnoldi iteration 80... Time: 2.180
Numerical kernel 80... min 6.05232E-56 (of 0)... Time: 0.130
Arnoldi iteration 81... Time: 2.180
Numerical kernel 81... min 2.42936E-57 (of 0)... Time: 0.130
Arnoldi iteration 82... Time: 2.180
Numerical kernel 82... min 3.12532E-58 (of 0)... Time: 0.140
Arnoldi iteration 83... Time: 2.190
Numerical kernel 83... min 1.00745E-59 (of 0)... Time: 0.150
Arnoldi iteration 84... Time: 2.210
Numerical kernel 84... min 4.86771E-61 (of 0)... Time: 0.140
Arnoldi iteration 85... Time: 2.200
Numerical kernel 85... min 1.47632E-62 (of 0)... Time: 0.150
Arnoldi iteration 86... Time: 2.220
Numerical kernel 86... min 3.93828E-64 (of 0)... Time: 0.160
Arnoldi iteration 87... Time: 2.210
Numerical kernel 87... min 3.07211E-65 (of 0)... Time: 0.160
Arnoldi iteration 88... Time: 2.210
Numerical kernel 88... min 1.00328E-66 (of 0)... Time: 0.170
Arnoldi iteration 89... Time: 2.220
Numerical kernel 89... min 3.83230E-68 (of 0)... Time: 0.170
Arnoldi iteration 90... Time: 2.220
Numerical kernel 90... min 7.60057E-70 (of 0)... Time: 0.170
Arnoldi iteration 91... Time: 2.240
Numerical kernel 91... min 6.54921E-71 (of 0)... Time: 0.180
Arnoldi iteration 92... Time: 2.240
Numerical kernel 92... min 8.66233E-73 (of 0)... Time: 0.190
Arnoldi iteration 93... Time: 2.220
Numerical kernel 93... min 3.21091E-74 (of 0)... Time: 0.200
Arnoldi iteration 94... Time: 2.230
Numerical kernel 94... min 7.80618E-76 (of 0)... Time: 0.200
Arnoldi iteration 95... Time: 2.250
Numerical kernel 95... min 2.53559E-77 (of 0)... Time: 0.210
Arnoldi iteration 96... Time: 2.240
Numerical kernel 96... min 1.37486E-78 (of 0)... Time: 0.220
Arnoldi iteration 97... Time: 2.260
Numerical kernel 97... min 6.24445E-80 (of 0)... Time: 0.220
Arnoldi iteration 98... Time: 2.270
Numerical kernel 98... min 5.39044E-82 (of 0)... Time: 0.230
Arnoldi iteration 99... Time: 2.260
Numerical kernel 99... min 1.17849E-83 (of 0)... Time: 0.250
Arnoldi iteration 100... Time: 2.320
Numerical kernel 100... min 3.00020E-85 (of 0)... Time: 0.250
Arnoldi iteration 101... Time: 2.310
Numerical kernel 101... min 6.04724E-87 (of 0)... Time: 0.260
Arnoldi iteration 102... Time: 2.280
Numerical kernel 102... min 6.37573E-89 (of 0)... Time: 0.250
Arnoldi iteration 103... Time: 2.280
Numerical kernel 103... min 4.30320E-91 (of 0)... Time: 0.260
Arnoldi iteration 104... Time: 2.290
Numerical kernel 104... min 1.45239E-92 (of 0)... Time: 0.260
Arnoldi iteration 105... Time: 2.340
Numerical kernel 105... min 1.98492E-94 (of 0)... Time: 0.280
Arnoldi iteration 106... Time: 2.310
Numerical kernel 106... min 5.45581E-96 (of 0)... Time: 0.310
Arnoldi iteration 107... Time: 2.340
Numerical kernel 107... min 1.37929E-98 (of 0)... Time: 0.300
Arnoldi iteration 108... Time: 2.300
Numerical kernel 108... min 8.19878E-100 (of 0)... Time: 0.290
Arnoldi iteration 109... Time: 2.310
Numerical kernel 109... min 1.66698E-101 (of 0)... Time: 0.300
Arnoldi iteration 110... Time: 2.310
Numerical kernel 110... min 8.76224E-104 (of 0)... Time: 0.320
Arnoldi iteration 111... Time: 2.310
Numerical kernel 111... min 3.02832E-105 (of 0)... Time: 0.340
Arnoldi iteration 112... Time: 2.310
Numerical kernel 112... min 3.09523E-107 (of 0)... Time: 0.330
Arnoldi iteration 113... Time: 2.330
Numerical kernel 113... min 6.94921E-110 (of 1)... 
(-0.210575 + 2.13602E-116*$.1 -0.147935 + 0.0822943*$.1 -0.376953 + 0.129489*$.1 -0.162046 + 0.141101*$.1 -0.126969 - 0.312902*$.1 -0.154741 - 0.624869*$.1 -0.0723605 - 0.342220*$.1 -0.0540377 - 0.134488*$.1 0.108657 - 0.0649490*$.1 0.133214 - 0.0304154*$.1 0.106443 - 0.000796986*$.1 0.0277688 + 0.0178291*$.1 0.0389490 - 0.0181841*$.1 0.0273114 - 0.0100354*$.1 0.0156510 - 0.00617345*$.1 0.00741333 - 0.00179695*$.1 0.00344141 - 0.00169632*$.1 0.00231566 - 0.00236868*$.1 0.000468196 - 0.00116342*$.1 0.000621593 - 0.000483569*$.1 0.000196970 - 0.000172968*$.1 7.46551E-5 - 6.77969E-5*$.1 2.53050E-5 - 1.71467E-5*$.1 7.36624E-6 - 6.39679E-6*$.1 1.89954E-6 - 1.07283E-6*$.1 7.28922E-7 - 2.98181E-7*$.1 2.84146E-7 - 1.45324E-7*$.1 1.19291E-7 - 6.44739E-8*$.1 3.26078E-8 - 1.56608E-8*$.1 1.11792E-8 - 6.50525E-9*$.1 3.42839E-9 - 1.89117E-9*$.1 9.02443E-10 - 4.98932E-10*$.1 1.79238E-10 - 1.09219E-10*$.1 4.56278E-11 - 3.16319E-11*$.1 1.61971E-11 - 1.05396E-11*$.1 3.58149E-12 - 1.85299E-12*$.1 7.73780E-13 - 5.58325E-13*$.1 1.96997E-13 - 1.01399E-13*$.1 5.94469E-14 - 3.97588E-14*$.1 1.93093E-14 - 1.27610E-14*$.1 4.62979E-15 - 3.59026E-15*$.1 1.28876E-15 - 9.77132E-16*$.1 2.83361E-16 - 2.25665E-16*$.1 5.58844E-17 - 4.23908E-17*$.1 1.00876E-17 - 8.01727E-18*$.1 1.65053E-18 - 1.26849E-18*$.1 1.92151E-19 - 1.42311E-19*$.1 3.06589E-20 - 2.49577E-20*$.1 4.09107E-21 - 3.50812E-21*$.1 5.88007E-22 - 5.29037E-22*$.1 7.33238E-23 - 5.97488E-23*$.1 1.15306E-23 - 9.93803E-24*$.1 1.11340E-24 - 9.19397E-25*$.1 1.71960E-25 - 1.52079E-25*$.1 1.37578E-26 - 1.10322E-26*$.1 1.74470E-27 - 1.35824E-27*$.1 1.33345E-28 - 1.00350E-28*$.1 1.32357E-29 - 1.08348E-29*$.1 1.52790E-30 - 1.22345E-30*$.1 2.88756E-31 - 2.05035E-31*$.1 1.61428E-32 - 1.16099E-32*$.1 1.17548E-33 - 8.60976E-34*$.1 1.32205E-34 - 8.70468E-35*$.1 8.10585E-36 - 5.36774E-36*$.1 1.03383E-36 - 7.02849E-37*$.1 1.09630E-37 - 7.11733E-38*$.1 7.27544E-39 - 4.87853E-39*$.1 5.52352E-40 - 3.67362E-40*$.1 5.67511E-41 - 3.67794E-41*$.1 4.65143E-42 - 2.89084E-42*$.1 2.84163E-43 - 1.77809E-43*$.1 2.00635E-44 - 1.18902E-44*$.1 1.71754E-45 - 1.10945E-45*$.1 1.04025E-46 - 6.43205E-47*$.1 6.87444E-48 - 4.24585E-48*$.1 3.63134E-49 - 2.17942E-49*$.1 1.72591E-50 - 1.02252E-50*$.1 6.54710E-52 - 4.00238E-52*$.1 3.51288E-53 - 2.11085E-53*$.1 1.57345E-54 - 9.79702E-55*$.1 3.86524E-56 - 2.33304E-56*$.1 2.41471E-57 - 1.44890E-57*$.1 7.92282E-59 - 4.80771E-59*$.1 3.89317E-60 - 2.32315E-60*$.1 9.42207E-62 - 5.66756E-62*$.1 3.32122E-63 - 2.04048E-63*$.1 2.30210E-64 - 1.43466E-64*$.1 7.35840E-66 - 4.68058E-66*$.1 2.23262E-67 - 1.38692E-67*$.1 7.42582E-69 - 4.67192E-69*$.1 4.07513E-70 - 2.63174E-70*$.1 1.36672E-71 - 8.66393E-72*$.1 2.65643E-73 - 1.72761E-73*$.1 9.91243E-75 - 6.34557E-75*$.1 1.94983E-76 - 1.25410E-76*$.1 7.01283E-78 - 4.52821E-78*$.1 3.04622E-79 - 1.91618E-79*$.1 6.93479E-81 - 4.30022E-81*$.1 1.12137E-82 - 7.09216E-83*$.1 1.78169E-84 - 1.12374E-84*$.1 4.24526E-86 - 2.72072E-86*$.1 8.72810E-88 - 5.59012E-88*$.1 7.98295E-90 - 5.08273E-90*$.1 1.21675E-91 - 7.85281E-92*$.1 1.25427E-93 - 7.99831E-94*$.1 2.85040E-95 - 1.84699E-95*$.1 3.99724E-97 - 2.56409E-97*$.1 7.51657E-99 - 4.77791E-99*$.1 8.02298E-101 - 5.08002E-101*$.1 7.10134E-103 - 4.47963E-103*$.1 1.68601E-104 - 1.08264E-104*$.1 1.28105E-106 - 8.31214E-107*$.1)
Time: 0.590
escaped with cutoff 1.52709E-106...
Arnoldi iteration 2... Time: 1.430
Arnoldi iteration 3... Time: 1.830
Arnoldi iteration 4... Time: 1.840
Arnoldi iteration 5... Time: 1.860
Arnoldi iteration 6... Time: 1.870
Arnoldi iteration 7... Time: 1.860
Arnoldi iteration 8... Time: 1.860
Arnoldi iteration 9... Time: 1.870
Arnoldi iteration 10... Time: 1.850
Numerical kernel 10... min 0.0102278 (of 0)... Time: 0.000
Arnoldi iteration 11... Time: 1.880
Numerical kernel 11... min 0.00233423 (of 0)... Time: 0.000
Arnoldi iteration 12... Time: 1.880
Numerical kernel 12... min 0.00360695 (of 0)... Time: 0.000
Arnoldi iteration 13... Time: 1.870
Numerical kernel 13... min 0.00395543 (of 0)... Time: 0.010
Arnoldi iteration 14... Time: 1.890
Numerical kernel 14... min 0.000514741 (of 0)... Time: 0.000
Arnoldi iteration 15... Time: 1.890
Numerical kernel 15... min 0.00108567 (of 0)... Time: 0.000
Arnoldi iteration 16... Time: 1.880
Numerical kernel 16... min 0.000926752 (of 0)... Time: 0.000
Arnoldi iteration 17... Time: 1.890
Numerical kernel 17... min 0.000133089 (of 0)... Time: 0.010
Arnoldi iteration 18... Time: 1.890
Numerical kernel 18... min 0.000283893 (of 0)... Time: 0.000
Arnoldi iteration 19... Time: 1.890
Numerical kernel 19... min 5.61093E-5 (of 0)... Time: 0.000
Arnoldi iteration 20... Time: 1.900
Numerical kernel 20... min 2.28157E-5 (of 0)... Time: 0.010
Arnoldi iteration 21... Time: 1.900
Numerical kernel 21... min 2.98084E-5 (of 0)... Time: 0.000
Arnoldi iteration 22... Time: 1.910
Numerical kernel 22... min 6.96743E-6 (of 0)... Time: 0.010
Arnoldi iteration 23... Time: 1.920
Numerical kernel 23... min 1.05484E-6 (of 0)... Time: 0.000
Arnoldi iteration 24... Time: 1.920
Numerical kernel 24... min 3.56999E-7 (of 0)... Time: 0.010
Arnoldi iteration 25... Time: 1.920
Numerical kernel 25... min 1.09716E-7 (of 0)... Time: 0.010
Arnoldi iteration 26... Time: 1.920
Numerical kernel 26... min 1.09791E-7 (of 0)... Time: 0.010
Arnoldi iteration 27... Time: 1.920
Numerical kernel 27... min 2.66746E-8 (of 0)... Time: 0.010
Arnoldi iteration 28... Time: 1.920
Numerical kernel 28... min 2.21686E-9 (of 0)... Time: 0.010
Arnoldi iteration 29... Time: 1.940
Numerical kernel 29... min 2.19692E-9 (of 0)... Time: 0.010
Arnoldi iteration 30... Time: 1.930
Numerical kernel 30... min 1.38021E-9 (of 0)... Time: 0.020
Arnoldi iteration 31... Time: 1.940
Numerical kernel 31... min 3.20708E-10 (of 0)... Time: 0.010
Arnoldi iteration 32... Time: 1.930
Numerical kernel 32... min 2.72958E-11 (of 0)... Time: 0.020
Arnoldi iteration 33... Time: 1.950
Numerical kernel 33... min 1.53497E-11 (of 0)... Time: 0.010
Arnoldi iteration 34... Time: 1.950
Numerical kernel 34... min 5.25658E-12 (of 0)... Time: 0.020
Arnoldi iteration 35... Time: 1.950
Numerical kernel 35... min 1.90756E-12 (of 0)... Time: 0.020
Arnoldi iteration 36... Time: 1.960
Numerical kernel 36... min 3.80735E-13 (of 0)... Time: 0.020
Arnoldi iteration 37... Time: 1.970
Numerical kernel 37... min 3.38453E-14 (of 0)... Time: 0.020
Arnoldi iteration 38... Time: 1.980
Numerical kernel 38... min 3.53859E-14 (of 0)... Time: 0.020
Arnoldi iteration 39... Time: 1.980
Numerical kernel 39... min 6.77190E-15 (of 0)... Time: 0.020
Arnoldi iteration 40... Time: 1.980
Numerical kernel 40... min 1.77181E-15 (of 0)... Time: 0.030
Arnoldi iteration 41... Time: 1.980
Numerical kernel 41... min 2.13972E-16 (of 0)... Time: 0.020
Arnoldi iteration 42... Time: 1.990
Numerical kernel 42... min 1.38024E-16 (of 0)... Time: 0.030
Arnoldi iteration 43... Time: 1.990
Numerical kernel 43... min 3.72662E-17 (of 0)... Time: 0.020
Arnoldi iteration 44... Time: 2.000
Numerical kernel 44... min 7.54886E-18 (of 0)... Time: 0.030
Arnoldi iteration 45... Time: 2.010
Numerical kernel 45... min 5.40411E-19 (of 0)... Time: 0.020
Arnoldi iteration 46... Time: 2.010
Numerical kernel 46... min 5.95830E-20 (of 0)... Time: 0.030
Arnoldi iteration 47... Time: 2.010
Numerical kernel 47... min 7.60894E-21 (of 0)... Time: 0.030
Arnoldi iteration 48... Time: 2.020
Numerical kernel 48... min 3.16044E-21 (of 0)... Time: 0.030
Arnoldi iteration 49... Time: 2.030
Numerical kernel 49... min 3.72735E-22 (of 0)... Time: 0.030
Arnoldi iteration 50... Time: 2.020
Numerical kernel 50... min 1.08498E-23 (of 0)... Time: 0.040
Arnoldi iteration 51... Time: 2.030
Numerical kernel 51... min 6.22498E-24 (of 0)... Time: 0.040
Arnoldi iteration 52... Time: 2.020
Numerical kernel 52... min 1.32583E-24 (of 0)... Time: 0.050
Arnoldi iteration 53... Time: 2.030
Numerical kernel 53... min 1.03982E-25 (of 0)... Time: 0.050
Arnoldi iteration 54... Time: 2.030
Numerical kernel 54... min 2.76440E-26 (of 0)... Time: 0.050
Arnoldi iteration 55... Time: 2.050
Numerical kernel 55... min 2.60172E-27 (of 0)... Time: 0.060
Arnoldi iteration 56... Time: 2.050
Numerical kernel 56... min 7.88266E-29 (of 0)... Time: 0.040
Arnoldi iteration 57... Time: 2.060
Numerical kernel 57... min 1.43125E-30 (of 0)... Time: 0.050
Arnoldi iteration 58... Time: 2.060
Numerical kernel 58... min 1.77923E-30 (of 0)... Time: 0.050
Arnoldi iteration 59... Time: 2.060
Numerical kernel 59... min 3.06555E-31 (of 0)... Time: 0.060
Arnoldi iteration 60... Time: 2.070
Numerical kernel 60... min 4.44024E-32 (of 0)... Time: 0.060
Arnoldi iteration 61... Time: 2.070
Numerical kernel 61... min 2.51526E-33 (of 0)... Time: 0.060
Arnoldi iteration 62... Time: 2.070
Numerical kernel 62... min 9.27137E-35 (of 0)... Time: 0.070
Arnoldi iteration 63... Time: 2.080
Numerical kernel 63... min 2.56586E-36 (of 0)... Time: 0.070
Arnoldi iteration 64... Time: 2.080
Numerical kernel 64... min 7.35858E-37 (of 0)... Time: 0.070
Arnoldi iteration 65... Time: 2.090
Numerical kernel 65... min 1.78305E-37 (of 0)... Time: 0.080
Arnoldi iteration 66... Time: 2.100
Numerical kernel 66... min 1.26737E-38 (of 0)... Time: 0.070
Arnoldi iteration 67... Time: 2.100
Numerical kernel 67... min 9.79404E-40 (of 0)... Time: 0.080
Arnoldi iteration 68... Time: 2.120
Numerical kernel 68... min 6.59832E-41 (of 0)... Time: 0.080
Arnoldi iteration 69... Time: 2.120
Numerical kernel 69... min 1.98521E-42 (of 0)... Time: 0.090
Arnoldi iteration 70... Time: 2.140
Numerical kernel 70... min 6.36316E-43 (of 0)... Time: 0.090
Arnoldi iteration 71... Time: 2.110
Numerical kernel 71... min 3.78124E-44 (of 0)... Time: 0.180
Arnoldi iteration 72... Time: 2.140
Numerical kernel 72... min 1.86509E-45 (of 0)... Time: 0.090
Arnoldi iteration 73... Time: 2.140
Numerical kernel 73... min 7.88542E-47 (of 0)... Time: 0.100
Arnoldi iteration 74... Time: 2.130
Numerical kernel 74... min 9.00491E-48 (of 0)... Time: 0.110
Arnoldi iteration 75... Time: 2.140
Numerical kernel 75... min 1.14823E-48 (of 0)... Time: 0.110
Arnoldi iteration 76... Time: 2.150
Numerical kernel 76... min 9.70248E-50 (of 0)... Time: 0.110
Arnoldi iteration 77... Time: 2.140
Numerical kernel 77... min 6.28368E-52 (of 0)... Time: 0.120
Arnoldi iteration 78... Time: 2.150
Numerical kernel 78... min 1.17436E-52 (of 0)... Time: 0.130
Arnoldi iteration 79... Time: 2.150
Numerical kernel 79... min 4.11716E-54 (of 0)... Time: 0.130
Arnoldi iteration 80... Time: 2.190
Numerical kernel 80... min 5.25526E-56 (of 0)... Time: 0.140
Arnoldi iteration 81... Time: 2.180
Numerical kernel 81... min 2.37481E-57 (of 0)... Time: 0.130
Arnoldi iteration 82... Time: 2.170
Numerical kernel 82... min 3.26318E-58 (of 0)... Time: 0.130
Arnoldi iteration 83... Time: 2.180
Numerical kernel 83... min 1.01360E-59 (of 0)... Time: 0.130
Arnoldi iteration 84... Time: 2.180
Numerical kernel 84... min 5.00742E-61 (of 0)... Time: 0.140
Arnoldi iteration 85... Time: 2.190
Numerical kernel 85... min 1.50655E-62 (of 0)... Time: 0.150
Arnoldi iteration 86... Time: 2.170
Numerical kernel 86... min 3.90586E-64 (of 0)... Time: 0.160
Arnoldi iteration 87... Time: 2.200
Numerical kernel 87... min 3.03320E-65 (of 0)... Time: 0.160
Arnoldi iteration 88... Time: 2.190
Numerical kernel 88... min 9.07600E-67 (of 0)... Time: 0.170
Arnoldi iteration 89... Time: 2.190
Numerical kernel 89... min 3.75061E-68 (of 0)... Time: 0.170
Arnoldi iteration 90... Time: 2.190
Numerical kernel 90... min 7.64039E-70 (of 0)... Time: 0.180
Arnoldi iteration 91... Time: 2.200
Numerical kernel 91... min 6.35591E-71 (of 0)... Time: 0.180
Arnoldi iteration 92... Time: 2.210
Numerical kernel 92... min 8.70344E-73 (of 0)... Time: 0.200
Arnoldi iteration 93... Time: 2.220
Numerical kernel 93... min 3.39263E-74 (of 0)... Time: 0.190
Arnoldi iteration 94... Time: 2.220
Numerical kernel 94... min 8.34409E-76 (of 0)... Time: 0.200
Arnoldi iteration 95... Time: 2.210
Numerical kernel 95... min 2.55255E-77 (of 0)... Time: 0.210
Arnoldi iteration 96... Time: 2.230
Numerical kernel 96... min 1.36122E-78 (of 0)... Time: 0.210
Arnoldi iteration 97... Time: 2.230
Numerical kernel 97... min 6.04117E-80 (of 0)... Time: 0.220
Arnoldi iteration 98... Time: 2.230
Numerical kernel 98... min 4.97156E-82 (of 0)... Time: 0.220
Arnoldi iteration 99... Time: 2.240
Numerical kernel 99... min 1.11820E-83 (of 0)... Time: 0.230
Arnoldi iteration 100... Time: 2.250
Numerical kernel 100... min 3.04391E-85 (of 0)... Time: 0.240
Arnoldi iteration 101... Time: 2.240
Numerical kernel 101... min 5.90274E-87 (of 0)... Time: 0.250
Arnoldi iteration 102... Time: 2.240
Numerical kernel 102... min 6.59688E-89 (of 0)... Time: 0.260
Arnoldi iteration 103... Time: 2.230
Numerical kernel 103... min 3.53504E-91 (of 0)... Time: 0.270
Arnoldi iteration 104... Time: 2.270
Numerical kernel 104... min 1.36568E-92 (of 0)... Time: 0.270
Arnoldi iteration 105... Time: 2.260
Numerical kernel 105... min 1.87571E-94 (of 0)... Time: 0.280
Arnoldi iteration 106... Time: 2.270
Numerical kernel 106... min 5.04734E-96 (of 0)... Time: 0.280
Arnoldi iteration 107... Time: 2.270
Numerical kernel 107... min 1.35291E-98 (of 0)... Time: 0.290
Arnoldi iteration 108... Time: 2.280
Numerical kernel 108... min 7.71979E-100 (of 0)... Time: 0.300
Arnoldi iteration 109... Time: 2.290
Numerical kernel 109... min 1.63391E-101 (of 0)... Time: 0.310
Arnoldi iteration 110... Time: 2.270
Numerical kernel 110... min 8.73258E-104 (of 0)... Time: 0.310
Arnoldi iteration 111... Time: 2.290
Numerical kernel 111... min 2.84946E-105 (of 0)... Time: 0.310
Arnoldi iteration 112... Time: 2.290
Numerical kernel 112... min 3.17473E-107 (of 0)... Time: 0.340
Arnoldi iteration 113... Time: 2.310
Numerical kernel 113... min 7.45999E-110 (of 1)... 
(-0.212171 - 5.74522E-116*$.1 -0.146832 - 0.107917*$.1 -0.362082 + 0.0681422*$.1 -0.183784 + 0.140009*$.1 -0.178601 - 0.328847*$.1 -0.172157 - 0.611486*$.1 -0.0920626 - 0.335071*$.1 -0.0527054 - 0.132586*$.1 0.102039 - 0.0693665*$.1 0.131247 - 0.0324276*$.1 0.101972 - 0.00317399*$.1 0.0274448 + 0.0169865*$.1 0.0372750 - 0.0203211*$.1 0.0266786 - 0.0113584*$.1 0.0151592 - 0.00679405*$.1 0.00730532 - 0.00216911*$.1 0.00329211 - 0.00176306*$.1 0.00216838 - 0.00239466*$.1 0.000393132 - 0.00114550*$.1 0.000596900 - 0.000507279*$.1 0.000187242 - 0.000180172*$.1 7.03889E-5 - 6.99131E-5*$.1 2.43141E-5 - 1.80287E-5*$.1 6.93295E-6 - 6.56837E-6*$.1 1.82333E-6 - 1.14369E-6*$.1 7.07831E-7 - 3.30420E-7*$.1 2.71307E-7 - 1.53950E-7*$.1 1.14130E-7 - 6.79742E-8*$.1 3.12484E-8 - 1.69565E-8*$.1 1.08039E-8 - 6.85230E-9*$.1 3.31715E-9 - 2.02783E-9*$.1 8.60075E-10 - 5.23189E-10*$.1 1.71035E-10 - 1.14773E-10*$.1 4.38073E-11 - 3.34850E-11*$.1 1.49871E-11 - 1.07559E-11*$.1 3.44833E-12 - 1.96811E-12*$.1 7.41389E-13 - 5.85827E-13*$.1 1.86930E-13 - 1.04913E-13*$.1 5.66467E-14 - 4.13191E-14*$.1 1.85962E-14 - 1.32891E-14*$.1 4.45223E-15 - 3.76341E-15*$.1 1.23962E-15 - 1.02027E-15*$.1 2.70419E-16 - 2.33312E-16*$.1 5.34312E-17 - 4.41284E-17*$.1 9.57258E-18 - 8.33458E-18*$.1 1.55998E-18 - 1.31853E-18*$.1 1.81479E-19 - 1.46320E-19*$.1 2.91531E-20 - 2.60213E-20*$.1 3.89833E-21 - 3.64742E-21*$.1 5.60013E-22 - 5.50464E-22*$.1 6.96062E-23 - 6.17397E-23*$.1 1.09863E-23 - 1.03307E-23*$.1 1.04998E-24 - 9.46732E-25*$.1 1.61171E-25 - 1.55461E-25*$.1 1.30612E-26 - 1.14340E-26*$.1 1.65236E-27 - 1.40570E-27*$.1 1.26133E-28 - 1.03869E-28*$.1 1.27220E-29 - 1.13561E-29*$.1 1.45239E-30 - 1.27362E-30*$.1 2.77321E-31 - 2.15805E-31*$.1 1.54582E-32 - 1.21922E-32*$.1 1.13157E-33 - 9.08961E-34*$.1 1.26077E-34 - 9.12344E-35*$.1 7.70206E-36 - 5.61188E-36*$.1 9.82564E-37 - 7.31326E-37*$.1 1.04978E-37 - 7.48117E-38*$.1 6.96766E-39 - 5.12161E-39*$.1 5.26119E-40 - 3.83999E-40*$.1 5.44716E-41 - 3.87566E-41*$.1 4.47172E-42 - 3.05417E-42*$.1 2.72712E-43 - 1.87955E-43*$.1 1.92996E-44 - 1.26105E-44*$.1 1.64356E-45 - 1.16602E-45*$.1 9.96367E-47 - 6.77651E-47*$.1 6.60615E-48 - 4.48750E-48*$.1 3.46515E-49 - 2.29301E-49*$.1 1.65161E-50 - 1.07867E-50*$.1 6.26894E-52 - 4.21053E-52*$.1 3.40620E-53 - 2.25366E-53*$.1 1.51855E-54 - 1.03998E-54*$.1 3.76246E-56 - 2.49753E-56*$.1 2.32345E-57 - 1.53580E-57*$.1 7.61399E-59 - 5.09033E-59*$.1 3.72343E-60 - 2.44805E-60*$.1 9.02601E-62 - 5.97995E-62*$.1 3.18066E-63 - 2.15100E-63*$.1 2.21605E-64 - 1.51774E-64*$.1 7.15257E-66 - 4.99917E-66*$.1 2.13833E-67 - 1.46137E-67*$.1 7.11201E-69 - 4.92181E-69*$.1 3.85804E-70 - 2.73719E-70*$.1 1.31135E-71 - 9.14199E-72*$.1 2.52607E-73 - 1.80576E-73*$.1 9.37508E-75 - 6.59754E-75*$.1 1.86494E-76 - 1.31779E-76*$.1 6.71430E-78 - 4.76852E-78*$.1 2.90481E-79 - 2.01052E-79*$.1 6.66421E-81 - 4.54461E-81*$.1 1.06376E-82 - 7.39325E-83*$.1 1.70747E-84 - 1.18364E-84*$.1 4.05886E-86 - 2.85815E-86*$.1 8.39347E-88 - 5.90611E-88*$.1 7.64720E-90 - 5.34910E-90*$.1 1.15032E-91 - 8.15344E-92*$.1 1.19252E-93 - 8.34559E-94*$.1 2.73001E-95 - 1.94325E-95*$.1 3.83051E-97 - 2.69993E-97*$.1 7.20245E-99 - 5.03088E-99*$.1 7.72401E-101 - 5.37358E-101*$.1 6.77588E-103 - 4.69713E-103*$.1 1.60609E-104 - 1.13285E-104*$.1 1.21806E-106 - 8.67899E-107*$.1)
Time: 0.590
escaped with cutoff 1.49563E-106...
Echelonize: 
[1062.028374186890458191731639000846107024951341500071490405076803996157700988048418506841488401841138415258095921492 + 154.9970260292911095223163217657522768983026339356380063600631639632245532200612828386555976657034948328666760319520*I -1070.124440367912313869160666101144427801248194689689949049207883178465748675029351569222288752721361298302897274111 - 203.8144410875426002462486663741325948188898415663032826551668132206600304469800926146353217667720738993639168027791*I]
[142.4005527832358828825578268423780231503062424876786082617546411669490986432863256151529723740771968370758548880080 - 751.4618966522454093442786488337150723690291807280658325750560461037192171561929665073063283111265388013371008658955*I -152.0092302412418422253181038178589986392834876465049119520461119814344810381726150152606990771065211347809639255563 + 754.3684851084339166136012496400781284767842294180410726772959519333298266090433044959848808118645294580583318154237*I]
cgh = 1.00000 - 3.24857E-114*$.1, chg = 3.86601 - 0.0114264*$.1
1 1 1 0.000000
1 2 0 -5.35744E-116 - 2.67872E-116*$.1
1 3 0 8.16542E-116 + 2.17745E-115*$.1
1 4 1 0.000000
1 5 0 7.90770E-230 + 2.81206E-115*$.1
1 6 0 7.02311E-463 - 8.38039E-232*$.1
1 7 0 -8.03616E-116 - 2.67872E-116*$.1
1 8 0 3.15212E-116
1 9 0 -3.56047E-116 - 3.56047E-116*$.1
1 10 0 9.53749E-232 + 3.08828E-116*$.1
1 11 0 3.61714E-231 + 6.01427E-116*$.1
1 12 0 3.56047E-116
1 13 0 8.16542E-116 + 2.17745E-115*$.1
1 14 0 7.90770E-230 + 2.81206E-115*$.1
1 15 0 1.60723E-115 - 9.64339E-115*$.1
1 16 0 -6.30423E-116 + 1.26085E-115*$.1
1 17 0 3.08828E-116 + 3.08828E-116*$.1
2 1 0 -0.364567 - 1.30877E-116*$.1
2 2 0 -0.364567 - 1.10870E-115*$.1
2 3 0 -0.234633 + 0.279027*$.1
2 4 0 0.234633 - 0.279027*$.1
2 5 0 0.234633 - 0.279027*$.1
2 6 0 0.234633 - 0.279027*$.1
2 7 0 -0.234633 - 0.279027*$.1
2 7 1 -0.234633 - 0.279027*$.1
2 7 2 -0.234633 - 0.279027*$.1
2 8 0 -0.234633 + 0.279027*$.1
2 9 0 -0.234633 + 0.279027*$.1
2 10 0 -0.234633 - 0.279027*$.1
2 11 0 -0.364567 - 1.30877E-116*$.1
2 12 0 0.234633 - 0.279027*$.1
2 13 0 -0.234633 + 0.279027*$.1
2 14 0 0.364567 + 5.30235E-114*$.1
2 14 1 0.364567 + 5.30235E-114*$.1
2 14 2 0.364567 + 5.30235E-114*$.1
2 15 0 0.234633 - 0.279027*$.1
2 16 0 -0.114021 + 0.346278*$.1
2 16 1 -0.114021 + 0.346278*$.1
2 16 2 -0.114021 + 0.346278*$.1
2 17 0 0.364567 + 3.10310E-116*$.1
3 1 0 -0.417594 + 0.351153*$.1
3 2 0 -0.417594 + 0.351153*$.1
3 3 0 -0.417594 + 0.351153*$.1
3 4 0 0.417594 + 0.351153*$.1
3 5 0 0.417594 - 0.351153*$.1
3 6 0 0.417594 + 0.351153*$.1
3 7 0 -2.78084E-116 + 0.545613*$.1
3 8 0 0.518241 + 0.170644*$.1
3 9 0 -9.04173E-116 - 0.545613*$.1
3 10 0 -0.518241 - 0.170644*$.1
3 11 0 0.417594 - 0.351153*$.1
3 12 0 -7.33321E-117 + 0.545613*$.1
3 13 0 -0.300087 + 0.455677*$.1
3 13 1 -0.300087 + 0.455677*$.1
3 13 2 -0.300087 + 0.455677*$.1
3 13 3 -0.300087 + 0.455677*$.1
3 13 4 -0.300087 + 0.455677*$.1
3 13 5 -0.300087 + 0.455677*$.1
3 13 6 -0.300087 + 0.455677*$.1
3 14 0 0.417594 - 0.351153*$.1
3 15 0 -0.417594 + 0.351153*$.1
3 16 0 -0.417594 + 0.351153*$.1
3 17 0 1.53927E-115 - 0.545613*$.1
1 1 [ 0.0000000000000000000000000000000000000000000000000000000000000000000000000000000000000000000000000000000000000000000, 0.2586880740575107055367148069448135311390799246410811023068127541384797095822470155634169495410266180926949315594106 - 0.0001146133484105123286145793445279669102973038552549637420287639132839025069599337344723273493333175374184272627355597*I, -0.5792496913289602768487414574732170481065656843333612510143691503439282506534827700567076960334795447738423222695050 - 0.04281996329765976191794260260529949173235102295361759595213085302186985335924789345596704479701672755076153035402862*I, 0.2587287583805555292319772472857812651515685335267140414846846054173999632365730950273730163404258783154187068853709 + 0.0001119066716245859337376184831115289839644373703841495355909970968772249927942368922827246607486724184248305503942512*I, 0.2573828990128396230170952703793807865952950475033314434239384904033690541397465825504832049256641825584956674327717 + 7.373922989614881928003953927741889035417878066830362298178817109129644832182081445127071751554367568365001978793041E-5*I, -0.6206145886458006555216312067233139613273182105659951433786730803951161986702722990737228074281038301055121260787886 + 0.04129203357396248432445471812828338555562646809293211209950654380265619481438853935147120327106428661444378069935897*I, -0.4065285026970906596373937541870580115267195491811408279057051799930106268539383190490155088930943069651083277100572 - 0.001197964337045772693544041300488556655799162016631468641704853053670247509063203205297551106466000291578411059609862*I, 0.2830414843634897555765000059173816334705649613217818981579983199950160326918491310535060379247924849743807550870692 + 9.085254109907782550418135685565998912128817382772290169923819546713944676239203563102085808790493229678744830508433E-5*I ]
1 2 [ 0.2586110877084540383511747381798565472746015463468966877819353008556858890840632435659972356375438028780589105862444 + 0.0002883967487560528972949144735925485027995785228146718044460046664631912894918420597113864903572879675138137974818723*I ]
2 1 [ 0.2359560438374320442864055066360137222132237325891420580959184485284976440021834792702405621973749255747110056358116 + 5.585361527520333669935925546025995167170887823069248531640861860316867350968666294501915442807288380225248470652852E-5*I, 0.2585350415381269603166212864946482876115555293923443146494865300155903817886854800323107860481229029159796808257456 + 9.314688525963206735412899321913417531024759842384183192029270417864709282356800436552593565531806019867945135403130E-5*I, -0.5617478601800861494940495091762414709650482308606217966829837114561037805564553256288102380360134001543884701281007 - 0.01350253906110248713401135653208067806971382353564249811094778257439645750692249117213320976176073441041935053261667*I ]
2 2 [ -0.2254102438024422322513996262912120528655863299723531332076769333277935941738374623605770311737937723562799673552143 - 0.0001073645529865719719295480233410448320289088760672264820728445616843706920370652129291460433711585087378829366411472*I ]
2 3 [ 0.2587233899064618633525955085343104110412987639152244914678016075453460482904293500969155130952394974526929811727276 - 0.0001264868902132817167534571093322144446012059946082950639216140403374580868304270889726110806516938190194283607887493*I, 0.2587515534417886833432269344777704500831540631279377248423458505064429416769859325995371970439766916406263434811078 + 0.0001134230758735636909655092517693756582320472427732869550223353691267757492013288854199147981903339361208110027610096*I, -0.6365022480415835947675627202936245670205242874730412079328949687438595034790522877061402416889162107523029996176682 + 0.04879489387988580795867868943685381783801076328348916492430066942994493506644375049556453591930752293334440762915952*I ]
3 1 [ -1.222317875318544399401287662455045470255257769372846329490414434335050979029358024251058230429660881695806617220010 + 0.01057568869594079825979611941902771613502722462604368920924837202697986067165961284107374410183360104554481550758498*I, 0.2590704770134028221714258581345503783518627977097076741408706566817011246153908095803442036847919281630537387801477 + 6.322764782051440161505191805066959301605729731579484179090296275547761895344898973895837343891382964863488736972234E-5*I ]
3 2 [ -0.5749119071093575573471700610009454196868650701585118494819846662638187959664347736135929217979149368798835759642615 - 0.03660942398450258224283010310751643599169983679642576332071067510603119696151796401412584304366979633095681634098141*I ]
deg(phi_0) = deg(phi_1) = deg(phi_oo)

3.713922262102104752986612404650773185067313630643981459168644100110949713197285688943594706278274120564533932145065E-94 15
Calling TrianglePhiGenusZeroEquations with RamInfinity := []
Defining ideal: Ideal of Polynomial ring of rank 19 over Rational Field
Order: Lexicographical
Variables: a[1], a[2], a[3], a[4], a[5], a[6], a[7], a[8], a[9], a[10], a[11], a[12], a[13], a[14], a[15], a[16], a[17], a[18], a[19]
Basis:
[
-a[1]*a[8]*a[16] - 8*a[1]*a[8]*a[17]*a[18] + a[1]*a[16]*a[18] + 2*a[2]*a[8]*a[16]*a[18],
a[9] - a[10],
-a[9]^4*a[12]^2*a[13]*a[19] + a[9]^4*a[12]^2*a[13] - a[16]^8*a[18],
-a[9]^4*a[12]^2*a[14]*a[19] + a[9]^4*a[12]^2*a[14] - 2*a[9]^4*a[12]*a[13]*a[19] + 2*a[9]^4*a[12]*a[13] - 4*a[9]^3*a[10]*a[12]^2*a[13]*a[19] + 4*a[9]^3*a[10]*a[12]^2*a[13] - a[16]^8 - 8*a[16]^7*a[17]*a[18],
a[1]^2*a[8]*a[19] - a[9]^4*a[12]^2*a[15]*a[19] + a[9]^4*a[12]^2*a[15] - 2*a[9]^4*a[12]*a[14]*a[19] + 2*a[9]^4*a[12]*a[14] - a[9]^4*a[13]*a[19] + a[9]^4*a[13] - 4*a[9]^3*a[10]*a[12]^2*a[14]*a[19] + 4*a[9]^3*a[10]*a[12]^2*a[14] - 8*a[9]^3*a[10]*a[12]*a[13]*a[19] + 8*a[9]^3*a[10]*a[12]*a[13] - 4*a[9]^3*a[11]*a[12]^2*a[13]*a[19] + 4*a[9]^3*a[11]*a[12]^2*a[13] - 6*a[9]^2*a[10]^2*a[12]^2*a[13]*a[19] + 6*a[9]^2*a[10]^2*a[12]^2*a[13] - 8*a[16]^7*a[17] - 8*a[16]^7*a[18] - 28*a[16]^6*a[17]^2*a[18],
a[1]^2*a[19] + 2*a[1]*a[2]*a[8]*a[19] - a[9]^4*a[12]^2*a[19] + a[9]^4*a[12]^2 - 2*a[9]^4*a[12]*a[15]*a[19] + 2*a[9]^4*a[12]*a[15] - a[9]^4*a[14]*a[19] + a[9]^4*a[14] - 4*a[9]^3*a[10]*a[12]^2*a[15]*a[19] + 4*a[9]^3*a[10]*a[12]^2*a[15] - 8*a[9]^3*a[10]*a[12]*a[14]*a[19] + 8*a[9]^3*a[10]*a[12]*a[14] - 4*a[9]^3*a[10]*a[13]*a[19] + 4*a[9]^3*a[10]*a[13] - 4*a[9]^3*a[11]*a[12]^2*a[14]*a[19] + 4*a[9]^3*a[11]*a[12]^2*a[14] - 8*a[9]^3*a[11]*a[12]*a[13]*a[19] + 8*a[9]^3*a[11]*a[12]*a[13] - 4*a[9]^3*a[12]^2*a[13]*a[19] + 4*a[9]^3*a[12]^2*a[13] - 6*a[9]^2*a[10]^2*a[12]^2*a[14]*a[19] + 6*a[9]^2*a[10]^2*a[12]^2*a[14] - 12*a[9]^2*a[10]^2*a[12]*a[13]*a[19] + 12*a[9]^2*a[10]^2*a[12]*a[13] - 12*a[9]^2*a[10]*a[11]*a[12]^2*a[13]*a[19] + 12*a[9]^2*a[10]*a[11]*a[12]^2*a[13] - 4*a[9]*a[10]^3*a[12]^2*a[13]*a[19] + 4*a[9]*a[10]^3*a[12]^2*a[13] - 8*a[16]^7 - 28*a[16]^6*a[17]^2 - 56*a[16]^6*a[17]*a[18] - 56*a[16]^5*a[17]^3*a[18],
2*a[1]*a[2]*a[19] + 2*a[1]*a[3]*a[8]*a[19] + a[2]^2*a[8]*a[19] - 2*a[9]^4*a[12]*a[19] + 2*a[9]^4*a[12] - a[9]^4*a[15]*a[19] + a[9]^4*a[15] - 4*a[9]^3*a[10]*a[12]^2*a[19] + 4*a[9]^3*a[10]*a[12]^2 - 8*a[9]^3*a[10]*a[12]*a[15]*a[19] + 8*a[9]^3*a[10]*a[12]*a[15] - 4*a[9]^3*a[10]*a[14]*a[19] + 4*a[9]^3*a[10]*a[14] - 4*a[9]^3*a[11]*a[12]^2*a[15]*a[19] + 4*a[9]^3*a[11]*a[12]^2*a[15] - 8*a[9]^3*a[11]*a[12]*a[14]*a[19] + 8*a[9]^3*a[11]*a[12]*a[14] - 4*a[9]^3*a[11]*a[13]*a[19] + 4*a[9]^3*a[11]*a[13] - 4*a[9]^3*a[12]^2*a[14]*a[19] + 4*a[9]^3*a[12]^2*a[14] - 8*a[9]^3*a[12]*a[13]*a[19] + 8*a[9]^3*a[12]*a[13] - 6*a[9]^2*a[10]^2*a[12]^2*a[15]*a[19] + 6*a[9]^2*a[10]^2*a[12]^2*a[15] - 12*a[9]^2*a[10]^2*a[12]*a[14]*a[19] + 12*a[9]^2*a[10]^2*a[12]*a[14] - 6*a[9]^2*a[10]^2*a[13]*a[19] + 6*a[9]^2*a[10]^2*a[13] - 12*a[9]^2*a[10]*a[11]*a[12]^2*a[14]*a[19] + 12*a[9]^2*a[10]*a[11]*a[12]^2*a[14] - 24*a[9]^2*a[10]*a[11]*a[12]*a[13]*a[19] + 24*a[9]^2*a[10]*a[11]*a[12]*a[13] - 12*a[9]^2*a[10]*a[12]^2*a[13]*a[19] + 12*a[9]^2*a[10]*a[12]^2*a[13] - 6*a[9]^2*a[11]^2*a[12]^2*a[13]*a[19] + 6*a[9]^2*a[11]^2*a[12]^2*a[13] - 4*a[9]*a[10]^3*a[12]^2*a[14]*a[19] + 4*a[9]*a[10]^3*a[12]^2*a[14] - 8*a[9]*a[10]^3*a[12]*a[13]*a[19] + 8*a[9]*a[10]^3*a[12]*a[13] - 12*a[9]*a[10]^2*a[11]*a[12]^2*a[13]*a[19] + 12*a[9]*a[10]^2*a[11]*a[12]^2*a[13] - a[10]^4*a[12]^2*a[13]*a[19] + a[10]^4*a[12]^2*a[13] - 56*a[16]^6*a[17] - 28*a[16]^6*a[18] - 56*a[16]^5*a[17]^3 - 168*a[16]^5*a[17]^2*a[18] - 70*a[16]^4*a[17]^4*a[18],
2*a[1]*a[3]*a[19] + 2*a[1]*a[4]*a[8]*a[19] + a[2]^2*a[19] + 2*a[2]*a[3]*a[8]*a[19] - a[9]^4*a[19] + a[9]^4 - 8*a[9]^3*a[10]*a[12]*a[19] + 8*a[9]^3*a[10]*a[12] - 4*a[9]^3*a[10]*a[15]*a[19] + 4*a[9]^3*a[10]*a[15] - 4*a[9]^3*a[11]*a[12]^2*a[19] + 4*a[9]^3*a[11]*a[12]^2 - 8*a[9]^3*a[11]*a[12]*a[15]*a[19] + 8*a[9]^3*a[11]*a[12]*a[15] - 4*a[9]^3*a[11]*a[14]*a[19] + 4*a[9]^3*a[11]*a[14] - 4*a[9]^3*a[12]^2*a[15]*a[19] + 4*a[9]^3*a[12]^2*a[15] - 8*a[9]^3*a[12]*a[14]*a[19] + 8*a[9]^3*a[12]*a[14] - 4*a[9]^3*a[13]*a[19] + 4*a[9]^3*a[13] - 6*a[9]^2*a[10]^2*a[12]^2*a[19] + 6*a[9]^2*a[10]^2*a[12]^2 - 12*a[9]^2*a[10]^2*a[12]*a[15]*a[19] + 12*a[9]^2*a[10]^2*a[12]*a[15] - 6*a[9]^2*a[10]^2*a[14]*a[19] + 6*a[9]^2*a[10]^2*a[14] - 12*a[9]^2*a[10]*a[11]*a[12]^2*a[15]*a[19] + 12*a[9]^2*a[10]*a[11]*a[12]^2*a[15] - 24*a[9]^2*a[10]*a[11]*a[12]*a[14]*a[19] + 24*a[9]^2*a[10]*a[11]*a[12]*a[14] - 12*a[9]^2*a[10]*a[11]*a[13]*a[19] + 12*a[9]^2*a[10]*a[11]*a[13] - 12*a[9]^2*a[10]*a[12]^2*a[14]*a[19] + 12*a[9]^2*a[10]*a[12]^2*a[14] - 24*a[9]^2*a[10]*a[12]*a[13]*a[19] + 24*a[9]^2*a[10]*a[12]*a[13] - 6*a[9]^2*a[11]^2*a[12]^2*a[14]*a[19] + 6*a[9]^2*a[11]^2*a[12]^2*a[14] - 12*a[9]^2*a[11]^2*a[12]*a[13]*a[19] + 12*a[9]^2*a[11]^2*a[12]*a[13] - 12*a[9]^2*a[11]*a[12]^2*a[13]*a[19] + 12*a[9]^2*a[11]*a[12]^2*a[13] - 4*a[9]*a[10]^3*a[12]^2*a[15]*a[19] + 4*a[9]*a[10]^3*a[12]^2*a[15] - 8*a[9]*a[10]^3*a[12]*a[14]*a[19] + 8*a[9]*a[10]^3*a[12]*a[14] - 4*a[9]*a[10]^3*a[13]*a[19] + 4*a[9]*a[10]^3*a[13] - 12*a[9]*a[10]^2*a[11]*a[12]^2*a[14]*a[19] + 12*a[9]*a[10]^2*a[11]*a[12]^2*a[14] - 24*a[9]*a[10]^2*a[11]*a[12]*a[13]*a[19] + 24*a[9]*a[10]^2*a[11]*a[12]*a[13] - 12*a[9]*a[10]^2*a[12]^2*a[13]*a[19] + 12*a[9]*a[10]^2*a[12]^2*a[13] - 12*a[9]*a[10]*a[11]^2*a[12]^2*a[13]*a[19] + 12*a[9]*a[10]*a[11]^2*a[12]^2*a[13] - a[10]^4*a[12]^2*a[14]*a[19] + a[10]^4*a[12]^2*a[14] - 2*a[10]^4*a[12]*a[13]*a[19] + 2*a[10]^4*a[12]*a[13] - 4*a[10]^3*a[11]*a[12]^2*a[13]*a[19] + 4*a[10]^3*a[11]*a[12]^2*a[13] - 28*a[16]^6 - 168*a[16]^5*a[17]^2 - 168*a[16]^5*a[17]*a[18] - 70*a[16]^4*a[17]^4 - 280*a[16]^4*a[17]^3*a[18] - 56*a[16]^3*a[17]^5*a[18],
2*a[1]*a[4]*a[19] + 2*a[1]*a[5]*a[8]*a[19] + 2*a[2]*a[3]*a[19] + 2*a[2]*a[4]*a[8]*a[19] + a[3]^2*a[8]*a[19] - 4*a[9]^3*a[10]*a[19] + 4*a[9]^3*a[10] - 8*a[9]^3*a[11]*a[12]*a[19] + 8*a[9]^3*a[11]*a[12] - 4*a[9]^3*a[11]*a[15]*a[19] + 4*a[9]^3*a[11]*a[15] - 4*a[9]^3*a[12]^2*a[19] + 4*a[9]^3*a[12]^2 - 8*a[9]^3*a[12]*a[15]*a[19] + 8*a[9]^3*a[12]*a[15] - 4*a[9]^3*a[14]*a[19] + 4*a[9]^3*a[14] - 12*a[9]^2*a[10]^2*a[12]*a[19] + 12*a[9]^2*a[10]^2*a[12] - 6*a[9]^2*a[10]^2*a[15]*a[19] + 6*a[9]^2*a[10]^2*a[15] - 12*a[9]^2*a[10]*a[11]*a[12]^2*a[19] + 12*a[9]^2*a[10]*a[11]*a[12]^2 - 24*a[9]^2*a[10]*a[11]*a[12]*a[15]*a[19] + 24*a[9]^2*a[10]*a[11]*a[12]*a[15] - 12*a[9]^2*a[10]*a[11]*a[14]*a[19] + 12*a[9]^2*a[10]*a[11]*a[14] - 12*a[9]^2*a[10]*a[12]^2*a[15]*a[19] + 12*a[9]^2*a[10]*a[12]^2*a[15] - 24*a[9]^2*a[10]*a[12]*a[14]*a[19] + 24*a[9]^2*a[10]*a[12]*a[14] - 12*a[9]^2*a[10]*a[13]*a[19] + 12*a[9]^2*a[10]*a[13] - 6*a[9]^2*a[11]^2*a[12]^2*a[15]*a[19] + 6*a[9]^2*a[11]^2*a[12]^2*a[15] - 12*a[9]^2*a[11]^2*a[12]*a[14]*a[19] + 12*a[9]^2*a[11]^2*a[12]*a[14] - 6*a[9]^2*a[11]^2*a[13]*a[19] + 6*a[9]^2*a[11]^2*a[13] - 12*a[9]^2*a[11]*a[12]^2*a[14]*a[19] + 12*a[9]^2*a[11]*a[12]^2*a[14] - 24*a[9]^2*a[11]*a[12]*a[13]*a[19] + 24*a[9]^2*a[11]*a[12]*a[13] - 6*a[9]^2*a[12]^2*a[13]*a[19] + 6*a[9]^2*a[12]^2*a[13] - 4*a[9]*a[10]^3*a[12]^2*a[19] + 4*a[9]*a[10]^3*a[12]^2 - 8*a[9]*a[10]^3*a[12]*a[15]*a[19] + 8*a[9]*a[10]^3*a[12]*a[15] - 4*a[9]*a[10]^3*a[14]*a[19] + 4*a[9]*a[10]^3*a[14] - 12*a[9]*a[10]^2*a[11]*a[12]^2*a[15]*a[19] + 12*a[9]*a[10]^2*a[11]*a[12]^2*a[15] - 24*a[9]*a[10]^2*a[11]*a[12]*a[14]*a[19] + 24*a[9]*a[10]^2*a[11]*a[12]*a[14] - 12*a[9]*a[10]^2*a[11]*a[13]*a[19] + 12*a[9]*a[10]^2*a[11]*a[13] - 12*a[9]*a[10]^2*a[12]^2*a[14]*a[19] + 12*a[9]*a[10]^2*a[12]^2*a[14] - 24*a[9]*a[10]^2*a[12]*a[13]*a[19] + 24*a[9]*a[10]^2*a[12]*a[13] - 12*a[9]*a[10]*a[11]^2*a[12]^2*a[14]*a[19] + 12*a[9]*a[10]*a[11]^2*a[12]^2*a[14] - 24*a[9]*a[10]*a[11]^2*a[12]*a[13]*a[19] + 24*a[9]*a[10]*a[11]^2*a[12]*a[13] - 24*a[9]*a[10]*a[11]*a[12]^2*a[13]*a[19] + 24*a[9]*a[10]*a[11]*a[12]^2*a[13] - 4*a[9]*a[11]^3*a[12]^2*a[13]*a[19] + 4*a[9]*a[11]^3*a[12]^2*a[13] - a[10]^4*a[12]^2*a[15]*a[19] + a[10]^4*a[12]^2*a[15] - 2*a[10]^4*a[12]*a[14]*a[19] + 2*a[10]^4*a[12]*a[14] - a[10]^4*a[13]*a[19] + a[10]^4*a[13] - 4*a[10]^3*a[11]*a[12]^2*a[14]*a[19] + 4*a[10]^3*a[11]*a[12]^2*a[14] - 8*a[10]^3*a[11]*a[12]*a[13]*a[19] + 8*a[10]^3*a[11]*a[12]*a[13] - 4*a[10]^3*a[12]^2*a[13]*a[19] + 4*a[10]^3*a[12]^2*a[13] - 6*a[10]^2*a[11]^2*a[12]^2*a[13]*a[19] + 6*a[10]^2*a[11]^2*a[12]^2*a[13] - 168*a[16]^5*a[17] - 56*a[16]^5*a[18] - 280*a[16]^4*a[17]^3 - 420*a[16]^4*a[17]^2*a[18] - 56*a[16]^3*a[17]^5 - 280*a[16]^3*a[17]^4*a[18] - 28*a[16]^2*a[17]^6*a[18],
2*a[1]*a[5]*a[19] + 2*a[1]*a[6]*a[8]*a[19] + 2*a[2]*a[4]*a[19] + 2*a[2]*a[5]*a[8]*a[19] + a[3]^2*a[19] + 2*a[3]*a[4]*a[8]*a[19] - 4*a[9]^3*a[11]*a[19] + 4*a[9]^3*a[11] - 8*a[9]^3*a[12]*a[19] + 8*a[9]^3*a[12] - 4*a[9]^3*a[15]*a[19] + 4*a[9]^3*a[15] - 6*a[9]^2*a[10]^2*a[19] + 6*a[9]^2*a[10]^2 - 24*a[9]^2*a[10]*a[11]*a[12]*a[19] + 24*a[9]^2*a[10]*a[11]*a[12] - 12*a[9]^2*a[10]*a[11]*a[15]*a[19] + 12*a[9]^2*a[10]*a[11]*a[15] - 12*a[9]^2*a[10]*a[12]^2*a[19] + 12*a[9]^2*a[10]*a[12]^2 - 24*a[9]^2*a[10]*a[12]*a[15]*a[19] + 24*a[9]^2*a[10]*a[12]*a[15] - 12*a[9]^2*a[10]*a[14]*a[19] + 12*a[9]^2*a[10]*a[14] - 6*a[9]^2*a[11]^2*a[12]^2*a[19] + 6*a[9]^2*a[11]^2*a[12]^2 - 12*a[9]^2*a[11]^2*a[12]*a[15]*a[19] + 12*a[9]^2*a[11]^2*a[12]*a[15] - 6*a[9]^2*a[11]^2*a[14]*a[19] + 6*a[9]^2*a[11]^2*a[14] - 12*a[9]^2*a[11]*a[12]^2*a[15]*a[19] + 12*a[9]^2*a[11]*a[12]^2*a[15] - 24*a[9]^2*a[11]*a[12]*a[14]*a[19] + 24*a[9]^2*a[11]*a[12]*a[14] - 12*a[9]^2*a[11]*a[13]*a[19] + 12*a[9]^2*a[11]*a[13] - 6*a[9]^2*a[12]^2*a[14]*a[19] + 6*a[9]^2*a[12]^2*a[14] - 12*a[9]^2*a[12]*a[13]*a[19] + 12*a[9]^2*a[12]*a[13] - 8*a[9]*a[10]^3*a[12]*a[19] + 8*a[9]*a[10]^3*a[12] - 4*a[9]*a[10]^3*a[15]*a[19] + 4*a[9]*a[10]^3*a[15] - 12*a[9]*a[10]^2*a[11]*a[12]^2*a[19] + 12*a[9]*a[10]^2*a[11]*a[12]^2 - 24*a[9]*a[10]^2*a[11]*a[12]*a[15]*a[19] + 24*a[9]*a[10]^2*a[11]*a[12]*a[15] - 12*a[9]*a[10]^2*a[11]*a[14]*a[19] + 12*a[9]*a[10]^2*a[11]*a[14] - 12*a[9]*a[10]^2*a[12]^2*a[15]*a[19] + 12*a[9]*a[10]^2*a[12]^2*a[15] - 24*a[9]*a[10]^2*a[12]*a[14]*a[19] + 24*a[9]*a[10]^2*a[12]*a[14] - 12*a[9]*a[10]^2*a[13]*a[19] + 12*a[9]*a[10]^2*a[13] - 12*a[9]*a[10]*a[11]^2*a[12]^2*a[15]*a[19] + 12*a[9]*a[10]*a[11]^2*a[12]^2*a[15] - 24*a[9]*a[10]*a[11]^2*a[12]*a[14]*a[19] + 24*a[9]*a[10]*a[11]^2*a[12]*a[14] - 12*a[9]*a[10]*a[11]^2*a[13]*a[19] + 12*a[9]*a[10]*a[11]^2*a[13] - 24*a[9]*a[10]*a[11]*a[12]^2*a[14]*a[19] + 24*a[9]*a[10]*a[11]*a[12]^2*a[14] - 48*a[9]*a[10]*a[11]*a[12]*a[13]*a[19] + 48*a[9]*a[10]*a[11]*a[12]*a[13] - 12*a[9]*a[10]*a[12]^2*a[13]*a[19] + 12*a[9]*a[10]*a[12]^2*a[13] - 4*a[9]*a[11]^3*a[12]^2*a[14]*a[19] + 4*a[9]*a[11]^3*a[12]^2*a[14] - 8*a[9]*a[11]^3*a[12]*a[13]*a[19] + 8*a[9]*a[11]^3*a[12]*a[13] - 12*a[9]*a[11]^2*a[12]^2*a[13]*a[19] + 12*a[9]*a[11]^2*a[12]^2*a[13] - a[10]^4*a[12]^2*a[19] + a[10]^4*a[12]^2 - 2*a[10]^4*a[12]*a[15]*a[19] + 2*a[10]^4*a[12]*a[15] - a[10]^4*a[14]*a[19] + a[10]^4*a[14] - 4*a[10]^3*a[11]*a[12]^2*a[15]*a[19] + 4*a[10]^3*a[11]*a[12]^2*a[15] - 8*a[10]^3*a[11]*a[12]*a[14]*a[19] + 8*a[10]^3*a[11]*a[12]*a[14] - 4*a[10]^3*a[11]*a[13]*a[19] + 4*a[10]^3*a[11]*a[13] - 4*a[10]^3*a[12]^2*a[14]*a[19] + 4*a[10]^3*a[12]^2*a[14] - 8*a[10]^3*a[12]*a[13]*a[19] + 8*a[10]^3*a[12]*a[13] - 6*a[10]^2*a[11]^2*a[12]^2*a[14]*a[19] + 6*a[10]^2*a[11]^2*a[12]^2*a[14] - 12*a[10]^2*a[11]^2*a[12]*a[13]*a[19] + 12*a[10]^2*a[11]^2*a[12]*a[13] - 12*a[10]^2*a[11]*a[12]^2*a[13]*a[19] + 12*a[10]^2*a[11]*a[12]^2*a[13] - 4*a[10]*a[11]^3*a[12]^2*a[13]*a[19] + 4*a[10]*a[11]^3*a[12]^2*a[13] - 56*a[16]^5 - 420*a[16]^4*a[17]^2 - 280*a[16]^4*a[17]*a[18] - 280*a[16]^3*a[17]^4 - 560*a[16]^3*a[17]^3*a[18] - 28*a[16]^2*a[17]^6 - 168*a[16]^2*a[17]^5*a[18] - 8*a[16]*a[17]^7*a[18],
2*a[1]*a[6]*a[19] + 2*a[1]*a[7]*a[8]*a[19] + 2*a[2]*a[5]*a[19] + 2*a[2]*a[6]*a[8]*a[19] + 2*a[3]*a[4]*a[19] + 2*a[3]*a[5]*a[8]*a[19] + a[4]^2*a[8]*a[19] - 4*a[9]^3*a[19] + 4*a[9]^3 - 12*a[9]^2*a[10]*a[11]*a[19] + 12*a[9]^2*a[10]*a[11] - 24*a[9]^2*a[10]*a[12]*a[19] + 24*a[9]^2*a[10]*a[12] - 12*a[9]^2*a[10]*a[15]*a[19] + 12*a[9]^2*a[10]*a[15] - 12*a[9]^2*a[11]^2*a[12]*a[19] + 12*a[9]^2*a[11]^2*a[12] - 6*a[9]^2*a[11]^2*a[15]*a[19] + 6*a[9]^2*a[11]^2*a[15] - 12*a[9]^2*a[11]*a[12]^2*a[19] + 12*a[9]^2*a[11]*a[12]^2 - 24*a[9]^2*a[11]*a[12]*a[15]*a[19] + 24*a[9]^2*a[11]*a[12]*a[15] - 12*a[9]^2*a[11]*a[14]*a[19] + 12*a[9]^2*a[11]*a[14] - 6*a[9]^2*a[12]^2*a[15]*a[19] + 6*a[9]^2*a[12]^2*a[15] - 12*a[9]^2*a[12]*a[14]*a[19] + 12*a[9]^2*a[12]*a[14] - 6*a[9]^2*a[13]*a[19] + 6*a[9]^2*a[13] - 4*a[9]*a[10]^3*a[19] + 4*a[9]*a[10]^3 - 24*a[9]*a[10]^2*a[11]*a[12]*a[19] + 24*a[9]*a[10]^2*a[11]*a[12] - 12*a[9]*a[10]^2*a[11]*a[15]*a[19] + 12*a[9]*a[10]^2*a[11]*a[15] - 12*a[9]*a[10]^2*a[12]^2*a[19] + 12*a[9]*a[10]^2*a[12]^2 - 24*a[9]*a[10]^2*a[12]*a[15]*a[19] + 24*a[9]*a[10]^2*a[12]*a[15] - 12*a[9]*a[10]^2*a[14]*a[19] + 12*a[9]*a[10]^2*a[14] - 12*a[9]*a[10]*a[11]^2*a[12]^2*a[19] + 12*a[9]*a[10]*a[11]^2*a[12]^2 - 24*a[9]*a[10]*a[11]^2*a[12]*a[15]*a[19] + 24*a[9]*a[10]*a[11]^2*a[12]*a[15] - 12*a[9]*a[10]*a[11]^2*a[14]*a[19] + 12*a[9]*a[10]*a[11]^2*a[14] - 24*a[9]*a[10]*a[11]*a[12]^2*a[15]*a[19] + 24*a[9]*a[10]*a[11]*a[12]^2*a[15] - 48*a[9]*a[10]*a[11]*a[12]*a[14]*a[19] + 48*a[9]*a[10]*a[11]*a[12]*a[14] - 24*a[9]*a[10]*a[11]*a[13]*a[19] + 24*a[9]*a[10]*a[11]*a[13] - 12*a[9]*a[10]*a[12]^2*a[14]*a[19] + 12*a[9]*a[10]*a[12]^2*a[14] - 24*a[9]*a[10]*a[12]*a[13]*a[19] + 24*a[9]*a[10]*a[12]*a[13] - 4*a[9]*a[11]^3*a[12]^2*a[15]*a[19] + 4*a[9]*a[11]^3*a[12]^2*a[15] - 8*a[9]*a[11]^3*a[12]*a[14]*a[19] + 8*a[9]*a[11]^3*a[12]*a[14] - 4*a[9]*a[11]^3*a[13]*a[19] + 4*a[9]*a[11]^3*a[13] - 12*a[9]*a[11]^2*a[12]^2*a[14]*a[19] + 12*a[9]*a[11]^2*a[12]^2*a[14] - 24*a[9]*a[11]^2*a[12]*a[13]*a[19] + 24*a[9]*a[11]^2*a[12]*a[13] - 12*a[9]*a[11]*a[12]^2*a[13]*a[19] + 12*a[9]*a[11]*a[12]^2*a[13] - 2*a[10]^4*a[12]*a[19] + 2*a[10]^4*a[12] - a[10]^4*a[15]*a[19] + a[10]^4*a[15] - 4*a[10]^3*a[11]*a[12]^2*a[19] + 4*a[10]^3*a[11]*a[12]^2 - 8*a[10]^3*a[11]*a[12]*a[15]*a[19] + 8*a[10]^3*a[11]*a[12]*a[15] - 4*a[10]^3*a[11]*a[14]*a[19] + 4*a[10]^3*a[11]*a[14] - 4*a[10]^3*a[12]^2*a[15]*a[19] + 4*a[10]^3*a[12]^2*a[15] - 8*a[10]^3*a[12]*a[14]*a[19] + 8*a[10]^3*a[12]*a[14] - 4*a[10]^3*a[13]*a[19] + 4*a[10]^3*a[13] - 6*a[10]^2*a[11]^2*a[12]^2*a[15]*a[19] + 6*a[10]^2*a[11]^2*a[12]^2*a[15] - 12*a[10]^2*a[11]^2*a[12]*a[14]*a[19] + 12*a[10]^2*a[11]^2*a[12]*a[14] - 6*a[10]^2*a[11]^2*a[13]*a[19] + 6*a[10]^2*a[11]^2*a[13] - 12*a[10]^2*a[11]*a[12]^2*a[14]*a[19] + 12*a[10]^2*a[11]*a[12]^2*a[14] - 24*a[10]^2*a[11]*a[12]*a[13]*a[19] + 24*a[10]^2*a[11]*a[12]*a[13] - 6*a[10]^2*a[12]^2*a[13]*a[19] + 6*a[10]^2*a[12]^2*a[13] - 4*a[10]*a[11]^3*a[12]^2*a[14]*a[19] + 4*a[10]*a[11]^3*a[12]^2*a[14] - 8*a[10]*a[11]^3*a[12]*a[13]*a[19] + 8*a[10]*a[11]^3*a[12]*a[13] - 12*a[10]*a[11]^2*a[12]^2*a[13]*a[19] + 12*a[10]*a[11]^2*a[12]^2*a[13] - a[11]^4*a[12]^2*a[13]*a[19] + a[11]^4*a[12]^2*a[13] - 280*a[16]^4*a[17] - 70*a[16]^4*a[18] - 560*a[16]^3*a[17]^3 - 560*a[16]^3*a[17]^2*a[18] - 168*a[16]^2*a[17]^5 - 420*a[16]^2*a[17]^4*a[18] - 8*a[16]*a[17]^7 - 56*a[16]*a[17]^6*a[18] - a[17]^8*a[18],
2*a[1]*a[7]*a[19] + 2*a[1]*a[8]*a[19] + 2*a[2]*a[6]*a[19] + 2*a[2]*a[7]*a[8]*a[19] + 2*a[3]*a[5]*a[19] + 2*a[3]*a[6]*a[8]*a[19] + a[4]^2*a[19] + 2*a[4]*a[5]*a[8]*a[19] - 12*a[9]^2*a[10]*a[19] + 12*a[9]^2*a[10] - 6*a[9]^2*a[11]^2*a[19] + 6*a[9]^2*a[11]^2 - 24*a[9]^2*a[11]*a[12]*a[19] + 24*a[9]^2*a[11]*a[12] - 12*a[9]^2*a[11]*a[15]*a[19] + 12*a[9]^2*a[11]*a[15] - 6*a[9]^2*a[12]^2*a[19] + 6*a[9]^2*a[12]^2 - 12*a[9]^2*a[12]*a[15]*a[19] + 12*a[9]^2*a[12]*a[15] - 6*a[9]^2*a[14]*a[19] + 6*a[9]^2*a[14] - 12*a[9]*a[10]^2*a[11]*a[19] + 12*a[9]*a[10]^2*a[11] - 24*a[9]*a[10]^2*a[12]*a[19] + 24*a[9]*a[10]^2*a[12] - 12*a[9]*a[10]^2*a[15]*a[19] + 12*a[9]*a[10]^2*a[15] - 24*a[9]*a[10]*a[11]^2*a[12]*a[19] + 24*a[9]*a[10]*a[11]^2*a[12] - 12*a[9]*a[10]*a[11]^2*a[15]*a[19] + 12*a[9]*a[10]*a[11]^2*a[15] - 24*a[9]*a[10]*a[11]*a[12]^2*a[19] + 24*a[9]*a[10]*a[11]*a[12]^2 - 48*a[9]*a[10]*a[11]*a[12]*a[15]*a[19] + 48*a[9]*a[10]*a[11]*a[12]*a[15] - 24*a[9]*a[10]*a[11]*a[14]*a[19] + 24*a[9]*a[10]*a[11]*a[14] - 12*a[9]*a[10]*a[12]^2*a[15]*a[19] + 12*a[9]*a[10]*a[12]^2*a[15] - 24*a[9]*a[10]*a[12]*a[14]*a[19] + 24*a[9]*a[10]*a[12]*a[14] - 12*a[9]*a[10]*a[13]*a[19] + 12*a[9]*a[10]*a[13] - 4*a[9]*a[11]^3*a[12]^2*a[19] + 4*a[9]*a[11]^3*a[12]^2 - 8*a[9]*a[11]^3*a[12]*a[15]*a[19] + 8*a[9]*a[11]^3*a[12]*a[15] - 4*a[9]*a[11]^3*a[14]*a[19] + 4*a[9]*a[11]^3*a[14] - 12*a[9]*a[11]^2*a[12]^2*a[15]*a[19] + 12*a[9]*a[11]^2*a[12]^2*a[15] - 24*a[9]*a[11]^2*a[12]*a[14]*a[19] + 24*a[9]*a[11]^2*a[12]*a[14] - 12*a[9]*a[11]^2*a[13]*a[19] + 12*a[9]*a[11]^2*a[13] - 12*a[9]*a[11]*a[12]^2*a[14]*a[19] + 12*a[9]*a[11]*a[12]^2*a[14] - 24*a[9]*a[11]*a[12]*a[13]*a[19] + 24*a[9]*a[11]*a[12]*a[13] - 4*a[9]*a[12]^2*a[13]*a[19] + 4*a[9]*a[12]^2*a[13] - a[10]^4*a[19] + a[10]^4 - 8*a[10]^3*a[11]*a[12]*a[19] + 8*a[10]^3*a[11]*a[12] - 4*a[10]^3*a[11]*a[15]*a[19] + 4*a[10]^3*a[11]*a[15] - 4*a[10]^3*a[12]^2*a[19] + 4*a[10]^3*a[12]^2 - 8*a[10]^3*a[12]*a[15]*a[19] + 8*a[10]^3*a[12]*a[15] - 4*a[10]^3*a[14]*a[19] + 4*a[10]^3*a[14] - 6*a[10]^2*a[11]^2*a[12]^2*a[19] + 6*a[10]^2*a[11]^2*a[12]^2 - 12*a[10]^2*a[11]^2*a[12]*a[15]*a[19] + 12*a[10]^2*a[11]^2*a[12]*a[15] - 6*a[10]^2*a[11]^2*a[14]*a[19] + 6*a[10]^2*a[11]^2*a[14] - 12*a[10]^2*a[11]*a[12]^2*a[15]*a[19] + 12*a[10]^2*a[11]*a[12]^2*a[15] - 24*a[10]^2*a[11]*a[12]*a[14]*a[19] + 24*a[10]^2*a[11]*a[12]*a[14] - 12*a[10]^2*a[11]*a[13]*a[19] + 12*a[10]^2*a[11]*a[13] - 6*a[10]^2*a[12]^2*a[14]*a[19] + 6*a[10]^2*a[12]^2*a[14] - 12*a[10]^2*a[12]*a[13]*a[19] + 12*a[10]^2*a[12]*a[13] - 4*a[10]*a[11]^3*a[12]^2*a[15]*a[19] + 4*a[10]*a[11]^3*a[12]^2*a[15] - 8*a[10]*a[11]^3*a[12]*a[14]*a[19] + 8*a[10]*a[11]^3*a[12]*a[14] - 4*a[10]*a[11]^3*a[13]*a[19] + 4*a[10]*a[11]^3*a[13] - 12*a[10]*a[11]^2*a[12]^2*a[14]*a[19] + 12*a[10]*a[11]^2*a[12]^2*a[14] - 24*a[10]*a[11]^2*a[12]*a[13]*a[19] + 24*a[10]*a[11]^2*a[12]*a[13] - 12*a[10]*a[11]*a[12]^2*a[13]*a[19] + 12*a[10]*a[11]*a[12]^2*a[13] - a[11]^4*a[12]^2*a[14]*a[19] + a[11]^4*a[12]^2*a[14] - 2*a[11]^4*a[12]*a[13]*a[19] + 2*a[11]^4*a[12]*a[13] - 4*a[11]^3*a[12]^2*a[13]*a[19] + 4*a[11]^3*a[12]^2*a[13] - 70*a[16]^4 - 560*a[16]^3*a[17]^2 - 280*a[16]^3*a[17]*a[18] - 420*a[16]^2*a[17]^4 - 560*a[16]^2*a[17]^3*a[18] - 56*a[16]*a[17]^6 - 168*a[16]*a[17]^5*a[18] - a[17]^8 - 8*a[17]^7*a[18],
2*a[1]*a[19] + 2*a[2]*a[7]*a[19] + 2*a[2]*a[8]*a[19] + 2*a[3]*a[6]*a[19] + 2*a[3]*a[7]*a[8]*a[19] + 2*a[4]*a[5]*a[19] + 2*a[4]*a[6]*a[8]*a[19] + a[5]^2*a[8]*a[19] - 12*a[9]^2*a[11]*a[19] + 12*a[9]^2*a[11] - 12*a[9]^2*a[12]*a[19] + 12*a[9]^2*a[12] - 6*a[9]^2*a[15]*a[19] + 6*a[9]^2*a[15] - 12*a[9]*a[10]^2*a[19] + 12*a[9]*a[10]^2 - 12*a[9]*a[10]*a[11]^2*a[19] + 12*a[9]*a[10]*a[11]^2 - 48*a[9]*a[10]*a[11]*a[12]*a[19] + 48*a[9]*a[10]*a[11]*a[12] - 24*a[9]*a[10]*a[11]*a[15]*a[19] + 24*a[9]*a[10]*a[11]*a[15] - 12*a[9]*a[10]*a[12]^2*a[19] + 12*a[9]*a[10]*a[12]^2 - 24*a[9]*a[10]*a[12]*a[15]*a[19] + 24*a[9]*a[10]*a[12]*a[15] - 12*a[9]*a[10]*a[14]*a[19] + 12*a[9]*a[10]*a[14] - 8*a[9]*a[11]^3*a[12]*a[19] + 8*a[9]*a[11]^3*a[12] - 4*a[9]*a[11]^3*a[15]*a[19] + 4*a[9]*a[11]^3*a[15] - 12*a[9]*a[11]^2*a[12]^2*a[19] + 12*a[9]*a[11]^2*a[12]^2 - 24*a[9]*a[11]^2*a[12]*a[15]*a[19] + 24*a[9]*a[11]^2*a[12]*a[15] - 12*a[9]*a[11]^2*a[14]*a[19] + 12*a[9]*a[11]^2*a[14] - 12*a[9]*a[11]*a[12]^2*a[15]*a[19] + 12*a[9]*a[11]*a[12]^2*a[15] - 24*a[9]*a[11]*a[12]*a[14]*a[19] + 24*a[9]*a[11]*a[12]*a[14] - 12*a[9]*a[11]*a[13]*a[19] + 12*a[9]*a[11]*a[13] - 4*a[9]*a[12]^2*a[14]*a[19] + 4*a[9]*a[12]^2*a[14] - 8*a[9]*a[12]*a[13]*a[19] + 8*a[9]*a[12]*a[13] - 4*a[10]^3*a[11]*a[19] + 4*a[10]^3*a[11] - 8*a[10]^3*a[12]*a[19] + 8*a[10]^3*a[12] - 4*a[10]^3*a[15]*a[19] + 4*a[10]^3*a[15] - 12*a[10]^2*a[11]^2*a[12]*a[19] + 12*a[10]^2*a[11]^2*a[12] - 6*a[10]^2*a[11]^2*a[15]*a[19] + 6*a[10]^2*a[11]^2*a[15] - 12*a[10]^2*a[11]*a[12]^2*a[19] + 12*a[10]^2*a[11]*a[12]^2 - 24*a[10]^2*a[11]*a[12]*a[15]*a[19] + 24*a[10]^2*a[11]*a[12]*a[15] - 12*a[10]^2*a[11]*a[14]*a[19] + 12*a[10]^2*a[11]*a[14] - 6*a[10]^2*a[12]^2*a[15]*a[19] + 6*a[10]^2*a[12]^2*a[15] - 12*a[10]^2*a[12]*a[14]*a[19] + 12*a[10]^2*a[12]*a[14] - 6*a[10]^2*a[13]*a[19] + 6*a[10]^2*a[13] - 4*a[10]*a[11]^3*a[12]^2*a[19] + 4*a[10]*a[11]^3*a[12]^2 - 8*a[10]*a[11]^3*a[12]*a[15]*a[19] + 8*a[10]*a[11]^3*a[12]*a[15] - 4*a[10]*a[11]^3*a[14]*a[19] + 4*a[10]*a[11]^3*a[14] - 12*a[10]*a[11]^2*a[12]^2*a[15]*a[19] + 12*a[10]*a[11]^2*a[12]^2*a[15] - 24*a[10]*a[11]^2*a[12]*a[14]*a[19] + 24*a[10]*a[11]^2*a[12]*a[14] - 12*a[10]*a[11]^2*a[13]*a[19] + 12*a[10]*a[11]^2*a[13] - 12*a[10]*a[11]*a[12]^2*a[14]*a[19] + 12*a[10]*a[11]*a[12]^2*a[14] - 24*a[10]*a[11]*a[12]*a[13]*a[19] + 24*a[10]*a[11]*a[12]*a[13] - 4*a[10]*a[12]^2*a[13]*a[19] + 4*a[10]*a[12]^2*a[13] - a[11]^4*a[12]^2*a[15]*a[19] + a[11]^4*a[12]^2*a[15] - 2*a[11]^4*a[12]*a[14]*a[19] + 2*a[11]^4*a[12]*a[14] - a[11]^4*a[13]*a[19] + a[11]^4*a[13] - 4*a[11]^3*a[12]^2*a[14]*a[19] + 4*a[11]^3*a[12]^2*a[14] - 8*a[11]^3*a[12]*a[13]*a[19] + 8*a[11]^3*a[12]*a[13] - 6*a[11]^2*a[12]^2*a[13]*a[19] + 6*a[11]^2*a[12]^2*a[13] - 280*a[16]^3*a[17] - 56*a[16]^3*a[18] - 560*a[16]^2*a[17]^3 - 420*a[16]^2*a[17]^2*a[18] - 168*a[16]*a[17]^5 - 280*a[16]*a[17]^4*a[18] - 8*a[17]^7 - 28*a[17]^6*a[18],
2*a[2]*a[19] + 2*a[3]*a[7]*a[19] + 2*a[3]*a[8]*a[19] + 2*a[4]*a[6]*a[19] + 2*a[4]*a[7]*a[8]*a[19] + a[5]^2*a[19] + 2*a[5]*a[6]*a[8]*a[19] - 6*a[9]^2*a[19] + 6*a[9]^2 - 24*a[9]*a[10]*a[11]*a[19] + 24*a[9]*a[10]*a[11] - 24*a[9]*a[10]*a[12]*a[19] + 24*a[9]*a[10]*a[12] - 12*a[9]*a[10]*a[15]*a[19] + 12*a[9]*a[10]*a[15] - 4*a[9]*a[11]^3*a[19] + 4*a[9]*a[11]^3 - 24*a[9]*a[11]^2*a[12]*a[19] + 24*a[9]*a[11]^2*a[12] - 12*a[9]*a[11]^2*a[15]*a[19] + 12*a[9]*a[11]^2*a[15] - 12*a[9]*a[11]*a[12]^2*a[19] + 12*a[9]*a[11]*a[12]^2 - 24*a[9]*a[11]*a[12]*a[15]*a[19] + 24*a[9]*a[11]*a[12]*a[15] - 12*a[9]*a[11]*a[14]*a[19] + 12*a[9]*a[11]*a[14] - 4*a[9]*a[12]^2*a[15]*a[19] + 4*a[9]*a[12]^2*a[15] - 8*a[9]*a[12]*a[14]*a[19] + 8*a[9]*a[12]*a[14] - 4*a[9]*a[13]*a[19] + 4*a[9]*a[13] - 4*a[10]^3*a[19] + 4*a[10]^3 - 6*a[10]^2*a[11]^2*a[19] + 6*a[10]^2*a[11]^2 - 24*a[10]^2*a[11]*a[12]*a[19] + 24*a[10]^2*a[11]*a[12] - 12*a[10]^2*a[11]*a[15]*a[19] + 12*a[10]^2*a[11]*a[15] - 6*a[10]^2*a[12]^2*a[19] + 6*a[10]^2*a[12]^2 - 12*a[10]^2*a[12]*a[15]*a[19] + 12*a[10]^2*a[12]*a[15] - 6*a[10]^2*a[14]*a[19] + 6*a[10]^2*a[14] - 8*a[10]*a[11]^3*a[12]*a[19] + 8*a[10]*a[11]^3*a[12] - 4*a[10]*a[11]^3*a[15]*a[19] + 4*a[10]*a[11]^3*a[15] - 12*a[10]*a[11]^2*a[12]^2*a[19] + 12*a[10]*a[11]^2*a[12]^2 - 24*a[10]*a[11]^2*a[12]*a[15]*a[19] + 24*a[10]*a[11]^2*a[12]*a[15] - 12*a[10]*a[11]^2*a[14]*a[19] + 12*a[10]*a[11]^2*a[14] - 12*a[10]*a[11]*a[12]^2*a[15]*a[19] + 12*a[10]*a[11]*a[12]^2*a[15] - 24*a[10]*a[11]*a[12]*a[14]*a[19] + 24*a[10]*a[11]*a[12]*a[14] - 12*a[10]*a[11]*a[13]*a[19] + 12*a[10]*a[11]*a[13] - 4*a[10]*a[12]^2*a[14]*a[19] + 4*a[10]*a[12]^2*a[14] - 8*a[10]*a[12]*a[13]*a[19] + 8*a[10]*a[12]*a[13] - a[11]^4*a[12]^2*a[19] + a[11]^4*a[12]^2 - 2*a[11]^4*a[12]*a[15]*a[19] + 2*a[11]^4*a[12]*a[15] - a[11]^4*a[14]*a[19] + a[11]^4*a[14] - 4*a[11]^3*a[12]^2*a[15]*a[19] + 4*a[11]^3*a[12]^2*a[15] - 8*a[11]^3*a[12]*a[14]*a[19] + 8*a[11]^3*a[12]*a[14] - 4*a[11]^3*a[13]*a[19] + 4*a[11]^3*a[13] - 6*a[11]^2*a[12]^2*a[14]*a[19] + 6*a[11]^2*a[12]^2*a[14] - 12*a[11]^2*a[12]*a[13]*a[19] + 12*a[11]^2*a[12]*a[13] - 4*a[11]*a[12]^2*a[13]*a[19] + 4*a[11]*a[12]^2*a[13] - 56*a[16]^3 - 420*a[16]^2*a[17]^2 - 168*a[16]^2*a[17]*a[18] - 280*a[16]*a[17]^4 - 280*a[16]*a[17]^3*a[18] - 28*a[17]^6 - 56*a[17]^5*a[18],
2*a[3]*a[19] + 2*a[4]*a[7]*a[19] + 2*a[4]*a[8]*a[19] + 2*a[5]*a[6]*a[19] + 2*a[5]*a[7]*a[8]*a[19] + a[6]^2*a[8]*a[19] - 12*a[9]*a[10]*a[19] + 12*a[9]*a[10] - 12*a[9]*a[11]^2*a[19] + 12*a[9]*a[11]^2 - 24*a[9]*a[11]*a[12]*a[19] + 24*a[9]*a[11]*a[12] - 12*a[9]*a[11]*a[15]*a[19] + 12*a[9]*a[11]*a[15] - 4*a[9]*a[12]^2*a[19] + 4*a[9]*a[12]^2 - 8*a[9]*a[12]*a[15]*a[19] + 8*a[9]*a[12]*a[15] - 4*a[9]*a[14]*a[19] + 4*a[9]*a[14] - 12*a[10]^2*a[11]*a[19] + 12*a[10]^2*a[11] - 12*a[10]^2*a[12]*a[19] + 12*a[10]^2*a[12] - 6*a[10]^2*a[15]*a[19] + 6*a[10]^2*a[15] - 4*a[10]*a[11]^3*a[19] + 4*a[10]*a[11]^3 - 24*a[10]*a[11]^2*a[12]*a[19] + 24*a[10]*a[11]^2*a[12] - 12*a[10]*a[11]^2*a[15]*a[19] + 12*a[10]*a[11]^2*a[15] - 12*a[10]*a[11]*a[12]^2*a[19] + 12*a[10]*a[11]*a[12]^2 - 24*a[10]*a[11]*a[12]*a[15]*a[19] + 24*a[10]*a[11]*a[12]*a[15] - 12*a[10]*a[11]*a[14]*a[19] + 12*a[10]*a[11]*a[14] - 4*a[10]*a[12]^2*a[15]*a[19] + 4*a[10]*a[12]^2*a[15] - 8*a[10]*a[12]*a[14]*a[19] + 8*a[10]*a[12]*a[14] - 4*a[10]*a[13]*a[19] + 4*a[10]*a[13] - 2*a[11]^4*a[12]*a[19] + 2*a[11]^4*a[12] - a[11]^4*a[15]*a[19] + a[11]^4*a[15] - 4*a[11]^3*a[12]^2*a[19] + 4*a[11]^3*a[12]^2 - 8*a[11]^3*a[12]*a[15]*a[19] + 8*a[11]^3*a[12]*a[15] - 4*a[11]^3*a[14]*a[19] + 4*a[11]^3*a[14] - 6*a[11]^2*a[12]^2*a[15]*a[19] + 6*a[11]^2*a[12]^2*a[15] - 12*a[11]^2*a[12]*a[14]*a[19] + 12*a[11]^2*a[12]*a[14] - 6*a[11]^2*a[13]*a[19] + 6*a[11]^2*a[13] - 4*a[11]*a[12]^2*a[14]*a[19] + 4*a[11]*a[12]^2*a[14] - 8*a[11]*a[12]*a[13]*a[19] + 8*a[11]*a[12]*a[13] - a[12]^2*a[13]*a[19] + a[12]^2*a[13] - 168*a[16]^2*a[17] - 28*a[16]^2*a[18] - 280*a[16]*a[17]^3 - 168*a[16]*a[17]^2*a[18] - 56*a[17]^5 - 70*a[17]^4*a[18],
2*a[4]*a[19] + 2*a[5]*a[7]*a[19] + 2*a[5]*a[8]*a[19] + a[6]^2*a[19] + 2*a[6]*a[7]*a[8]*a[19] - 12*a[9]*a[11]*a[19] + 12*a[9]*a[11] - 8*a[9]*a[12]*a[19] + 8*a[9]*a[12] - 4*a[9]*a[15]*a[19] + 4*a[9]*a[15] - 6*a[10]^2*a[19] + 6*a[10]^2 - 12*a[10]*a[11]^2*a[19] + 12*a[10]*a[11]^2 - 24*a[10]*a[11]*a[12]*a[19] + 24*a[10]*a[11]*a[12] - 12*a[10]*a[11]*a[15]*a[19] + 12*a[10]*a[11]*a[15] - 4*a[10]*a[12]^2*a[19] + 4*a[10]*a[12]^2 - 8*a[10]*a[12]*a[15]*a[19] + 8*a[10]*a[12]*a[15] - 4*a[10]*a[14]*a[19] + 4*a[10]*a[14] - a[11]^4*a[19] + a[11]^4 - 8*a[11]^3*a[12]*a[19] + 8*a[11]^3*a[12] - 4*a[11]^3*a[15]*a[19] + 4*a[11]^3*a[15] - 6*a[11]^2*a[12]^2*a[19] + 6*a[11]^2*a[12]^2 - 12*a[11]^2*a[12]*a[15]*a[19] + 12*a[11]^2*a[12]*a[15] - 6*a[11]^2*a[14]*a[19] + 6*a[11]^2*a[14] - 4*a[11]*a[12]^2*a[15]*a[19] + 4*a[11]*a[12]^2*a[15] - 8*a[11]*a[12]*a[14]*a[19] + 8*a[11]*a[12]*a[14] - 4*a[11]*a[13]*a[19] + 4*a[11]*a[13] - a[12]^2*a[14]*a[19] + a[12]^2*a[14] - 2*a[12]*a[13]*a[19] + 2*a[12]*a[13] - 28*a[16]^2 - 168*a[16]*a[17]^2 - 56*a[16]*a[17]*a[18] - 70*a[17]^4 - 56*a[17]^3*a[18],
2*a[5]*a[19] + 2*a[6]*a[7]*a[19] + 2*a[6]*a[8]*a[19] + a[7]^2*a[8]*a[19] - 4*a[9]*a[19] + 4*a[9] - 12*a[10]*a[11]*a[19] + 12*a[10]*a[11] - 8*a[10]*a[12]*a[19] + 8*a[10]*a[12] - 4*a[10]*a[15]*a[19] + 4*a[10]*a[15] - 4*a[11]^3*a[19] + 4*a[11]^3 - 12*a[11]^2*a[12]*a[19] + 12*a[11]^2*a[12] - 6*a[11]^2*a[15]*a[19] + 6*a[11]^2*a[15] - 4*a[11]*a[12]^2*a[19] + 4*a[11]*a[12]^2 - 8*a[11]*a[12]*a[15]*a[19] + 8*a[11]*a[12]*a[15] - 4*a[11]*a[14]*a[19] + 4*a[11]*a[14] - a[12]^2*a[15]*a[19] + a[12]^2*a[15] - 2*a[12]*a[14]*a[19] + 2*a[12]*a[14] - a[13]*a[19] + a[13] - 56*a[16]*a[17] - 8*a[16]*a[18] - 56*a[17]^3 - 28*a[17]^2*a[18],
2*a[6]*a[19] + a[7]^2*a[19] + 2*a[7]*a[8]*a[19] - 4*a[10]*a[19] + 4*a[10] - 6*a[11]^2*a[19] + 6*a[11]^2 - 8*a[11]*a[12]*a[19] + 8*a[11]*a[12] - 4*a[11]*a[15]*a[19] + 4*a[11]*a[15] - a[12]^2*a[19] + a[12]^2 - 2*a[12]*a[15]*a[19] + 2*a[12]*a[15] - a[14]*a[19] + a[14] - 8*a[16] - 28*a[17]^2 - 8*a[17]*a[18],
2*a[7]*a[19] + a[8]*a[19] - 4*a[11]*a[19] + 4*a[11] - 2*a[12]*a[19] + 2*a[12] - a[15]*a[19] + a[15] - 8*a[17] - a[18]
]
lambdas: [ 0.106746, 0.998481, 0.0772643, 0.574203, 0.351473, 0.785460, 0.258611, 0.158052, 3.16290, 0.225410, 0.162098, 2.04951, 0.328741, 0.576077 ]... 
Taking lambda = 0.574912 + 0.0366094*$.1 = 0.574912 + 0.0366094*$.1/1.00000... 
Taking normalizing equation a[18] - 1
*New* defining ideal: [
-a[1]*a[8]*a[16] - 8*a[1]*a[8]*a[17]*a[18] + a[1]*a[16]*a[18] + 2*a[2]*a[8]*a[16]*a[18],
a[18] - 1,
-a[9]^4*a[12]^2*a[13]*a[19] + a[9]^4*a[12]^2*a[13] - a[16]^8*a[18],
-a[9]^4*a[12]^2*a[14]*a[19] + a[9]^4*a[12]^2*a[14] - 2*a[9]^4*a[12]*a[13]*a[19] + 2*a[9]^4*a[12]*a[13] - 4*a[9]^3*a[10]*a[12]^2*a[13]*a[19] + 4*a[9]^3*a[10]*a[12]^2*a[13] - a[16]^8 - 8*a[16]^7*a[17]*a[18],
a[1]^2*a[8]*a[19] - a[9]^4*a[12]^2*a[15]*a[19] + a[9]^4*a[12]^2*a[15] - 2*a[9]^4*a[12]*a[14]*a[19] + 2*a[9]^4*a[12]*a[14] - a[9]^4*a[13]*a[19] + a[9]^4*a[13] - 4*a[9]^3*a[10]*a[12]^2*a[14]*a[19] + 4*a[9]^3*a[10]*a[12]^2*a[14] - 8*a[9]^3*a[10]*a[12]*a[13]*a[19] + 8*a[9]^3*a[10]*a[12]*a[13] - 4*a[9]^3*a[11]*a[12]^2*a[13]*a[19] + 4*a[9]^3*a[11]*a[12]^2*a[13] - 6*a[9]^2*a[10]^2*a[12]^2*a[13]*a[19] + 6*a[9]^2*a[10]^2*a[12]^2*a[13] - 8*a[16]^7*a[17] - 8*a[16]^7*a[18] - 28*a[16]^6*a[17]^2*a[18],
a[1]^2*a[19] + 2*a[1]*a[2]*a[8]*a[19] - a[9]^4*a[12]^2*a[19] + a[9]^4*a[12]^2 - 2*a[9]^4*a[12]*a[15]*a[19] + 2*a[9]^4*a[12]*a[15] - a[9]^4*a[14]*a[19] + a[9]^4*a[14] - 4*a[9]^3*a[10]*a[12]^2*a[15]*a[19] + 4*a[9]^3*a[10]*a[12]^2*a[15] - 8*a[9]^3*a[10]*a[12]*a[14]*a[19] + 8*a[9]^3*a[10]*a[12]*a[14] - 4*a[9]^3*a[10]*a[13]*a[19] + 4*a[9]^3*a[10]*a[13] - 4*a[9]^3*a[11]*a[12]^2*a[14]*a[19] + 4*a[9]^3*a[11]*a[12]^2*a[14] - 8*a[9]^3*a[11]*a[12]*a[13]*a[19] + 8*a[9]^3*a[11]*a[12]*a[13] - 4*a[9]^3*a[12]^2*a[13]*a[19] + 4*a[9]^3*a[12]^2*a[13] - 6*a[9]^2*a[10]^2*a[12]^2*a[14]*a[19] + 6*a[9]^2*a[10]^2*a[12]^2*a[14] - 12*a[9]^2*a[10]^2*a[12]*a[13]*a[19] + 12*a[9]^2*a[10]^2*a[12]*a[13] - 12*a[9]^2*a[10]*a[11]*a[12]^2*a[13]*a[19] + 12*a[9]^2*a[10]*a[11]*a[12]^2*a[13] - 4*a[9]*a[10]^3*a[12]^2*a[13]*a[19] + 4*a[9]*a[10]^3*a[12]^2*a[13] - 8*a[16]^7 - 28*a[16]^6*a[17]^2 - 56*a[16]^6*a[17]*a[18] - 56*a[16]^5*a[17]^3*a[18],
2*a[1]*a[2]*a[19] + 2*a[1]*a[3]*a[8]*a[19] + a[2]^2*a[8]*a[19] - 2*a[9]^4*a[12]*a[19] + 2*a[9]^4*a[12] - a[9]^4*a[15]*a[19] + a[9]^4*a[15] - 4*a[9]^3*a[10]*a[12]^2*a[19] + 4*a[9]^3*a[10]*a[12]^2 - 8*a[9]^3*a[10]*a[12]*a[15]*a[19] + 8*a[9]^3*a[10]*a[12]*a[15] - 4*a[9]^3*a[10]*a[14]*a[19] + 4*a[9]^3*a[10]*a[14] - 4*a[9]^3*a[11]*a[12]^2*a[15]*a[19] + 4*a[9]^3*a[11]*a[12]^2*a[15] - 8*a[9]^3*a[11]*a[12]*a[14]*a[19] + 8*a[9]^3*a[11]*a[12]*a[14] - 4*a[9]^3*a[11]*a[13]*a[19] + 4*a[9]^3*a[11]*a[13] - 4*a[9]^3*a[12]^2*a[14]*a[19] + 4*a[9]^3*a[12]^2*a[14] - 8*a[9]^3*a[12]*a[13]*a[19] + 8*a[9]^3*a[12]*a[13] - 6*a[9]^2*a[10]^2*a[12]^2*a[15]*a[19] + 6*a[9]^2*a[10]^2*a[12]^2*a[15] - 12*a[9]^2*a[10]^2*a[12]*a[14]*a[19] + 12*a[9]^2*a[10]^2*a[12]*a[14] - 6*a[9]^2*a[10]^2*a[13]*a[19] + 6*a[9]^2*a[10]^2*a[13] - 12*a[9]^2*a[10]*a[11]*a[12]^2*a[14]*a[19] + 12*a[9]^2*a[10]*a[11]*a[12]^2*a[14] - 24*a[9]^2*a[10]*a[11]*a[12]*a[13]*a[19] + 24*a[9]^2*a[10]*a[11]*a[12]*a[13] - 12*a[9]^2*a[10]*a[12]^2*a[13]*a[19] + 12*a[9]^2*a[10]*a[12]^2*a[13] - 6*a[9]^2*a[11]^2*a[12]^2*a[13]*a[19] + 6*a[9]^2*a[11]^2*a[12]^2*a[13] - 4*a[9]*a[10]^3*a[12]^2*a[14]*a[19] + 4*a[9]*a[10]^3*a[12]^2*a[14] - 8*a[9]*a[10]^3*a[12]*a[13]*a[19] + 8*a[9]*a[10]^3*a[12]*a[13] - 12*a[9]*a[10]^2*a[11]*a[12]^2*a[13]*a[19] + 12*a[9]*a[10]^2*a[11]*a[12]^2*a[13] - a[10]^4*a[12]^2*a[13]*a[19] + a[10]^4*a[12]^2*a[13] - 56*a[16]^6*a[17] - 28*a[16]^6*a[18] - 56*a[16]^5*a[17]^3 - 168*a[16]^5*a[17]^2*a[18] - 70*a[16]^4*a[17]^4*a[18],
2*a[1]*a[3]*a[19] + 2*a[1]*a[4]*a[8]*a[19] + a[2]^2*a[19] + 2*a[2]*a[3]*a[8]*a[19] - a[9]^4*a[19] + a[9]^4 - 8*a[9]^3*a[10]*a[12]*a[19] + 8*a[9]^3*a[10]*a[12] - 4*a[9]^3*a[10]*a[15]*a[19] + 4*a[9]^3*a[10]*a[15] - 4*a[9]^3*a[11]*a[12]^2*a[19] + 4*a[9]^3*a[11]*a[12]^2 - 8*a[9]^3*a[11]*a[12]*a[15]*a[19] + 8*a[9]^3*a[11]*a[12]*a[15] - 4*a[9]^3*a[11]*a[14]*a[19] + 4*a[9]^3*a[11]*a[14] - 4*a[9]^3*a[12]^2*a[15]*a[19] + 4*a[9]^3*a[12]^2*a[15] - 8*a[9]^3*a[12]*a[14]*a[19] + 8*a[9]^3*a[12]*a[14] - 4*a[9]^3*a[13]*a[19] + 4*a[9]^3*a[13] - 6*a[9]^2*a[10]^2*a[12]^2*a[19] + 6*a[9]^2*a[10]^2*a[12]^2 - 12*a[9]^2*a[10]^2*a[12]*a[15]*a[19] + 12*a[9]^2*a[10]^2*a[12]*a[15] - 6*a[9]^2*a[10]^2*a[14]*a[19] + 6*a[9]^2*a[10]^2*a[14] - 12*a[9]^2*a[10]*a[11]*a[12]^2*a[15]*a[19] + 12*a[9]^2*a[10]*a[11]*a[12]^2*a[15] - 24*a[9]^2*a[10]*a[11]*a[12]*a[14]*a[19] + 24*a[9]^2*a[10]*a[11]*a[12]*a[14] - 12*a[9]^2*a[10]*a[11]*a[13]*a[19] + 12*a[9]^2*a[10]*a[11]*a[13] - 12*a[9]^2*a[10]*a[12]^2*a[14]*a[19] + 12*a[9]^2*a[10]*a[12]^2*a[14] - 24*a[9]^2*a[10]*a[12]*a[13]*a[19] + 24*a[9]^2*a[10]*a[12]*a[13] - 6*a[9]^2*a[11]^2*a[12]^2*a[14]*a[19] + 6*a[9]^2*a[11]^2*a[12]^2*a[14] - 12*a[9]^2*a[11]^2*a[12]*a[13]*a[19] + 12*a[9]^2*a[11]^2*a[12]*a[13] - 12*a[9]^2*a[11]*a[12]^2*a[13]*a[19] + 12*a[9]^2*a[11]*a[12]^2*a[13] - 4*a[9]*a[10]^3*a[12]^2*a[15]*a[19] + 4*a[9]*a[10]^3*a[12]^2*a[15] - 8*a[9]*a[10]^3*a[12]*a[14]*a[19] + 8*a[9]*a[10]^3*a[12]*a[14] - 4*a[9]*a[10]^3*a[13]*a[19] + 4*a[9]*a[10]^3*a[13] - 12*a[9]*a[10]^2*a[11]*a[12]^2*a[14]*a[19] + 12*a[9]*a[10]^2*a[11]*a[12]^2*a[14] - 24*a[9]*a[10]^2*a[11]*a[12]*a[13]*a[19] + 24*a[9]*a[10]^2*a[11]*a[12]*a[13] - 12*a[9]*a[10]^2*a[12]^2*a[13]*a[19] + 12*a[9]*a[10]^2*a[12]^2*a[13] - 12*a[9]*a[10]*a[11]^2*a[12]^2*a[13]*a[19] + 12*a[9]*a[10]*a[11]^2*a[12]^2*a[13] - a[10]^4*a[12]^2*a[14]*a[19] + a[10]^4*a[12]^2*a[14] - 2*a[10]^4*a[12]*a[13]*a[19] + 2*a[10]^4*a[12]*a[13] - 4*a[10]^3*a[11]*a[12]^2*a[13]*a[19] + 4*a[10]^3*a[11]*a[12]^2*a[13] - 28*a[16]^6 - 168*a[16]^5*a[17]^2 - 168*a[16]^5*a[17]*a[18] - 70*a[16]^4*a[17]^4 - 280*a[16]^4*a[17]^3*a[18] - 56*a[16]^3*a[17]^5*a[18],
2*a[1]*a[4]*a[19] + 2*a[1]*a[5]*a[8]*a[19] + 2*a[2]*a[3]*a[19] + 2*a[2]*a[4]*a[8]*a[19] + a[3]^2*a[8]*a[19] - 4*a[9]^3*a[10]*a[19] + 4*a[9]^3*a[10] - 8*a[9]^3*a[11]*a[12]*a[19] + 8*a[9]^3*a[11]*a[12] - 4*a[9]^3*a[11]*a[15]*a[19] + 4*a[9]^3*a[11]*a[15] - 4*a[9]^3*a[12]^2*a[19] + 4*a[9]^3*a[12]^2 - 8*a[9]^3*a[12]*a[15]*a[19] + 8*a[9]^3*a[12]*a[15] - 4*a[9]^3*a[14]*a[19] + 4*a[9]^3*a[14] - 12*a[9]^2*a[10]^2*a[12]*a[19] + 12*a[9]^2*a[10]^2*a[12] - 6*a[9]^2*a[10]^2*a[15]*a[19] + 6*a[9]^2*a[10]^2*a[15] - 12*a[9]^2*a[10]*a[11]*a[12]^2*a[19] + 12*a[9]^2*a[10]*a[11]*a[12]^2 - 24*a[9]^2*a[10]*a[11]*a[12]*a[15]*a[19] + 24*a[9]^2*a[10]*a[11]*a[12]*a[15] - 12*a[9]^2*a[10]*a[11]*a[14]*a[19] + 12*a[9]^2*a[10]*a[11]*a[14] - 12*a[9]^2*a[10]*a[12]^2*a[15]*a[19] + 12*a[9]^2*a[10]*a[12]^2*a[15] - 24*a[9]^2*a[10]*a[12]*a[14]*a[19] + 24*a[9]^2*a[10]*a[12]*a[14] - 12*a[9]^2*a[10]*a[13]*a[19] + 12*a[9]^2*a[10]*a[13] - 6*a[9]^2*a[11]^2*a[12]^2*a[15]*a[19] + 6*a[9]^2*a[11]^2*a[12]^2*a[15] - 12*a[9]^2*a[11]^2*a[12]*a[14]*a[19] + 12*a[9]^2*a[11]^2*a[12]*a[14] - 6*a[9]^2*a[11]^2*a[13]*a[19] + 6*a[9]^2*a[11]^2*a[13] - 12*a[9]^2*a[11]*a[12]^2*a[14]*a[19] + 12*a[9]^2*a[11]*a[12]^2*a[14] - 24*a[9]^2*a[11]*a[12]*a[13]*a[19] + 24*a[9]^2*a[11]*a[12]*a[13] - 6*a[9]^2*a[12]^2*a[13]*a[19] + 6*a[9]^2*a[12]^2*a[13] - 4*a[9]*a[10]^3*a[12]^2*a[19] + 4*a[9]*a[10]^3*a[12]^2 - 8*a[9]*a[10]^3*a[12]*a[15]*a[19] + 8*a[9]*a[10]^3*a[12]*a[15] - 4*a[9]*a[10]^3*a[14]*a[19] + 4*a[9]*a[10]^3*a[14] - 12*a[9]*a[10]^2*a[11]*a[12]^2*a[15]*a[19] + 12*a[9]*a[10]^2*a[11]*a[12]^2*a[15] - 24*a[9]*a[10]^2*a[11]*a[12]*a[14]*a[19] + 24*a[9]*a[10]^2*a[11]*a[12]*a[14] - 12*a[9]*a[10]^2*a[11]*a[13]*a[19] + 12*a[9]*a[10]^2*a[11]*a[13] - 12*a[9]*a[10]^2*a[12]^2*a[14]*a[19] + 12*a[9]*a[10]^2*a[12]^2*a[14] - 24*a[9]*a[10]^2*a[12]*a[13]*a[19] + 24*a[9]*a[10]^2*a[12]*a[13] - 12*a[9]*a[10]*a[11]^2*a[12]^2*a[14]*a[19] + 12*a[9]*a[10]*a[11]^2*a[12]^2*a[14] - 24*a[9]*a[10]*a[11]^2*a[12]*a[13]*a[19] + 24*a[9]*a[10]*a[11]^2*a[12]*a[13] - 24*a[9]*a[10]*a[11]*a[12]^2*a[13]*a[19] + 24*a[9]*a[10]*a[11]*a[12]^2*a[13] - 4*a[9]*a[11]^3*a[12]^2*a[13]*a[19] + 4*a[9]*a[11]^3*a[12]^2*a[13] - a[10]^4*a[12]^2*a[15]*a[19] + a[10]^4*a[12]^2*a[15] - 2*a[10]^4*a[12]*a[14]*a[19] + 2*a[10]^4*a[12]*a[14] - a[10]^4*a[13]*a[19] + a[10]^4*a[13] - 4*a[10]^3*a[11]*a[12]^2*a[14]*a[19] + 4*a[10]^3*a[11]*a[12]^2*a[14] - 8*a[10]^3*a[11]*a[12]*a[13]*a[19] + 8*a[10]^3*a[11]*a[12]*a[13] - 4*a[10]^3*a[12]^2*a[13]*a[19] + 4*a[10]^3*a[12]^2*a[13] - 6*a[10]^2*a[11]^2*a[12]^2*a[13]*a[19] + 6*a[10]^2*a[11]^2*a[12]^2*a[13] - 168*a[16]^5*a[17] - 56*a[16]^5*a[18] - 280*a[16]^4*a[17]^3 - 420*a[16]^4*a[17]^2*a[18] - 56*a[16]^3*a[17]^5 - 280*a[16]^3*a[17]^4*a[18] - 28*a[16]^2*a[17]^6*a[18],
2*a[1]*a[5]*a[19] + 2*a[1]*a[6]*a[8]*a[19] + 2*a[2]*a[4]*a[19] + 2*a[2]*a[5]*a[8]*a[19] + a[3]^2*a[19] + 2*a[3]*a[4]*a[8]*a[19] - 4*a[9]^3*a[11]*a[19] + 4*a[9]^3*a[11] - 8*a[9]^3*a[12]*a[19] + 8*a[9]^3*a[12] - 4*a[9]^3*a[15]*a[19] + 4*a[9]^3*a[15] - 6*a[9]^2*a[10]^2*a[19] + 6*a[9]^2*a[10]^2 - 24*a[9]^2*a[10]*a[11]*a[12]*a[19] + 24*a[9]^2*a[10]*a[11]*a[12] - 12*a[9]^2*a[10]*a[11]*a[15]*a[19] + 12*a[9]^2*a[10]*a[11]*a[15] - 12*a[9]^2*a[10]*a[12]^2*a[19] + 12*a[9]^2*a[10]*a[12]^2 - 24*a[9]^2*a[10]*a[12]*a[15]*a[19] + 24*a[9]^2*a[10]*a[12]*a[15] - 12*a[9]^2*a[10]*a[14]*a[19] + 12*a[9]^2*a[10]*a[14] - 6*a[9]^2*a[11]^2*a[12]^2*a[19] + 6*a[9]^2*a[11]^2*a[12]^2 - 12*a[9]^2*a[11]^2*a[12]*a[15]*a[19] + 12*a[9]^2*a[11]^2*a[12]*a[15] - 6*a[9]^2*a[11]^2*a[14]*a[19] + 6*a[9]^2*a[11]^2*a[14] - 12*a[9]^2*a[11]*a[12]^2*a[15]*a[19] + 12*a[9]^2*a[11]*a[12]^2*a[15] - 24*a[9]^2*a[11]*a[12]*a[14]*a[19] + 24*a[9]^2*a[11]*a[12]*a[14] - 12*a[9]^2*a[11]*a[13]*a[19] + 12*a[9]^2*a[11]*a[13] - 6*a[9]^2*a[12]^2*a[14]*a[19] + 6*a[9]^2*a[12]^2*a[14] - 12*a[9]^2*a[12]*a[13]*a[19] + 12*a[9]^2*a[12]*a[13] - 8*a[9]*a[10]^3*a[12]*a[19] + 8*a[9]*a[10]^3*a[12] - 4*a[9]*a[10]^3*a[15]*a[19] + 4*a[9]*a[10]^3*a[15] - 12*a[9]*a[10]^2*a[11]*a[12]^2*a[19] + 12*a[9]*a[10]^2*a[11]*a[12]^2 - 24*a[9]*a[10]^2*a[11]*a[12]*a[15]*a[19] + 24*a[9]*a[10]^2*a[11]*a[12]*a[15] - 12*a[9]*a[10]^2*a[11]*a[14]*a[19] + 12*a[9]*a[10]^2*a[11]*a[14] - 12*a[9]*a[10]^2*a[12]^2*a[15]*a[19] + 12*a[9]*a[10]^2*a[12]^2*a[15] - 24*a[9]*a[10]^2*a[12]*a[14]*a[19] + 24*a[9]*a[10]^2*a[12]*a[14] - 12*a[9]*a[10]^2*a[13]*a[19] + 12*a[9]*a[10]^2*a[13] - 12*a[9]*a[10]*a[11]^2*a[12]^2*a[15]*a[19] + 12*a[9]*a[10]*a[11]^2*a[12]^2*a[15] - 24*a[9]*a[10]*a[11]^2*a[12]*a[14]*a[19] + 24*a[9]*a[10]*a[11]^2*a[12]*a[14] - 12*a[9]*a[10]*a[11]^2*a[13]*a[19] + 12*a[9]*a[10]*a[11]^2*a[13] - 24*a[9]*a[10]*a[11]*a[12]^2*a[14]*a[19] + 24*a[9]*a[10]*a[11]*a[12]^2*a[14] - 48*a[9]*a[10]*a[11]*a[12]*a[13]*a[19] + 48*a[9]*a[10]*a[11]*a[12]*a[13] - 12*a[9]*a[10]*a[12]^2*a[13]*a[19] + 12*a[9]*a[10]*a[12]^2*a[13] - 4*a[9]*a[11]^3*a[12]^2*a[14]*a[19] + 4*a[9]*a[11]^3*a[12]^2*a[14] - 8*a[9]*a[11]^3*a[12]*a[13]*a[19] + 8*a[9]*a[11]^3*a[12]*a[13] - 12*a[9]*a[11]^2*a[12]^2*a[13]*a[19] + 12*a[9]*a[11]^2*a[12]^2*a[13] - a[10]^4*a[12]^2*a[19] + a[10]^4*a[12]^2 - 2*a[10]^4*a[12]*a[15]*a[19] + 2*a[10]^4*a[12]*a[15] - a[10]^4*a[14]*a[19] + a[10]^4*a[14] - 4*a[10]^3*a[11]*a[12]^2*a[15]*a[19] + 4*a[10]^3*a[11]*a[12]^2*a[15] - 8*a[10]^3*a[11]*a[12]*a[14]*a[19] + 8*a[10]^3*a[11]*a[12]*a[14] - 4*a[10]^3*a[11]*a[13]*a[19] + 4*a[10]^3*a[11]*a[13] - 4*a[10]^3*a[12]^2*a[14]*a[19] + 4*a[10]^3*a[12]^2*a[14] - 8*a[10]^3*a[12]*a[13]*a[19] + 8*a[10]^3*a[12]*a[13] - 6*a[10]^2*a[11]^2*a[12]^2*a[14]*a[19] + 6*a[10]^2*a[11]^2*a[12]^2*a[14] - 12*a[10]^2*a[11]^2*a[12]*a[13]*a[19] + 12*a[10]^2*a[11]^2*a[12]*a[13] - 12*a[10]^2*a[11]*a[12]^2*a[13]*a[19] + 12*a[10]^2*a[11]*a[12]^2*a[13] - 4*a[10]*a[11]^3*a[12]^2*a[13]*a[19] + 4*a[10]*a[11]^3*a[12]^2*a[13] - 56*a[16]^5 - 420*a[16]^4*a[17]^2 - 280*a[16]^4*a[17]*a[18] - 280*a[16]^3*a[17]^4 - 560*a[16]^3*a[17]^3*a[18] - 28*a[16]^2*a[17]^6 - 168*a[16]^2*a[17]^5*a[18] - 8*a[16]*a[17]^7*a[18],
2*a[1]*a[6]*a[19] + 2*a[1]*a[7]*a[8]*a[19] + 2*a[2]*a[5]*a[19] + 2*a[2]*a[6]*a[8]*a[19] + 2*a[3]*a[4]*a[19] + 2*a[3]*a[5]*a[8]*a[19] + a[4]^2*a[8]*a[19] - 4*a[9]^3*a[19] + 4*a[9]^3 - 12*a[9]^2*a[10]*a[11]*a[19] + 12*a[9]^2*a[10]*a[11] - 24*a[9]^2*a[10]*a[12]*a[19] + 24*a[9]^2*a[10]*a[12] - 12*a[9]^2*a[10]*a[15]*a[19] + 12*a[9]^2*a[10]*a[15] - 12*a[9]^2*a[11]^2*a[12]*a[19] + 12*a[9]^2*a[11]^2*a[12] - 6*a[9]^2*a[11]^2*a[15]*a[19] + 6*a[9]^2*a[11]^2*a[15] - 12*a[9]^2*a[11]*a[12]^2*a[19] + 12*a[9]^2*a[11]*a[12]^2 - 24*a[9]^2*a[11]*a[12]*a[15]*a[19] + 24*a[9]^2*a[11]*a[12]*a[15] - 12*a[9]^2*a[11]*a[14]*a[19] + 12*a[9]^2*a[11]*a[14] - 6*a[9]^2*a[12]^2*a[15]*a[19] + 6*a[9]^2*a[12]^2*a[15] - 12*a[9]^2*a[12]*a[14]*a[19] + 12*a[9]^2*a[12]*a[14] - 6*a[9]^2*a[13]*a[19] + 6*a[9]^2*a[13] - 4*a[9]*a[10]^3*a[19] + 4*a[9]*a[10]^3 - 24*a[9]*a[10]^2*a[11]*a[12]*a[19] + 24*a[9]*a[10]^2*a[11]*a[12] - 12*a[9]*a[10]^2*a[11]*a[15]*a[19] + 12*a[9]*a[10]^2*a[11]*a[15] - 12*a[9]*a[10]^2*a[12]^2*a[19] + 12*a[9]*a[10]^2*a[12]^2 - 24*a[9]*a[10]^2*a[12]*a[15]*a[19] + 24*a[9]*a[10]^2*a[12]*a[15] - 12*a[9]*a[10]^2*a[14]*a[19] + 12*a[9]*a[10]^2*a[14] - 12*a[9]*a[10]*a[11]^2*a[12]^2*a[19] + 12*a[9]*a[10]*a[11]^2*a[12]^2 - 24*a[9]*a[10]*a[11]^2*a[12]*a[15]*a[19] + 24*a[9]*a[10]*a[11]^2*a[12]*a[15] - 12*a[9]*a[10]*a[11]^2*a[14]*a[19] + 12*a[9]*a[10]*a[11]^2*a[14] - 24*a[9]*a[10]*a[11]*a[12]^2*a[15]*a[19] + 24*a[9]*a[10]*a[11]*a[12]^2*a[15] - 48*a[9]*a[10]*a[11]*a[12]*a[14]*a[19] + 48*a[9]*a[10]*a[11]*a[12]*a[14] - 24*a[9]*a[10]*a[11]*a[13]*a[19] + 24*a[9]*a[10]*a[11]*a[13] - 12*a[9]*a[10]*a[12]^2*a[14]*a[19] + 12*a[9]*a[10]*a[12]^2*a[14] - 24*a[9]*a[10]*a[12]*a[13]*a[19] + 24*a[9]*a[10]*a[12]*a[13] - 4*a[9]*a[11]^3*a[12]^2*a[15]*a[19] + 4*a[9]*a[11]^3*a[12]^2*a[15] - 8*a[9]*a[11]^3*a[12]*a[14]*a[19] + 8*a[9]*a[11]^3*a[12]*a[14] - 4*a[9]*a[11]^3*a[13]*a[19] + 4*a[9]*a[11]^3*a[13] - 12*a[9]*a[11]^2*a[12]^2*a[14]*a[19] + 12*a[9]*a[11]^2*a[12]^2*a[14] - 24*a[9]*a[11]^2*a[12]*a[13]*a[19] + 24*a[9]*a[11]^2*a[12]*a[13] - 12*a[9]*a[11]*a[12]^2*a[13]*a[19] + 12*a[9]*a[11]*a[12]^2*a[13] - 2*a[10]^4*a[12]*a[19] + 2*a[10]^4*a[12] - a[10]^4*a[15]*a[19] + a[10]^4*a[15] - 4*a[10]^3*a[11]*a[12]^2*a[19] + 4*a[10]^3*a[11]*a[12]^2 - 8*a[10]^3*a[11]*a[12]*a[15]*a[19] + 8*a[10]^3*a[11]*a[12]*a[15] - 4*a[10]^3*a[11]*a[14]*a[19] + 4*a[10]^3*a[11]*a[14] - 4*a[10]^3*a[12]^2*a[15]*a[19] + 4*a[10]^3*a[12]^2*a[15] - 8*a[10]^3*a[12]*a[14]*a[19] + 8*a[10]^3*a[12]*a[14] - 4*a[10]^3*a[13]*a[19] + 4*a[10]^3*a[13] - 6*a[10]^2*a[11]^2*a[12]^2*a[15]*a[19] + 6*a[10]^2*a[11]^2*a[12]^2*a[15] - 12*a[10]^2*a[11]^2*a[12]*a[14]*a[19] + 12*a[10]^2*a[11]^2*a[12]*a[14] - 6*a[10]^2*a[11]^2*a[13]*a[19] + 6*a[10]^2*a[11]^2*a[13] - 12*a[10]^2*a[11]*a[12]^2*a[14]*a[19] + 12*a[10]^2*a[11]*a[12]^2*a[14] - 24*a[10]^2*a[11]*a[12]*a[13]*a[19] + 24*a[10]^2*a[11]*a[12]*a[13] - 6*a[10]^2*a[12]^2*a[13]*a[19] + 6*a[10]^2*a[12]^2*a[13] - 4*a[10]*a[11]^3*a[12]^2*a[14]*a[19] + 4*a[10]*a[11]^3*a[12]^2*a[14] - 8*a[10]*a[11]^3*a[12]*a[13]*a[19] + 8*a[10]*a[11]^3*a[12]*a[13] - 12*a[10]*a[11]^2*a[12]^2*a[13]*a[19] + 12*a[10]*a[11]^2*a[12]^2*a[13] - a[11]^4*a[12]^2*a[13]*a[19] + a[11]^4*a[12]^2*a[13] - 280*a[16]^4*a[17] - 70*a[16]^4*a[18] - 560*a[16]^3*a[17]^3 - 560*a[16]^3*a[17]^2*a[18] - 168*a[16]^2*a[17]^5 - 420*a[16]^2*a[17]^4*a[18] - 8*a[16]*a[17]^7 - 56*a[16]*a[17]^6*a[18] - a[17]^8*a[18],
2*a[1]*a[7]*a[19] + 2*a[1]*a[8]*a[19] + 2*a[2]*a[6]*a[19] + 2*a[2]*a[7]*a[8]*a[19] + 2*a[3]*a[5]*a[19] + 2*a[3]*a[6]*a[8]*a[19] + a[4]^2*a[19] + 2*a[4]*a[5]*a[8]*a[19] - 12*a[9]^2*a[10]*a[19] + 12*a[9]^2*a[10] - 6*a[9]^2*a[11]^2*a[19] + 6*a[9]^2*a[11]^2 - 24*a[9]^2*a[11]*a[12]*a[19] + 24*a[9]^2*a[11]*a[12] - 12*a[9]^2*a[11]*a[15]*a[19] + 12*a[9]^2*a[11]*a[15] - 6*a[9]^2*a[12]^2*a[19] + 6*a[9]^2*a[12]^2 - 12*a[9]^2*a[12]*a[15]*a[19] + 12*a[9]^2*a[12]*a[15] - 6*a[9]^2*a[14]*a[19] + 6*a[9]^2*a[14] - 12*a[9]*a[10]^2*a[11]*a[19] + 12*a[9]*a[10]^2*a[11] - 24*a[9]*a[10]^2*a[12]*a[19] + 24*a[9]*a[10]^2*a[12] - 12*a[9]*a[10]^2*a[15]*a[19] + 12*a[9]*a[10]^2*a[15] - 24*a[9]*a[10]*a[11]^2*a[12]*a[19] + 24*a[9]*a[10]*a[11]^2*a[12] - 12*a[9]*a[10]*a[11]^2*a[15]*a[19] + 12*a[9]*a[10]*a[11]^2*a[15] - 24*a[9]*a[10]*a[11]*a[12]^2*a[19] + 24*a[9]*a[10]*a[11]*a[12]^2 - 48*a[9]*a[10]*a[11]*a[12]*a[15]*a[19] + 48*a[9]*a[10]*a[11]*a[12]*a[15] - 24*a[9]*a[10]*a[11]*a[14]*a[19] + 24*a[9]*a[10]*a[11]*a[14] - 12*a[9]*a[10]*a[12]^2*a[15]*a[19] + 12*a[9]*a[10]*a[12]^2*a[15] - 24*a[9]*a[10]*a[12]*a[14]*a[19] + 24*a[9]*a[10]*a[12]*a[14] - 12*a[9]*a[10]*a[13]*a[19] + 12*a[9]*a[10]*a[13] - 4*a[9]*a[11]^3*a[12]^2*a[19] + 4*a[9]*a[11]^3*a[12]^2 - 8*a[9]*a[11]^3*a[12]*a[15]*a[19] + 8*a[9]*a[11]^3*a[12]*a[15] - 4*a[9]*a[11]^3*a[14]*a[19] + 4*a[9]*a[11]^3*a[14] - 12*a[9]*a[11]^2*a[12]^2*a[15]*a[19] + 12*a[9]*a[11]^2*a[12]^2*a[15] - 24*a[9]*a[11]^2*a[12]*a[14]*a[19] + 24*a[9]*a[11]^2*a[12]*a[14] - 12*a[9]*a[11]^2*a[13]*a[19] + 12*a[9]*a[11]^2*a[13] - 12*a[9]*a[11]*a[12]^2*a[14]*a[19] + 12*a[9]*a[11]*a[12]^2*a[14] - 24*a[9]*a[11]*a[12]*a[13]*a[19] + 24*a[9]*a[11]*a[12]*a[13] - 4*a[9]*a[12]^2*a[13]*a[19] + 4*a[9]*a[12]^2*a[13] - a[10]^4*a[19] + a[10]^4 - 8*a[10]^3*a[11]*a[12]*a[19] + 8*a[10]^3*a[11]*a[12] - 4*a[10]^3*a[11]*a[15]*a[19] + 4*a[10]^3*a[11]*a[15] - 4*a[10]^3*a[12]^2*a[19] + 4*a[10]^3*a[12]^2 - 8*a[10]^3*a[12]*a[15]*a[19] + 8*a[10]^3*a[12]*a[15] - 4*a[10]^3*a[14]*a[19] + 4*a[10]^3*a[14] - 6*a[10]^2*a[11]^2*a[12]^2*a[19] + 6*a[10]^2*a[11]^2*a[12]^2 - 12*a[10]^2*a[11]^2*a[12]*a[15]*a[19] + 12*a[10]^2*a[11]^2*a[12]*a[15] - 6*a[10]^2*a[11]^2*a[14]*a[19] + 6*a[10]^2*a[11]^2*a[14] - 12*a[10]^2*a[11]*a[12]^2*a[15]*a[19] + 12*a[10]^2*a[11]*a[12]^2*a[15] - 24*a[10]^2*a[11]*a[12]*a[14]*a[19] + 24*a[10]^2*a[11]*a[12]*a[14] - 12*a[10]^2*a[11]*a[13]*a[19] + 12*a[10]^2*a[11]*a[13] - 6*a[10]^2*a[12]^2*a[14]*a[19] + 6*a[10]^2*a[12]^2*a[14] - 12*a[10]^2*a[12]*a[13]*a[19] + 12*a[10]^2*a[12]*a[13] - 4*a[10]*a[11]^3*a[12]^2*a[15]*a[19] + 4*a[10]*a[11]^3*a[12]^2*a[15] - 8*a[10]*a[11]^3*a[12]*a[14]*a[19] + 8*a[10]*a[11]^3*a[12]*a[14] - 4*a[10]*a[11]^3*a[13]*a[19] + 4*a[10]*a[11]^3*a[13] - 12*a[10]*a[11]^2*a[12]^2*a[14]*a[19] + 12*a[10]*a[11]^2*a[12]^2*a[14] - 24*a[10]*a[11]^2*a[12]*a[13]*a[19] + 24*a[10]*a[11]^2*a[12]*a[13] - 12*a[10]*a[11]*a[12]^2*a[13]*a[19] + 12*a[10]*a[11]*a[12]^2*a[13] - a[11]^4*a[12]^2*a[14]*a[19] + a[11]^4*a[12]^2*a[14] - 2*a[11]^4*a[12]*a[13]*a[19] + 2*a[11]^4*a[12]*a[13] - 4*a[11]^3*a[12]^2*a[13]*a[19] + 4*a[11]^3*a[12]^2*a[13] - 70*a[16]^4 - 560*a[16]^3*a[17]^2 - 280*a[16]^3*a[17]*a[18] - 420*a[16]^2*a[17]^4 - 560*a[16]^2*a[17]^3*a[18] - 56*a[16]*a[17]^6 - 168*a[16]*a[17]^5*a[18] - a[17]^8 - 8*a[17]^7*a[18],
2*a[1]*a[19] + 2*a[2]*a[7]*a[19] + 2*a[2]*a[8]*a[19] + 2*a[3]*a[6]*a[19] + 2*a[3]*a[7]*a[8]*a[19] + 2*a[4]*a[5]*a[19] + 2*a[4]*a[6]*a[8]*a[19] + a[5]^2*a[8]*a[19] - 12*a[9]^2*a[11]*a[19] + 12*a[9]^2*a[11] - 12*a[9]^2*a[12]*a[19] + 12*a[9]^2*a[12] - 6*a[9]^2*a[15]*a[19] + 6*a[9]^2*a[15] - 12*a[9]*a[10]^2*a[19] + 12*a[9]*a[10]^2 - 12*a[9]*a[10]*a[11]^2*a[19] + 12*a[9]*a[10]*a[11]^2 - 48*a[9]*a[10]*a[11]*a[12]*a[19] + 48*a[9]*a[10]*a[11]*a[12] - 24*a[9]*a[10]*a[11]*a[15]*a[19] + 24*a[9]*a[10]*a[11]*a[15] - 12*a[9]*a[10]*a[12]^2*a[19] + 12*a[9]*a[10]*a[12]^2 - 24*a[9]*a[10]*a[12]*a[15]*a[19] + 24*a[9]*a[10]*a[12]*a[15] - 12*a[9]*a[10]*a[14]*a[19] + 12*a[9]*a[10]*a[14] - 8*a[9]*a[11]^3*a[12]*a[19] + 8*a[9]*a[11]^3*a[12] - 4*a[9]*a[11]^3*a[15]*a[19] + 4*a[9]*a[11]^3*a[15] - 12*a[9]*a[11]^2*a[12]^2*a[19] + 12*a[9]*a[11]^2*a[12]^2 - 24*a[9]*a[11]^2*a[12]*a[15]*a[19] + 24*a[9]*a[11]^2*a[12]*a[15] - 12*a[9]*a[11]^2*a[14]*a[19] + 12*a[9]*a[11]^2*a[14] - 12*a[9]*a[11]*a[12]^2*a[15]*a[19] + 12*a[9]*a[11]*a[12]^2*a[15] - 24*a[9]*a[11]*a[12]*a[14]*a[19] + 24*a[9]*a[11]*a[12]*a[14] - 12*a[9]*a[11]*a[13]*a[19] + 12*a[9]*a[11]*a[13] - 4*a[9]*a[12]^2*a[14]*a[19] + 4*a[9]*a[12]^2*a[14] - 8*a[9]*a[12]*a[13]*a[19] + 8*a[9]*a[12]*a[13] - 4*a[10]^3*a[11]*a[19] + 4*a[10]^3*a[11] - 8*a[10]^3*a[12]*a[19] + 8*a[10]^3*a[12] - 4*a[10]^3*a[15]*a[19] + 4*a[10]^3*a[15] - 12*a[10]^2*a[11]^2*a[12]*a[19] + 12*a[10]^2*a[11]^2*a[12] - 6*a[10]^2*a[11]^2*a[15]*a[19] + 6*a[10]^2*a[11]^2*a[15] - 12*a[10]^2*a[11]*a[12]^2*a[19] + 12*a[10]^2*a[11]*a[12]^2 - 24*a[10]^2*a[11]*a[12]*a[15]*a[19] + 24*a[10]^2*a[11]*a[12]*a[15] - 12*a[10]^2*a[11]*a[14]*a[19] + 12*a[10]^2*a[11]*a[14] - 6*a[10]^2*a[12]^2*a[15]*a[19] + 6*a[10]^2*a[12]^2*a[15] - 12*a[10]^2*a[12]*a[14]*a[19] + 12*a[10]^2*a[12]*a[14] - 6*a[10]^2*a[13]*a[19] + 6*a[10]^2*a[13] - 4*a[10]*a[11]^3*a[12]^2*a[19] + 4*a[10]*a[11]^3*a[12]^2 - 8*a[10]*a[11]^3*a[12]*a[15]*a[19] + 8*a[10]*a[11]^3*a[12]*a[15] - 4*a[10]*a[11]^3*a[14]*a[19] + 4*a[10]*a[11]^3*a[14] - 12*a[10]*a[11]^2*a[12]^2*a[15]*a[19] + 12*a[10]*a[11]^2*a[12]^2*a[15] - 24*a[10]*a[11]^2*a[12]*a[14]*a[19] + 24*a[10]*a[11]^2*a[12]*a[14] - 12*a[10]*a[11]^2*a[13]*a[19] + 12*a[10]*a[11]^2*a[13] - 12*a[10]*a[11]*a[12]^2*a[14]*a[19] + 12*a[10]*a[11]*a[12]^2*a[14] - 24*a[10]*a[11]*a[12]*a[13]*a[19] + 24*a[10]*a[11]*a[12]*a[13] - 4*a[10]*a[12]^2*a[13]*a[19] + 4*a[10]*a[12]^2*a[13] - a[11]^4*a[12]^2*a[15]*a[19] + a[11]^4*a[12]^2*a[15] - 2*a[11]^4*a[12]*a[14]*a[19] + 2*a[11]^4*a[12]*a[14] - a[11]^4*a[13]*a[19] + a[11]^4*a[13] - 4*a[11]^3*a[12]^2*a[14]*a[19] + 4*a[11]^3*a[12]^2*a[14] - 8*a[11]^3*a[12]*a[13]*a[19] + 8*a[11]^3*a[12]*a[13] - 6*a[11]^2*a[12]^2*a[13]*a[19] + 6*a[11]^2*a[12]^2*a[13] - 280*a[16]^3*a[17] - 56*a[16]^3*a[18] - 560*a[16]^2*a[17]^3 - 420*a[16]^2*a[17]^2*a[18] - 168*a[16]*a[17]^5 - 280*a[16]*a[17]^4*a[18] - 8*a[17]^7 - 28*a[17]^6*a[18],
2*a[2]*a[19] + 2*a[3]*a[7]*a[19] + 2*a[3]*a[8]*a[19] + 2*a[4]*a[6]*a[19] + 2*a[4]*a[7]*a[8]*a[19] + a[5]^2*a[19] + 2*a[5]*a[6]*a[8]*a[19] - 6*a[9]^2*a[19] + 6*a[9]^2 - 24*a[9]*a[10]*a[11]*a[19] + 24*a[9]*a[10]*a[11] - 24*a[9]*a[10]*a[12]*a[19] + 24*a[9]*a[10]*a[12] - 12*a[9]*a[10]*a[15]*a[19] + 12*a[9]*a[10]*a[15] - 4*a[9]*a[11]^3*a[19] + 4*a[9]*a[11]^3 - 24*a[9]*a[11]^2*a[12]*a[19] + 24*a[9]*a[11]^2*a[12] - 12*a[9]*a[11]^2*a[15]*a[19] + 12*a[9]*a[11]^2*a[15] - 12*a[9]*a[11]*a[12]^2*a[19] + 12*a[9]*a[11]*a[12]^2 - 24*a[9]*a[11]*a[12]*a[15]*a[19] + 24*a[9]*a[11]*a[12]*a[15] - 12*a[9]*a[11]*a[14]*a[19] + 12*a[9]*a[11]*a[14] - 4*a[9]*a[12]^2*a[15]*a[19] + 4*a[9]*a[12]^2*a[15] - 8*a[9]*a[12]*a[14]*a[19] + 8*a[9]*a[12]*a[14] - 4*a[9]*a[13]*a[19] + 4*a[9]*a[13] - 4*a[10]^3*a[19] + 4*a[10]^3 - 6*a[10]^2*a[11]^2*a[19] + 6*a[10]^2*a[11]^2 - 24*a[10]^2*a[11]*a[12]*a[19] + 24*a[10]^2*a[11]*a[12] - 12*a[10]^2*a[11]*a[15]*a[19] + 12*a[10]^2*a[11]*a[15] - 6*a[10]^2*a[12]^2*a[19] + 6*a[10]^2*a[12]^2 - 12*a[10]^2*a[12]*a[15]*a[19] + 12*a[10]^2*a[12]*a[15] - 6*a[10]^2*a[14]*a[19] + 6*a[10]^2*a[14] - 8*a[10]*a[11]^3*a[12]*a[19] + 8*a[10]*a[11]^3*a[12] - 4*a[10]*a[11]^3*a[15]*a[19] + 4*a[10]*a[11]^3*a[15] - 12*a[10]*a[11]^2*a[12]^2*a[19] + 12*a[10]*a[11]^2*a[12]^2 - 24*a[10]*a[11]^2*a[12]*a[15]*a[19] + 24*a[10]*a[11]^2*a[12]*a[15] - 12*a[10]*a[11]^2*a[14]*a[19] + 12*a[10]*a[11]^2*a[14] - 12*a[10]*a[11]*a[12]^2*a[15]*a[19] + 12*a[10]*a[11]*a[12]^2*a[15] - 24*a[10]*a[11]*a[12]*a[14]*a[19] + 24*a[10]*a[11]*a[12]*a[14] - 12*a[10]*a[11]*a[13]*a[19] + 12*a[10]*a[11]*a[13] - 4*a[10]*a[12]^2*a[14]*a[19] + 4*a[10]*a[12]^2*a[14] - 8*a[10]*a[12]*a[13]*a[19] + 8*a[10]*a[12]*a[13] - a[11]^4*a[12]^2*a[19] + a[11]^4*a[12]^2 - 2*a[11]^4*a[12]*a[15]*a[19] + 2*a[11]^4*a[12]*a[15] - a[11]^4*a[14]*a[19] + a[11]^4*a[14] - 4*a[11]^3*a[12]^2*a[15]*a[19] + 4*a[11]^3*a[12]^2*a[15] - 8*a[11]^3*a[12]*a[14]*a[19] + 8*a[11]^3*a[12]*a[14] - 4*a[11]^3*a[13]*a[19] + 4*a[11]^3*a[13] - 6*a[11]^2*a[12]^2*a[14]*a[19] + 6*a[11]^2*a[12]^2*a[14] - 12*a[11]^2*a[12]*a[13]*a[19] + 12*a[11]^2*a[12]*a[13] - 4*a[11]*a[12]^2*a[13]*a[19] + 4*a[11]*a[12]^2*a[13] - 56*a[16]^3 - 420*a[16]^2*a[17]^2 - 168*a[16]^2*a[17]*a[18] - 280*a[16]*a[17]^4 - 280*a[16]*a[17]^3*a[18] - 28*a[17]^6 - 56*a[17]^5*a[18],
2*a[3]*a[19] + 2*a[4]*a[7]*a[19] + 2*a[4]*a[8]*a[19] + 2*a[5]*a[6]*a[19] + 2*a[5]*a[7]*a[8]*a[19] + a[6]^2*a[8]*a[19] - 12*a[9]*a[10]*a[19] + 12*a[9]*a[10] - 12*a[9]*a[11]^2*a[19] + 12*a[9]*a[11]^2 - 24*a[9]*a[11]*a[12]*a[19] + 24*a[9]*a[11]*a[12] - 12*a[9]*a[11]*a[15]*a[19] + 12*a[9]*a[11]*a[15] - 4*a[9]*a[12]^2*a[19] + 4*a[9]*a[12]^2 - 8*a[9]*a[12]*a[15]*a[19] + 8*a[9]*a[12]*a[15] - 4*a[9]*a[14]*a[19] + 4*a[9]*a[14] - 12*a[10]^2*a[11]*a[19] + 12*a[10]^2*a[11] - 12*a[10]^2*a[12]*a[19] + 12*a[10]^2*a[12] - 6*a[10]^2*a[15]*a[19] + 6*a[10]^2*a[15] - 4*a[10]*a[11]^3*a[19] + 4*a[10]*a[11]^3 - 24*a[10]*a[11]^2*a[12]*a[19] + 24*a[10]*a[11]^2*a[12] - 12*a[10]*a[11]^2*a[15]*a[19] + 12*a[10]*a[11]^2*a[15] - 12*a[10]*a[11]*a[12]^2*a[19] + 12*a[10]*a[11]*a[12]^2 - 24*a[10]*a[11]*a[12]*a[15]*a[19] + 24*a[10]*a[11]*a[12]*a[15] - 12*a[10]*a[11]*a[14]*a[19] + 12*a[10]*a[11]*a[14] - 4*a[10]*a[12]^2*a[15]*a[19] + 4*a[10]*a[12]^2*a[15] - 8*a[10]*a[12]*a[14]*a[19] + 8*a[10]*a[12]*a[14] - 4*a[10]*a[13]*a[19] + 4*a[10]*a[13] - 2*a[11]^4*a[12]*a[19] + 2*a[11]^4*a[12] - a[11]^4*a[15]*a[19] + a[11]^4*a[15] - 4*a[11]^3*a[12]^2*a[19] + 4*a[11]^3*a[12]^2 - 8*a[11]^3*a[12]*a[15]*a[19] + 8*a[11]^3*a[12]*a[15] - 4*a[11]^3*a[14]*a[19] + 4*a[11]^3*a[14] - 6*a[11]^2*a[12]^2*a[15]*a[19] + 6*a[11]^2*a[12]^2*a[15] - 12*a[11]^2*a[12]*a[14]*a[19] + 12*a[11]^2*a[12]*a[14] - 6*a[11]^2*a[13]*a[19] + 6*a[11]^2*a[13] - 4*a[11]*a[12]^2*a[14]*a[19] + 4*a[11]*a[12]^2*a[14] - 8*a[11]*a[12]*a[13]*a[19] + 8*a[11]*a[12]*a[13] - a[12]^2*a[13]*a[19] + a[12]^2*a[13] - 168*a[16]^2*a[17] - 28*a[16]^2*a[18] - 280*a[16]*a[17]^3 - 168*a[16]*a[17]^2*a[18] - 56*a[17]^5 - 70*a[17]^4*a[18],
2*a[4]*a[19] + 2*a[5]*a[7]*a[19] + 2*a[5]*a[8]*a[19] + a[6]^2*a[19] + 2*a[6]*a[7]*a[8]*a[19] - 12*a[9]*a[11]*a[19] + 12*a[9]*a[11] - 8*a[9]*a[12]*a[19] + 8*a[9]*a[12] - 4*a[9]*a[15]*a[19] + 4*a[9]*a[15] - 6*a[10]^2*a[19] + 6*a[10]^2 - 12*a[10]*a[11]^2*a[19] + 12*a[10]*a[11]^2 - 24*a[10]*a[11]*a[12]*a[19] + 24*a[10]*a[11]*a[12] - 12*a[10]*a[11]*a[15]*a[19] + 12*a[10]*a[11]*a[15] - 4*a[10]*a[12]^2*a[19] + 4*a[10]*a[12]^2 - 8*a[10]*a[12]*a[15]*a[19] + 8*a[10]*a[12]*a[15] - 4*a[10]*a[14]*a[19] + 4*a[10]*a[14] - a[11]^4*a[19] + a[11]^4 - 8*a[11]^3*a[12]*a[19] + 8*a[11]^3*a[12] - 4*a[11]^3*a[15]*a[19] + 4*a[11]^3*a[15] - 6*a[11]^2*a[12]^2*a[19] + 6*a[11]^2*a[12]^2 - 12*a[11]^2*a[12]*a[15]*a[19] + 12*a[11]^2*a[12]*a[15] - 6*a[11]^2*a[14]*a[19] + 6*a[11]^2*a[14] - 4*a[11]*a[12]^2*a[15]*a[19] + 4*a[11]*a[12]^2*a[15] - 8*a[11]*a[12]*a[14]*a[19] + 8*a[11]*a[12]*a[14] - 4*a[11]*a[13]*a[19] + 4*a[11]*a[13] - a[12]^2*a[14]*a[19] + a[12]^2*a[14] - 2*a[12]*a[13]*a[19] + 2*a[12]*a[13] - 28*a[16]^2 - 168*a[16]*a[17]^2 - 56*a[16]*a[17]*a[18] - 70*a[17]^4 - 56*a[17]^3*a[18],
2*a[5]*a[19] + 2*a[6]*a[7]*a[19] + 2*a[6]*a[8]*a[19] + a[7]^2*a[8]*a[19] - 4*a[9]*a[19] + 4*a[9] - 12*a[10]*a[11]*a[19] + 12*a[10]*a[11] - 8*a[10]*a[12]*a[19] + 8*a[10]*a[12] - 4*a[10]*a[15]*a[19] + 4*a[10]*a[15] - 4*a[11]^3*a[19] + 4*a[11]^3 - 12*a[11]^2*a[12]*a[19] + 12*a[11]^2*a[12] - 6*a[11]^2*a[15]*a[19] + 6*a[11]^2*a[15] - 4*a[11]*a[12]^2*a[19] + 4*a[11]*a[12]^2 - 8*a[11]*a[12]*a[15]*a[19] + 8*a[11]*a[12]*a[15] - 4*a[11]*a[14]*a[19] + 4*a[11]*a[14] - a[12]^2*a[15]*a[19] + a[12]^2*a[15] - 2*a[12]*a[14]*a[19] + 2*a[12]*a[14] - a[13]*a[19] + a[13] - 56*a[16]*a[17] - 8*a[16]*a[18] - 56*a[17]^3 - 28*a[17]^2*a[18],
2*a[6]*a[19] + a[7]^2*a[19] + 2*a[7]*a[8]*a[19] - 4*a[10]*a[19] + 4*a[10] - 6*a[11]^2*a[19] + 6*a[11]^2 - 8*a[11]*a[12]*a[19] + 8*a[11]*a[12] - 4*a[11]*a[15]*a[19] + 4*a[11]*a[15] - a[12]^2*a[19] + a[12]^2 - 2*a[12]*a[15]*a[19] + 2*a[12]*a[15] - a[14]*a[19] + a[14] - 8*a[16] - 28*a[17]^2 - 8*a[17]*a[18],
2*a[7]*a[19] + a[8]*a[19] - 4*a[11]*a[19] + 4*a[11] - 2*a[12]*a[19] + 2*a[12] - a[15]*a[19] + a[15] - 8*a[17] - a[18]
]
1: Fold = 1.19211E-184, prec = 115... 
   Norm(w) = 4.61029E-182
   Fnew = 2.64315E-220 < Fold/2 = 5.96053E-185, using Newton step
2: Fold = 2.25407E-220, prec = 220... 
   Norm(w) = 1.21313E-187
   Fnew = 1.26698E-373 < Fold/2 = 1.12703E-220, using Newton step
3: Fold = 1.26698E-373, prec = 373... 
   Norm(w) = 3.11043E-372
   Fnew = 4.04218E-736 < Fold/2 = 6.33489E-374, using Newton step
4: Fold = 1.35440E-736, prec = 736... 
   Norm(w) = 2.13789E-702
   Fnew = 3.92922E-1403 < Fold/2 = 6.77200E-737, using Newton step
5: Fold = 3.92922E-1403, prec = 1403... 
   Norm(w) = 9.60575E-1402
   Fnew = 4.00577E-2796 < Fold/2 = 1.96461E-1403, using Newton step
6: Fold = 4.58637E-2796, prec = 2796... 
   Norm(w) = 4.08230E-2762
   Fnew = 1.43190E-5522 < Fold/2 = 2.29318E-2796, using Newton step
7: Fold = 1.43190E-5522, prec = 4800... 
   Norm(w) = 3.50150E-5521
   Fnew = 1.80987E-9590 < Fold/2 = 7.15949E-5523, using Newton step

Looking for coefficient to recognize number field...
  ...dumped recognition inputs to /Users/musty/two/dembele/rigidity/out/dump_248_rep4.m
    ==> trying degree m = 8  ...Trying to MakeK with m = 8
  ...Trying to MakeK with m = 8
  ...Trying to MakeK with m = 8
  ...Trying to MakeK with m = 8
  ...Trying to MakeK with m = 8
  ...Trying to MakeK with m = 8
  ...Trying to MakeK with m = 8
  ...Trying to MakeK with m = 8
  ...Trying to MakeK with m = 8
  ...Trying to MakeK with m = 8
  ...Trying to MakeK with m = 8
  ...Trying to MakeK with m = 8
  ...Trying to MakeK with m = 8
  ...Trying to MakeK with m = 8
  ...Trying to MakeK with m = 8
  ...Trying to MakeK with m = 8
  ...Trying to MakeK with m = 8
    ==> trying degree m = 7  ...Trying to MakeK with m = 7
  ...Trying to MakeK with m = 7
  ...Trying to MakeK with m = 7
  ...Trying to MakeK with m = 7
  ...Trying to MakeK with m = 7
  ...Trying to MakeK with m = 7
  ...Trying to MakeK with m = 7
  ...Trying to MakeK with m = 7
  ...Trying to MakeK with m = 7
  ...Trying to MakeK with m = 7
  ...Trying to MakeK with m = 7
  ...Trying to MakeK with m = 7
  ...Trying to MakeK with m = 7
