Nielsen representatives: 4, computing rep 2
Using unit disc with precision 200 and center root(-1)
Using working precision 200 with eps_thresh = 1.00000E-190
Radius of series to be used: 0.643594
Taking N = 1045 and Q = 1059
Ramification degrees e = [ 1, 1, 2, 1, 1, 1, 1, 2, 2, 2, 2 ] and offsets s = [ 0, 0, 1, 0, 0, 0, 0, 1, 1, 1, 1 ]
A: Taking j = 1, with distance 0.000000 and label Id($)
A: Rotating by delta_a^1, new coset 12
A: Rotating by delta_a^-1, already identified 12 (label da)
A: Rotating by delta_a^2, already identified 1 (label Id($))
B: Taking j = 1, with distance 0.000000 and label Id($)
B: Rotating by delta_b^1, new coset 13
A: Taking j = 13, with distance 1.52857 and label db
A: Rotating by delta_a^1, new coset 8
A: Rotating by delta_a^-1, already identified 8 (label db * da)
A: Rotating by delta_a^2, already identified 13 (label db)
B: Rotating by delta_b^-1, new coset 16
A: Taking j = 16, with distance 1.52857 and label db^-1
A: Rotating by delta_a^1, already identified 16 (label db^-1), sidepairing da^db
A: Rotating by delta_a^-1, already identified 16 (label db^-1), sidepairing db^-1 * da^-1 * db
B: Taking j = 12, with distance 0.000000 and label da
B: Rotating by delta_b^1, already identified 8 (label db * da), sidepairing (da^-1, db^-1)
B: Rotating by delta_b^-1, new coset 17
A: Taking j = 17, with distance 1.52857 and label da * db^-1
A: Rotating by delta_a^1, new coset 5
A: Rotating by delta_a^-1, already identified 5 (label da * db^-1 * da)
A: Rotating by delta_a^2, already identified 17 (label da * db^-1)
B: Taking j = 13, with distance 1.52857 and label db
B: Rotating by delta_b^1, new coset 10
A: Taking j = 10, with distance 2.44845 and label db^2
A: Rotating by delta_a^1, already identified 10 (label db^2), sidepairing db^2 * da * db^-2
A: Rotating by delta_a^-1, already identified 10 (label db^2), sidepairing db^2 * da^-1 * db^-2
B: Rotating by delta_b^-1, already identified 1 (label Id($))
B: Taking j = 8, with distance 1.52857 and label db * da
B: Rotating by delta_b^1, new coset 2
A: Taking j = 2, with distance 2.44845 and label db * da * db
A: Rotating by delta_a^1, new coset 11
A: Rotating by delta_a^-1, already identified 11 (label (db * da)^2)
A: Rotating by delta_a^2, already identified 2 (label db * da * db)
B: Rotating by delta_b^-1, already identified 12 (label da), sidepairing (db^-1, da^-1)
B: Taking j = 16, with distance 1.52857 and label db^-1
B: Rotating by delta_b^1, already identified 1 (label Id($))
B: Rotating by delta_b^-1, new coset 4
A: Taking j = 4, with distance 2.44845 and label db^-2
A: Rotating by delta_a^1, new coset 6
A: Rotating by delta_a^-1, already identified 6 (label db^-2 * da)
A: Rotating by delta_a^2, already identified 4 (label db^-2)
B: Taking j = 5, with distance 1.52857 and label da * db^-1 * da
B: Rotating by delta_b^1, new coset 14
A: Taking j = 14, with distance 3.05714 and label da * db^-1 * da * db
A: Rotating by delta_a^1, already identified 14 (label da * db^-1 * da * db), sidepairing da * db^-1 * da * db * da * db^-1 * da^-1 * db * da^-1
A: Rotating by delta_a^-1, already identified 14 (label da * db^-1 * da * db), sidepairing da * db^-1 * da * db * da^-1 * db^-1 * da^-1 * db * da^-1
B: Rotating by delta_b^-1, new coset 15
A: Taking j = 15, with distance 2.44845 and label (da * db^-1)^2
A: Rotating by delta_a^1, already identified 15 (label (da * db^-1)^2), sidepairing da * db^-1 * da * db^-1 * da * db * da^-1 * db * da^-1
A: Rotating by delta_a^-1, already identified 15 (label (da * db^-1)^2), sidepairing da * db^-1 * da * db^-1 * da^-1 * db * da^-1 * db * da^-1
B: Taking j = 17, with distance 1.52857 and label da * db^-1
B: Rotating by delta_b^1, already identified 12 (label da)
B: Rotating by delta_b^-1, already identified 11 (label (db * da)^2), sidepairing da * db^-2 * da^-1 * db^-1 * da^-1 * db^-1
B: Taking j = 10, with distance 2.44845 and label db^2
B: Rotating by delta_b^1, new coset 7
A: Taking j = 7, with distance 2.91404 and label db^3
A: Rotating by delta_a^1, new coset 9
A: Rotating by delta_a^-1, already identified 9 (label db^3 * da)
A: Rotating by delta_a^2, already identified 7 (label db^3)
B: Rotating by delta_b^-1, already identified 13 (label db)
B: Taking j = 2, with distance 2.44845 and label db * da * db
B: Rotating by delta_b^1, already identified 15 (label (da * db^-1)^2), sidepairing db * da * db^3 * da^-1 * db * da^-1
B: Rotating by delta_b^-1, already identified 8 (label db * da)
B: Taking j = 11, with distance 2.44845 and label (db * da)^2
B: Rotating by delta_b^1, already identified 17 (label da * db^-1), sidepairing db * da * db * da * db^2 * da^-1
B: Rotating by delta_b^-1, already identified 14 (label da * db^-1 * da * db), sidepairing db * da * db * da * db^-2 * da^-1 * db * da^-1
B: Taking j = 4, with distance 2.44845 and label db^-2
B: Rotating by delta_b^1, already identified 16 (label db^-1)
B: Rotating by delta_b^-1, already identified 6 (label db^-2 * da), sidepairing db^-3 * da^-1 * db^2
B: Taking j = 6, with distance 2.44845 and label db^-2 * da
B: Rotating by delta_b^1, already identified 4 (label db^-2), sidepairing db^-2 * da * db^3
B: Rotating by delta_b^-1, new coset 3
A: Taking j = 3, with distance 3.63158 and label db^-2 * da * db^-1
A: Rotating by delta_a^1, already identified 3 (label db^-2 * da * db^-1), sidepairing db^-2 * da * db^-1 * da * db * da^-1 * db^2
A: Rotating by delta_a^-1, already identified 3 (label db^-2 * da * db^-1), sidepairing db^-2 * da * db^-1 * da^-1 * db * da^-1 * db^2
B: Taking j = 15, with distance 2.44845 and label (da * db^-1)^2
B: Rotating by delta_b^1, already identified 5 (label da * db^-1 * da)
B: Rotating by delta_b^-1, already identified 2 (label db * da * db), sidepairing da * db^-1 * da * db^-3 * da^-1 * db^-1
B: Taking j = 9, with distance 2.91404 and label db^3 * da
B: Rotating by delta_b^1, already identified 9 (label db^3 * da), sidepairing db^3 * da * db * da^-1 * db^-3
B: Rotating by delta_b^-1, already identified 9 (label db^3 * da), sidepairing db^3 * da * db^-1 * da^-1 * db^-3
B: Taking j = 7, with distance 2.91404 and label db^3
B: Rotating by delta_b^1, already identified 3 (label db^-2 * da * db^-1), sidepairing db^5 * da^-1 * db^2
B: Rotating by delta_b^-1, already identified 10 (label db^2)
B: Taking j = 14, with distance 3.05714 and label da * db^-1 * da * db
B: Rotating by delta_b^1, already identified 11 (label (db * da)^2), sidepairing da * db^-1 * da * db^2 * da^-1 * db^-1 * da^-1 * db^-1
B: Rotating by delta_b^-1, already identified 5 (label da * db^-1 * da)
B: Taking j = 3, with distance 3.63158 and label db^-2 * da * db^-1
B: Rotating by delta_b^1, already identified 6 (label db^-2 * da)
B: Rotating by delta_b^-1, already identified 7 (label db^3), sidepairing db^-2 * da * db^-5
Indices of vertices to be used: [ 1, 2, 3, 4, 5, 7, 8, 10, 14, 15, 16 ]
Coset identifiers: [ 1, 2, 3, 4, 5, 4, 6, 7, 6, 8, 2, 1, 7, 9, 10, 11, 5 ]
Reducing to fundamental domain... Time: 11.670
Largest point had radius 0.643594!
dim = 1, fulldim = 1, so skipping coeffs []
Computing Js... Time: 30.340
Computing Wps... Time: 22.250
Arnoldi iteration 2... Time: 22.420
Arnoldi iteration 3... Time: 28.620
Arnoldi iteration 4... Time: 28.190
Arnoldi iteration 5... Time: 28.310
Arnoldi iteration 6... Time: 28.340
Arnoldi iteration 7... Time: 28.170
Arnoldi iteration 8... Time: 28.250
Arnoldi iteration 9... Time: 28.800
Arnoldi iteration 10... Time: 29.260
Numerical kernel 10... min 0.0592200 (of 0)... Time: 0.220
Arnoldi iteration 11... Time: 28.230
Numerical kernel 11... min 0.0524452 (of 0)... Time: 0.020
Arnoldi iteration 12... Time: 28.380
Numerical kernel 12... min 0.0189536 (of 0)... Time: 0.000
Arnoldi iteration 13... Time: 28.620
Numerical kernel 13... min 0.0265674 (of 0)... Time: 0.020
Arnoldi iteration 14... Time: 28.440
Numerical kernel 14... min 0.0114811 (of 0)... Time: 0.020
Arnoldi iteration 15... Time: 28.930
Numerical kernel 15... min 0.0173685 (of 0)... Time: 0.020
Arnoldi iteration 16... Time: 28.550
Numerical kernel 16... min 0.00286414 (of 0)... Time: 0.010
Arnoldi iteration 17... Time: 28.000
Numerical kernel 17... min 0.00205929 (of 0)... Time: 0.020
Arnoldi iteration 18... Time: 27.390
Numerical kernel 18... min 0.00158038 (of 0)... Time: 0.010
Arnoldi iteration 19... Time: 27.110
Numerical kernel 19... min 0.000710472 (of 0)... Time: 0.020
Arnoldi iteration 20... Time: 27.310
Numerical kernel 20... min 0.000384456 (of 0)... Time: 0.020
Arnoldi iteration 21... Time: 27.360
Numerical kernel 21... min 7.51391E-5 (of 0)... Time: 0.020
Arnoldi iteration 22... Time: 27.300
Numerical kernel 22... min 8.84378E-5 (of 0)... Time: 0.020
Arnoldi iteration 23... Time: 27.150
Numerical kernel 23... min 6.88317E-5 (of 0)... Time: 0.020
Arnoldi iteration 24... Time: 27.300
Numerical kernel 24... min 7.23684E-6 (of 0)... Time: 0.020
Arnoldi iteration 25... Time: 34.140
Numerical kernel 25... min 9.63800E-6 (of 0)... Time: 0.010
Arnoldi iteration 26... Time: 29.070
Numerical kernel 26... min 5.04925E-6 (of 0)... Time: 0.030
Arnoldi iteration 27... Time: 27.840
Numerical kernel 27... min 4.14635E-7 (of 0)... Time: 0.030
Arnoldi iteration 28... Time: 28.680
Numerical kernel 28... min 5.32628E-7 (of 0)... Time: 0.030
Arnoldi iteration 29... Time: 27.920
Numerical kernel 29... min 4.20070E-7 (of 0)... Time: 0.030
Arnoldi iteration 30... Time: 28.440
Numerical kernel 30... min 9.99594E-8 (of 0)... Time: 0.020
Arnoldi iteration 31... Time: 28.110
Numerical kernel 31... min 7.27138E-8 (of 0)... Time: 0.030
Arnoldi iteration 32... Time: 28.820
Numerical kernel 32... min 3.29633E-8 (of 0)... Time: 0.030
Arnoldi iteration 33... Time: 28.010
Numerical kernel 33... min 7.12666E-9 (of 0)... Time: 0.030
Arnoldi iteration 34... Time: 28.230
Numerical kernel 34... min 3.59212E-9 (of 0)... Time: 0.040
Arnoldi iteration 35... Time: 27.900
Numerical kernel 35... min 9.06869E-10 (of 0)... Time: 0.030
Arnoldi iteration 36... Time: 27.150
Numerical kernel 36... min 5.74534E-10 (of 0)... Time: 0.030
Arnoldi iteration 37... Time: 26.100
Numerical kernel 37... min 1.71828E-10 (of 0)... Time: 0.020
Arnoldi iteration 38... Time: 26.140
Numerical kernel 38... min 1.16546E-10 (of 0)... Time: 0.030
Arnoldi iteration 39... Time: 26.260
Numerical kernel 39... min 5.09336E-11 (of 0)... Time: 0.020
Arnoldi iteration 40... Time: 25.920
Numerical kernel 40... min 4.09875E-11 (of 0)... Time: 0.040
Arnoldi iteration 41... Time: 26.070
Numerical kernel 41... min 1.71245E-11 (of 0)... Time: 0.040
Arnoldi iteration 42... Time: 26.370
Numerical kernel 42... min 2.18137E-12 (of 0)... Time: 0.030
Arnoldi iteration 43... Time: 25.870
Numerical kernel 43... min 1.28977E-12 (of 0)... Time: 0.040
Arnoldi iteration 44... Time: 26.450
Numerical kernel 44... min 5.64974E-13 (of 0)... Time: 0.040
Arnoldi iteration 45... Time: 26.870
Numerical kernel 45... min 2.01084E-13 (of 0)... Time: 0.050
Arnoldi iteration 46... Time: 26.130
Numerical kernel 46... min 9.73572E-14 (of 0)... Time: 0.040
Arnoldi iteration 47... Time: 26.100
Numerical kernel 47... min 2.01283E-14 (of 0)... Time: 0.050
Arnoldi iteration 48... Time: 26.680
Numerical kernel 48... min 2.72015E-15 (of 0)... Time: 0.050
Arnoldi iteration 49... Time: 26.520
Numerical kernel 49... min 3.27652E-15 (of 0)... Time: 0.050
Arnoldi iteration 50... Time: 26.270
Numerical kernel 50... min 5.44536E-16 (of 0)... Time: 0.040
Arnoldi iteration 51... Time: 26.200
Numerical kernel 51... min 3.51582E-16 (of 0)... Time: 0.060
Arnoldi iteration 52... Time: 26.210
Numerical kernel 52... min 6.09646E-17 (of 0)... Time: 0.050
Arnoldi iteration 53... Time: 26.150
Numerical kernel 53... min 1.18546E-17 (of 0)... Time: 0.050
Arnoldi iteration 54... Time: 26.250
Numerical kernel 54... min 1.20035E-17 (of 0)... Time: 0.050
Arnoldi iteration 55... Time: 26.240
Numerical kernel 55... min 1.41056E-18 (of 0)... Time: 0.060
Arnoldi iteration 56... Time: 26.160
Numerical kernel 56... min 1.84573E-18 (of 0)... Time: 0.050
Arnoldi iteration 57... Time: 26.150
Numerical kernel 57... min 6.44818E-19 (of 0)... Time: 0.050
Arnoldi iteration 58... Time: 26.460
Numerical kernel 58... min 7.01375E-20 (of 0)... Time: 0.070
Arnoldi iteration 59... Time: 26.220
Numerical kernel 59... min 4.90450E-20 (of 0)... Time: 0.070
Arnoldi iteration 60... Time: 26.160
Numerical kernel 60... min 1.28291E-20 (of 0)... Time: 0.080
Arnoldi iteration 61... Time: 26.280
Numerical kernel 61... min 2.54608E-21 (of 0)... Time: 0.080
Arnoldi iteration 62... Time: 26.490
Numerical kernel 62... min 8.41528E-22 (of 0)... Time: 0.090
Arnoldi iteration 63... Time: 26.410
Numerical kernel 63... min 1.37051E-22 (of 0)... Time: 0.090
Arnoldi iteration 64... Time: 26.610
Numerical kernel 64... min 6.71337E-23 (of 0)... Time: 0.090
Arnoldi iteration 65... Time: 26.460
Numerical kernel 65... min 3.99322E-23 (of 0)... Time: 0.100
Arnoldi iteration 66... Time: 26.300
Numerical kernel 66... min 7.06533E-24 (of 0)... Time: 0.100
Arnoldi iteration 67... Time: 26.410
Numerical kernel 67... min 1.14005E-24 (of 0)... Time: 0.090
Arnoldi iteration 68... Time: 26.440
Numerical kernel 68... min 6.42512E-25 (of 0)... Time: 0.100
Arnoldi iteration 69... Time: 26.490
Numerical kernel 69... min 7.60786E-26 (of 0)... Time: 0.110
Arnoldi iteration 70... Time: 26.320
Numerical kernel 70... min 1.22662E-26 (of 0)... Time: 0.110
Arnoldi iteration 71... Time: 26.400
Numerical kernel 71... min 1.17718E-26 (of 0)... Time: 0.120
Arnoldi iteration 72... Time: 26.750
Numerical kernel 72... min 1.02451E-27 (of 0)... Time: 0.110
Arnoldi iteration 73... Time: 27.590
Numerical kernel 73... min 4.28247E-28 (of 0)... Time: 0.110
Arnoldi iteration 74... Time: 27.150
Numerical kernel 74... min 2.77381E-28 (of 0)... Time: 0.130
Arnoldi iteration 75... Time: 26.680
Numerical kernel 75... min 2.15764E-29 (of 0)... Time: 0.130
Arnoldi iteration 76... Time: 26.240
Numerical kernel 76... min 7.85930E-30 (of 0)... Time: 0.130
Arnoldi iteration 77... Time: 26.390
Numerical kernel 77... min 1.37444E-30 (of 0)... Time: 0.140
Arnoldi iteration 78... Time: 26.500
Numerical kernel 78... min 2.73827E-31 (of 0)... Time: 0.130
Arnoldi iteration 79... Time: 26.500
Numerical kernel 79... min 5.88457E-32 (of 0)... Time: 0.150
Arnoldi iteration 80... Time: 26.640
Numerical kernel 80... min 4.88704E-33 (of 0)... Time: 0.150
Arnoldi iteration 81... Time: 26.650
Numerical kernel 81... min 2.50668E-33 (of 0)... Time: 0.160
Arnoldi iteration 82... Time: 26.660
Numerical kernel 82... min 4.08106E-34 (of 0)... Time: 0.150
Arnoldi iteration 83... Time: 26.500
Numerical kernel 83... min 1.61134E-34 (of 0)... Time: 0.170
Arnoldi iteration 84... Time: 26.760
Numerical kernel 84... min 3.48255E-35 (of 0)... Time: 0.170
Arnoldi iteration 85... Time: 26.750
Numerical kernel 85... min 1.47659E-36 (of 0)... Time: 0.180
Arnoldi iteration 86... Time: 26.810
Numerical kernel 86... min 4.14199E-37 (of 0)... Time: 0.190
Arnoldi iteration 87... Time: 26.930
Numerical kernel 87... min 2.72461E-37 (of 0)... Time: 0.190
Arnoldi iteration 88... Time: 27.600
Numerical kernel 88... min 5.04180E-38 (of 0)... Time: 0.190
Arnoldi iteration 89... Time: 27.210
Numerical kernel 89... min 5.93894E-39 (of 0)... Time: 0.200
Arnoldi iteration 90... Time: 26.980
Numerical kernel 90... min 5.90329E-40 (of 0)... Time: 0.200
Arnoldi iteration 91... Time: 27.080
Numerical kernel 91... min 2.40141E-40 (of 0)... Time: 0.210
Arnoldi iteration 92... Time: 27.340
Numerical kernel 92... min 2.65068E-41 (of 0)... Time: 0.210
Arnoldi iteration 93... Time: 27.500
Numerical kernel 93... min 1.13348E-41 (of 0)... Time: 0.210
Arnoldi iteration 94... Time: 27.420
Numerical kernel 94... min 6.92733E-43 (of 0)... Time: 0.230
Arnoldi iteration 95... Time: 27.340
Numerical kernel 95... min 8.51845E-44 (of 0)... Time: 0.230
Arnoldi iteration 96... Time: 27.590
Numerical kernel 96... min 1.56046E-44 (of 0)... Time: 0.240
Arnoldi iteration 97... Time: 27.570
Numerical kernel 97... min 1.38005E-45 (of 0)... Time: 0.250
Arnoldi iteration 98... Time: 28.470
Numerical kernel 98... min 4.99247E-46 (of 0)... Time: 0.260
Arnoldi iteration 99... Time: 27.880
Numerical kernel 99... min 8.44537E-47 (of 0)... Time: 0.260
Arnoldi iteration 100... Time: 27.500
Numerical kernel 100... min 1.47912E-47 (of 0)... Time: 0.280
Arnoldi iteration 101... Time: 27.740
Numerical kernel 101... min 1.07379E-48 (of 0)... Time: 0.280
Arnoldi iteration 102... Time: 27.280
Numerical kernel 102... min 1.59974E-49 (of 0)... Time: 0.270
Arnoldi iteration 103... Time: 26.810
Numerical kernel 103... min 9.19948E-51 (of 0)... Time: 0.290
Arnoldi iteration 104... Time: 26.690
Numerical kernel 104... min 3.09273E-51 (of 0)... Time: 0.300
Arnoldi iteration 105... Time: 26.880
Numerical kernel 105... min 7.48041E-52 (of 0)... Time: 0.290
Arnoldi iteration 106... Time: 27.340
Numerical kernel 106... min 1.05766E-53 (of 0)... Time: 0.300
Arnoldi iteration 107... Time: 26.990
Numerical kernel 107... min 8.08808E-54 (of 0)... Time: 0.320
Arnoldi iteration 108... Time: 26.940
Numerical kernel 108... min 1.63421E-54 (of 0)... Time: 0.330
Arnoldi iteration 109... Time: 27.030
Numerical kernel 109... min 3.57691E-55 (of 0)... Time: 0.340
Arnoldi iteration 110... Time: 27.520
Numerical kernel 110... min 5.03490E-57 (of 0)... Time: 0.340
Arnoldi iteration 111... Time: 27.370
Numerical kernel 111... min 1.76027E-57 (of 0)... Time: 0.360
Arnoldi iteration 112... 