Nielsen representatives: 4, computing rep 3
Using unit disc with precision 200 and center root(-1)
Using working precision 200 with eps_thresh = 1.00000E-190
Radius of series to be used: 0.643594
Taking N = 1045 and Q = 1059
Ramification degrees e = [ 1, 1, 2, 1, 1, 1, 1, 2, 2, 2, 2 ] and offsets s = [ 0, 0, 1, 0, 0, 0, 0, 1, 1, 1, 1 ]
A: Taking j = 1, with distance 0.000000 and label Id($)
A: Rotating by delta_a^1, new coset 12
A: Rotating by delta_a^-1, already identified 12 (label da)
A: Rotating by delta_a^2, already identified 1 (label Id($))
B: Taking j = 1, with distance 0.000000 and label Id($)
B: Rotating by delta_b^1, new coset 7
A: Taking j = 7, with distance 1.52857 and label db
A: Rotating by delta_a^1, new coset 9
A: Rotating by delta_a^-1, already identified 9 (label db * da)
A: Rotating by delta_a^2, already identified 7 (label db)
B: Rotating by delta_b^-1, new coset 2
A: Taking j = 2, with distance 1.52857 and label db^-1
A: Rotating by delta_a^1, new coset 11
A: Rotating by delta_a^-1, already identified 11 (label db^-1 * da)
A: Rotating by delta_a^2, already identified 2 (label db^-1)
B: Taking j = 12, with distance 0.000000 and label da
B: Rotating by delta_b^1, new coset 5
A: Taking j = 5, with distance 1.52857 and label da * db
A: Rotating by delta_a^1, new coset 17
A: Rotating by delta_a^-1, already identified 17 (label da * db * da)
A: Rotating by delta_a^2, already identified 5 (label da * db)
B: Rotating by delta_b^-1, already identified 7 (label db), sidepairing da * db^-2
B: Taking j = 7, with distance 1.52857 and label db
B: Rotating by delta_b^1, already identified 12 (label da), sidepairing db^2 * da^-1
B: Rotating by delta_b^-1, already identified 1 (label Id($))
B: Taking j = 9, with distance 1.52857 and label db * da
B: Rotating by delta_b^1, new coset 15
A: Taking j = 15, with distance 2.44845 and label db * da * db
A: Rotating by delta_a^1, already identified 15 (label db * da * db), sidepairing db * da * db * da * db^-1 * da^-1 * db^-1
A: Rotating by delta_a^-1, already identified 15 (label db * da * db), sidepairing db * da * db * da^-1 * db^-1 * da^-1 * db^-1
B: Rotating by delta_b^-1, new coset 3
A: Taking j = 3, with distance 3.05714 and label db * da * db^-1
A: Rotating by delta_a^1, already identified 3 (label db * da * db^-1), sidepairing db * da * db^-1 * da * db * da^-1 * db^-1
A: Rotating by delta_a^-1, already identified 3 (label db * da * db^-1), sidepairing db * da * db^-1 * da^-1 * db * da^-1 * db^-1
B: Taking j = 2, with distance 1.52857 and label db^-1
B: Rotating by delta_b^1, already identified 1 (label Id($))
B: Rotating by delta_b^-1, new coset 16
A: Taking j = 16, with distance 2.44845 and label db^-2
A: Rotating by delta_a^1, already identified 16 (label db^-2), sidepairing db^-2 * da * db^2
A: Rotating by delta_a^-1, already identified 16 (label db^-2), sidepairing db^-2 * da^-1 * db^2
B: Taking j = 5, with distance 1.52857 and label da * db
B: Rotating by delta_b^1, new coset 13
A: Taking j = 13, with distance 2.44845 and label da * db^2
A: Rotating by delta_a^1, new coset 8
A: Rotating by delta_a^-1, already identified 8 (label da * db^2 * da)
A: Rotating by delta_a^2, already identified 13 (label da * db^2)
B: Rotating by delta_b^-1, already identified 12 (label da)
B: Taking j = 11, with distance 1.52857 and label db^-1 * da
B: Rotating by delta_b^1, already identified 11 (label db^-1 * da), sidepairing db^-1 * da * db * da^-1 * db
B: Rotating by delta_b^-1, already identified 11 (label db^-1 * da), sidepairing db^-1 * da * db^-1 * da^-1 * db
B: Taking j = 17, with distance 1.52857 and label da * db * da
B: Rotating by delta_b^1, new coset 4
A: Taking j = 4, with distance 2.44845 and label (da * db)^2
A: Rotating by delta_a^1, new coset 6
A: Rotating by delta_a^-1, already identified 6 (label da * db * da * db * da)
A: Rotating by delta_a^2, already identified 4 (label (da * db)^2)
B: Rotating by delta_b^-1, already identified 6 (label da * db * da * db * da), sidepairing da * db * da * db^-1 * da^-1 * db^-1 * da^-1 * db^-1 * da^-1
B: Taking j = 13, with distance 2.44845 and label da * db^2
B: Rotating by delta_b^1, already identified 8 (label da * db^2 * da), sidepairing da * db^3 * da^-1 * db^-2 * da^-1
B: Rotating by delta_b^-1, already identified 5 (label da * db)
B: Taking j = 8, with distance 2.44845 and label da * db^2 * da
B: Rotating by delta_b^1, already identified 16 (label db^-2), sidepairing da * db^2 * da * db^3
B: Rotating by delta_b^-1, already identified 13 (label da * db^2), sidepairing da * db^2 * da * db^-3 * da^-1
B: Taking j = 15, with distance 2.44845 and label db * da * db
B: Rotating by delta_b^1, already identified 6 (label da * db * da * db * da), sidepairing db * da * db^2 * da^-1 * db^-1 * da^-1 * db^-1 * da^-1
B: Rotating by delta_b^-1, already identified 9 (label db * da)
B: Taking j = 16, with distance 2.44845 and label db^-2
B: Rotating by delta_b^1, already identified 2 (label db^-1)
B: Rotating by delta_b^-1, already identified 8 (label da * db^2 * da), sidepairing db^-3 * da^-1 * db^-2 * da^-1
B: Taking j = 4, with distance 2.44845 and label (da * db)^2
B: Rotating by delta_b^1, new coset 14
A: Taking j = 14, with distance 3.63158 and label da * db * da * db^2
A: Rotating by delta_a^1, already identified 14 (label da * db * da * db^2), sidepairing da * db * da * db^2 * da * db^-2 * da^-1 * db^-1 * da^-1
A: Rotating by delta_a^-1, already identified 14 (label da * db * da * db^2), sidepairing da * db * da * db^2 * da^-1 * db^-2 * da^-1 * db^-1 * da^-1
B: Rotating by delta_b^-1, already identified 17 (label da * db * da)
B: Taking j = 6, with distance 2.44845 and label da * db * da * db * da
B: Rotating by delta_b^1, already identified 17 (label da * db * da), sidepairing da * db * da * db * da * db * da^-1 * db^-1 * da^-1
B: Rotating by delta_b^-1, already identified 15 (label db * da * db), sidepairing da * db * da * db * da * db^-2 * da^-1 * db^-1
B: Taking j = 3, with distance 3.05714 and label db * da * db^-1
B: Rotating by delta_b^1, already identified 9 (label db * da)
B: Rotating by delta_b^-1, new coset 10
A: Taking j = 10, with distance 3.94035 and label db * da * db^-2
A: Rotating by delta_a^1, already identified 10 (label db * da * db^-2), sidepairing db * da * db^-2 * da * db^2 * da^-1 * db^-1
A: Rotating by delta_a^-1, already identified 10 (label db * da * db^-2), sidepairing db * da * db^-2 * da^-1 * db^2 * da^-1 * db^-1
B: Taking j = 14, with distance 3.63158 and label da * db * da * db^2
B: Rotating by delta_b^1, already identified 10 (label db * da * db^-2), sidepairing da * db * da * db^5 * da^-1 * db^-1
B: Rotating by delta_b^-1, already identified 4 (label (da * db)^2)
B: Taking j = 10, with distance 3.94035 and label db * da * db^-2
B: Rotating by delta_b^1, already identified 3 (label db * da * db^-1)
B: Rotating by delta_b^-1, already identified 14 (label da * db * da * db^2), sidepairing db * da * db^-5 * da^-1 * db^-1 * da^-1
Indices of vertices to be used: [ 1, 2, 3, 4, 5, 7, 8, 10, 14, 15, 16 ]
Coset identifiers: [ 1, 2, 3, 4, 5, 4, 6, 7, 6, 8, 2, 1, 7, 9, 10, 11, 5 ]
Reducing to fundamental domain... Time: 12.020
Largest point had radius 0.643594!
dim = 1, fulldim = 1, so skipping coeffs []
Computing Js... Time: 30.080
Computing Wps... Time: 21.460
Arnoldi iteration 2... Time: 22.520
Arnoldi iteration 3... Time: 28.270
Arnoldi iteration 4... Time: 27.920
Arnoldi iteration 5... Time: 27.980
Arnoldi iteration 6... Time: 28.050
Arnoldi iteration 7... Time: 27.780
Arnoldi iteration 8... Time: 27.920
Arnoldi iteration 9... Time: 28.520
Arnoldi iteration 10... Time: 29.000
Numerical kernel 10... min 0.00362932 (of 0)... Time: 0.230
Arnoldi iteration 11... Time: 27.940
Numerical kernel 11... min 0.00184782 (of 0)... Time: 0.010
Arnoldi iteration 12... Time: 28.080
Numerical kernel 12... min 0.000598436 (of 0)... Time: 0.020
Arnoldi iteration 13... Time: 28.310
Numerical kernel 13... min 0.000358157 (of 0)... Time: 0.020
Arnoldi iteration 14... Time: 28.200
Numerical kernel 14... min 0.000178940 (of 0)... Time: 0.020
Arnoldi iteration 15... Time: 28.630
Numerical kernel 15... min 0.000101071 (of 0)... Time: 0.020
Arnoldi iteration 16... Time: 28.280
Numerical kernel 16... min 7.91801E-5 (of 0)... Time: 0.010
Arnoldi iteration 17... Time: 27.670
Numerical kernel 17... min 1.55539E-5 (of 0)... Time: 0.020
Arnoldi iteration 18... Time: 27.140
Numerical kernel 18... min 1.26766E-5 (of 0)... Time: 0.020
Arnoldi iteration 19... Time: 26.840
Numerical kernel 19... min 6.88028E-6 (of 0)... Time: 0.010
Arnoldi iteration 20... Time: 27.050
Numerical kernel 20... min 5.58396E-6 (of 0)... Time: 0.030
Arnoldi iteration 21... Time: 27.100
Numerical kernel 21... min 4.53829E-7 (of 0)... Time: 0.010
Arnoldi iteration 22... Time: 27.030
Numerical kernel 22... min 9.09257E-7 (of 0)... Time: 0.020
Arnoldi iteration 23... Time: 26.870
Numerical kernel 23... min 2.80894E-7 (of 0)... Time: 0.030
Arnoldi iteration 24... Time: 26.960
Numerical kernel 24... min 1.77369E-7 (of 0)... Time: 0.020
Arnoldi iteration 25... Time: 26.770
Numerical kernel 25... min 5.84106E-8 (of 0)... Time: 0.030
Arnoldi iteration 26... Time: 27.320
Numerical kernel 26... min 5.55192E-9 (of 0)... Time: 0.030
Arnoldi iteration 27... Time: 28.510
Numerical kernel 27... min 1.74502E-8 (of 0)... Time: 0.040
Arnoldi iteration 28... Time: 27.410
Numerical kernel 28... min 1.58905E-8 (of 0)... Time: 0.030
Arnoldi iteration 29... Time: 28.370
Numerical kernel 29... min 1.19763E-8 (of 0)... Time: 0.040
Arnoldi iteration 30... Time: 27.800
Numerical kernel 30... min 6.10704E-9 (of 0)... Time: 0.040
Arnoldi iteration 31... Time: 28.010
Numerical kernel 31... min 1.54841E-9 (of 0)... Time: 0.030
Arnoldi iteration 32... Time: 28.100
Numerical kernel 32... min 1.68443E-9 (of 0)... Time: 0.040
Arnoldi iteration 33... Time: 28.430
Numerical kernel 33... min 1.87993E-10 (of 0)... Time: 0.030
Arnoldi iteration 34... Time: 27.840
Numerical kernel 34... min 1.09170E-10 (of 0)... Time: 0.040
Arnoldi iteration 35... Time: 27.900
Numerical kernel 35... min 3.63529E-11 (of 0)... Time: 0.040
Arnoldi iteration 36... Time: 27.450
Numerical kernel 36... min 2.50769E-11 (of 0)... Time: 0.040
Arnoldi iteration 37... 