Nielsen representatives: 4, computing rep 4
Using unit disc with precision 200 and center root(-1)
Using working precision 200 with eps_thresh = 1.00000E-190
Radius of series to be used: 0.643594
Taking N = 1045 and Q = 1059
Ramification degrees e = [ 1, 1, 2, 1, 1, 1, 1, 2, 2, 2, 2 ] and offsets s = [ 0, 0, 1, 0, 0, 0, 0, 1, 1, 1, 1 ]
A: Taking j = 1, with distance 0.000000 and label Id($)
A: Rotating by delta_a^1, new coset 12
A: Rotating by delta_a^-1, already identified 12 (label da)
A: Rotating by delta_a^2, already identified 1 (label Id($))
B: Taking j = 1, with distance 0.000000 and label Id($)
B: Rotating by delta_b^1, new coset 15
A: Taking j = 15, with distance 1.52857 and label db
A: Rotating by delta_a^1, already identified 15 (label db), sidepairing db * da * db^-1
A: Rotating by delta_a^-1, already identified 15 (label db), sidepairing db * da^-1 * db^-1
B: Rotating by delta_b^-1, new coset 13
A: Taking j = 13, with distance 1.52857 and label db^-1
A: Rotating by delta_a^1, new coset 8
A: Rotating by delta_a^-1, already identified 8 (label db^-1 * da)
A: Rotating by delta_a^2, already identified 13 (label db^-1)
B: Taking j = 12, with distance 0.000000 and label da
B: Rotating by delta_b^1, new coset 17
A: Taking j = 17, with distance 1.52857 and label da * db
A: Rotating by delta_a^1, new coset 5
A: Rotating by delta_a^-1, already identified 5 (label da * db * da)
A: Rotating by delta_a^2, already identified 17 (label da * db)
B: Rotating by delta_b^-1, new coset 9
A: Taking j = 9, with distance 1.52857 and label da * db^-1
A: Rotating by delta_a^1, new coset 7
A: Rotating by delta_a^-1, already identified 7 (label da * db^-1 * da)
A: Rotating by delta_a^2, already identified 9 (label da * db^-1)
B: Taking j = 15, with distance 1.52857 and label db
B: Rotating by delta_b^1, new coset 10
A: Taking j = 10, with distance 2.44845 and label db^2
A: Rotating by delta_a^1, already identified 10 (label db^2), sidepairing db^2 * da * db^-2
A: Rotating by delta_a^-1, already identified 10 (label db^2), sidepairing db^2 * da^-1 * db^-2
B: Rotating by delta_b^-1, already identified 1 (label Id($))
B: Taking j = 13, with distance 1.52857 and label db^-1
B: Rotating by delta_b^1, already identified 1 (label Id($))
B: Rotating by delta_b^-1, already identified 17 (label da * db), sidepairing db^-3 * da^-1
B: Taking j = 17, with distance 1.52857 and label da * db
B: Rotating by delta_b^1, already identified 13 (label db^-1), sidepairing da * db^3
B: Rotating by delta_b^-1, already identified 12 (label da)
B: Taking j = 7, with distance 1.52857 and label da * db^-1 * da
B: Rotating by delta_b^1, new coset 6
A: Taking j = 6, with distance 3.05714 and label da * db^-1 * da * db
A: Rotating by delta_a^1, new coset 4
A: Rotating by delta_a^-1, already identified 4 (label da * db^-1 * da * db * da)
A: Rotating by delta_a^2, already identified 6 (label da * db^-1 * da * db)
B: Rotating by delta_b^-1, new coset 2
A: Taking j = 2, with distance 2.44845 and label (da * db^-1)^2
A: Rotating by delta_a^1, new coset 11
A: Rotating by delta_a^-1, already identified 11 (label da * db^-1 * da * db^-1 * da)
A: Rotating by delta_a^2, already identified 2 (label (da * db^-1)^2)
B: Taking j = 8, with distance 1.52857 and label db^-1 * da
B: Rotating by delta_b^1, new coset 3
A: Taking j = 3, with distance 3.05714 and label da^db
A: Rotating by delta_a^1, already identified 3 (label da^db), sidepairing db^-1 * da * db * da * db^-1 * da^-1 * db
A: Rotating by delta_a^-1, already identified 3 (label da^db), sidepairing db^-1 * da * db * da^-1 * db^-1 * da^-1 * db
B: Rotating by delta_b^-1, new coset 16
A: Taking j = 16, with distance 2.44845 and label db^-1 * da * db^-1
A: Rotating by delta_a^1, already identified 16 (label db^-1 * da * db^-1), sidepairing db^-1 * da * db^-1 * da * db * da^-1 * db
A: Rotating by delta_a^-1, already identified 16 (label db^-1 * da * db^-1), sidepairing db^-1 * da * db^-1 * da^-1 * db * da^-1 * db
B: Taking j = 5, with distance 1.52857 and label da * db * da
B: Rotating by delta_b^1, already identified 5 (label da * db * da), sidepairing da * db * da * db * da^-1 * db^-1 * da^-1
B: Rotating by delta_b^-1, already identified 5 (label da * db * da), sidepairing da * db * da * db^-1 * da^-1 * db^-1 * da^-1
B: Taking j = 9, with distance 1.52857 and label da * db^-1
B: Rotating by delta_b^1, already identified 12 (label da)
B: Rotating by delta_b^-1, new coset 14
A: Taking j = 14, with distance 2.44845 and label da * db^-2
A: Rotating by delta_a^1, already identified 14 (label da * db^-2), sidepairing da * db^-2 * da * db^2 * da^-1
A: Rotating by delta_a^-1, already identified 14 (label da * db^-2), sidepairing da * db^-2 * da^-1 * db^2 * da^-1
B: Taking j = 16, with distance 2.44845 and label db^-1 * da * db^-1
B: Rotating by delta_b^1, already identified 8 (label db^-1 * da)
B: Rotating by delta_b^-1, already identified 6 (label da * db^-1 * da * db), sidepairing db^-1 * da * db^-3 * da^-1 * db * da^-1
B: Taking j = 10, with distance 2.44845 and label db^2
B: Rotating by delta_b^1, already identified 14 (label da * db^-2), sidepairing db^5 * da^-1
B: Rotating by delta_b^-1, already identified 15 (label db)
B: Taking j = 14, with distance 2.44845 and label da * db^-2
B: Rotating by delta_b^1, already identified 9 (label da * db^-1)
B: Rotating by delta_b^-1, already identified 10 (label db^2), sidepairing da * db^-5
B: Taking j = 2, with distance 2.44845 and label (da * db^-1)^2
B: Rotating by delta_b^1, already identified 7 (label da * db^-1 * da)
B: Rotating by delta_b^-1, already identified 11 (label da * db^-1 * da * db^-1 * da), sidepairing da * db^-1 * da * db^-2 * da^-1 * db * da^-1 * db * da^-1
B: Taking j = 11, with distance 2.44845 and label da * db^-1 * da * db^-1 * da
B: Rotating by delta_b^1, already identified 2 (label (da * db^-1)^2), sidepairing da * db^-1 * da * db^-1 * da * db^2 * da^-1 * db * da^-1
B: Rotating by delta_b^-1, already identified 4 (label da * db^-1 * da * db * da), sidepairing da * db^-1 * da * db^-1 * da * db^-1 * da^-1 * db^-1 * da^-1 * db * da^-1
B: Taking j = 6, with distance 3.05714 and label da * db^-1 * da * db
B: Rotating by delta_b^1, already identified 16 (label db^-1 * da * db^-1), sidepairing da * db^-1 * da * db^3 * da^-1 * db
B: Rotating by delta_b^-1, already identified 7 (label da * db^-1 * da)
B: Taking j = 4, with distance 3.05714 and label da * db^-1 * da * db * da
B: Rotating by delta_b^1, already identified 11 (label da * db^-1 * da * db^-1 * da), sidepairing da * db^-1 * da * db * da * db * da^-1 * db * da^-1 * db * da^-1
B: Rotating by delta_b^-1, already identified 3 (label da^db), sidepairing da * db^-1 * da * db * da * db^-2 * da^-1 * db
B: Taking j = 3, with distance 3.05714 and label da^db
B: Rotating by delta_b^1, already identified 4 (label da * db^-1 * da * db * da), sidepairing db^-1 * da * db^2 * da^-1 * db^-1 * da^-1 * db * da^-1
B: Rotating by delta_b^-1, already identified 8 (label db^-1 * da)
Indices of vertices to be used: [ 1, 2, 3, 4, 5, 7, 8, 10, 14, 15, 16 ]
Coset identifiers: [ 1, 2, 3, 4, 5, 4, 6, 7, 6, 8, 2, 1, 7, 9, 10, 11, 5 ]
Reducing to fundamental domain... Time: 11.600
Largest point had radius 0.643594!
dim = 1, fulldim = 1, so skipping coeffs []
Computing Js... Time: 29.700
Computing Wps... Time: 21.060
Arnoldi iteration 2... Time: 20.250
Arnoldi iteration 3... Time: 28.360
Arnoldi iteration 4... Time: 28.050
Arnoldi iteration 5... Time: 27.740
Arnoldi iteration 6... Time: 28.170
Arnoldi iteration 7... Time: 27.900
Arnoldi iteration 8... Time: 27.770
Arnoldi iteration 9... Time: 28.110
Arnoldi iteration 10... Time: 29.030
Numerical kernel 10... min 0.00274426 (of 0)... Time: 0.250
Arnoldi iteration 11... Time: 28.100
Numerical kernel 11... min 0.000759544 (of 0)... Time: 0.020
Arnoldi iteration 12... Time: 28.120
Numerical kernel 12... min 0.000937817 (of 0)... Time: 0.020
Arnoldi iteration 13... Time: 28.210
Numerical kernel 13... min 0.000170671 (of 0)... Time: 0.010
Arnoldi iteration 14... Time: 28.190
Numerical kernel 14... min 0.000375166 (of 0)... Time: 0.010
Arnoldi iteration 15... Time: 28.300
Numerical kernel 15... min 0.000106177 (of 0)... Time: 0.010
Arnoldi iteration 16... Time: 28.650
Numerical kernel 16... min 6.50003E-5 (of 0)... Time: 0.020
Arnoldi iteration 17... Time: 27.690
Numerical kernel 17... min 3.81701E-5 (of 0)... Time: 0.020
Arnoldi iteration 18... Time: 27.800
Numerical kernel 18... min 3.72323E-6 (of 0)... Time: 0.010
Arnoldi iteration 19... Time: 26.580
Numerical kernel 19... min 9.34383E-6 (of 0)... Time: 0.020
Arnoldi iteration 20... Time: 26.890
Numerical kernel 20... min 4.81745E-6 (of 0)... Time: 0.010
Arnoldi iteration 21... Time: 27.130
Numerical kernel 21... min 2.72401E-6 (of 0)... Time: 0.020
Arnoldi iteration 22... Time: 26.950
Numerical kernel 22... min 7.92585E-7 (of 0)... Time: 0.020
Arnoldi iteration 23... Time: 27.030
Numerical kernel 23... min 6.67740E-7 (of 0)... Time: 0.020
Arnoldi iteration 24... Time: 26.770
Numerical kernel 24... min 7.12145E-8 (of 0)... Time: 0.020
Arnoldi iteration 25... Time: 27.050
Numerical kernel 25... min 1.29197E-7 (of 0)... Time: 0.020
Arnoldi iteration 26... Time: 27.130
Numerical kernel 26... min 4.38014E-8 (of 0)... Time: 0.030
Arnoldi iteration 27... Time: 27.290
Numerical kernel 27... min 2.11855E-8 (of 0)... Time: 0.030
Arnoldi iteration 28... Time: 28.310
Numerical kernel 28... min 1.53290E-8 (of 0)... Time: 0.020
Arnoldi iteration 29... Time: 27.610
Numerical kernel 29... min 3.72700E-9 (of 0)... Time: 0.020
Arnoldi iteration 30... Time: 27.970
Numerical kernel 30... min 3.37898E-9 (of 0)... Time: 0.030
Arnoldi iteration 31... Time: 28.170
Numerical kernel 31... min 4.13003E-10 (of 0)... Time: 0.020
Arnoldi iteration 32... Time: 27.730
Numerical kernel 32... min 5.25653E-11 (of 0)... Time: 0.030
Arnoldi iteration 33... Time: 28.250
Numerical kernel 33... min 1.59394E-10 (of 0)... Time: 0.040
Arnoldi iteration 34... Time: 27.970
Numerical kernel 34... min 2.91305E-11 (of 0)... Time: 0.030
Arnoldi iteration 35... Time: 27.930
Numerical kernel 35... min 3.93222E-11 (of 0)... Time: 0.040
Arnoldi iteration 36... Time: 27.700
Numerical kernel 36... min 1.03225E-11 (of 0)... Time: 0.030
Arnoldi iteration 37... Time: 27.320
Numerical kernel 37... min 1.75476E-12 (of 0)... Time: 0.040
Arnoldi iteration 38... 