Nielsen representatives: 4, computing rep 1
Using unit disc with precision 200 and center root(-1)
Using working precision 200 with eps_thresh = 1.00000E-190
Radius of series to be used: 0.643594
Taking N = 1045 and Q = 1059
Ramification degrees e = [ 1, 1, 2, 1, 1, 1, 1, 2, 2, 2, 2 ] and offsets s = [ 0, 0, 1, 0, 0, 0, 0, 1, 1, 1, 1 ]
A: Taking j = 1, with distance 0.000000 and label Id($)
A: Rotating by delta_a^1, new coset 12
A: Rotating by delta_a^-1, already identified 12 (label da)
A: Rotating by delta_a^2, already identified 1 (label Id($))
B: Taking j = 1, with distance 0.000000 and label Id($)
B: Rotating by delta_b^1, new coset 3
A: Taking j = 3, with distance 1.52857 and label db
A: Rotating by delta_a^1, already identified 3 (label db), sidepairing db * da * db^-1
A: Rotating by delta_a^-1, already identified 3 (label db), sidepairing db * da^-1 * db^-1
B: Rotating by delta_b^-1, new coset 17
A: Taking j = 17, with distance 1.52857 and label db^-1
A: Rotating by delta_a^1, new coset 5
A: Rotating by delta_a^-1, already identified 5 (label db^-1 * da)
A: Rotating by delta_a^2, already identified 17 (label db^-1)
B: Taking j = 12, with distance 0.000000 and label da
B: Rotating by delta_b^1, new coset 15
A: Taking j = 15, with distance 1.52857 and label da * db
A: Rotating by delta_a^1, already identified 15 (label da * db), sidepairing da * db * da * db^-1 * da^-1
A: Rotating by delta_a^-1, already identified 15 (label da * db), sidepairing da * db * da^-1 * db^-1 * da^-1
B: Rotating by delta_b^-1, new coset 9
A: Taking j = 9, with distance 1.52857 and label da * db^-1
A: Rotating by delta_a^1, new coset 7
A: Rotating by delta_a^-1, already identified 7 (label da * db^-1 * da)
A: Rotating by delta_a^2, already identified 9 (label da * db^-1)
B: Taking j = 3, with distance 1.52857 and label db
B: Rotating by delta_b^1, new coset 4
A: Taking j = 4, with distance 2.44845 and label db^2
A: Rotating by delta_a^1, new coset 6
A: Rotating by delta_a^-1, already identified 6 (label db^2 * da)
A: Rotating by delta_a^2, already identified 4 (label db^2)
B: Rotating by delta_b^-1, already identified 1 (label Id($))
B: Taking j = 17, with distance 1.52857 and label db^-1
B: Rotating by delta_b^1, already identified 1 (label Id($))
B: Rotating by delta_b^-1, new coset 16
A: Taking j = 16, with distance 2.44845 and label db^-2
A: Rotating by delta_a^1, already identified 16 (label db^-2), sidepairing db^-2 * da * db^2
A: Rotating by delta_a^-1, already identified 16 (label db^-2), sidepairing db^-2 * da^-1 * db^2
B: Taking j = 15, with distance 1.52857 and label da * db
B: Rotating by delta_b^1, already identified 6 (label db^2 * da), sidepairing da * db^2 * da^-1 * db^-2
B: Rotating by delta_b^-1, already identified 12 (label da)
B: Taking j = 7, with distance 1.52857 and label da * db^-1 * da
B: Rotating by delta_b^1, already identified 7 (label da * db^-1 * da), sidepairing da * db^-1 * da * db * da^-1 * db * da^-1
B: Rotating by delta_b^-1, already identified 7 (label da * db^-1 * da), sidepairing da * db^-1 * da * db^-1 * da^-1 * db * da^-1
B: Taking j = 5, with distance 1.52857 and label db^-1 * da
B: Rotating by delta_b^1, already identified 9 (label da * db^-1), sidepairing db^-1 * da * db^2 * da^-1
B: Rotating by delta_b^-1, new coset 10
A: Taking j = 10, with distance 2.44845 and label db^-1 * da * db^-1
A: Rotating by delta_a^1, already identified 10 (label db^-1 * da * db^-1), sidepairing db^-1 * da * db^-1 * da * db * da^-1 * db
A: Rotating by delta_a^-1, already identified 10 (label db^-1 * da * db^-1), sidepairing db^-1 * da * db^-1 * da^-1 * db * da^-1 * db
B: Taking j = 9, with distance 1.52857 and label da * db^-1
B: Rotating by delta_b^1, already identified 12 (label da)
B: Rotating by delta_b^-1, already identified 5 (label db^-1 * da), sidepairing da * db^-2 * da^-1 * db
B: Taking j = 10, with distance 2.44845 and label db^-1 * da * db^-1
B: Rotating by delta_b^1, already identified 5 (label db^-1 * da)
B: Rotating by delta_b^-1, new coset 14
A: Taking j = 14, with distance 3.63158 and label db^-1 * da * db^-2
A: Rotating by delta_a^1, already identified 14 (label db^-1 * da * db^-2), sidepairing db^-1 * da * db^-2 * da * db^2 * da^-1 * db
A: Rotating by delta_a^-1, already identified 14 (label db^-1 * da * db^-2), sidepairing db^-1 * da * db^-2 * da^-1 * db^2 * da^-1 * db
B: Taking j = 4, with distance 2.44845 and label db^2
B: Rotating by delta_b^1, new coset 2
A: Taking j = 2, with distance 2.91404 and label db^3
A: Rotating by delta_a^1, new coset 11
A: Rotating by delta_a^-1, already identified 11 (label db^3 * da)
A: Rotating by delta_a^2, already identified 2 (label db^3)
B: Rotating by delta_b^-1, already identified 3 (label db)
B: Taking j = 6, with distance 2.44845 and label db^2 * da
B: Rotating by delta_b^1, new coset 8
A: Taking j = 8, with distance 3.63158 and label db^2 * da * db
A: Rotating by delta_a^1, new coset 13
A: Rotating by delta_a^-1, already identified 13 (label db^2 * da * db * da)
A: Rotating by delta_a^2, already identified 8 (label db^2 * da * db)
B: Rotating by delta_b^-1, already identified 15 (label da * db), sidepairing db^2 * da * db^-2 * da^-1
B: Taking j = 16, with distance 2.44845 and label db^-2
B: Rotating by delta_b^1, already identified 17 (label db^-1)
B: Rotating by delta_b^-1, already identified 13 (label db^2 * da * db * da), sidepairing db^-3 * da^-1 * db^-1 * da^-1 * db^-2
B: Taking j = 11, with distance 2.91404 and label db^3 * da
B: Rotating by delta_b^1, already identified 13 (label db^2 * da * db * da), sidepairing db^3 * da * db * da^-1 * db^-1 * da^-1 * db^-2
B: Rotating by delta_b^-1, already identified 2 (label db^3), sidepairing db^3 * da * db^-4
B: Taking j = 2, with distance 2.91404 and label db^3
B: Rotating by delta_b^1, already identified 11 (label db^3 * da), sidepairing db^4 * da^-1 * db^-3
B: Rotating by delta_b^-1, already identified 4 (label db^2)
B: Taking j = 14, with distance 3.63158 and label db^-1 * da * db^-2
B: Rotating by delta_b^1, already identified 10 (label db^-1 * da * db^-1)
B: Rotating by delta_b^-1, already identified 8 (label db^2 * da * db), sidepairing db^-1 * da * db^-4 * da^-1 * db^-2
B: Taking j = 13, with distance 3.63158 and label db^2 * da * db * da
B: Rotating by delta_b^1, already identified 16 (label db^-2), sidepairing db^2 * da * db * da * db^3
B: Rotating by delta_b^-1, already identified 11 (label db^3 * da), sidepairing db^2 * da * db * da * db^-1 * da^-1 * db^-3
B: Taking j = 8, with distance 3.63158 and label db^2 * da * db
B: Rotating by delta_b^1, already identified 14 (label db^-1 * da * db^-2), sidepairing db^2 * da * db^4 * da^-1 * db
B: Rotating by delta_b^-1, already identified 6 (label db^2 * da)
Indices of vertices to be used: [ 1, 2, 3, 4, 5, 7, 8, 10, 14, 15, 16 ]
Coset identifiers: [ 1, 2, 3, 4, 5, 4, 6, 7, 6, 8, 2, 1, 7, 9, 10, 11, 5 ]
Reducing to fundamental domain... Time: 11.370
Largest point had radius 0.643594!
dim = 1, fulldim = 1, so skipping coeffs []
Computing Js... Time: 29.480
Computing Wps... Time: 21.730
Arnoldi iteration 2... Time: 20.180
Arnoldi iteration 3... Time: 28.720
Arnoldi iteration 4... Time: 28.340
Arnoldi iteration 5... Time: 28.030
Arnoldi iteration 6... Time: 28.490
Arnoldi iteration 7... Time: 28.300
Arnoldi iteration 8... Time: 28.110
Arnoldi iteration 9... Time: 28.460
Arnoldi iteration 10... Time: 29.340
Numerical kernel 10... min 0.00152197 (of 0)... Time: 0.200
Arnoldi iteration 11... Time: 28.460
Numerical kernel 11... min 0.000125289 (of 0)... Time: 0.010
Arnoldi iteration 12... Time: 28.510
Numerical kernel 12... min 0.00115169 (of 0)... Time: 0.000
Arnoldi iteration 13... Time: 28.530
Numerical kernel 13... min 0.000382064 (of 0)... Time: 0.010
Arnoldi iteration 14... Time: 28.530
Numerical kernel 14... min 0.000416162 (of 0)... Time: 0.010
Arnoldi iteration 15... Time: 28.580
Numerical kernel 15... min 0.000111475 (of 0)... Time: 0.010
Arnoldi iteration 16... Time: 36.730
Numerical kernel 16... min 1.83602E-5 (of 0)... Time: 0.010
Arnoldi iteration 17... Time: 28.830
Numerical kernel 17... min 9.01817E-6 (of 0)... Time: 0.020
Arnoldi iteration 18... Time: 26.970
Numerical kernel 18... min 6.56726E-6 (of 0)... Time: 0.000
Arnoldi iteration 19... Time: 27.250
Numerical kernel 19... min 7.82149E-6 (of 0)... Time: 0.020
Arnoldi iteration 20... Time: 27.450
Numerical kernel 20... min 4.30000E-6 (of 0)... Time: 0.010
Arnoldi iteration 21... Time: 27.260
Numerical kernel 21... min 1.50339E-6 (of 0)... Time: 0.010
Arnoldi iteration 22... Time: 27.360
Numerical kernel 22... min 1.17469E-6 (of 0)... Time: 0.020
Arnoldi iteration 23... Time: 27.180
Numerical kernel 23... min 3.48087E-7 (of 0)... Time: 0.020
Arnoldi iteration 24... Time: 27.440
Numerical kernel 24... min 2.47172E-7 (of 0)... Time: 0.020
Arnoldi iteration 25... Time: 27.440
Numerical kernel 25... min 1.46362E-7 (of 0)... Time: 0.020
Arnoldi iteration 26... Time: 27.680
Numerical kernel 26... min 3.37991E-9 (of 0)... Time: 0.020
Arnoldi iteration 27... Time: 28.730
Numerical kernel 27... min 4.22688E-8 (of 0)... Time: 0.020
Arnoldi iteration 28... Time: 27.930
Numerical kernel 28... min 5.29629E-9 (of 0)... Time: 0.020
Arnoldi iteration 29... Time: 28.350
Numerical kernel 29... min 7.88714E-9 (of 0)... Time: 0.020
Arnoldi iteration 30... Time: 28.570
Numerical kernel 30... min 1.39053E-9 (of 0)... Time: 0.020
Arnoldi iteration 31... Time: 28.130
Numerical kernel 31... min 6.80326E-10 (of 0)... Time: 0.030
Arnoldi iteration 32... Time: 28.460
Numerical kernel 32... min 3.57584E-10 (of 0)... Time: 0.030
Arnoldi iteration 33... Time: 28.340
Numerical kernel 33... min 1.09850E-10 (of 0)... Time: 0.030
Arnoldi iteration 34... Time: 28.260
Numerical kernel 34... min 8.09585E-11 (of 0)... Time: 0.030
Arnoldi iteration 35... Time: 28.040
Numerical kernel 35... min 2.51825E-11 (of 0)... Time: 0.030
Arnoldi iteration 36... Time: 27.620
Numerical kernel 36... min 5.14366E-12 (of 0)... Time: 0.030
Arnoldi iteration 37... Time: 26.090
Numerical kernel 37... min 4.26131E-12 (of 0)... Time: 0.020
Arnoldi iteration 38... Time: 26.100
Numerical kernel 38... min 1.37164E-12 (of 0)... Time: 0.030
Arnoldi iteration 39... Time: 26.230
Numerical kernel 39... min 2.91391E-13 (of 0)... Time: 0.040
Arnoldi iteration 40... Time: 26.070
Numerical kernel 40... min 4.65419E-13 (of 0)... Time: 0.020
Arnoldi iteration 41... Time: 25.990
Numerical kernel 41... min 9.09544E-14 (of 0)... Time: 0.030
Arnoldi iteration 42... Time: 26.220
Numerical kernel 42... min 5.85657E-14 (of 0)... Time: 0.030
Arnoldi iteration 43... Time: 26.020
Numerical kernel 43... min 1.86773E-14 (of 0)... Time: 0.030
Arnoldi iteration 44... Time: 26.170
Numerical kernel 44... min 1.75803E-15 (of 0)... Time: 0.040
Arnoldi iteration 45... Time: 26.640
Numerical kernel 45... min 3.74756E-15 (of 0)... Time: 0.040
Arnoldi iteration 46... Time: 26.470
Numerical kernel 46... min 2.90454E-16 (of 0)... Time: 0.040
Arnoldi iteration 47... Time: 26.010
Numerical kernel 47... min 2.11886E-16 (of 0)... Time: 0.040
Arnoldi iteration 48... Time: 26.520
Numerical kernel 48... min 8.33359E-17 (of 0)... Time: 0.040
Arnoldi iteration 49... Time: 26.630
Numerical kernel 49... min 5.83508E-17 (of 0)... Time: 0.040
Arnoldi iteration 50... Time: 26.450
Numerical kernel 50... min 1.26605E-17 (of 0)... Time: 0.040
Arnoldi iteration 51... Time: 26.220
Numerical kernel 51... min 1.19028E-17 (of 0)... Time: 0.040
Arnoldi iteration 52... Time: 26.170
Numerical kernel 52... min 2.47098E-18 (of 0)... Time: 0.050
Arnoldi iteration 53... Time: 26.140
Numerical kernel 53... min 8.55015E-19 (of 0)... Time: 0.060
Arnoldi iteration 54... Time: 26.210
Numerical kernel 54... min 4.31193E-19 (of 0)... Time: 0.060
Arnoldi iteration 55... Time: 26.250
Numerical kernel 55... min 1.43665E-19 (of 0)... Time: 0.060
Arnoldi iteration 56... Time: 26.220
Numerical kernel 56... min 3.16499E-20 (of 0)... Time: 0.050
Arnoldi iteration 57... Time: 26.170
Numerical kernel 57... min 1.23883E-20 (of 0)... Time: 0.070
Arnoldi iteration 58... Time: 26.250
Numerical kernel 58... min 2.59911E-21 (of 0)... Time: 0.060
Arnoldi iteration 59... Time: 26.380
Numerical kernel 59... min 2.68806E-21 (of 0)... Time: 0.080
Arnoldi iteration 60... Time: 26.210
Numerical kernel 60... min 9.04465E-22 (of 0)... Time: 0.080
Arnoldi iteration 61... Time: 26.240
Numerical kernel 61... min 3.01543E-22 (of 0)... Time: 0.070
Arnoldi iteration 62... Time: 26.360
Numerical kernel 62... min 7.43209E-23 (of 0)... Time: 0.070
Arnoldi iteration 63... Time: 26.390
Numerical kernel 63... min 7.54670E-24 (of 0)... Time: 0.090
Arnoldi iteration 64... Time: 26.580
Numerical kernel 64... min 2.90349E-24 (of 0)... Time: 0.090
Arnoldi iteration 65... Time: 26.460
Numerical kernel 65... min 9.20194E-25 (of 0)... Time: 0.090
Arnoldi iteration 66... Time: 26.450
Numerical kernel 66... min 3.57677E-25 (of 0)... Time: 0.090
Arnoldi iteration 67... Time: 26.350
Numerical kernel 67... min 9.20904E-26 (of 0)... Time: 0.090
Arnoldi iteration 68... Time: 26.430
Numerical kernel 68... min 2.15855E-26 (of 0)... Time: 0.090
Arnoldi iteration 69... Time: 26.550
Numerical kernel 69... min 5.45300E-27 (of 0)... Time: 0.090
Arnoldi iteration 70... Time: 26.350
Numerical kernel 70... min 1.57472E-27 (of 0)... Time: 0.110
Arnoldi iteration 71... Time: 26.420
Numerical kernel 71... min 2.53784E-28 (of 0)... Time: 0.110
Arnoldi iteration 72... Time: 26.650
Numerical kernel 72... min 9.65961E-29 (of 0)... Time: 0.120
Arnoldi iteration 73... Time: 27.050
Numerical kernel 73... min 5.59510E-30 (of 0)... Time: 0.110
Arnoldi iteration 74... Time: 27.760
Numerical kernel 74... min 6.44967E-30 (of 0)... Time: 0.130
Arnoldi iteration 75... Time: 26.700
Numerical kernel 75... min 4.23894E-30 (of 0)... Time: 0.130
Arnoldi iteration 76... Time: 26.640
Numerical kernel 76... min 5.99401E-31 (of 0)... Time: 0.120
Arnoldi iteration 77... Time: 26.550
Numerical kernel 77... min 2.38344E-31 (of 0)... Time: 0.140
Arnoldi iteration 78... Time: 26.580
Numerical kernel 78... min 3.27484E-32 (of 0)... Time: 0.140
Arnoldi iteration 79... Time: 26.500
Numerical kernel 79... min 6.88669E-33 (of 0)... Time: 0.140
Arnoldi iteration 80... Time: 26.630
Numerical kernel 80... min 2.33736E-33 (of 0)... Time: 0.150
Arnoldi iteration 81... Time: 26.620
Numerical kernel 81... min 3.20669E-34 (of 0)... Time: 0.150
Arnoldi iteration 82... Time: 26.650
Numerical kernel 82... min 7.84802E-35 (of 0)... Time: 0.160
Arnoldi iteration 83... Time: 26.700
Numerical kernel 83... min 2.89226E-35 (of 0)... Time: 0.150
Arnoldi iteration 84... Time: 26.830
Numerical kernel 84... min 6.57340E-37 (of 0)... Time: 0.170
Arnoldi iteration 85... Time: 26.760
Numerical kernel 85... min 4.35069E-37 (of 0)... Time: 0.160
Arnoldi iteration 86... Time: 26.810
Numerical kernel 86... min 8.38642E-38 (of 0)... Time: 0.180
Arnoldi iteration 87... Time: 26.840
Numerical kernel 87... min 1.65112E-38 (of 0)... Time: 0.190
Arnoldi iteration 88... Time: 27.390
Numerical kernel 88... min 1.67855E-39 (of 0)... Time: 0.180
Arnoldi iteration 89... Time: 27.600
Numerical kernel 89... min 9.98829E-40 (of 0)... Time: 0.190
Arnoldi iteration 90... Time: 27.010
Numerical kernel 90... min 1.26075E-40 (of 0)... Time: 0.190
Arnoldi iteration 91... Time: 27.090
Numerical kernel 91... min 8.99656E-42 (of 0)... Time: 0.200
Arnoldi iteration 92... Time: 27.070
Numerical kernel 92... min 1.96137E-42 (of 0)... Time: 0.210
Arnoldi iteration 93... Time: 27.440
Numerical kernel 93... min 4.33137E-43 (of 0)... Time: 0.210
Arnoldi iteration 94... Time: 27.580
Numerical kernel 94... min 1.14387E-43 (of 0)... Time: 0.220
Arnoldi iteration 95... Time: 27.370
Numerical kernel 95... min 5.82243E-45 (of 0)... Time: 0.240
Arnoldi iteration 96... Time: 27.470
Numerical kernel 96... min 8.27763E-46 (of 0)... Time: 0.240
Arnoldi iteration 97... Time: 27.600
Numerical kernel 97... min 6.19837E-47 (of 0)... Time: 0.240
Arnoldi iteration 98... Time: 28.230
Numerical kernel 98... min 3.81750E-47 (of 0)... Time: 0.250
Arnoldi iteration 99... Time: 28.180
Numerical kernel 99... min 1.07817E-47 (of 0)... Time: 0.270
Arnoldi iteration 100... Time: 27.550
Numerical kernel 100... min 9.43184E-49 (of 0)... Time: 0.260
Arnoldi iteration 101... Time: 27.670
Numerical kernel 101... min 2.64759E-50 (of 0)... Time: 0.270
Arnoldi iteration 102... Time: 27.480
Numerical kernel 102... min 1.52443E-50 (of 0)... Time: 0.290
Arnoldi iteration 103... Time: 26.920
Numerical kernel 103... min 2.04219E-51 (of 0)... Time: 0.280
Arnoldi iteration 104... Time: 26.810
Numerical kernel 104... min 5.02901E-52 (of 0)... Time: 0.290
Arnoldi iteration 105... Time: 26.930
Numerical kernel 105... min 4.91181E-54 (of 0)... Time: 0.310
Arnoldi iteration 106... Time: 27.620
Numerical kernel 106... min 8.55549E-54 (of 0)... Time: 0.290
Arnoldi iteration 107... Time: 27.390
Numerical kernel 107... min 5.98312E-55 (of 0)... Time: 0.300
Arnoldi iteration 108... Time: 26.830
Numerical kernel 108... min 3.07238E-56 (of 0)... Time: 0.320
Arnoldi iteration 109... Time: 26.890
Numerical kernel 109... min 2.72383E-56 (of 0)... Time: 0.350
Arnoldi iteration 110... Time: 27.290
Numerical kernel 110... min 2.62432E-57 (of 0)... Time: 0.350
Arnoldi iteration 111... Time: 27.490
Numerical kernel 111... min 4.17959E-58 (of 0)... Time: 0.350
Arnoldi iteration 112... Time: 27.530
Numerical kernel 112... min 2.75515E-59 (of 0)... Time: 0.350
Arnoldi iteration 113... 